0.471: [GC [PSYoungGen: 131072K->768K(152896K)] 131072K->768K(502464K), 0.0020516 secs] [Times: user=0.01 sys=0.00, real=0.00 secs] 
1.187: [GC [PSYoungGen: 131840K->816K(152896K)] 131840K->816K(502464K), 0.0009205 secs] [Times: user=0.00 sys=0.00, real=0.00 secs] 
1.674: [GC [PSYoungGen: 131888K->768K(152896K)] 131888K->768K(502464K), 0.0007761 secs] [Times: user=0.01 sys=0.00, real=0.00 secs] 
2.337: [GC [PSYoungGen: 131840K->784K(152896K)] 131840K->784K(502464K), 0.0007042 secs] [Times: user=0.01 sys=0.00, real=0.00 secs] 
2.852: [GC [PSYoungGen: 131856K->736K(152896K)] 131856K->736K(502464K), 0.0008055 secs] [Times: user=0.00 sys=0.00, real=0.00 secs] 
3.663: [GC [PSYoungGen: 131808K->736K(173888K)] 131808K->736K(523456K), 0.0011859 secs] [Times: user=0.01 sys=0.00, real=0.00 secs] 
4.439: [GC [PSYoungGen: 173792K->256K(173312K)] 173792K->880K(522880K), 0.0007927 secs] [Times: user=0.00 sys=0.00, real=0.00 secs] 
5.332: [GC [PSYoungGen: 173312K->256K(173632K)] 173936K->904K(523200K), 0.0004109 secs] [Times: user=0.00 sys=0.00, real=0.00 secs] 
6.536: [GC [PSYoungGen: 172928K->256K(173696K)] 173576K->904K(523264K), 0.0006628 secs] [Times: user=0.00 sys=0.00, real=0.00 secs] 
7.431: [GC [PSYoungGen: 172928K->288K(173568K)] 173576K->992K(523136K), 0.0006550 secs] [Times: user=0.00 sys=0.00, real=0.00 secs] 
8.103: [GC [PSYoungGen: 172832K->256K(173632K)] 173536K->1064K(523200K), 0.0005032 secs] [Times: user=0.00 sys=0.00, real=0.00 secs] 
8.786: [GC [PSYoungGen: 172800K->256K(173632K)] 173608K->1064K(523200K), 0.0004068 secs] [Times: user=0.01 sys=0.00, real=0.00 secs] 
9.435: [GC [PSYoungGen: 172800K->256K(173632K)] 173608K->1064K(523200K), 0.0004500 secs] [Times: user=0.00 sys=0.00, real=0.00 secs] 
10.094: [GC [PSYoungGen: 172800K->256K(173696K)] 173608K->1064K(523264K), 0.0005057 secs] [Times: user=0.00 sys=0.00, real=0.00 secs] 
10.757: [GC [PSYoungGen: 172864K->256K(173632K)] 173672K->1064K(523200K), 0.0005816 secs] [Times: user=0.00 sys=0.00, real=0.00 secs] 
11.405: [GC [PSYoungGen: 172864K->256K(173696K)] 173672K->1064K(523264K), 0.0004552 secs] [Times: user=0.00 sys=0.00, real=0.00 secs] 
12.149: [GC [PSYoungGen: 172928K->256K(173696K)] 173736K->1064K(523264K), 0.0005270 secs] [Times: user=0.00 sys=0.00, real=0.00 secs] 
12.838: [GC [PSYoungGen: 172928K->256K(173760K)] 173736K->1144K(523328K), 0.0005365 secs] [Times: user=0.00 sys=0.00, real=0.01 secs] 
13.546: [GC [PSYoungGen: 173056K->256K(173760K)] 173944K->1144K(523328K), 0.0005134 secs] [Times: user=0.00 sys=0.00, real=0.00 secs] 
14.322: [GC [PSYoungGen: 173056K->256K(173824K)] 173944K->1144K(523392K), 0.0005230 secs] [Times: user=0.00 sys=0.00, real=0.00 secs] 
15.001: [GC [PSYoungGen: 173184K->256K(173824K)] 174072K->1144K(523392K), 0.0005126 secs] [Times: user=0.01 sys=0.00, real=0.00 secs] 
15.700: [GC [PSYoungGen: 173184K->256K(173888K)] 174072K->1144K(523456K), 0.0004817 secs] [Times: user=0.00 sys=0.00, real=0.00 secs] 
16.442: [GC [PSYoungGen: 173312K->256K(173888K)] 174200K->1144K(523456K), 0.0006144 secs] [Times: user=0.00 sys=0.00, real=0.00 secs] 
17.150: [GC [PSYoungGen: 173312K->256K(173952K)] 174200K->1144K(523520K), 0.0005827 secs] [Times: user=0.00 sys=0.00, real=0.00 secs] 
17.813: [GC [PSYoungGen: 173440K->256K(173952K)] 174328K->1224K(523520K), 0.0007146 secs] [Times: user=0.00 sys=0.00, real=0.00 secs] 
18.469: [GC [PSYoungGen: 173440K->256K(174016K)] 174408K->1224K(523584K), 0.0004655 secs] [Times: user=0.00 sys=0.00, real=0.00 secs] 
19.123: [GC [PSYoungGen: 173504K->256K(173952K)] 174472K->1224K(523520K), 0.0005321 secs] [Times: user=0.00 sys=0.00, real=0.00 secs] 
19.776: [GC [PSYoungGen: 173504K->256K(174080K)] 174472K->1224K(523648K), 0.0005882 secs] [Times: user=0.00 sys=0.00, real=0.00 secs] 
20.424: [GC [PSYoungGen: 173632K->256K(174016K)] 174600K->1224K(523584K), 0.0005516 secs] [Times: user=0.01 sys=0.00, real=0.00 secs] 
21.106: [GC [PSYoungGen: 173632K->256K(174080K)] 174600K->1224K(523648K), 0.0005188 secs] [Times: user=0.00 sys=0.00, real=0.00 secs] 
21.820: [GC [PSYoungGen: 173696K->256K(174080K)] 174664K->1224K(523648K), 0.0007411 secs] [Times: user=0.01 sys=0.00, real=0.28 secs] 
22.704: [GC [PSYoungGen: 173696K->256K(174144K)] 174664K->1224K(523712K), 0.0006715 secs] [Times: user=0.00 sys=0.00, real=0.00 secs] 
23.260: [GC [PSYoungGen: 173824K->256K(174144K)] 174792K->1288K(523712K), 0.0005812 secs] [Times: user=0.01 sys=0.00, real=0.00 secs] 
23.814: [GC [PSYoungGen: 173824K->256K(174208K)] 174856K->1288K(523776K), 0.0005449 secs] [Times: user=0.00 sys=0.00, real=0.00 secs] 
24.384: [GC [PSYoungGen: 173888K->256K(174144K)] 174920K->1288K(523712K), 0.0005047 secs] [Times: user=0.00 sys=0.00, real=0.00 secs] 
25.003: [GC [PSYoungGen: 173888K->256K(174208K)] 174920K->1336K(523776K), 0.0006325 secs] [Times: user=0.00 sys=0.00, real=0.00 secs] 
25.556: [GC [PSYoungGen: 173952K->256K(174208K)] 175032K->1336K(523776K), 0.0006988 secs] [Times: user=0.01 sys=0.00, real=0.00 secs] 
26.103: [GC [PSYoungGen: 173952K->256K(174272K)] 175032K->1336K(523840K), 0.0008053 secs] [Times: user=0.00 sys=0.00, real=0.00 secs] 
26.659: [GC [PSYoungGen: 174016K->256K(174208K)] 175096K->1336K(523776K), 0.0007219 secs] [Times: user=0.00 sys=0.00, real=0.01 secs] 
27.213: [GC [PSYoungGen: 174016K->256K(174272K)] 175096K->1336K(523840K), 0.0005540 secs] [Times: user=0.00 sys=0.00, real=0.00 secs] 
27.756: [GC [PSYoungGen: 174080K->256K(174272K)] 175160K->1400K(523840K), 0.0005624 secs] [Times: user=0.01 sys=0.00, real=0.00 secs] 
28.374: [GC [PSYoungGen: 174080K->256K(174272K)] 175224K->1400K(523840K), 0.0005120 secs] [Times: user=0.00 sys=0.00, real=0.00 secs] 
28.976: [GC [PSYoungGen: 174080K->256K(174272K)] 175224K->1400K(523840K), 0.0008359 secs] [Times: user=0.00 sys=0.00, real=0.00 secs] 
29.521: [GC [PSYoungGen: 174080K->256K(174336K)] 175224K->1400K(523904K), 0.0007332 secs] [Times: user=0.00 sys=0.00, real=0.00 secs] 
30.059: [GC [PSYoungGen: 174208K->256K(174336K)] 175352K->1400K(523904K), 0.0006154 secs] [Times: user=0.00 sys=0.00, real=0.01 secs] 
30.616: [GC [PSYoungGen: 174208K->256K(174336K)] 175352K->1400K(523904K), 0.0006057 secs] [Times: user=0.00 sys=0.00, real=0.00 secs] 
31.172: [GC [PSYoungGen: 174208K->256K(174336K)] 175352K->1400K(523904K), 0.0008537 secs] [Times: user=0.00 sys=0.00, real=0.00 secs] 
31.714: [GC [PSYoungGen: 174208K->256K(174336K)] 175352K->1400K(523904K), 0.0006066 secs] [Times: user=0.00 sys=0.00, real=0.00 secs] 
32.160: [GC [PSYoungGen: 174208K->256K(174336K)] 175352K->1464K(523904K), 0.0007335 secs] [Times: user=0.00 sys=0.00, real=0.00 secs] 
32.618: [GC [PSYoungGen: 174208K->256K(174336K)] 175416K->1464K(523904K), 0.0004922 secs] [Times: user=0.00 sys=0.00, real=0.00 secs] 
33.071: [GC [PSYoungGen: 174208K->256K(174336K)] 175416K->1464K(523904K), 0.0005283 secs] [Times: user=0.00 sys=0.00, real=0.00 secs] 
33.519: [GC [PSYoungGen: 174208K->256K(174400K)] 175416K->1464K(523968K), 0.0007673 secs] [Times: user=0.00 sys=0.00, real=0.01 secs] 
34.039: [GC [PSYoungGen: 174336K->256K(174400K)] 175544K->1464K(523968K), 0.0006678 secs] [Times: user=0.00 sys=0.00, real=0.00 secs] 
34.514: [GC [PSYoungGen: 174336K->256K(174400K)] 175544K->1464K(523968K), 0.0005845 secs] [Times: user=0.01 sys=0.00, real=0.00 secs] 
34.967: [GC [PSYoungGen: 174336K->256K(174400K)] 175544K->1464K(523968K), 0.0005816 secs] [Times: user=0.00 sys=0.00, real=0.00 secs] 
35.471: [GC [PSYoungGen: 174336K->256K(174400K)] 175544K->1464K(523968K), 0.0005630 secs] [Times: user=0.01 sys=0.00, real=0.00 secs] 
35.975: [GC [PSYoungGen: 174336K->256K(174400K)] 175544K->1464K(523968K), 0.0005648 secs] [Times: user=0.00 sys=0.00, real=0.00 secs] 
36.444: [GC [PSYoungGen: 174336K->256K(174400K)] 175544K->1464K(523968K), 0.0005971 secs] [Times: user=0.00 sys=0.00, real=0.00 secs] 
36.954: [GC [PSYoungGen: 174335K->256K(174400K)] 175544K->1464K(523968K), 0.0005167 secs] [Times: user=0.00 sys=0.00, real=0.00 secs] 
37.428: [GC [PSYoungGen: 174336K->256K(174400K)] 175544K->1464K(523968K), 0.0006345 secs] [Times: user=0.00 sys=0.00, real=0.00 secs] 
37.884: [GC [PSYoungGen: 174336K->256K(174400K)] 175544K->1464K(523968K), 0.0007314 secs] [Times: user=0.00 sys=0.00, real=0.00 secs] 
38.346: [GC [PSYoungGen: 174336K->256K(174400K)] 175544K->1528K(523968K), 0.0007109 secs] [Times: user=0.00 sys=0.00, real=0.00 secs] 
38.766: [GC [PSYoungGen: 174336K->256K(174400K)] 175608K->1528K(523968K), 0.0005355 secs] [Times: user=0.01 sys=0.00, real=0.00 secs] 
39.185: [GC [PSYoungGen: 174336K->256K(174400K)] 175608K->1528K(523968K), 0.0006267 secs] [Times: user=0.01 sys=0.00, real=0.00 secs] 
39.600: [GC [PSYoungGen: 174336K->256K(174400K)] 175608K->1528K(523968K), 0.0005299 secs] [Times: user=0.00 sys=0.00, real=0.00 secs] 
40.017: [GC [PSYoungGen: 174336K->256K(174400K)] 175608K->1528K(523968K), 0.0005997 secs] [Times: user=0.00 sys=0.00, real=0.00 secs] 
40.436: [GC [PSYoungGen: 174336K->256K(174400K)] 175608K->1528K(523968K), 0.0006122 secs] [Times: user=0.00 sys=0.00, real=0.00 secs] 
40.850: [GC [PSYoungGen: 174336K->256K(174400K)] 175608K->1528K(523968K), 0.0005201 secs] [Times: user=0.00 sys=0.00, real=0.00 secs] 
41.265: [GC [PSYoungGen: 174336K->256K(174400K)] 175608K->1528K(523968K), 0.0006232 secs] [Times: user=0.00 sys=0.00, real=0.00 secs] 
41.680: [GC [PSYoungGen: 174336K->256K(174400K)] 175608K->1528K(523968K), 0.0006358 secs] [Times: user=0.00 sys=0.00, real=0.00 secs] 
42.105: [GC [PSYoungGen: 174336K->256K(174400K)] 175608K->1528K(523968K), 0.0005401 secs] [Times: user=0.01 sys=0.00, real=0.00 secs] 
42.570: [GC [PSYoungGen: 174336K->256K(174400K)] 175608K->1592K(523968K), 0.0006892 secs] [Times: user=0.00 sys=0.00, real=0.00 secs] 
42.993: [GC [PSYoungGen: 174336K->256K(174400K)] 175672K->1592K(523968K), 0.0005080 secs] [Times: user=0.00 sys=0.00, real=0.00 secs] 
43.390: [GC [PSYoungGen: 174336K->288K(174400K)] 175672K->1624K(523968K), 0.0007589 secs] [Times: user=0.00 sys=0.00, real=0.00 secs] 
43.856: [GC [PSYoungGen: 174368K->256K(174400K)] 175704K->1592K(523968K), 0.0005329 secs] [Times: user=0.00 sys=0.01, real=0.00 secs] 
44.267: [GC [PSYoungGen: 174336K->256K(174400K)] 175672K->1592K(523968K), 0.0006209 secs] [Times: user=0.00 sys=0.00, real=0.00 secs] 
44.659: [GC [PSYoungGen: 174336K->256K(174400K)] 175672K->1592K(523968K), 0.0005545 secs] [Times: user=0.00 sys=0.01, real=0.01 secs] 
45.049: [GC [PSYoungGen: 174336K->256K(174400K)] 175672K->1592K(523968K), 0.0005581 secs] [Times: user=0.00 sys=0.00, real=0.00 secs] 
45.516: [GC [PSYoungGen: 174336K->256K(174400K)] 175672K->1592K(523968K), 0.0006049 secs] [Times: user=0.00 sys=0.00, real=0.00 secs] 
45.970: [GC [PSYoungGen: 174336K->256K(174400K)] 175672K->1592K(523968K), 0.0005305 secs] [Times: user=0.00 sys=0.00, real=0.00 secs] 
46.366: [GC [PSYoungGen: 174336K->256K(174400K)] 175672K->1592K(523968K), 0.0008234 secs] [Times: user=0.01 sys=0.00, real=0.00 secs] 
46.758: [GC [PSYoungGen: 174336K->256K(174400K)] 175672K->1592K(523968K), 0.0006271 secs] [Times: user=0.00 sys=0.00, real=0.00 secs] 
47.088: [GC [PSYoungGen: 174336K->288K(174400K)] 175672K->1624K(523968K), 0.0005546 secs] [Times: user=0.00 sys=0.00, real=0.00 secs] 
47.369: [GC [PSYoungGen: 174368K->256K(174400K)] 175704K->1656K(523968K), 0.0007256 secs] [Times: user=0.00 sys=0.00, real=0.00 secs] 
47.646: [GC [PSYoungGen: 174336K->256K(174400K)] 175736K->1656K(523968K), 0.0005802 secs] [Times: user=0.00 sys=0.00, real=0.00 secs] 
47.922: [GC [PSYoungGen: 174336K->288K(174400K)] 175736K->1688K(523968K), 0.0005835 secs] [Times: user=0.01 sys=0.00, real=0.00 secs] 
48.208: [GC [PSYoungGen: 174368K->288K(174400K)] 175768K->1688K(523968K), 0.0005228 secs] [Times: user=0.01 sys=0.00, real=0.00 secs] 
48.486: [GC [PSYoungGen: 174368K->256K(174400K)] 175768K->1656K(523968K), 0.0005721 secs] [Times: user=0.00 sys=0.00, real=0.00 secs] 
48.766: [GC [PSYoungGen: 174336K->320K(174400K)] 175736K->1720K(523968K), 0.0005967 secs] [Times: user=0.00 sys=0.00, real=0.00 secs] 
49.044: [GC [PSYoungGen: 174400K->256K(174400K)] 175800K->1656K(523968K), 0.0005596 secs] [Times: user=0.00 sys=0.00, real=0.00 secs] 
49.327: [GC [PSYoungGen: 174336K->288K(174400K)] 175736K->1688K(523968K), 0.0007955 secs] [Times: user=0.01 sys=0.01, real=0.00 secs] 
49.610: [GC [PSYoungGen: 174368K->256K(174400K)] 175768K->1656K(523968K), 0.0005729 secs] [Times: user=0.00 sys=0.00, real=0.00 secs] 
49.918: [GC [PSYoungGen: 174336K->256K(174400K)] 175736K->1656K(523968K), 0.0005918 secs] [Times: user=0.00 sys=0.00, real=0.00 secs] 
50.232: [GC [PSYoungGen: 174336K->288K(174400K)] 175736K->1688K(523968K), 0.0005710 secs] [Times: user=0.00 sys=0.00, real=0.00 secs] 
50.522: [GC [PSYoungGen: 174368K->256K(174400K)] 175768K->1656K(523968K), 0.0005575 secs] [Times: user=0.00 sys=0.00, real=0.00 secs] 
50.838: [GC [PSYoungGen: 174335K->256K(174400K)] 175735K->1656K(523968K), 0.0006312 secs] [Times: user=0.00 sys=0.00, real=0.00 secs] 
51.160: [GC [PSYoungGen: 174336K->256K(174400K)] 175736K->1656K(523968K), 0.0006135 secs] [Times: user=0.00 sys=0.01, real=0.00 secs] 
51.458: [GC [PSYoungGen: 174336K->256K(174400K)] 175736K->1656K(523968K), 0.0005503 secs] [Times: user=0.00 sys=0.00, real=0.00 secs] 
51.750: [GC [PSYoungGen: 174336K->256K(174400K)] 175736K->1656K(523968K), 0.0005070 secs] [Times: user=0.00 sys=0.00, real=0.00 secs] 
52.044: [GC [PSYoungGen: 174336K->256K(174400K)] 175736K->1656K(523968K), 0.0005932 secs] [Times: user=0.01 sys=0.00, real=0.00 secs] 
52.369: [GC [PSYoungGen: 174336K->256K(174400K)] 175736K->1656K(523968K), 0.0005126 secs] [Times: user=0.00 sys=0.00, real=0.00 secs] 
52.677: [GC [PSYoungGen: 174336K->256K(174400K)] 175736K->1656K(523968K), 0.0005175 secs] [Times: user=0.00 sys=0.00, real=0.00 secs] 
52.974: [GC [PSYoungGen: 174336K->256K(174400K)] 175736K->1656K(523968K), 0.0007953 secs] [Times: user=0.01 sys=0.00, real=0.00 secs] 
53.275: [GC [PSYoungGen: 174336K->256K(174400K)] 175736K->1720K(523968K), 0.0008143 secs] [Times: user=0.00 sys=0.00, real=0.00 secs] 
53.574: [GC [PSYoungGen: 174336K->256K(174400K)] 175800K->1720K(523968K), 0.0005630 secs] [Times: user=0.00 sys=0.00, real=0.00 secs] 
53.876: [GC [PSYoungGen: 174336K->256K(174400K)] 175800K->1720K(523968K), 0.0007045 secs] [Times: user=0.00 sys=0.01, real=0.00 secs] 
54.176: [GC [PSYoungGen: 174336K->256K(174400K)] 175800K->1720K(523968K), 0.0005224 secs] [Times: user=0.00 sys=0.00, real=0.00 secs] 
54.476: [GC [PSYoungGen: 174336K->256K(174400K)] 175800K->1720K(523968K), 0.0005554 secs] [Times: user=0.01 sys=0.00, real=0.00 secs] 
54.774: [GC [PSYoungGen: 174336K->256K(174400K)] 175800K->1720K(523968K), 0.0005546 secs] [Times: user=0.01 sys=0.00, real=0.00 secs] 
55.071: [GC [PSYoungGen: 174336K->256K(174400K)] 175800K->1720K(523968K), 0.0005784 secs] [Times: user=0.00 sys=0.00, real=0.00 secs] 
55.368: [GC [PSYoungGen: 174336K->256K(174400K)] 175800K->1720K(523968K), 0.0005846 secs] [Times: user=0.00 sys=0.00, real=0.00 secs] 
55.664: [GC [PSYoungGen: 174336K->256K(174400K)] 175800K->1720K(523968K), 0.0005337 secs] [Times: user=0.00 sys=0.00, real=0.00 secs] 
55.957: [GC [PSYoungGen: 174336K->256K(174400K)] 175800K->1720K(523968K), 0.0005275 secs] [Times: user=0.00 sys=0.00, real=0.00 secs] 
56.256: [GC [PSYoungGen: 174336K->256K(174400K)] 175800K->1720K(523968K), 0.0005397 secs] [Times: user=0.00 sys=0.00, real=0.00 secs] 
56.552: [GC [PSYoungGen: 174336K->256K(174400K)] 175800K->1720K(523968K), 0.0005419 secs] [Times: user=0.01 sys=0.00, real=0.00 secs] 
56.844: [GC [PSYoungGen: 174336K->256K(174400K)] 175800K->1720K(523968K), 0.0008852 secs] [Times: user=0.01 sys=0.00, real=0.00 secs] 
57.134: [GC [PSYoungGen: 174336K->256K(174400K)] 175800K->1720K(523968K), 0.0005069 secs] [Times: user=0.01 sys=0.00, real=0.00 secs] 
57.423: [GC [PSYoungGen: 174336K->256K(174400K)] 175800K->1720K(523968K), 0.0005598 secs] [Times: user=0.00 sys=0.00, real=0.00 secs] 
57.690: [GC [PSYoungGen: 174336K->256K(174400K)] 175800K->1720K(523968K), 0.0005744 secs] [Times: user=0.00 sys=0.00, real=0.01 secs] 
57.943: [GC [PSYoungGen: 174336K->256K(174400K)] 175800K->1784K(523968K), 0.0008063 secs] [Times: user=0.00 sys=0.00, real=0.00 secs] 
58.243: [GC [PSYoungGen: 174336K->256K(174400K)] 175864K->1784K(523968K), 0.0005588 secs] [Times: user=0.00 sys=0.00, real=0.00 secs] 
58.561: [GC [PSYoungGen: 174336K->256K(174400K)] 175864K->1784K(523968K), 0.0006928 secs] [Times: user=0.00 sys=0.00, real=0.00 secs] 
58.844: [GC [PSYoungGen: 174336K->256K(174400K)] 175864K->1784K(523968K), 0.0005461 secs] [Times: user=0.00 sys=0.00, real=0.00 secs] 
59.103: [GC [PSYoungGen: 174336K->256K(174400K)] 175864K->1784K(523968K), 0.0005215 secs] [Times: user=0.00 sys=0.00, real=0.00 secs] 
59.358: [GC [PSYoungGen: 174336K->256K(174400K)] 175864K->1784K(523968K), 0.0005268 secs] [Times: user=0.00 sys=0.00, real=0.00 secs] 
59.615: [GC [PSYoungGen: 174336K->256K(174400K)] 175864K->1784K(523968K), 0.0005096 secs] [Times: user=0.00 sys=0.00, real=0.00 secs] 
59.870: [GC [PSYoungGen: 174336K->256K(174400K)] 175864K->1784K(523968K), 0.0005179 secs] [Times: user=0.01 sys=0.00, real=0.01 secs] 
60.130: [GC [PSYoungGen: 174336K->256K(174400K)] 175864K->1784K(523968K), 0.0005754 secs] [Times: user=0.00 sys=0.00, real=0.00 secs] 
60.391: [GC [PSYoungGen: 174336K->256K(174400K)] 175864K->1784K(523968K), 0.0005144 secs] [Times: user=0.00 sys=0.00, real=0.00 secs] 
60.645: [GC [PSYoungGen: 174336K->256K(174400K)] 175864K->1784K(523968K), 0.0005021 secs] [Times: user=0.00 sys=0.00, real=0.00 secs] 
60.900: [GC [PSYoungGen: 174336K->256K(174400K)] 175864K->1784K(523968K), 0.0005293 secs] [Times: user=0.00 sys=0.00, real=0.01 secs] 
61.156: [GC [PSYoungGen: 174336K->256K(174400K)] 175864K->1784K(523968K), 0.0005047 secs] [Times: user=0.01 sys=0.00, real=0.00 secs] 
61.415: [GC [PSYoungGen: 174336K->256K(174400K)] 175864K->1784K(523968K), 0.0004947 secs] [Times: user=0.01 sys=0.00, real=0.00 secs] 
61.676: [GC [PSYoungGen: 174336K->256K(174400K)] 175864K->1784K(523968K), 0.0005152 secs] [Times: user=0.00 sys=0.00, real=0.00 secs] 
61.938: [GC [PSYoungGen: 174336K->256K(174400K)] 175864K->1784K(523968K), 0.0008002 secs] [Times: user=0.00 sys=0.00, real=0.00 secs] 
62.203: [GC [PSYoungGen: 174336K->256K(174400K)] 175864K->1784K(523968K), 0.0006230 secs] [Times: user=0.00 sys=0.00, real=0.00 secs] 
62.430: [GC [PSYoungGen: 174336K->290K(174400K)] 175864K->1834K(523968K), 0.0005773 secs] [Times: user=0.00 sys=0.00, real=0.00 secs] 
62.620: [GC [PSYoungGen: 174370K->320K(174272K)] 175914K->1966K(523840K), 0.0005440 secs] [Times: user=0.00 sys=0.00, real=0.01 secs] 
62.811: [GC [PSYoungGen: 174272K->371K(174336K)] 175918K->2025K(523904K), 0.0005709 secs] [Times: user=0.01 sys=0.00, real=0.00 secs] 
63.000: [GC [PSYoungGen: 174323K->320K(174336K)] 175977K->1974K(523904K), 0.0005641 secs] [Times: user=0.00 sys=0.00, real=0.00 secs] 
63.194: [GC [PSYoungGen: 174272K->365K(174336K)] 175926K->2019K(523904K), 0.0005781 secs] [Times: user=0.01 sys=0.00, real=0.00 secs] 
63.380: [GC [PSYoungGen: 174317K->352K(174208K)] 175971K->2006K(523776K), 0.0005775 secs] [Times: user=0.00 sys=0.00, real=0.01 secs] 
63.574: [GC [PSYoungGen: 174176K->393K(174272K)] 175830K->2047K(523840K), 0.0006208 secs] [Times: user=0.00 sys=0.00, real=0.00 secs] 
63.763: [GC [PSYoungGen: 174217K->352K(174272K)] 175871K->2006K(523840K), 0.0005979 secs] [Times: user=0.00 sys=0.00, real=0.00 secs] 
63.955: [GC [PSYoungGen: 174174K->386K(174272K)] 175828K->2040K(523840K), 0.0005583 secs] [Times: user=0.01 sys=0.00, real=0.00 secs] 
64.149: [GC [PSYoungGen: 174210K->338K(174272K)] 175864K->1992K(523840K), 0.0006226 secs] [Times: user=0.00 sys=0.00, real=0.00 secs] 
64.346: [GC [PSYoungGen: 174162K->372K(174272K)] 175816K->2026K(523840K), 0.0006174 secs] [Times: user=0.01 sys=0.00, real=0.00 secs] 
64.533: [GC [PSYoungGen: 174195K->384K(174144K)] 175849K->2038K(523712K), 0.0006030 secs] [Times: user=0.00 sys=0.00, real=0.00 secs] 
64.724: [GC [PSYoungGen: 174078K->405K(174208K)] 175732K->2059K(523776K), 0.0005250 secs] [Times: user=0.00 sys=0.00, real=0.00 secs] 
64.901: [GC [PSYoungGen: 174101K->345K(174208K)] 175755K->1999K(523776K), 0.0005482 secs] [Times: user=0.00 sys=0.00, real=0.00 secs] 
65.076: [GC [PSYoungGen: 174041K->352K(174208K)] 175695K->2006K(523776K), 0.0005801 secs] [Times: user=0.00 sys=0.00, real=0.00 secs] 
65.249: [GC [PSYoungGen: 174048K->371K(174272K)] 175702K->2025K(523840K), 0.0005625 secs] [Times: user=0.00 sys=0.00, real=0.00 secs] 
65.430: [GC [PSYoungGen: 174195K->387K(174272K)] 175849K->2041K(523840K), 0.0007012 secs] [Times: user=0.00 sys=0.00, real=0.01 secs] 
65.610: [GC [PSYoungGen: 174211K->374K(174144K)] 175865K->2028K(523712K), 0.0005507 secs] [Times: user=0.00 sys=0.00, real=0.01 secs] 
65.784: [GC [PSYoungGen: 174070K->352K(174208K)] 175724K->2006K(523776K), 0.0005657 secs] [Times: user=0.00 sys=0.00, real=0.00 secs] 
65.959: [GC [PSYoungGen: 174048K->352K(174272K)] 175702K->2006K(523840K), 0.0007460 secs] [Times: user=0.01 sys=0.00, real=0.00 secs] 
66.135: [GC [PSYoungGen: 174176K->343K(174272K)] 175830K->1997K(523840K), 0.0005888 secs] [Times: user=0.01 sys=0.00, real=0.00 secs] 
66.314: [GC [PSYoungGen: 174167K->380K(174272K)] 175821K->2034K(523840K), 0.0005586 secs] [Times: user=0.00 sys=0.00, real=0.00 secs] 
66.490: [GC [PSYoungGen: 174204K->446K(174272K)] 175858K->2100K(523840K), 0.0005896 secs] [Times: user=0.00 sys=0.00, real=0.01 secs] 
66.667: [GC [PSYoungGen: 174270K->372K(174144K)] 175924K->2026K(523712K), 0.0005349 secs] [Times: user=0.00 sys=0.00, real=0.00 secs] 
66.840: [GC [PSYoungGen: 174068K->320K(174208K)] 175722K->1974K(523776K), 0.0007527 secs] [Times: user=0.00 sys=0.00, real=0.01 secs] 
67.017: [GC [PSYoungGen: 174016K->345K(174272K)] 175670K->1999K(523840K), 0.0007261 secs] [Times: user=0.00 sys=0.00, real=0.00 secs] 
67.199: [GC [PSYoungGen: 174105K->390K(174208K)] 175759K->2045K(523776K), 0.0006087 secs] [Times: user=0.00 sys=0.00, real=0.00 secs] 
67.371: [GC [PSYoungGen: 174150K->336K(174272K)] 175804K->1990K(523840K), 0.0006109 secs] [Times: user=0.00 sys=0.00, real=0.00 secs] 
67.547: [GC [PSYoungGen: 174160K->352K(174272K)] 175814K->2006K(523840K), 0.0006101 secs] [Times: user=0.00 sys=0.00, real=0.00 secs] 
67.727: [GC [PSYoungGen: 174176K->378K(174272K)] 175830K->2032K(523840K), 0.0005900 secs] [Times: user=0.00 sys=0.00, real=0.00 secs] 
67.921: [GC [PSYoungGen: 174202K->384K(174272K)] 175856K->2038K(523840K), 0.0006835 secs] [Times: user=0.01 sys=0.00, real=0.00 secs] 
68.113: [GC [PSYoungGen: 174208K->384K(174272K)] 175862K->2038K(523840K), 0.0005725 secs] [Times: user=0.00 sys=0.00, real=0.00 secs] 
68.303: [GC [PSYoungGen: 174208K->352K(174272K)] 175862K->2006K(523840K), 0.0005592 secs] [Times: user=0.00 sys=0.00, real=0.00 secs] 
68.492: [GC [PSYoungGen: 174176K->322K(174272K)] 175830K->1976K(523840K), 0.0005865 secs] [Times: user=0.01 sys=0.00, real=0.00 secs] 
68.682: [GC [PSYoungGen: 174146K->371K(174272K)] 175800K->2025K(523840K), 0.0005212 secs] [Times: user=0.00 sys=0.00, real=0.00 secs] 
68.871: [GC [PSYoungGen: 174195K->354K(174272K)] 175849K->2008K(523840K), 0.0007046 secs] [Times: user=0.00 sys=0.01, real=0.00 secs] 
69.064: [GC [PSYoungGen: 174178K->256K(174272K)] 175832K->1910K(523840K), 0.0005356 secs] [Times: user=0.00 sys=0.00, real=0.00 secs] 
69.264: [GC [PSYoungGen: 174080K->256K(174272K)] 175734K->1998K(523840K), 0.0005839 secs] [Times: user=0.00 sys=0.00, real=0.00 secs] 
69.464: [GC [PSYoungGen: 174080K->256K(174272K)] 175822K->1998K(523840K), 0.0005356 secs] [Times: user=0.00 sys=0.00, real=0.00 secs] 
69.665: [GC [PSYoungGen: 174080K->256K(174272K)] 175822K->1998K(523840K), 0.0006530 secs] [Times: user=0.01 sys=0.00, real=0.00 secs] 
69.863: [GC [PSYoungGen: 174080K->256K(174272K)] 175822K->1998K(523840K), 0.0007587 secs] [Times: user=0.01 sys=0.00, real=0.00 secs] 
70.063: [GC [PSYoungGen: 174080K->256K(174272K)] 175822K->1998K(523840K), 0.0005942 secs] [Times: user=0.00 sys=0.00, real=0.00 secs] 
70.263: [GC [PSYoungGen: 174080K->256K(174272K)] 175822K->1998K(523840K), 0.0005534 secs] [Times: user=0.00 sys=0.00, real=0.00 secs] 
70.461: [GC [PSYoungGen: 174080K->256K(174272K)] 175822K->1998K(523840K), 0.0005827 secs] [Times: user=0.00 sys=0.00, real=0.00 secs] 
70.663: [GC [PSYoungGen: 174080K->256K(174272K)] 175822K->1998K(523840K), 0.0005941 secs] [Times: user=0.00 sys=0.00, real=0.00 secs] 
70.863: [GC [PSYoungGen: 174080K->256K(174272K)] 175822K->1998K(523840K), 0.0005228 secs] [Times: user=0.00 sys=0.00, real=0.00 secs] 
71.063: [GC [PSYoungGen: 174080K->256K(174272K)] 175822K->1998K(523840K), 0.0007705 secs] [Times: user=0.00 sys=0.00, real=0.00 secs] 
71.263: [GC [PSYoungGen: 174080K->256K(174272K)] 175822K->1998K(523840K), 0.0006738 secs] [Times: user=0.00 sys=0.00, real=0.00 secs] 
71.460: [GC [PSYoungGen: 174080K->256K(174272K)] 175822K->1998K(523840K), 0.0005529 secs] [Times: user=0.00 sys=0.00, real=0.01 secs] 
71.657: [GC [PSYoungGen: 174080K->256K(174272K)] 175822K->1998K(523840K), 0.0005046 secs] [Times: user=0.01 sys=0.00, real=0.00 secs] 
71.859: [GC [PSYoungGen: 174080K->256K(174272K)] 175822K->1998K(523840K), 0.0006727 secs] [Times: user=0.00 sys=0.00, real=0.00 secs] 
72.060: [GC [PSYoungGen: 174080K->256K(174336K)] 175822K->1998K(523904K), 0.0005537 secs] [Times: user=0.00 sys=0.00, real=0.01 secs] 
72.261: [GC [PSYoungGen: 174144K->256K(174272K)] 175886K->1998K(523840K), 0.0005294 secs] [Times: user=0.00 sys=0.00, real=0.00 secs] 
72.463: [GC [PSYoungGen: 174144K->256K(174336K)] 175886K->1998K(523904K), 0.0006511 secs] [Times: user=0.00 sys=0.00, real=0.00 secs] 
72.662: [GC [PSYoungGen: 174208K->256K(174336K)] 175950K->2102K(523904K), 0.0005042 secs] [Times: user=0.01 sys=0.00, real=0.00 secs] 
72.860: [GC [PSYoungGen: 174208K->256K(174336K)] 176054K->2102K(523904K), 0.0005477 secs] [Times: user=0.00 sys=0.00, real=0.01 secs] 
73.060: [GC [PSYoungGen: 174206K->256K(174336K)] 176052K->2102K(523904K), 0.0005493 secs] [Times: user=0.00 sys=0.00, real=0.01 secs] 
73.259: [GC [PSYoungGen: 174208K->256K(174336K)] 176054K->2102K(523904K), 0.0005444 secs] [Times: user=0.00 sys=0.00, real=0.00 secs] 
73.459: [GC [PSYoungGen: 174208K->256K(174336K)] 176054K->2102K(523904K), 0.0006513 secs] [Times: user=0.00 sys=0.00, real=0.00 secs] 
73.659: [GC [PSYoungGen: 174208K->256K(174336K)] 176054K->2102K(523904K), 0.0005481 secs] [Times: user=0.01 sys=0.00, real=0.00 secs] 
73.856: [GC [PSYoungGen: 174208K->256K(174336K)] 176054K->2102K(523904K), 0.0005169 secs] [Times: user=0.01 sys=0.00, real=0.00 secs] 
74.055: [GC [PSYoungGen: 174208K->256K(174400K)] 176054K->2102K(523968K), 0.0005199 secs] [Times: user=0.00 sys=0.00, real=0.00 secs] 
74.247: [GC [PSYoungGen: 174272K->288K(174336K)] 176118K->2134K(523904K), 0.0005644 secs] [Times: user=0.01 sys=0.00, real=0.00 secs] 
74.436: [GC [PSYoungGen: 174303K->288K(174336K)] 176149K->2198K(523904K), 0.0005990 secs] [Times: user=0.00 sys=0.00, real=0.00 secs] 
74.628: [GC [PSYoungGen: 174240K->306K(174336K)] 176150K->2216K(523904K), 0.0006277 secs] [Times: user=0.00 sys=0.00, real=0.00 secs] 
74.820: [GC [PSYoungGen: 174258K->288K(174336K)] 176168K->2198K(523904K), 0.0005518 secs] [Times: user=0.00 sys=0.00, real=0.01 secs] 
75.012: [GC [PSYoungGen: 174236K->256K(174336K)] 176146K->2166K(523904K), 0.0005639 secs] [Times: user=0.00 sys=0.00, real=0.00 secs] 
75.202: [GC [PSYoungGen: 174208K->320K(174336K)] 176118K->2230K(523904K), 0.0006198 secs] [Times: user=0.00 sys=0.00, real=0.00 secs] 
75.381: [GC [PSYoungGen: 174272K->288K(174336K)] 176182K->2198K(523904K), 0.0005649 secs] [Times: user=0.00 sys=0.00, real=0.00 secs] 
75.541: [GC [PSYoungGen: 174240K->320K(174336K)] 176150K->2230K(523904K), 0.0005776 secs] [Times: user=0.00 sys=0.00, real=0.00 secs] 
75.703: [GC [PSYoungGen: 174272K->256K(174336K)] 176182K->2166K(523904K), 0.0005421 secs] [Times: user=0.00 sys=0.00, real=0.00 secs] 
75.866: [GC [PSYoungGen: 174208K->287K(174336K)] 176118K->2198K(523904K), 0.0005893 secs] [Times: user=0.01 sys=0.00, real=0.00 secs] 
76.027: [GC [PSYoungGen: 174239K->256K(174336K)] 176150K->2166K(523904K), 0.0005206 secs] [Times: user=0.00 sys=0.00, real=0.00 secs] 
76.192: [GC [PSYoungGen: 174208K->256K(174336K)] 176118K->2166K(523904K), 0.0005797 secs] [Times: user=0.00 sys=0.00, real=0.00 secs] 
76.378: [GC [PSYoungGen: 174208K->256K(174336K)] 176118K->2166K(523904K), 0.0005569 secs] [Times: user=0.00 sys=0.00, real=0.00 secs] 
76.571: [GC [PSYoungGen: 174207K->320K(174336K)] 176118K->2230K(523904K), 0.0006946 secs] [Times: user=0.00 sys=0.00, real=0.00 secs] 
76.761: [GC [PSYoungGen: 174272K->256K(174336K)] 176182K->2166K(523904K), 0.0006701 secs] [Times: user=0.00 sys=0.00, real=0.00 secs] 
76.946: [GC [PSYoungGen: 174208K->306K(174336K)] 176118K->2216K(523904K), 0.0005756 secs] [Times: user=0.01 sys=0.00, real=0.00 secs] 
77.130: [GC [PSYoungGen: 174258K->288K(174336K)] 176168K->2198K(523904K), 0.0005299 secs] [Times: user=0.00 sys=0.00, real=0.00 secs] 
77.321: [GC [PSYoungGen: 174238K->256K(174336K)] 176148K->2166K(523904K), 0.0005763 secs] [Times: user=0.00 sys=0.01, real=0.01 secs] 
77.509: [GC [PSYoungGen: 174208K->256K(174336K)] 176118K->2166K(523904K), 0.0005564 secs] [Times: user=0.00 sys=0.00, real=0.00 secs] 
77.697: [GC [PSYoungGen: 174208K->288K(174336K)] 176118K->2198K(523904K), 0.0005202 secs] [Times: user=0.01 sys=0.00, real=0.00 secs] 
77.864: [GC [PSYoungGen: 174240K->256K(174336K)] 176150K->2166K(523904K), 0.0005297 secs] [Times: user=0.00 sys=0.00, real=0.00 secs] 
78.055: [GC [PSYoungGen: 174208K->288K(174336K)] 176118K->2198K(523904K), 0.0006632 secs] [Times: user=0.00 sys=0.00, real=0.00 secs] 
78.245: [GC [PSYoungGen: 174240K->274K(174336K)] 176150K->2184K(523904K), 0.0005411 secs] [Times: user=0.00 sys=0.00, real=0.00 secs] 
78.438: [GC [PSYoungGen: 174226K->288K(174336K)] 176136K->2198K(523904K), 0.0006138 secs] [Times: user=0.01 sys=0.00, real=0.00 secs] 
78.615: [GC [PSYoungGen: 174240K->256K(174336K)] 176150K->2166K(523904K), 0.0006477 secs] [Times: user=0.00 sys=0.00, real=0.00 secs] 
78.796: [GC [PSYoungGen: 174208K->288K(174336K)] 176118K->2198K(523904K), 0.0004987 secs] [Times: user=0.00 sys=0.01, real=0.00 secs] 
78.957: [GC [PSYoungGen: 174240K->288K(174336K)] 176150K->2198K(523904K), 0.0005558 secs] [Times: user=0.01 sys=0.00, real=0.00 secs] 
79.139: [GC [PSYoungGen: 174238K->288K(174336K)] 176148K->2198K(523904K), 0.0005106 secs] [Times: user=0.00 sys=0.00, real=0.00 secs] 
79.329: [GC [PSYoungGen: 174240K->256K(174336K)] 176150K->2166K(523904K), 0.0005202 secs] [Times: user=0.00 sys=0.00, real=0.00 secs] 
79.514: [GC [PSYoungGen: 174208K->256K(174336K)] 176118K->2166K(523904K), 0.0005669 secs] [Times: user=0.00 sys=0.00, real=0.00 secs] 
79.705: [GC [PSYoungGen: 174208K->288K(174336K)] 176118K->2198K(523904K), 0.0004911 secs] [Times: user=0.01 sys=0.00, real=0.00 secs] 
79.869: [GC [PSYoungGen: 174240K->288K(174336K)] 176150K->2198K(523904K), 0.0005302 secs] [Times: user=0.00 sys=0.00, real=0.00 secs] 
80.630: [GC [PSYoungGen: 174240K->256K(174336K)] 176150K->2166K(523904K), 0.0008236 secs] [Times: user=0.01 sys=0.00, real=0.01 secs] 
81.469: [GC [PSYoungGen: 174208K->256K(174336K)] 176118K->2230K(523904K), 0.0006936 secs] [Times: user=0.00 sys=0.00, real=0.00 secs] 
82.328: [GC [PSYoungGen: 174208K->256K(174336K)] 176182K->2230K(523904K), 0.0006677 secs] [Times: user=0.00 sys=0.00, real=0.00 secs] 
83.259: [GC [PSYoungGen: 174208K->256K(174400K)] 176182K->2230K(523968K), 0.0006684 secs] [Times: user=0.00 sys=0.00, real=0.00 secs] 
84.106: [GC [PSYoungGen: 174336K->256K(174400K)] 176310K->2230K(523968K), 0.0007252 secs] [Times: user=0.00 sys=0.00, real=0.00 secs] 
84.954: [GC [PSYoungGen: 174336K->256K(174400K)] 176310K->2230K(523968K), 0.0007336 secs] [Times: user=0.00 sys=0.00, real=0.00 secs] 
85.684: [GC [PSYoungGen: 174336K->256K(174400K)] 176310K->2230K(523968K), 0.0005894 secs] [Times: user=0.00 sys=0.00, real=0.00 secs] 
86.324: [GC [PSYoungGen: 174336K->256K(174400K)] 176310K->2310K(523968K), 0.0006014 secs] [Times: user=0.00 sys=0.00, real=0.00 secs] 
86.945: [GC [PSYoungGen: 174336K->256K(174400K)] 176390K->2310K(523968K), 0.0005336 secs] [Times: user=0.00 sys=0.01, real=0.00 secs] 
87.560: [GC [PSYoungGen: 174336K->256K(174400K)] 176390K->2310K(523968K), 0.0005854 secs] [Times: user=0.00 sys=0.00, real=0.00 secs] 
88.174: [GC [PSYoungGen: 174336K->256K(174400K)] 176390K->2310K(523968K), 0.0005813 secs] [Times: user=0.00 sys=0.00, real=0.00 secs] 
88.818: [GC [PSYoungGen: 174336K->256K(174400K)] 176390K->2310K(523968K), 0.0007414 secs] [Times: user=0.00 sys=0.00, real=0.00 secs] 
89.452: [GC [PSYoungGen: 174336K->256K(174400K)] 176390K->2310K(523968K), 0.0005702 secs] [Times: user=0.00 sys=0.00, real=0.00 secs] 
90.103: [GC [PSYoungGen: 174336K->256K(174400K)] 176390K->2374K(523968K), 0.0006203 secs] [Times: user=0.00 sys=0.00, real=0.00 secs] 
90.750: [GC [PSYoungGen: 174336K->256K(174400K)] 176454K->2374K(523968K), 0.0005619 secs] [Times: user=0.00 sys=0.00, real=0.01 secs] 
91.397: [GC [PSYoungGen: 174336K->256K(174400K)] 176454K->2374K(523968K), 0.0007261 secs] [Times: user=0.01 sys=0.00, real=0.00 secs] 
92.064: [GC [PSYoungGen: 174336K->256K(174400K)] 176454K->2374K(523968K), 0.0005937 secs] [Times: user=0.00 sys=0.00, real=0.00 secs] 
92.847: [GC [PSYoungGen: 174336K->256K(174400K)] 176454K->2374K(523968K), 0.0007861 secs] [Times: user=0.00 sys=0.00, real=0.00 secs] 
93.546: [GC [PSYoungGen: 174336K->256K(174400K)] 176454K->2374K(523968K), 0.0006410 secs] [Times: user=0.00 sys=0.00, real=0.00 secs] 
94.285: [GC [PSYoungGen: 174336K->288K(174400K)] 176454K->2406K(523968K), 0.0006972 secs] [Times: user=0.00 sys=0.00, real=0.00 secs] 
94.925: [GC [PSYoungGen: 174368K->256K(174400K)] 176486K->2438K(523968K), 0.0006831 secs] [Times: user=0.00 sys=0.00, real=0.00 secs] 
95.578: [GC [PSYoungGen: 174336K->256K(174400K)] 176518K->2438K(523968K), 0.0006596 secs] [Times: user=0.00 sys=0.00, real=0.00 secs] 
96.232: [GC [PSYoungGen: 174336K->256K(174400K)] 176518K->2438K(523968K), 0.0006208 secs] [Times: user=0.00 sys=0.00, real=0.00 secs] 
96.865: [GC [PSYoungGen: 174336K->256K(174400K)] 176518K->2438K(523968K), 0.0007145 secs] [Times: user=0.00 sys=0.00, real=0.00 secs] 
97.497: [GC [PSYoungGen: 174336K->256K(174400K)] 176518K->2438K(523968K), 0.0007013 secs] [Times: user=0.00 sys=0.00, real=0.00 secs] 
98.151: [GC [PSYoungGen: 174336K->256K(174400K)] 176518K->2438K(523968K), 0.0006698 secs] [Times: user=0.00 sys=0.00, real=0.01 secs] 
98.804: [GC [PSYoungGen: 174336K->256K(174400K)] 176518K->2438K(523968K), 0.0007189 secs] [Times: user=0.00 sys=0.00, real=0.00 secs] 
99.427: [GC [PSYoungGen: 174336K->256K(174400K)] 176518K->2438K(523968K), 0.0007310 secs] [Times: user=0.00 sys=0.00, real=0.00 secs] 
99.981: [GC [PSYoungGen: 174336K->256K(174400K)] 176518K->2502K(523968K), 0.0006170 secs] [Times: user=0.00 sys=0.00, real=0.01 secs] 
100.536: [GC [PSYoungGen: 174336K->256K(174400K)] 176582K->2502K(523968K), 0.0005744 secs] [Times: user=0.01 sys=0.00, real=0.00 secs] 
101.083: [GC [PSYoungGen: 174336K->256K(174400K)] 176582K->2502K(523968K), 0.0005876 secs] [Times: user=0.00 sys=0.00, real=0.00 secs] 
101.627: [GC [PSYoungGen: 174336K->256K(174400K)] 176582K->2502K(523968K), 0.0006220 secs] [Times: user=0.01 sys=0.00, real=0.00 secs] 
102.184: [GC [PSYoungGen: 174336K->256K(174400K)] 176582K->2502K(523968K), 0.0006994 secs] [Times: user=0.01 sys=0.00, real=0.00 secs] 
102.750: [GC [PSYoungGen: 174336K->256K(174400K)] 176582K->2502K(523968K), 0.0008047 secs] [Times: user=0.00 sys=0.00, real=0.00 secs] 
103.317: [GC [PSYoungGen: 174336K->256K(174400K)] 176582K->2502K(523968K), 0.0007559 secs] [Times: user=0.00 sys=0.00, real=0.00 secs] 
103.863: [GC [PSYoungGen: 174336K->288K(174400K)] 176582K->2534K(523968K), 0.0008619 secs] [Times: user=0.00 sys=0.01, real=0.00 secs] 
104.392: [GC [PSYoungGen: 174368K->256K(174400K)] 176614K->2566K(523968K), 0.0007761 secs] [Times: user=0.00 sys=0.00, real=0.00 secs] 
104.928: [GC [PSYoungGen: 174336K->256K(174400K)] 176646K->2566K(523968K), 0.0007292 secs] [Times: user=0.00 sys=0.00, real=0.00 secs] 
105.457: [GC [PSYoungGen: 174336K->256K(174400K)] 176646K->2566K(523968K), 0.0006266 secs] [Times: user=0.00 sys=0.00, real=0.00 secs] 
106.093: [GC [PSYoungGen: 174336K->256K(174400K)] 176646K->2566K(523968K), 0.0006713 secs] [Times: user=0.01 sys=0.00, real=0.00 secs] 
106.625: [GC [PSYoungGen: 174336K->256K(174400K)] 176646K->2566K(523968K), 0.0006514 secs] [Times: user=0.00 sys=0.00, real=0.00 secs] 
107.147: [GC [PSYoungGen: 174336K->256K(174400K)] 176646K->2566K(523968K), 0.0005682 secs] [Times: user=0.00 sys=0.00, real=0.00 secs] 
107.675: [GC [PSYoungGen: 174336K->256K(174400K)] 176646K->2566K(523968K), 0.0006216 secs] [Times: user=0.00 sys=0.00, real=0.00 secs] 
108.199: [GC [PSYoungGen: 174336K->256K(174400K)] 176646K->2566K(523968K), 0.0006769 secs] [Times: user=0.00 sys=0.00, real=0.00 secs] 
108.663: [GC [PSYoungGen: 174336K->288K(174400K)] 176646K->2598K(523968K), 0.0006593 secs] [Times: user=0.00 sys=0.00, real=0.00 secs] 
109.103: [GC [PSYoungGen: 174368K->288K(174400K)] 176678K->2662K(523968K), 0.0006810 secs] [Times: user=0.01 sys=0.00, real=0.00 secs] 
109.609: [GC [PSYoungGen: 174368K->256K(174400K)] 176742K->2630K(523968K), 0.0006454 secs] [Times: user=0.00 sys=0.00, real=0.00 secs] 
110.093: [GC [PSYoungGen: 174336K->288K(174400K)] 176710K->2662K(523968K), 0.0006494 secs] [Times: user=0.00 sys=0.00, real=0.00 secs] 
110.506: [GC [PSYoungGen: 174368K->288K(174400K)] 176742K->2662K(523968K), 0.0006289 secs] [Times: user=0.00 sys=0.01, real=0.00 secs] 
110.961: [GC [PSYoungGen: 174368K->320K(174400K)] 176742K->2694K(523968K), 0.0006991 secs] [Times: user=0.00 sys=0.00, real=0.00 secs] 
111.399: [GC [PSYoungGen: 174400K->288K(174400K)] 176774K->2662K(523968K), 0.0006292 secs] [Times: user=0.01 sys=0.00, real=0.00 secs] 
111.851: [GC [PSYoungGen: 174368K->288K(174400K)] 176742K->2662K(523968K), 0.0006391 secs] [Times: user=0.01 sys=0.00, real=0.00 secs] 
112.283: [GC [PSYoungGen: 174368K->276K(174400K)] 176742K->2650K(523968K), 0.0006205 secs] [Times: user=0.01 sys=0.00, real=0.00 secs] 
112.720: [GC [PSYoungGen: 174356K->256K(174400K)] 176730K->2630K(523968K), 0.0006551 secs] [Times: user=0.00 sys=0.00, real=0.00 secs] 
113.165: [GC [PSYoungGen: 174336K->288K(174400K)] 176710K->2662K(523968K), 0.0006239 secs] [Times: user=0.00 sys=0.00, real=0.00 secs] 
113.622: [GC [PSYoungGen: 174368K->256K(174400K)] 176742K->2630K(523968K), 0.0006878 secs] [Times: user=0.01 sys=0.00, real=0.01 secs] 
114.107: [GC [PSYoungGen: 174336K->256K(174400K)] 176710K->2630K(523968K), 0.0006747 secs] [Times: user=0.00 sys=0.00, real=0.00 secs] 
114.531: [GC [PSYoungGen: 174336K->256K(174400K)] 176710K->2694K(523968K), 0.0007679 secs] [Times: user=0.00 sys=0.00, real=0.00 secs] 
114.945: [GC [PSYoungGen: 174336K->256K(174400K)] 176774K->2694K(523968K), 0.0005676 secs] [Times: user=0.00 sys=0.00, real=0.00 secs] 
115.360: [GC [PSYoungGen: 174336K->256K(174400K)] 176774K->2694K(523968K), 0.0007523 secs] [Times: user=0.00 sys=0.00, real=0.00 secs] 
115.774: [GC [PSYoungGen: 174336K->256K(174400K)] 176774K->2694K(523968K), 0.0005714 secs] [Times: user=0.00 sys=0.01, real=0.00 secs] 
116.193: [GC [PSYoungGen: 174336K->256K(174400K)] 176774K->2694K(523968K), 0.0006696 secs] [Times: user=0.01 sys=0.00, real=0.00 secs] 
116.606: [GC [PSYoungGen: 174336K->256K(174400K)] 176774K->2694K(523968K), 0.0005486 secs] [Times: user=0.00 sys=0.00, real=0.00 secs] 
117.012: [GC [PSYoungGen: 174336K->256K(174400K)] 176774K->2694K(523968K), 0.0005684 secs] [Times: user=0.01 sys=0.01, real=0.00 secs] 
117.418: [GC [PSYoungGen: 174336K->256K(174400K)] 176774K->2694K(523968K), 0.0009290 secs] [Times: user=0.00 sys=0.00, real=0.00 secs] 
117.824: [GC [PSYoungGen: 174336K->256K(174400K)] 176774K->2694K(523968K), 0.0005742 secs] [Times: user=0.00 sys=0.00, real=0.00 secs] 
118.232: [GC [PSYoungGen: 174336K->256K(174400K)] 176774K->2694K(523968K), 0.0005871 secs] [Times: user=0.00 sys=0.00, real=0.00 secs] 
118.617: [GC [PSYoungGen: 174336K->288K(174400K)] 176774K->2726K(523968K), 0.0007371 secs] [Times: user=0.00 sys=0.00, real=0.00 secs] 
118.991: [GC [PSYoungGen: 174368K->256K(174400K)] 176806K->2758K(523968K), 0.0007514 secs] [Times: user=0.00 sys=0.00, real=0.00 secs] 
119.399: [GC [PSYoungGen: 174336K->256K(174400K)] 176838K->2758K(523968K), 0.0006046 secs] [Times: user=0.00 sys=0.00, real=0.00 secs] 
119.862: [GC [PSYoungGen: 174336K->256K(174400K)] 176838K->2758K(523968K), 0.0006191 secs] [Times: user=0.00 sys=0.00, real=0.01 secs] 
120.246: [GC [PSYoungGen: 174336K->288K(174400K)] 176838K->2790K(523968K), 0.0007397 secs] [Times: user=0.00 sys=0.00, real=0.00 secs] 
120.621: [GC [PSYoungGen: 174368K->256K(174400K)] 176870K->2758K(523968K), 0.0006041 secs] [Times: user=0.01 sys=0.00, real=0.00 secs] 
120.998: [GC [PSYoungGen: 174336K->288K(174400K)] 176838K->2790K(523968K), 0.0007383 secs] [Times: user=0.00 sys=0.00, real=0.00 secs] 
121.372: [GC [PSYoungGen: 174368K->288K(174400K)] 176870K->2790K(523968K), 0.0006030 secs] [Times: user=0.00 sys=0.00, real=0.01 secs] 
121.751: [GC [PSYoungGen: 174368K->256K(174400K)] 176870K->2758K(523968K), 0.0005885 secs] [Times: user=0.00 sys=0.00, real=0.00 secs] 
122.132: [GC [PSYoungGen: 174336K->256K(174400K)] 176838K->2758K(523968K), 0.0006748 secs] [Times: user=0.00 sys=0.00, real=0.00 secs] 
122.515: [GC [PSYoungGen: 174336K->256K(174400K)] 176838K->2758K(523968K), 0.0006669 secs] [Times: user=0.00 sys=0.00, real=0.00 secs] 
122.888: [GC [PSYoungGen: 174336K->320K(174400K)] 176838K->2864K(523968K), 0.0007268 secs] [Times: user=0.01 sys=0.00, real=0.00 secs] 
123.185: [GC [PSYoungGen: 174400K->320K(174272K)] 176944K->2944K(523840K), 0.0007436 secs] [Times: user=0.00 sys=0.00, real=0.00 secs] 
123.495: [GC [PSYoungGen: 174272K->384K(174336K)] 176896K->3016K(523904K), 0.0007369 secs] [Times: user=0.01 sys=0.00, real=0.00 secs] 
123.809: [GC [PSYoungGen: 174336K->320K(174208K)] 176968K->2960K(523776K), 0.0006184 secs] [Times: user=0.00 sys=0.00, real=0.00 secs] 
124.127: [GC [PSYoungGen: 174144K->368K(174272K)] 176784K->3008K(523840K), 0.0007434 secs] [Times: user=0.00 sys=0.00, real=0.00 secs] 
124.426: [GC [PSYoungGen: 174192K->352K(174272K)] 176832K->2992K(523840K), 0.0007204 secs] [Times: user=0.01 sys=0.00, real=0.00 secs] 
124.743: [GC [PSYoungGen: 174175K->416K(174272K)] 176815K->3056K(523840K), 0.0007537 secs] [Times: user=0.00 sys=0.00, real=0.00 secs] 
125.055: [GC [PSYoungGen: 174240K->352K(174144K)] 176880K->2992K(523712K), 0.0005987 secs] [Times: user=0.00 sys=0.00, real=0.00 secs] 
125.339: [GC [PSYoungGen: 174048K->352K(174208K)] 176688K->2992K(523776K), 0.0007574 secs] [Times: user=0.00 sys=0.00, real=0.00 secs] 
125.617: [GC [PSYoungGen: 174047K->384K(174144K)] 176687K->3024K(523712K), 0.0008496 secs] [Times: user=0.01 sys=0.00, real=0.00 secs] 
125.900: [GC [PSYoungGen: 174080K->448K(174208K)] 176720K->3088K(523776K), 0.0006840 secs] [Times: user=0.01 sys=0.00, real=0.00 secs] 
126.180: [GC [PSYoungGen: 174144K->384K(174208K)] 176784K->3024K(523776K), 0.0008129 secs] [Times: user=0.00 sys=0.00, real=0.00 secs] 
126.488: [GC [PSYoungGen: 174080K->352K(174208K)] 176720K->2992K(523776K), 0.0007670 secs] [Times: user=0.00 sys=0.00, real=0.00 secs] 
126.798: [GC [PSYoungGen: 174048K->416K(174208K)] 176688K->3056K(523776K), 0.0007445 secs] [Times: user=0.00 sys=0.00, real=0.00 secs] 
127.107: [GC [PSYoungGen: 174112K->416K(174208K)] 176752K->3056K(523776K), 0.0006504 secs] [Times: user=0.00 sys=0.00, real=0.00 secs] 
127.422: [GC [PSYoungGen: 174112K->415K(174208K)] 176752K->3055K(523776K), 0.0007102 secs] [Times: user=0.00 sys=0.00, real=0.01 secs] 
127.729: [GC [PSYoungGen: 174111K->384K(174208K)] 176751K->3024K(523776K), 0.0006354 secs] [Times: user=0.01 sys=0.00, real=0.00 secs] 
128.034: [GC [PSYoungGen: 174080K->409K(174208K)] 176720K->3049K(523776K), 0.0006551 secs] [Times: user=0.01 sys=0.00, real=0.00 secs] 
128.313: [GC [PSYoungGen: 174105K->339K(174208K)] 176745K->2979K(523776K), 0.0007311 secs] [Times: user=0.00 sys=0.00, real=0.00 secs] 
128.588: [GC [PSYoungGen: 174035K->447K(174208K)] 176675K->3088K(523776K), 0.0008768 secs] [Times: user=0.01 sys=0.00, real=0.00 secs] 
128.869: [GC [PSYoungGen: 174143K->416K(174208K)] 176784K->3056K(523776K), 0.0007165 secs] [Times: user=0.00 sys=0.00, real=0.00 secs] 
129.167: [GC [PSYoungGen: 174112K->256K(174080K)] 176752K->2896K(523648K), 0.0006102 secs] [Times: user=0.00 sys=0.00, real=0.00 secs] 
129.463: [GC [PSYoungGen: 173824K->256K(174144K)] 176464K->3008K(523712K), 0.0009102 secs] [Times: user=0.00 sys=0.00, real=0.00 secs] 
129.761: [GC [PSYoungGen: 173824K->256K(174144K)] 176576K->3008K(523712K), 0.0005948 secs] [Times: user=0.01 sys=0.00, real=0.00 secs] 
130.058: [GC [PSYoungGen: 173824K->256K(174144K)] 176576K->3008K(523712K), 0.0006801 secs] [Times: user=0.00 sys=0.00, real=0.00 secs] 
130.359: [GC [PSYoungGen: 173824K->256K(174144K)] 176576K->3008K(523712K), 0.0005488 secs] [Times: user=0.01 sys=0.00, real=0.00 secs] 
130.656: [GC [PSYoungGen: 173824K->256K(174144K)] 176576K->3008K(523712K), 0.0006195 secs] [Times: user=0.01 sys=0.00, real=0.00 secs] 
130.950: [GC [PSYoungGen: 173824K->256K(174208K)] 176576K->3008K(523776K), 0.0005545 secs] [Times: user=0.00 sys=0.00, real=0.00 secs] 
131.240: [GC [PSYoungGen: 173952K->256K(174208K)] 176704K->3008K(523776K), 0.0006747 secs] [Times: user=0.00 sys=0.00, real=0.00 secs] 
131.531: [GC [PSYoungGen: 173952K->256K(174208K)] 176704K->3008K(523776K), 0.0005937 secs] [Times: user=0.00 sys=0.00, real=0.00 secs] 
131.829: [GC [PSYoungGen: 173952K->256K(174208K)] 176704K->3008K(523776K), 0.0007837 secs] [Times: user=0.00 sys=0.00, real=0.00 secs] 
132.123: [GC [PSYoungGen: 173952K->256K(174208K)] 176704K->3008K(523776K), 0.0005769 secs] [Times: user=0.01 sys=0.00, real=0.00 secs] 
132.424: [GC [PSYoungGen: 173952K->256K(174208K)] 176704K->3008K(523776K), 0.0005512 secs] [Times: user=0.00 sys=0.00, real=0.00 secs] 
132.722: [GC [PSYoungGen: 173952K->256K(174272K)] 176704K->3008K(523840K), 0.0007932 secs] [Times: user=0.00 sys=0.00, real=0.00 secs] 
133.019: [GC [PSYoungGen: 174016K->256K(174208K)] 176768K->3008K(523776K), 0.0005652 secs] [Times: user=0.01 sys=0.00, real=0.00 secs] 
133.313: [GC [PSYoungGen: 174016K->256K(174272K)] 176768K->3008K(523840K), 0.0005922 secs] [Times: user=0.00 sys=0.00, real=0.00 secs] 
133.606: [GC [PSYoungGen: 174080K->288K(174272K)] 176832K->3040K(523840K), 0.0007344 secs] [Times: user=0.00 sys=0.00, real=0.00 secs] 
133.852: [GC [PSYoungGen: 174112K->320K(174272K)] 176864K->3136K(523840K), 0.0005905 secs] [Times: user=0.00 sys=0.00, real=0.00 secs] 
134.099: [GC [PSYoungGen: 174144K->320K(174272K)] 176960K->3136K(523840K), 0.0008986 secs] [Times: user=0.00 sys=0.00, real=0.00 secs] 
134.353: [GC [PSYoungGen: 174144K->320K(174272K)] 176960K->3136K(523840K), 0.0006354 secs] [Times: user=0.01 sys=0.00, real=0.00 secs] 
134.625: [GC [PSYoungGen: 174144K->256K(174272K)] 176960K->3072K(523840K), 0.0005373 secs] [Times: user=0.00 sys=0.00, real=0.00 secs] 
134.917: [GC [PSYoungGen: 174080K->320K(174272K)] 176896K->3136K(523840K), 0.0008735 secs] [Times: user=0.00 sys=0.00, real=0.00 secs] 
135.217: [GC [PSYoungGen: 174144K->315K(174272K)] 176960K->3131K(523840K), 0.0009150 secs] [Times: user=0.00 sys=0.00, real=0.00 secs] 
135.468: [GC [PSYoungGen: 174139K->352K(174272K)] 176955K->3168K(523840K), 0.0008014 secs] [Times: user=0.00 sys=0.00, real=0.00 secs] 
135.761: [GC [PSYoungGen: 174176K->288K(174272K)] 176992K->3104K(523840K), 0.0006455 secs] [Times: user=0.00 sys=0.00, real=0.00 secs] 
136.066: [GC [PSYoungGen: 174112K->288K(174272K)] 176928K->3104K(523840K), 0.0007745 secs] [Times: user=0.01 sys=0.00, real=0.00 secs] 
136.345: [GC [PSYoungGen: 174112K->288K(174272K)] 176928K->3104K(523840K), 0.0006543 secs] [Times: user=0.00 sys=0.00, real=0.00 secs] 
136.588: [GC [PSYoungGen: 174112K->288K(174336K)] 176928K->3104K(523904K), 0.0006149 secs] [Times: user=0.00 sys=0.00, real=0.00 secs] 
136.838: [GC [PSYoungGen: 174176K->320K(174272K)] 176992K->3136K(523840K), 0.0005711 secs] [Times: user=0.00 sys=0.00, real=0.00 secs] 
137.089: [GC [PSYoungGen: 174208K->288K(174336K)] 177024K->3104K(523904K), 0.0007311 secs] [Times: user=0.01 sys=0.00, real=0.00 secs] 
137.334: [GC [PSYoungGen: 174240K->288K(174336K)] 177056K->3104K(523904K), 0.0006215 secs] [Times: user=0.00 sys=0.00, real=0.00 secs] 
137.588: [GC [PSYoungGen: 174240K->288K(174336K)] 177056K->3104K(523904K), 0.0009133 secs] [Times: user=0.01 sys=0.00, real=0.00 secs] 
137.845: [GC [PSYoungGen: 174240K->288K(174336K)] 177056K->3104K(523904K), 0.0005995 secs] [Times: user=0.00 sys=0.00, real=0.00 secs] 
138.104: [GC [PSYoungGen: 174240K->307K(174336K)] 177056K->3123K(523904K), 0.0006575 secs] [Times: user=0.00 sys=0.00, real=0.00 secs] 
138.365: [GC [PSYoungGen: 174259K->352K(174336K)] 177075K->3168K(523904K), 0.0007136 secs] [Times: user=0.01 sys=0.00, real=0.00 secs] 
138.573: [GC [PSYoungGen: 174304K->384K(174208K)] 177120K->3333K(523776K), 0.0008472 secs] [Times: user=0.01 sys=0.00, real=0.00 secs] 
138.757: [GC [PSYoungGen: 174208K->430K(174272K)] 177157K->3504K(523840K), 0.0007814 secs] [Times: user=0.00 sys=0.00, real=0.00 secs] 
138.946: [GC [PSYoungGen: 174254K->448K(174016K)] 177328K->3607K(523584K), 0.0007038 secs] [Times: user=0.01 sys=0.00, real=0.00 secs] 
139.134: [GC [PSYoungGen: 174016K->562K(174144K)] 177175K->3753K(523712K), 0.0006825 secs] [Times: user=0.01 sys=0.00, real=0.00 secs] 
139.303: [GC [PSYoungGen: 174130K->571K(173888K)] 177321K->3762K(523456K), 0.0006783 secs] [Times: user=0.00 sys=0.00, real=0.00 secs] 
139.475: [GC [PSYoungGen: 173883K->593K(173952K)] 177074K->3784K(523520K), 0.0006514 secs] [Times: user=0.01 sys=0.00, real=0.00 secs] 
139.649: [GC [PSYoungGen: 173905K->559K(173952K)] 177096K->3750K(523520K), 0.0007245 secs] [Times: user=0.00 sys=0.00, real=0.00 secs] 
139.826: [GC [PSYoungGen: 173742K->528K(173952K)] 176933K->3719K(523520K), 0.0006472 secs] [Times: user=0.01 sys=0.00, real=0.00 secs] 
140.009: [GC [PSYoungGen: 173712K->576K(173952K)] 176903K->3767K(523520K), 0.0007765 secs] [Times: user=0.01 sys=0.00, real=0.00 secs] 
140.178: [GC [PSYoungGen: 173760K->564K(173760K)] 176951K->3755K(523328K), 0.0008196 secs] [Times: user=0.01 sys=0.00, real=0.00 secs] 
140.349: [GC [PSYoungGen: 173748K->575K(173888K)] 176939K->3766K(523456K), 0.0007133 secs] [Times: user=0.00 sys=0.00, real=0.00 secs] 
140.513: [GC [PSYoungGen: 173631K->595K(173888K)] 176822K->3786K(523456K), 0.0007494 secs] [Times: user=0.01 sys=0.00, real=0.01 secs] 
140.684: [GC [PSYoungGen: 173651K->573K(173888K)] 176842K->3764K(523456K), 0.0007116 secs] [Times: user=0.01 sys=0.00, real=0.00 secs] 
140.875: [GC [PSYoungGen: 173629K->546K(173888K)] 176820K->3737K(523456K), 0.0006943 secs] [Times: user=0.00 sys=0.00, real=0.00 secs] 
141.062: [GC [PSYoungGen: 173601K->592K(173888K)] 176792K->3783K(523456K), 0.0006515 secs] [Times: user=0.00 sys=0.00, real=0.01 secs] 
141.254: [GC [PSYoungGen: 173648K->630K(173888K)] 176839K->3821K(523456K), 0.0007001 secs] [Times: user=0.00 sys=0.00, real=0.00 secs] 
141.443: [GC [PSYoungGen: 173686K->598K(173888K)] 176877K->3789K(523456K), 0.0007386 secs] [Times: user=0.01 sys=0.00, real=0.00 secs] 
141.630: [GC [PSYoungGen: 173654K->631K(173888K)] 176845K->3822K(523456K), 0.0007196 secs] [Times: user=0.00 sys=0.00, real=0.00 secs] 
141.820: [GC [PSYoungGen: 173687K->591K(173888K)] 176878K->3782K(523456K), 0.0007614 secs] [Times: user=0.01 sys=0.00, real=0.00 secs] 
142.009: [GC [PSYoungGen: 173647K->529K(173888K)] 176838K->3720K(523456K), 0.0007766 secs] [Times: user=0.00 sys=0.00, real=0.00 secs] 
142.200: [GC [PSYoungGen: 173585K->609K(173888K)] 176776K->3800K(523456K), 0.0009039 secs] [Times: user=0.00 sys=0.00, real=0.00 secs] 
142.389: [GC [PSYoungGen: 173665K->539K(173888K)] 176856K->3730K(523456K), 0.0006206 secs] [Times: user=0.00 sys=0.00, real=0.00 secs] 
142.573: [GC [PSYoungGen: 173595K->606K(173952K)] 176786K->3797K(523520K), 0.0006687 secs] [Times: user=0.00 sys=0.01, real=0.00 secs] 
142.755: [GC [PSYoungGen: 173790K->571K(173952K)] 176981K->3762K(523520K), 0.0006947 secs] [Times: user=0.00 sys=0.00, real=0.00 secs] 
142.943: [GC [PSYoungGen: 173755K->599K(173952K)] 176946K->3790K(523520K), 0.0006790 secs] [Times: user=0.00 sys=0.00, real=0.01 secs] 
143.129: [GC [PSYoungGen: 173783K->568K(173952K)] 176974K->3759K(523520K), 0.0007105 secs] [Times: user=0.00 sys=0.00, real=0.00 secs] 
143.322: [GC [PSYoungGen: 173752K->561K(173952K)] 176943K->3752K(523520K), 0.0006173 secs] [Times: user=0.00 sys=0.00, real=0.00 secs] 
143.516: [GC [PSYoungGen: 173745K->603K(173952K)] 176936K->3794K(523520K), 0.0007961 secs] [Times: user=0.01 sys=0.00, real=0.00 secs] 
143.703: [GC [PSYoungGen: 173787K->576K(174016K)] 176978K->3767K(523584K), 0.0007143 secs] [Times: user=0.01 sys=0.00, real=0.00 secs] 
143.873: [GC [PSYoungGen: 173823K->596K(173952K)] 177014K->3787K(523520K), 0.0007634 secs] [Times: user=0.01 sys=0.00, real=0.00 secs] 
144.056: [GC [PSYoungGen: 173844K->602K(174016K)] 177035K->3793K(523584K), 0.0007397 secs] [Times: user=0.01 sys=0.00, real=0.00 secs] 
144.224: [GC [PSYoungGen: 173914K->620K(174016K)] 177105K->3811K(523584K), 0.0008152 secs] [Times: user=0.01 sys=0.00, real=0.00 secs] 
144.396: [GC [PSYoungGen: 173932K->580K(174016K)] 177123K->3771K(523584K), 0.0007605 secs] [Times: user=0.01 sys=0.00, real=0.00 secs] 
144.588: [GC [PSYoungGen: 173892K->541K(174016K)] 177083K->3732K(523584K), 0.0007082 secs] [Times: user=0.00 sys=0.01, real=0.00 secs] 
144.778: [GC [PSYoungGen: 173853K->512K(174016K)] 177044K->3703K(523584K), 0.0006698 secs] [Times: user=0.00 sys=0.00, real=0.00 secs] 
144.973: [GC [PSYoungGen: 173824K->555K(174016K)] 177015K->3746K(523584K), 0.0007373 secs] [Times: user=0.00 sys=0.00, real=0.01 secs] 
145.173: [GC [PSYoungGen: 173867K->352K(174016K)] 177058K->3543K(523584K), 0.0006329 secs] [Times: user=0.00 sys=0.00, real=0.00 secs] 
145.379: [GC [PSYoungGen: 173664K->256K(173568K)] 176855K->3607K(523136K), 0.0006452 secs] [Times: user=0.01 sys=0.00, real=0.00 secs] 
145.584: [GC [PSYoungGen: 173568K->256K(173952K)] 176919K->3607K(523520K), 0.0007787 secs] [Times: user=0.00 sys=0.00, real=0.00 secs] 
145.788: [GC [PSYoungGen: 173440K->256K(173440K)] 176791K->3607K(523008K), 0.0008141 secs] [Times: user=0.01 sys=0.00, real=0.00 secs] 
145.991: [GC [PSYoungGen: 173438K->256K(173888K)] 176789K->3607K(523456K), 0.0006441 secs] [Times: user=0.00 sys=0.00, real=0.00 secs] 
146.196: [GC [PSYoungGen: 173312K->256K(173888K)] 176663K->3607K(523456K), 0.0007393 secs] [Times: user=0.00 sys=0.00, real=0.00 secs] 
146.398: [GC [PSYoungGen: 173312K->256K(173888K)] 176663K->3607K(523456K), 0.0005899 secs] [Times: user=0.00 sys=0.00, real=0.00 secs] 
146.599: [GC [PSYoungGen: 173312K->256K(173888K)] 176663K->3607K(523456K), 0.0007956 secs] [Times: user=0.00 sys=0.00, real=0.00 secs] 
146.800: [GC [PSYoungGen: 173312K->256K(173952K)] 176663K->3607K(523520K), 0.0006114 secs] [Times: user=0.00 sys=0.00, real=0.00 secs] 
147.001: [GC [PSYoungGen: 173440K->256K(173952K)] 176791K->3607K(523520K), 0.0007684 secs] [Times: user=0.01 sys=0.00, real=0.00 secs] 
147.199: [GC [PSYoungGen: 173438K->256K(173952K)] 176789K->3607K(523520K), 0.0007351 secs] [Times: user=0.00 sys=0.00, real=0.00 secs] 
147.399: [GC [PSYoungGen: 173440K->256K(173952K)] 176791K->3607K(523520K), 0.0007815 secs] [Times: user=0.00 sys=0.00, real=0.00 secs] 
147.599: [GC [PSYoungGen: 173440K->256K(174016K)] 176791K->3607K(523584K), 0.0006095 secs] [Times: user=0.00 sys=0.00, real=0.00 secs] 
147.799: [GC [PSYoungGen: 173567K->256K(174016K)] 176918K->3607K(523584K), 0.0008045 secs] [Times: user=0.00 sys=0.00, real=0.00 secs] 
147.997: [GC [PSYoungGen: 173566K->256K(174080K)] 176917K->3607K(523648K), 0.0006030 secs] [Times: user=0.00 sys=0.00, real=0.00 secs] 
148.199: [GC [PSYoungGen: 173632K->256K(174016K)] 176983K->3607K(523584K), 0.0005828 secs] [Times: user=0.00 sys=0.00, real=0.00 secs] 
148.400: [GC [PSYoungGen: 173632K->256K(174080K)] 176983K->3607K(523648K), 0.0008169 secs] [Times: user=0.01 sys=0.00, real=0.00 secs] 
148.599: [GC [PSYoungGen: 173696K->256K(174080K)] 177047K->3607K(523648K), 0.0007592 secs] [Times: user=0.00 sys=0.00, real=0.00 secs] 
148.797: [GC [PSYoungGen: 173695K->256K(174144K)] 177046K->3607K(523712K), 0.0008417 secs] [Times: user=0.01 sys=0.00, real=0.00 secs] 
148.993: [GC [PSYoungGen: 173758K->256K(174080K)] 177109K->3607K(523648K), 0.0005294 secs] [Times: user=0.00 sys=0.00, real=0.00 secs] 
149.188: [GC [PSYoungGen: 173758K->256K(174144K)] 177109K->3607K(523712K), 0.0005790 secs] [Times: user=0.01 sys=0.00, real=0.00 secs] 
149.382: [GC [PSYoungGen: 173824K->288K(174144K)] 177175K->3639K(523712K), 0.0005862 secs] [Times: user=0.00 sys=0.00, real=0.01 secs] 
149.576: [GC [PSYoungGen: 173855K->256K(174208K)] 177206K->3607K(523776K), 0.0006136 secs] [Times: user=0.00 sys=0.00, real=0.00 secs] 
149.771: [GC [PSYoungGen: 173952K->256K(174208K)] 177303K->3607K(523776K), 0.0009054 secs] [Times: user=0.00 sys=0.00, real=0.00 secs] 
149.966: [GC [PSYoungGen: 173952K->256K(174208K)] 177303K->3607K(523776K), 0.0006140 secs] [Times: user=0.01 sys=0.00, real=0.00 secs] 
150.161: [GC [PSYoungGen: 173952K->256K(174208K)] 177303K->3607K(523776K), 0.0006821 secs] [Times: user=0.00 sys=0.00, real=0.00 secs] 
150.337: [GC [PSYoungGen: 173952K->352K(174144K)] 177303K->3703K(523712K), 0.0006510 secs] [Times: user=0.01 sys=0.00, real=0.00 secs] 
150.496: [GC [PSYoungGen: 174048K->411K(174208K)] 177399K->3826K(523776K), 0.0006262 secs] [Times: user=0.00 sys=0.00, real=0.00 secs] 
150.655: [GC [PSYoungGen: 174107K->405K(174208K)] 177522K->3820K(523776K), 0.0007316 secs] [Times: user=0.00 sys=0.00, real=0.00 secs] 
150.806: [GC [PSYoungGen: 174101K->384K(174080K)] 177516K->3799K(523648K), 0.0006260 secs] [Times: user=0.01 sys=0.00, real=0.00 secs] 
150.960: [GC [PSYoungGen: 174080K->384K(174144K)] 177495K->3799K(523712K), 0.0006237 secs] [Times: user=0.01 sys=0.00, real=0.00 secs] 
151.110: [GC [PSYoungGen: 173952K->352K(174144K)] 177367K->3767K(523712K), 0.0006477 secs] [Times: user=0.00 sys=0.00, real=0.00 secs] 
151.272: [GC [PSYoungGen: 173920K->439K(174080K)] 177335K->3854K(523648K), 0.0008077 secs] [Times: user=0.01 sys=0.00, real=0.00 secs] 
151.432: [GC [PSYoungGen: 174007K->448K(174144K)] 177422K->3863K(523712K), 0.0006213 secs] [Times: user=0.01 sys=0.00, real=0.00 secs] 
151.588: [GC [PSYoungGen: 174016K->424K(174144K)] 177431K->3839K(523712K), 0.0006842 secs] [Times: user=0.00 sys=0.00, real=0.00 secs] 
151.747: [GC [PSYoungGen: 173992K->448K(174144K)] 177407K->3863K(523712K), 0.0006535 secs] [Times: user=0.01 sys=0.00, real=0.00 secs] 
151.907: [GC [PSYoungGen: 174016K->407K(174144K)] 177431K->3822K(523712K), 0.0007770 secs] [Times: user=0.01 sys=0.00, real=0.00 secs] 
152.084: [GC [PSYoungGen: 173975K->420K(174144K)] 177390K->3835K(523712K), 0.0006706 secs] [Times: user=0.00 sys=0.00, real=0.00 secs] 
152.261: [GC [PSYoungGen: 173988K->391K(174144K)] 177403K->3806K(523712K), 0.0006209 secs] [Times: user=0.01 sys=0.01, real=0.00 secs] 
152.440: [GC [PSYoungGen: 173959K->403K(174144K)] 177374K->3818K(523712K), 0.0007475 secs] [Times: user=0.00 sys=0.00, real=0.00 secs] 
152.619: [GC [PSYoungGen: 173971K->374K(174144K)] 177386K->3789K(523712K), 0.0007508 secs] [Times: user=0.00 sys=0.00, real=0.00 secs] 
152.799: [GC [PSYoungGen: 173941K->416K(174144K)] 177356K->3831K(523712K), 0.0005677 secs] [Times: user=0.01 sys=0.00, real=0.00 secs] 
152.975: [GC [PSYoungGen: 173984K->416K(174144K)] 177399K->3831K(523712K), 0.0005984 secs] [Times: user=0.00 sys=0.00, real=0.00 secs] 
153.151: [GC [PSYoungGen: 173984K->402K(174144K)] 177399K->3817K(523712K), 0.0006978 secs] [Times: user=0.00 sys=0.00, real=0.00 secs] 
153.312: [GC [PSYoungGen: 173970K->352K(174144K)] 177385K->3767K(523712K), 0.0005914 secs] [Times: user=0.00 sys=0.00, real=0.00 secs] 
153.473: [GC [PSYoungGen: 173920K->384K(174144K)] 177335K->3799K(523712K), 0.0006584 secs] [Times: user=0.00 sys=0.01, real=0.01 secs] 
153.634: [GC [PSYoungGen: 173950K->448K(174208K)] 177365K->3863K(523776K), 0.0007002 secs] [Times: user=0.00 sys=0.00, real=0.00 secs] 
153.800: [GC [PSYoungGen: 174142K->416K(174208K)] 177558K->3831K(523776K), 0.0006772 secs] [Times: user=0.00 sys=0.00, real=0.00 secs] 
153.961: [GC [PSYoungGen: 174112K->448K(174080K)] 177527K->3863K(523648K), 0.0006736 secs] [Times: user=0.00 sys=0.01, real=0.00 secs] 
154.137: [GC [PSYoungGen: 174016K->318K(174144K)] 177431K->3733K(523712K), 0.0006416 secs] [Times: user=0.00 sys=0.00, real=0.00 secs] 
154.318: [GC [PSYoungGen: 173886K->370K(174208K)] 177301K->3785K(523776K), 0.0010040 secs] [Times: user=0.00 sys=0.00, real=0.00 secs] 
154.497: [GC [PSYoungGen: 174002K->416K(174144K)] 177417K->3831K(523712K), 0.0006686 secs] [Times: user=0.00 sys=0.00, real=0.00 secs] 
154.675: [GC [PSYoungGen: 174048K->416K(174208K)] 177463K->3831K(523776K), 0.0006500 secs] [Times: user=0.01 sys=0.00, real=0.00 secs] 
154.853: [GC [PSYoungGen: 174111K->352K(174208K)] 177526K->3767K(523776K), 0.0005623 secs] [Times: user=0.00 sys=0.00, real=0.01 secs] 
155.033: [GC [PSYoungGen: 174048K->352K(174208K)] 177463K->3767K(523776K), 0.0007754 secs] [Times: user=0.00 sys=0.00, real=0.01 secs] 
155.212: [GC [PSYoungGen: 174047K->480K(174208K)] 177462K->3895K(523776K), 0.0008917 secs] [Times: user=0.00 sys=0.00, real=0.01 secs] 
155.390: [GC [PSYoungGen: 174176K->384K(174208K)] 177591K->3799K(523776K), 0.0006562 secs] [Times: user=0.00 sys=0.00, real=0.00 secs] 
155.722: [GC [PSYoungGen: 174080K->256K(173952K)] 177495K->3671K(523520K), 0.0008793 secs] [Times: user=0.01 sys=0.00, real=0.00 secs] 
156.705: [GC [PSYoungGen: 173952K->288K(174144K)] 177367K->3767K(523712K), 0.0007407 secs] [Times: user=0.00 sys=0.00, real=0.00 secs] 
157.554: [GC [PSYoungGen: 173856K->256K(174144K)] 177335K->3735K(523712K), 0.0006916 secs] [Times: user=0.00 sys=0.00, real=0.00 secs] 
158.418: [GC [PSYoungGen: 173824K->256K(174144K)] 177303K->3735K(523712K), 0.0008694 secs] [Times: user=0.01 sys=0.00, real=0.00 secs] 
159.288: [GC [PSYoungGen: 173824K->256K(174144K)] 177303K->3735K(523712K), 0.0008086 secs] [Times: user=0.00 sys=0.00, real=0.00 secs] 
160.150: [GC [PSYoungGen: 173824K->256K(174144K)] 177303K->3735K(523712K), 0.0007548 secs] [Times: user=0.00 sys=0.00, real=0.00 secs] 
161.071: [GC [PSYoungGen: 173824K->256K(174144K)] 177303K->3735K(523712K), 0.0007717 secs] [Times: user=0.00 sys=0.00, real=0.00 secs] 
161.740: [GC [PSYoungGen: 173824K->256K(174208K)] 177303K->3799K(523776K), 0.0007149 secs] [Times: user=0.01 sys=0.00, real=0.00 secs] 
162.409: [GC [PSYoungGen: 173888K->256K(174144K)] 177431K->3799K(523712K), 0.0007887 secs] [Times: user=0.00 sys=0.00, real=0.00 secs] 
163.072: [GC [PSYoungGen: 173888K->256K(174208K)] 177431K->3799K(523776K), 0.0010247 secs] [Times: user=0.00 sys=0.00, real=0.01 secs] 
163.727: [GC [PSYoungGen: 173952K->256K(174208K)] 177495K->3799K(523776K), 0.0006961 secs] [Times: user=0.01 sys=0.00, real=0.00 secs] 
164.396: [GC [PSYoungGen: 173952K->256K(174208K)] 177495K->3799K(523776K), 0.0010514 secs] [Times: user=0.00 sys=0.00, real=0.00 secs] 
165.053: [GC [PSYoungGen: 173952K->256K(174208K)] 177495K->3799K(523776K), 0.0007056 secs] [Times: user=0.00 sys=0.00, real=0.01 secs] 
165.718: [GC [PSYoungGen: 173952K->288K(174272K)] 177495K->3831K(523840K), 0.0009459 secs] [Times: user=0.01 sys=0.00, real=0.00 secs] 
166.389: [GC [PSYoungGen: 174048K->256K(174208K)] 177591K->3863K(523776K), 0.0008189 secs] [Times: user=0.00 sys=0.00, real=0.00 secs] 
167.054: [GC [PSYoungGen: 174016K->288K(174272K)] 177623K->3895K(523840K), 0.0008611 secs] [Times: user=0.01 sys=0.00, real=0.00 secs] 
167.722: [GC [PSYoungGen: 174112K->320K(174272K)] 177719K->3927K(523840K), 0.0008336 secs] [Times: user=0.00 sys=0.00, real=0.00 secs] 
168.420: [GC [PSYoungGen: 174144K->256K(174272K)] 177751K->3863K(523840K), 0.0007535 secs] [Times: user=0.00 sys=0.00, real=0.00 secs] 
169.167: [GC [PSYoungGen: 174080K->256K(174272K)] 177687K->3863K(523840K), 0.0008817 secs] [Times: user=0.00 sys=0.00, real=0.00 secs] 
169.839: [GC [PSYoungGen: 174080K->256K(174272K)] 177687K->3863K(523840K), 0.0009302 secs] [Times: user=0.00 sys=0.00, real=0.00 secs] 
170.518: [GC [PSYoungGen: 174080K->320K(174272K)] 177687K->3927K(523840K), 0.0010827 secs] [Times: user=0.00 sys=0.00, real=0.00 secs] 
171.257: [GC [PSYoungGen: 174144K->288K(174272K)] 177751K->3959K(523840K), 0.0009612 secs] [Times: user=0.00 sys=0.00, real=0.00 secs] 
171.919: [GC [PSYoungGen: 174112K->256K(174272K)] 177783K->3927K(523840K), 0.0009067 secs] [Times: user=0.00 sys=0.00, real=0.00 secs] 
172.632: [GC [PSYoungGen: 174080K->256K(174336K)] 177751K->3927K(523904K), 0.0009798 secs] [Times: user=0.01 sys=0.01, real=0.00 secs] 
173.327: [GC [PSYoungGen: 174144K->288K(174272K)] 177815K->3959K(523840K), 0.0008419 secs] [Times: user=0.00 sys=0.00, real=0.00 secs] 
173.996: [GC [PSYoungGen: 174176K->288K(174336K)] 177847K->3959K(523904K), 0.0008965 secs] [Times: user=0.01 sys=0.00, real=0.00 secs] 
174.667: [GC [PSYoungGen: 174240K->288K(174336K)] 177911K->3959K(523904K), 0.0008744 secs] [Times: user=0.00 sys=0.00, real=0.00 secs] 
175.400: [GC [PSYoungGen: 174240K->288K(174336K)] 177911K->3959K(523904K), 0.0008983 secs] [Times: user=0.00 sys=0.00, real=0.00 secs] 
176.052: [GC [PSYoungGen: 174240K->256K(174336K)] 177911K->3927K(523904K), 0.0009478 secs] [Times: user=0.01 sys=0.00, real=0.00 secs] 
176.612: [GC [PSYoungGen: 174208K->256K(174336K)] 177879K->3999K(523904K), 0.0010523 secs] [Times: user=0.00 sys=0.00, real=0.00 secs] 
177.140: [GC [PSYoungGen: 174208K->256K(174336K)] 177951K->3999K(523904K), 0.0009561 secs] [Times: user=0.00 sys=0.00, real=0.00 secs] 
177.667: [GC [PSYoungGen: 174208K->256K(174336K)] 177951K->3999K(523904K), 0.0009087 secs] [Times: user=0.00 sys=0.00, real=0.00 secs] 
178.195: [GC [PSYoungGen: 174208K->256K(174336K)] 177951K->3999K(523904K), 0.0008148 secs] [Times: user=0.01 sys=0.00, real=0.00 secs] 
178.727: [GC [PSYoungGen: 174208K->256K(174336K)] 177951K->3999K(523904K), 0.0008717 secs] [Times: user=0.01 sys=0.01, real=0.00 secs] 
179.251: [GC [PSYoungGen: 174208K->256K(174336K)] 177951K->3999K(523904K), 0.0007736 secs] [Times: user=0.00 sys=0.00, real=0.00 secs] 
179.777: [GC [PSYoungGen: 174208K->256K(174336K)] 177951K->3999K(523904K), 0.0009563 secs] [Times: user=0.01 sys=0.00, real=0.00 secs] 
180.303: [GC [PSYoungGen: 174208K->288K(174336K)] 177951K->4031K(523904K), 0.0009270 secs] [Times: user=0.00 sys=0.00, real=0.01 secs] 
180.839: [GC [PSYoungGen: 174240K->256K(174336K)] 177983K->4063K(523904K), 0.0008152 secs] [Times: user=0.00 sys=0.00, real=0.00 secs] 
181.395: [GC [PSYoungGen: 174208K->256K(174336K)] 178015K->4063K(523904K), 0.0009199 secs] [Times: user=0.00 sys=0.00, real=0.00 secs] 
182.032: [GC [PSYoungGen: 174208K->256K(174400K)] 178015K->4063K(523968K), 0.0007221 secs] [Times: user=0.00 sys=0.00, real=0.00 secs] 
182.652: [GC [PSYoungGen: 174272K->256K(174336K)] 178079K->4063K(523904K), 0.0010599 secs] [Times: user=0.01 sys=0.00, real=0.00 secs] 
183.242: [GC [PSYoungGen: 174272K->256K(174400K)] 178079K->4063K(523968K), 0.0008153 secs] [Times: user=0.00 sys=0.00, real=0.00 secs] 
183.804: [GC [PSYoungGen: 174336K->288K(174400K)] 178143K->4095K(523968K), 0.0009065 secs] [Times: user=0.00 sys=0.00, real=0.00 secs] 
184.364: [GC [PSYoungGen: 174368K->288K(174400K)] 178175K->4095K(523968K), 0.0008242 secs] [Times: user=0.00 sys=0.00, real=0.00 secs] 
185.029: [GC [PSYoungGen: 174368K->320K(174400K)] 178175K->4151K(523968K), 0.0011383 secs] [Times: user=0.00 sys=0.00, real=0.00 secs] 
185.488: [GC [PSYoungGen: 174400K->320K(174272K)] 178231K->4231K(523840K), 0.0008976 secs] [Times: user=0.00 sys=0.00, real=0.00 secs] 
185.997: [GC [PSYoungGen: 174272K->352K(174336K)] 178183K->4319K(523904K), 0.0009402 secs] [Times: user=0.01 sys=0.00, real=0.00 secs] 
186.493: [GC [PSYoungGen: 174304K->352K(174208K)] 178271K->4319K(523776K), 0.0009956 secs] [Times: user=0.00 sys=0.00, real=0.00 secs] 
186.958: [GC [PSYoungGen: 174176K->384K(174272K)] 178143K->4351K(523840K), 0.0009290 secs] [Times: user=0.00 sys=0.00, real=0.00 secs] 
187.389: [GC [PSYoungGen: 174208K->384K(174272K)] 178175K->4351K(523840K), 0.0009712 secs] [Times: user=0.00 sys=0.01, real=0.00 secs] 
187.820: [GC [PSYoungGen: 174208K->288K(174272K)] 178175K->4255K(523840K), 0.0009392 secs] [Times: user=0.00 sys=0.00, real=0.00 secs] 
188.289: [GC [PSYoungGen: 174112K->384K(174144K)] 178079K->4351K(523712K), 0.0009680 secs] [Times: user=0.01 sys=0.00, real=0.00 secs] 
188.800: [GC [PSYoungGen: 174080K->352K(174208K)] 178047K->4319K(523776K), 0.0007885 secs] [Times: user=0.00 sys=0.00, real=0.00 secs] 
189.292: [GC [PSYoungGen: 174048K->352K(174272K)] 178015K->4319K(523840K), 0.0009516 secs] [Times: user=0.00 sys=0.00, real=0.00 secs] 
189.756: [GC [PSYoungGen: 174176K->352K(174272K)] 178143K->4319K(523840K), 0.0009220 secs] [Times: user=0.01 sys=0.00, real=0.00 secs] 
190.255: [GC [PSYoungGen: 174176K->320K(174272K)] 178143K->4287K(523840K), 0.0009629 secs] [Times: user=0.00 sys=0.00, real=0.00 secs] 
190.703: [GC [PSYoungGen: 174144K->320K(174272K)] 178111K->4287K(523840K), 0.0009603 secs] [Times: user=0.00 sys=0.00, real=0.00 secs] 
191.147: [GC [PSYoungGen: 174144K->288K(174272K)] 178111K->4255K(523840K), 0.0010623 secs] [Times: user=0.00 sys=0.00, real=0.00 secs] 
191.577: [GC [PSYoungGen: 174112K->256K(174272K)] 178079K->4303K(523840K), 0.0008758 secs] [Times: user=0.01 sys=0.00, real=0.00 secs] 
192.017: [GC [PSYoungGen: 174080K->256K(174272K)] 178127K->4303K(523840K), 0.0007641 secs] [Times: user=0.01 sys=0.00, real=0.00 secs] 
192.466: [GC [PSYoungGen: 174080K->256K(174272K)] 178127K->4303K(523840K), 0.0007723 secs] [Times: user=0.00 sys=0.00, real=0.00 secs] 
192.904: [GC [PSYoungGen: 174080K->256K(174272K)] 178127K->4303K(523840K), 0.0008394 secs] [Times: user=0.00 sys=0.00, real=0.01 secs] 
193.339: [GC [PSYoungGen: 174080K->256K(174272K)] 178127K->4303K(523840K), 0.0007777 secs] [Times: user=0.01 sys=0.00, real=0.00 secs] 
193.773: [GC [PSYoungGen: 174080K->256K(174272K)] 178127K->4303K(523840K), 0.0007215 secs] [Times: user=0.00 sys=0.00, real=0.00 secs] 
194.213: [GC [PSYoungGen: 174080K->256K(174272K)] 178127K->4303K(523840K), 0.0008102 secs] [Times: user=0.00 sys=0.00, real=0.00 secs] 
194.650: [GC [PSYoungGen: 174080K->256K(174272K)] 178127K->4303K(523840K), 0.0009525 secs] [Times: user=0.01 sys=0.00, real=0.00 secs] 
195.080: [GC [PSYoungGen: 174080K->256K(174272K)] 178127K->4303K(523840K), 0.0007189 secs] [Times: user=0.00 sys=0.01, real=0.00 secs] 
195.501: [GC [PSYoungGen: 174080K->288K(174336K)] 178127K->4335K(523904K), 0.0008613 secs] [Times: user=0.00 sys=0.00, real=0.00 secs] 
195.891: [GC [PSYoungGen: 174176K->320K(174272K)] 178223K->4431K(523840K), 0.0009051 secs] [Times: user=0.01 sys=0.00, real=0.00 secs] 
196.289: [GC [PSYoungGen: 174208K->288K(174336K)] 178319K->4399K(523904K), 0.0007840 secs] [Times: user=0.00 sys=0.00, real=0.00 secs] 
196.752: [GC [PSYoungGen: 174176K->288K(174272K)] 178287K->4399K(523840K), 0.0007766 secs] [Times: user=0.01 sys=0.00, real=0.00 secs] 
197.209: [GC [PSYoungGen: 174176K->352K(174336K)] 178287K->4463K(523904K), 0.0009000 secs] [Times: user=0.00 sys=0.00, real=0.00 secs] 
197.606: [GC [PSYoungGen: 174304K->352K(174336K)] 178415K->4463K(523904K), 0.0008847 secs] [Times: user=0.00 sys=0.01, real=0.00 secs] 
198.057: [GC [PSYoungGen: 174304K->320K(174208K)] 178415K->4431K(523776K), 0.0009766 secs] [Times: user=0.01 sys=0.00, real=0.00 secs] 
198.519: [GC [PSYoungGen: 174144K->344K(174272K)] 178255K->4455K(523840K), 0.0008847 secs] [Times: user=0.01 sys=0.00, real=0.00 secs] 
198.994: [GC [PSYoungGen: 174168K->288K(174272K)] 178279K->4399K(523840K), 0.0008161 secs] [Times: user=0.00 sys=0.00, real=0.01 secs] 
199.388: [GC [PSYoungGen: 174112K->288K(174272K)] 178223K->4399K(523840K), 0.0009325 secs] [Times: user=0.01 sys=0.00, real=0.00 secs] 
199.856: [GC [PSYoungGen: 174112K->344K(174272K)] 178223K->4455K(523840K), 0.0007856 secs] [Times: user=0.00 sys=0.00, real=0.00 secs] 
200.297: [GC [PSYoungGen: 174168K->320K(174272K)] 178279K->4431K(523840K), 0.0008802 secs] [Times: user=0.00 sys=0.00, real=0.00 secs] 
200.652: [GC [PSYoungGen: 174144K->448K(174144K)] 178255K->4605K(523712K), 0.0009734 secs] [Times: user=0.00 sys=0.00, real=0.00 secs] 
200.973: [GC [PSYoungGen: 174144K->512K(174208K)] 178301K->4733K(523776K), 0.0010334 secs] [Times: user=0.01 sys=0.01, real=0.00 secs] 
201.295: [GC [PSYoungGen: 174208K->506K(174080K)] 178429K->4736K(523648K), 0.0009137 secs] [Times: user=0.00 sys=0.00, real=0.00 secs] 
201.594: [GC [PSYoungGen: 174074K->544K(174144K)] 178304K->4781K(523712K), 0.0011457 secs] [Times: user=0.00 sys=0.00, real=0.01 secs] 
201.899: [GC [PSYoungGen: 174112K->544K(173888K)] 178349K->4781K(523456K), 0.0010405 secs] [Times: user=0.01 sys=0.00, real=0.00 secs] 
202.196: [GC [PSYoungGen: 173856K->576K(174016K)] 178093K->4813K(523584K), 0.0009362 secs] [Times: user=0.00 sys=0.00, real=0.00 secs] 
202.518: [GC [PSYoungGen: 173888K->480K(174016K)] 178125K->4717K(523584K), 0.0010083 secs] [Times: user=0.00 sys=0.01, real=0.00 secs] 
202.843: [GC [PSYoungGen: 173792K->480K(174016K)] 178029K->4717K(523584K), 0.0008851 secs] [Times: user=0.00 sys=0.00, real=0.00 secs] 
203.147: [GC [PSYoungGen: 173792K->512K(174016K)] 178029K->4749K(523584K), 0.0008768 secs] [Times: user=0.00 sys=0.00, real=0.00 secs] 
203.431: [GC [PSYoungGen: 173823K->544K(174016K)] 178061K->4781K(523584K), 0.0010164 secs] [Times: user=0.00 sys=0.00, real=0.00 secs] 
203.716: [GC [PSYoungGen: 173856K->512K(174016K)] 178093K->4749K(523584K), 0.0009855 secs] [Times: user=0.00 sys=0.00, real=0.00 secs] 
204.033: [GC [PSYoungGen: 173824K->512K(174016K)] 178061K->4749K(523584K), 0.0008353 secs] [Times: user=0.00 sys=0.00, real=0.00 secs] 
204.359: [GC [PSYoungGen: 173823K->512K(174016K)] 178061K->4749K(523584K), 0.0008293 secs] [Times: user=0.00 sys=0.00, real=0.00 secs] 
204.678: [GC [PSYoungGen: 173824K->480K(174016K)] 178061K->4717K(523584K), 0.0009377 secs] [Times: user=0.00 sys=0.00, real=0.00 secs] 
204.969: [GC [PSYoungGen: 173792K->546K(174016K)] 178029K->4784K(523584K), 0.0009595 secs] [Times: user=0.00 sys=0.00, real=0.00 secs] 
205.267: [GC [PSYoungGen: 173858K->522K(174016K)] 178096K->4760K(523584K), 0.0009127 secs] [Times: user=0.00 sys=0.00, real=0.00 secs] 
205.563: [GC [PSYoungGen: 173834K->512K(174016K)] 178072K->4749K(523584K), 0.0010030 secs] [Times: user=0.00 sys=0.00, real=0.00 secs] 
205.884: [GC [PSYoungGen: 173824K->537K(174016K)] 178061K->4775K(523584K), 0.0009915 secs] [Times: user=0.00 sys=0.00, real=0.01 secs] 
206.203: [GC [PSYoungGen: 173849K->512K(174016K)] 178087K->4749K(523584K), 0.0010761 secs] [Times: user=0.00 sys=0.00, real=0.00 secs] 
206.518: [GC [PSYoungGen: 173824K->569K(174016K)] 178061K->4807K(523584K), 0.0010197 secs] [Times: user=0.00 sys=0.00, real=0.00 secs] 
206.828: [GC [PSYoungGen: 173881K->384K(174016K)] 178119K->4621K(523584K), 0.0008793 secs] [Times: user=0.00 sys=0.00, real=0.00 secs] 
207.151: [GC [PSYoungGen: 173696K->256K(174016K)] 177933K->4589K(523584K), 0.0008479 secs] [Times: user=0.00 sys=0.01, real=0.00 secs] 
207.472: [GC [PSYoungGen: 173568K->288K(173888K)] 177901K->4621K(523456K), 0.0007573 secs] [Times: user=0.00 sys=0.00, real=0.00 secs] 
207.793: [GC [PSYoungGen: 173472K->288K(173952K)] 177805K->4621K(523520K), 0.0009711 secs] [Times: user=0.00 sys=0.01, real=0.00 secs] 
208.114: [GC [PSYoungGen: 173472K->256K(173952K)] 177805K->4589K(523520K), 0.0007458 secs] [Times: user=0.00 sys=0.00, real=0.01 secs] 
208.436: [GC [PSYoungGen: 173440K->320K(173952K)] 177773K->4653K(523520K), 0.0008997 secs] [Times: user=0.00 sys=0.00, real=0.00 secs] 
208.756: [GC [PSYoungGen: 173504K->256K(174016K)] 177837K->4589K(523584K), 0.0007215 secs] [Times: user=0.00 sys=0.01, real=0.00 secs] 
209.071: [GC [PSYoungGen: 173568K->288K(174016K)] 177901K->4621K(523584K), 0.0007696 secs] [Times: user=0.01 sys=0.00, real=0.00 secs] 
209.386: [GC [PSYoungGen: 173600K->256K(174016K)] 177933K->4589K(523584K), 0.0009093 secs] [Times: user=0.01 sys=0.00, real=0.00 secs] 
209.699: [GC [PSYoungGen: 173568K->256K(174016K)] 177901K->4589K(523584K), 0.0008171 secs] [Times: user=0.00 sys=0.00, real=0.00 secs] 
210.011: [GC [PSYoungGen: 173568K->256K(174016K)] 177901K->4589K(523584K), 0.0008746 secs] [Times: user=0.00 sys=0.00, real=0.00 secs] 
210.326: [GC [PSYoungGen: 173568K->288K(174016K)] 177901K->4621K(523584K), 0.0007829 secs] [Times: user=0.00 sys=0.00, real=0.00 secs] 
210.636: [GC [PSYoungGen: 173599K->256K(174080K)] 177933K->4589K(523648K), 0.0007788 secs] [Times: user=0.00 sys=0.00, real=0.00 secs] 
210.946: [GC [PSYoungGen: 173696K->256K(174080K)] 178029K->4589K(523648K), 0.0007017 secs] [Times: user=0.00 sys=0.00, real=0.00 secs] 
211.256: [GC [PSYoungGen: 173696K->256K(174080K)] 178029K->4589K(523648K), 0.0007842 secs] [Times: user=0.01 sys=0.00, real=0.00 secs] 
211.566: [GC [PSYoungGen: 173696K->256K(174080K)] 178029K->4589K(523648K), 0.0008368 secs] [Times: user=0.01 sys=0.00, real=0.00 secs] 
211.843: [GC [PSYoungGen: 173696K->416K(174016K)] 178029K->4749K(523584K), 0.0008453 secs] [Times: user=0.00 sys=0.00, real=0.00 secs] 
212.097: [GC [PSYoungGen: 173856K->371K(174080K)] 178189K->4769K(523648K), 0.0007955 secs] [Times: user=0.00 sys=0.00, real=0.00 secs] 
212.352: [GC [PSYoungGen: 173811K->416K(174016K)] 178209K->4813K(523584K), 0.0008143 secs] [Times: user=0.01 sys=0.00, real=0.00 secs] 
212.606: [GC [PSYoungGen: 173856K->352K(174080K)] 178253K->4749K(523648K), 0.0008145 secs] [Times: user=0.01 sys=0.00, real=0.00 secs] 
212.859: [GC [PSYoungGen: 173792K->384K(174144K)] 178189K->4781K(523712K), 0.0009860 secs] [Times: user=0.00 sys=0.00, real=0.00 secs] 
213.136: [GC [PSYoungGen: 173952K->416K(174144K)] 178349K->4813K(523712K), 0.0008248 secs] [Times: user=0.00 sys=0.00, real=0.00 secs] 
213.443: [GC [PSYoungGen: 173984K->352K(174144K)] 178381K->4749K(523712K), 0.0007863 secs] [Times: user=0.00 sys=0.00, real=0.00 secs] 
213.747: [GC [PSYoungGen: 173920K->340K(174144K)] 178317K->4738K(523712K), 0.0008347 secs] [Times: user=0.01 sys=0.00, real=0.00 secs] 
213.997: [GC [PSYoungGen: 173908K->480K(174144K)] 178306K->4877K(523712K), 0.0008278 secs] [Times: user=0.00 sys=0.00, real=0.00 secs] 
214.292: [GC [PSYoungGen: 174048K->352K(174144K)] 178445K->4749K(523712K), 0.0008756 secs] [Times: user=0.00 sys=0.00, real=0.00 secs] 
214.592: [GC [PSYoungGen: 173920K->384K(174144K)] 178317K->4781K(523712K), 0.0008346 secs] [Times: user=0.00 sys=0.00, real=0.00 secs] 
214.867: [GC [PSYoungGen: 173952K->416K(174144K)] 178349K->4813K(523712K), 0.0009758 secs] [Times: user=0.00 sys=0.00, real=0.00 secs] 
215.130: [GC [PSYoungGen: 173984K->416K(174144K)] 178381K->4813K(523712K), 0.0009238 secs] [Times: user=0.00 sys=0.00, real=0.00 secs] 
215.447: [GC [PSYoungGen: 173984K->338K(174144K)] 178381K->4736K(523712K), 0.0008675 secs] [Times: user=0.00 sys=0.00, real=0.00 secs] 
215.760: [GC [PSYoungGen: 173906K->384K(174144K)] 178304K->4781K(523712K), 0.0007577 secs] [Times: user=0.00 sys=0.00, real=0.00 secs] 
216.044: [GC [PSYoungGen: 173952K->422K(174144K)] 178349K->4820K(523712K), 0.0008810 secs] [Times: user=0.00 sys=0.00, real=0.01 secs] 
216.323: [GC [PSYoungGen: 173990K->416K(174144K)] 178388K->4813K(523712K), 0.0010184 secs] [Times: user=0.00 sys=0.00, real=0.00 secs] 
216.626: [GC [PSYoungGen: 173984K->391K(174144K)] 178381K->4789K(523712K), 0.0009451 secs] [Times: user=0.01 sys=0.00, real=0.00 secs] 
216.918: [GC [PSYoungGen: 173959K->493K(173952K)] 178357K->5136K(523520K), 0.0009086 secs] [Times: user=0.00 sys=0.00, real=0.00 secs] 
217.085: [GC [PSYoungGen: 173933K->632K(174080K)] 178576K->5419K(523648K), 0.0010195 secs] [Times: user=0.00 sys=0.00, real=0.01 secs] 
217.264: [GC [PSYoungGen: 174072K->630K(173696K)] 178859K->5547K(523264K), 0.0009056 secs] [Times: user=0.00 sys=0.00, real=0.01 secs] 
217.441: [GC [PSYoungGen: 173686K->832K(173888K)] 178603K->5764K(523456K), 0.0010792 secs] [Times: user=0.00 sys=0.00, real=0.00 secs] 
217.633: [GC [PSYoungGen: 173888K->779K(173504K)] 178820K->5712K(523072K), 0.0010016 secs] [Times: user=0.00 sys=0.00, real=0.00 secs] 
217.827: [GC [PSYoungGen: 173451K->847K(173568K)] 178384K->5779K(523136K), 0.0009388 secs] [Times: user=0.00 sys=0.01, real=0.00 secs] 
218.018: [GC [PSYoungGen: 173518K->780K(173632K)] 178451K->5713K(523200K), 0.0009736 secs] [Times: user=0.01 sys=0.00, real=0.00 secs] 
218.210: [GC [PSYoungGen: 173323K->838K(173440K)] 178255K->5770K(523008K), 0.0011062 secs] [Times: user=0.01 sys=0.00, real=0.00 secs] 
218.387: [GC [PSYoungGen: 173382K->801K(173568K)] 178314K->5734K(523136K), 0.0009276 secs] [Times: user=0.00 sys=0.00, real=0.00 secs] 
218.559: [GC [PSYoungGen: 173217K->827K(173248K)] 178150K->5760K(522816K), 0.0008840 secs] [Times: user=0.01 sys=0.00, real=0.00 secs] 
218.749: [GC [PSYoungGen: 173243K->835K(173504K)] 178176K->5768K(523072K), 0.0010093 secs] [Times: user=0.00 sys=0.01, real=0.00 secs] 
218.939: [GC [PSYoungGen: 173110K->788K(173504K)] 178043K->5721K(523072K), 0.0010000 secs] [Times: user=0.00 sys=0.00, real=0.00 secs] 
219.135: [GC [PSYoungGen: 173076K->837K(173504K)] 178009K->5770K(523072K), 0.0009811 secs] [Times: user=0.00 sys=0.00, real=0.00 secs] 
219.328: [GC [PSYoungGen: 173125K->817K(173504K)] 178058K->5749K(523072K), 0.0009055 secs] [Times: user=0.01 sys=0.00, real=0.00 secs] 
219.513: [GC [PSYoungGen: 173105K->818K(173504K)] 178037K->5750K(523072K), 0.0012036 secs] [Times: user=0.00 sys=0.00, real=0.00 secs] 
219.702: [GC [PSYoungGen: 173106K->768K(173504K)] 178038K->5701K(523072K), 0.0010016 secs] [Times: user=0.00 sys=0.00, real=0.00 secs] 
219.889: [GC [PSYoungGen: 173056K->813K(173568K)] 177989K->5746K(523136K), 0.0010185 secs] [Times: user=0.01 sys=0.00, real=0.00 secs] 
220.075: [GC [PSYoungGen: 173229K->804K(173568K)] 178162K->5737K(523136K), 0.0009414 secs] [Times: user=0.00 sys=0.00, real=0.00 secs] 
220.264: [GC [PSYoungGen: 173218K->765K(173632K)] 178150K->5698K(523200K), 0.0010419 secs] [Times: user=0.00 sys=0.00, real=0.01 secs] 
220.459: [GC [PSYoungGen: 173245K->870K(173568K)] 178178K->5803K(523136K), 0.0010171 secs] [Times: user=0.00 sys=0.01, real=0.00 secs] 
220.650: [GC [PSYoungGen: 173349K->861K(173568K)] 178282K->5794K(523136K), 0.0010340 secs] [Times: user=0.00 sys=0.01, real=0.00 secs] 
220.823: [GC [PSYoungGen: 173277K->804K(173568K)] 178210K->5737K(523136K), 0.0009811 secs] [Times: user=0.00 sys=0.00, real=0.00 secs] 
220.999: [GC [PSYoungGen: 173220K->823K(173632K)] 178153K->5755K(523200K), 0.0009837 secs] [Times: user=0.01 sys=0.00, real=0.00 secs] 
221.187: [GC [PSYoungGen: 173366K->844K(173632K)] 178298K->5777K(523200K), 0.0008621 secs] [Times: user=0.00 sys=0.00, real=0.00 secs] 
221.365: [GC [PSYoungGen: 173388K->792K(173632K)] 178321K->5725K(523200K), 0.0009414 secs] [Times: user=0.00 sys=0.01, real=0.00 secs] 
221.558: [GC [PSYoungGen: 173336K->804K(173632K)] 178269K->5737K(523200K), 0.0009393 secs] [Times: user=0.00 sys=0.00, real=0.00 secs] 
221.752: [GC [PSYoungGen: 173348K->821K(173696K)] 178281K->5753K(523264K), 0.0010474 secs] [Times: user=0.00 sys=0.00, real=0.00 secs] 
221.948: [GC [PSYoungGen: 173493K->813K(173696K)] 178425K->5746K(523264K), 0.0008901 secs] [Times: user=0.00 sys=0.00, real=0.00 secs] 
222.140: [GC [PSYoungGen: 173484K->834K(173696K)] 178417K->5767K(523264K), 0.0010416 secs] [Times: user=0.00 sys=0.00, real=0.00 secs] 
222.317: [GC [PSYoungGen: 173506K->803K(173696K)] 178439K->5736K(523264K), 0.0008874 secs] [Times: user=0.00 sys=0.00, real=0.00 secs] 
222.504: [GC [PSYoungGen: 173475K->814K(173696K)] 178408K->5747K(523264K), 0.0010066 secs] [Times: user=0.00 sys=0.01, real=0.01 secs] 
222.680: [GC [PSYoungGen: 173486K->821K(173696K)] 178419K->5753K(523264K), 0.0010019 secs] [Times: user=0.00 sys=0.00, real=0.00 secs] 
222.868: [GC [PSYoungGen: 173493K->852K(173760K)] 178425K->5785K(523328K), 0.0009702 secs] [Times: user=0.00 sys=0.00, real=0.00 secs] 
223.058: [GC [PSYoungGen: 173651K->793K(173760K)] 178584K->5725K(523328K), 0.0008561 secs] [Times: user=0.01 sys=0.00, real=0.00 secs] 
223.250: [GC [PSYoungGen: 173592K->793K(173760K)] 178524K->5726K(523328K), 0.0010195 secs] [Times: user=0.00 sys=0.00, real=0.00 secs] 
223.434: [GC [PSYoungGen: 173593K->791K(173760K)] 178526K->5724K(523328K), 0.0008913 secs] [Times: user=0.00 sys=0.00, real=0.00 secs] 
223.608: [GC [PSYoungGen: 173591K->852K(173760K)] 178524K->5784K(523328K), 0.0010405 secs] [Times: user=0.00 sys=0.00, real=0.00 secs] 
223.806: [GC [PSYoungGen: 173652K->288K(173120K)] 178584K->5220K(522688K), 0.0007603 secs] [Times: user=0.01 sys=0.00, real=0.00 secs] 
223.995: [GC [PSYoungGen: 173088K->256K(173568K)] 178020K->5252K(523136K), 0.0009996 secs] [Times: user=0.00 sys=0.00, real=0.00 secs] 
224.189: [GC [PSYoungGen: 172800K->256K(172800K)] 177796K->5252K(522368K), 0.0008478 secs] [Times: user=0.01 sys=0.00, real=0.00 secs] 
224.371: [GC [PSYoungGen: 172798K->256K(173568K)] 177795K->5252K(523136K), 0.0007525 secs] [Times: user=0.01 sys=0.00, real=0.00 secs] 
224.550: [GC [PSYoungGen: 172672K->256K(173568K)] 177668K->5252K(523136K), 0.0008610 secs] [Times: user=0.00 sys=0.00, real=0.00 secs] 
224.739: [GC [PSYoungGen: 172672K->256K(173568K)] 177668K->5252K(523136K), 0.0007594 secs] [Times: user=0.00 sys=0.00, real=0.00 secs] 
224.924: [GC [PSYoungGen: 172671K->288K(173568K)] 177667K->5284K(523136K), 0.0007438 secs] [Times: user=0.01 sys=0.00, real=0.00 secs] 
225.111: [GC [PSYoungGen: 172704K->256K(173568K)] 177700K->5252K(523136K), 0.0007204 secs] [Times: user=0.00 sys=0.00, real=0.00 secs] 
225.295: [GC [PSYoungGen: 172672K->256K(173568K)] 177668K->5252K(523136K), 0.0007283 secs] [Times: user=0.00 sys=0.00, real=0.00 secs] 
225.497: [GC [PSYoungGen: 172672K->288K(173632K)] 177668K->5284K(523200K), 0.0007324 secs] [Times: user=0.00 sys=0.00, real=0.00 secs] 
225.701: [GC [PSYoungGen: 172768K->256K(173568K)] 177764K->5252K(523136K), 0.0007181 secs] [Times: user=0.01 sys=0.00, real=0.00 secs] 
225.905: [GC [PSYoungGen: 172736K->256K(173696K)] 177732K->5252K(523264K), 0.0009739 secs] [Times: user=0.00 sys=0.00, real=0.00 secs] 
226.104: [GC [PSYoungGen: 172864K->256K(173632K)] 177860K->5252K(523200K), 0.0007969 secs] [Times: user=0.01 sys=0.00, real=0.00 secs] 
226.297: [GC [PSYoungGen: 172864K->256K(173760K)] 177860K->5252K(523328K), 0.0007327 secs] [Times: user=0.00 sys=0.00, real=0.00 secs] 
226.491: [GC [PSYoungGen: 172992K->288K(173696K)] 177988K->5284K(523264K), 0.0009242 secs] [Times: user=0.00 sys=0.00, real=0.00 secs] 
226.681: [GC [PSYoungGen: 173022K->256K(173824K)] 178019K->5252K(523392K), 0.0008620 secs] [Times: user=0.00 sys=0.00, real=0.00 secs] 
226.860: [GC [PSYoungGen: 173118K->256K(173760K)] 178115K->5252K(523328K), 0.0007223 secs] [Times: user=0.00 sys=0.00, real=0.00 secs] 
227.053: [GC [PSYoungGen: 173120K->288K(173888K)] 178116K->5284K(523456K), 0.0007841 secs] [Times: user=0.00 sys=0.00, real=0.00 secs] 
227.245: [GC [PSYoungGen: 173280K->256K(173824K)] 178276K->5252K(523392K), 0.0009695 secs] [Times: user=0.00 sys=0.00, real=0.01 secs] 
227.436: [GC [PSYoungGen: 173248K->256K(173952K)] 178244K->5252K(523520K), 0.0010634 secs] [Times: user=0.00 sys=0.00, real=0.00 secs] 
227.631: [GC [PSYoungGen: 173376K->256K(173888K)] 178372K->5252K(523456K), 0.0006949 secs] [Times: user=0.00 sys=0.00, real=0.00 secs] 
227.833: [GC [PSYoungGen: 173376K->256K(174016K)] 178372K->5252K(523584K), 0.0007434 secs] [Times: user=0.00 sys=0.00, real=0.00 secs] 
228.034: [GC [PSYoungGen: 173504K->320K(173952K)] 178500K->5316K(523520K), 0.0007041 secs] [Times: user=0.01 sys=0.00, real=0.00 secs] 
228.239: [GC [PSYoungGen: 173568K->256K(174080K)] 178564K->5252K(523648K), 0.0009473 secs] [Times: user=0.00 sys=0.00, real=0.00 secs] 
228.431: [GC [PSYoungGen: 173632K->256K(174016K)] 178628K->5252K(523584K), 0.0009003 secs] [Times: user=0.01 sys=0.00, real=0.00 secs] 
228.614: [GC [PSYoungGen: 173632K->256K(174080K)] 178628K->5252K(523648K), 0.0007622 secs] [Times: user=0.00 sys=0.00, real=0.01 secs] 
228.785: [GC [PSYoungGen: 173696K->611K(174080K)] 178692K->5607K(523648K), 0.0009217 secs] [Times: user=0.00 sys=0.00, real=0.01 secs] 
228.955: [GC [PSYoungGen: 174051K->628K(173824K)] 179047K->5689K(523392K), 0.0009931 secs] [Times: user=0.00 sys=0.00, real=0.01 secs] 
229.127: [GC [PSYoungGen: 173812K->628K(173824K)] 178873K->5689K(523392K), 0.0009829 secs] [Times: user=0.01 sys=0.00, real=0.00 secs] 
229.304: [GC [PSYoungGen: 173812K->586K(173760K)] 178873K->5646K(523328K), 0.0010338 secs] [Times: user=0.01 sys=0.00, real=0.01 secs] 
229.473: [GC [PSYoungGen: 173514K->512K(173824K)] 178574K->5572K(523392K), 0.0009198 secs] [Times: user=0.01 sys=0.00, real=0.00 secs] 
229.639: [GC [PSYoungGen: 173440K->544K(173824K)] 178500K->5604K(523392K), 0.0009729 secs] [Times: user=0.01 sys=0.00, real=0.00 secs] 
229.806: [GC [PSYoungGen: 173472K->601K(173824K)] 178532K->5662K(523392K), 0.0009517 secs] [Times: user=0.00 sys=0.00, real=0.00 secs] 
229.968: [GC [PSYoungGen: 173529K->566K(173824K)] 178590K->5627K(523392K), 0.0009567 secs] [Times: user=0.00 sys=0.00, real=0.00 secs] 
230.136: [GC [PSYoungGen: 173494K->554K(173824K)] 178555K->5615K(523392K), 0.0008853 secs] [Times: user=0.01 sys=0.01, real=0.00 secs] 
230.314: [GC [PSYoungGen: 173482K->531K(173824K)] 178543K->5592K(523392K), 0.0009433 secs] [Times: user=0.00 sys=0.00, real=0.00 secs] 
230.489: [GC [PSYoungGen: 173459K->611K(173824K)] 178520K->5671K(523392K), 0.0009057 secs] [Times: user=0.00 sys=0.00, real=0.00 secs] 
230.668: [GC [PSYoungGen: 173539K->615K(173824K)] 178599K->5675K(523392K), 0.0009522 secs] [Times: user=0.00 sys=0.00, real=0.00 secs] 
230.839: [GC [PSYoungGen: 173543K->661K(173824K)] 178603K->5722K(523392K), 0.0008034 secs] [Times: user=0.01 sys=0.00, real=0.00 secs] 
231.013: [GC [PSYoungGen: 173589K->512K(173824K)] 178650K->5572K(523392K), 0.0009350 secs] [Times: user=0.00 sys=0.00, real=0.00 secs] 
231.184: [GC [PSYoungGen: 173440K->587K(173824K)] 178500K->5648K(523392K), 0.0008339 secs] [Times: user=0.00 sys=0.00, real=0.01 secs] 
231.358: [GC [PSYoungGen: 173515K->539K(173888K)] 178576K->5600K(523456K), 0.0009011 secs] [Times: user=0.00 sys=0.00, real=0.00 secs] 
231.531: [GC [PSYoungGen: 173531K->528K(173824K)] 178592K->5589K(523392K), 0.0008912 secs] [Times: user=0.00 sys=0.00, real=0.00 secs] 
231.700: [GC [PSYoungGen: 173520K->595K(173888K)] 178581K->5656K(523456K), 0.0011711 secs] [Times: user=0.01 sys=0.00, real=0.00 secs] 
231.876: [GC [PSYoungGen: 173651K->544K(173888K)] 178712K->5604K(523456K), 0.0009043 secs] [Times: user=0.00 sys=0.00, real=0.00 secs] 
232.046: [GC [PSYoungGen: 173600K->534K(173952K)] 178660K->5595K(523520K), 0.0009452 secs] [Times: user=0.00 sys=0.00, real=0.00 secs] 
232.221: [GC [PSYoungGen: 173654K->576K(173888K)] 178715K->5636K(523456K), 0.0010006 secs] [Times: user=0.01 sys=0.00, real=0.00 secs] 
232.396: [GC [PSYoungGen: 173696K->585K(173952K)] 178756K->5646K(523520K), 0.0009267 secs] [Times: user=0.00 sys=0.00, real=0.00 secs] 
232.571: [GC [PSYoungGen: 173768K->579K(173952K)] 178829K->5639K(523520K), 0.0009753 secs] [Times: user=0.01 sys=0.01, real=0.00 secs] 
232.747: [GC [PSYoungGen: 173763K->498K(173952K)] 178823K->5559K(523520K), 0.0009015 secs] [Times: user=0.00 sys=0.00, real=0.00 secs] 
232.920: [GC [PSYoungGen: 173682K->512K(173952K)] 178743K->5572K(523520K), 0.0009546 secs] [Times: user=0.00 sys=0.00, real=0.00 secs] 
233.083: [GC [PSYoungGen: 173696K->608K(173952K)] 178756K->5668K(523520K), 0.0010184 secs] [Times: user=0.00 sys=0.00, real=0.00 secs] 
233.251: [GC [PSYoungGen: 173792K->565K(173952K)] 178852K->5626K(523520K), 0.0009721 secs] [Times: user=0.00 sys=0.00, real=0.00 secs] 
233.418: [GC [PSYoungGen: 173749K->544K(174016K)] 178810K->5604K(523584K), 0.0009457 secs] [Times: user=0.01 sys=0.01, real=0.00 secs] 
233.590: [GC [PSYoungGen: 173791K->576K(173952K)] 178852K->5636K(523520K), 0.0008811 secs] [Times: user=0.01 sys=0.00, real=0.00 secs] 
233.768: [GC [PSYoungGen: 173823K->486K(174016K)] 178883K->5546K(523584K), 0.0009838 secs] [Times: user=0.00 sys=0.00, real=0.00 secs] 
233.945: [GC [PSYoungGen: 173797K->538K(174016K)] 178857K->5599K(523584K), 0.0009548 secs] [Times: user=0.01 sys=0.00, real=0.01 secs] 
234.433: [GC [PSYoungGen: 173850K->352K(174016K)] 178911K->5412K(523584K), 0.0009008 secs] [Times: user=0.00 sys=0.00, real=0.00 secs] 
235.353: [GC [PSYoungGen: 173664K->384K(174016K)] 178724K->5508K(523584K), 0.0010278 secs] [Times: user=0.00 sys=0.00, real=0.00 secs] 
236.278: [GC [PSYoungGen: 173696K->288K(173888K)] 178820K->5540K(523456K), 0.0009627 secs] [Times: user=0.00 sys=0.00, real=0.00 secs] 
237.153: [GC [PSYoungGen: 173472K->256K(173952K)] 178724K->5508K(523520K), 0.0007856 secs] [Times: user=0.01 sys=0.00, real=0.00 secs] 
238.129: [GC [PSYoungGen: 173440K->256K(173952K)] 178692K->5508K(523520K), 0.0008736 secs] [Times: user=0.01 sys=0.00, real=0.00 secs] 
239.014: [GC [PSYoungGen: 173440K->288K(173952K)] 178692K->5540K(523520K), 0.0010069 secs] [Times: user=0.00 sys=0.00, real=0.00 secs] 
239.895: [GC [PSYoungGen: 173472K->352K(173952K)] 178724K->5604K(523520K), 0.0008531 secs] [Times: user=0.00 sys=0.00, real=0.01 secs] 
240.570: [GC [PSYoungGen: 173536K->256K(173952K)] 178788K->5628K(523520K), 0.0010566 secs] [Times: user=0.00 sys=0.00, real=0.00 secs] 
241.257: [GC [PSYoungGen: 173440K->256K(173952K)] 178812K->5628K(523520K), 0.0009751 secs] [Times: user=0.00 sys=0.00, real=0.00 secs] 
241.928: [GC [PSYoungGen: 173440K->256K(173952K)] 178812K->5628K(523520K), 0.0010022 secs] [Times: user=0.00 sys=0.00, real=0.00 secs] 
242.585: [GC [PSYoungGen: 173440K->256K(174016K)] 178812K->5628K(523584K), 0.0007635 secs] [Times: user=0.00 sys=0.00, real=0.00 secs] 
243.220: [GC [PSYoungGen: 173568K->256K(174016K)] 178940K->5628K(523584K), 0.0007883 secs] [Times: user=0.00 sys=0.00, real=0.00 secs] 
243.868: [GC [PSYoungGen: 173568K->256K(174016K)] 178940K->5628K(523584K), 0.0007582 secs] [Times: user=0.00 sys=0.00, real=0.00 secs] 
244.612: [GC [PSYoungGen: 173568K->352K(174016K)] 178940K->5724K(523584K), 0.0008711 secs] [Times: user=0.00 sys=0.00, real=0.00 secs] 
245.368: [GC [PSYoungGen: 173664K->288K(174080K)] 179036K->5724K(523648K), 0.0009703 secs] [Times: user=0.00 sys=0.00, real=0.00 secs] 
246.068: [GC [PSYoungGen: 173728K->256K(174080K)] 179164K->5692K(523648K), 0.0010184 secs] [Times: user=0.00 sys=0.00, real=0.00 secs] 
246.792: [GC [PSYoungGen: 173696K->288K(174080K)] 179132K->5724K(523648K), 0.0009965 secs] [Times: user=0.01 sys=0.00, real=0.00 secs] 
247.575: [GC [PSYoungGen: 173728K->288K(174080K)] 179164K->5724K(523648K), 0.0008972 secs] [Times: user=0.01 sys=0.00, real=0.00 secs] 
248.281: [GC [PSYoungGen: 173728K->288K(174144K)] 179164K->5724K(523712K), 0.0008020 secs] [Times: user=0.01 sys=0.00, real=0.00 secs] 
248.993: [GC [PSYoungGen: 173856K->288K(174144K)] 179292K->5724K(523712K), 0.0008795 secs] [Times: user=0.00 sys=0.00, real=0.00 secs] 
249.688: [GC [PSYoungGen: 173856K->384K(174144K)] 179292K->5820K(523712K), 0.0009596 secs] [Times: user=0.00 sys=0.00, real=0.00 secs] 
250.381: [GC [PSYoungGen: 173952K->352K(174144K)] 179388K->5852K(523712K), 0.0008986 secs] [Times: user=0.01 sys=0.00, real=0.00 secs] 
251.048: [GC [PSYoungGen: 173920K->320K(174208K)] 179420K->5820K(523776K), 0.0008572 secs] [Times: user=0.00 sys=0.00, real=0.00 secs] 
251.707: [GC [PSYoungGen: 173952K->320K(174144K)] 179452K->5820K(523712K), 0.0012241 secs] [Times: user=0.00 sys=0.00, real=0.00 secs] 
252.448: [GC [PSYoungGen: 173952K->352K(174208K)] 179452K->5852K(523776K), 0.0010782 secs] [Times: user=0.01 sys=0.00, real=0.00 secs] 
253.222: [GC [PSYoungGen: 174048K->384K(174208K)] 179548K->5884K(523776K), 0.0011023 secs] [Times: user=0.00 sys=0.00, real=0.00 secs] 
253.956: [GC [PSYoungGen: 174080K->352K(174208K)] 179580K->5852K(523776K), 0.0010504 secs] [Times: user=0.00 sys=0.00, real=0.00 secs] 
254.641: [GC [PSYoungGen: 174048K->320K(174208K)] 179548K->5820K(523776K), 0.0009161 secs] [Times: user=0.01 sys=0.00, real=0.00 secs] 
255.267: [GC [PSYoungGen: 174016K->320K(174208K)] 179516K->5820K(523776K), 0.0011541 secs] [Times: user=0.00 sys=0.00, real=0.00 secs] 
255.814: [GC [PSYoungGen: 174016K->256K(174208K)] 179516K->5892K(523776K), 0.0008111 secs] [Times: user=0.00 sys=0.00, real=0.00 secs] 
256.384: [GC [PSYoungGen: 173952K->256K(174208K)] 179588K->5892K(523776K), 0.0008004 secs] [Times: user=0.01 sys=0.00, real=0.00 secs] 
256.964: [GC [PSYoungGen: 173952K->256K(174208K)] 179588K->5892K(523776K), 0.0007904 secs] [Times: user=0.00 sys=0.00, real=0.00 secs] 
257.526: [GC [PSYoungGen: 173952K->256K(174272K)] 179588K->5892K(523840K), 0.0007859 secs] [Times: user=0.01 sys=0.00, real=0.00 secs] 
258.084: [GC [PSYoungGen: 174016K->288K(174208K)] 179652K->5924K(523776K), 0.0007680 secs] [Times: user=0.00 sys=0.00, real=0.00 secs] 
258.645: [GC [PSYoungGen: 174048K->256K(174272K)] 179684K->5892K(523840K), 0.0007542 secs] [Times: user=0.00 sys=0.00, real=0.00 secs] 
259.196: [GC [PSYoungGen: 174080K->256K(174272K)] 179716K->5892K(523840K), 0.0010295 secs] [Times: user=0.00 sys=0.00, real=0.00 secs] 
259.766: [GC [PSYoungGen: 174080K->320K(174272K)] 179716K->5956K(523840K), 0.0008409 secs] [Times: user=0.00 sys=0.00, real=0.01 secs] 
260.326: [GC [PSYoungGen: 174144K->320K(174272K)] 179780K->6020K(523840K), 0.0009602 secs] [Times: user=0.01 sys=0.00, real=0.01 secs] 
260.904: [GC [PSYoungGen: 174144K->320K(174272K)] 179844K->6020K(523840K), 0.0008616 secs] [Times: user=0.00 sys=0.00, real=0.00 secs] 
261.524: [GC [PSYoungGen: 174144K->320K(174272K)] 179844K->6020K(523840K), 0.0009601 secs] [Times: user=0.00 sys=0.00, real=0.00 secs] 
262.197: [GC [PSYoungGen: 174144K->320K(174272K)] 179844K->6020K(523840K), 0.0009131 secs] [Times: user=0.00 sys=0.00, real=0.00 secs] 
262.815: [GC [PSYoungGen: 174144K->352K(174272K)] 179844K->6052K(523840K), 0.0008275 secs] [Times: user=0.00 sys=0.00, real=0.00 secs] 
263.395: [GC [PSYoungGen: 174176K->320K(174272K)] 179876K->6020K(523840K), 0.0008159 secs] [Times: user=0.00 sys=0.00, real=0.00 secs] 
263.967: [GC [PSYoungGen: 174144K->288K(174272K)] 179844K->5988K(523840K), 0.0008547 secs] [Times: user=0.00 sys=0.01, real=0.00 secs] 
264.610: [GC [PSYoungGen: 174112K->448K(174272K)] 179812K->6148K(523840K), 0.0008821 secs] [Times: user=0.00 sys=0.00, real=0.00 secs] 
265.114: [GC [PSYoungGen: 174272K->448K(174272K)] 179972K->6212K(523840K), 0.0009113 secs] [Times: user=0.00 sys=0.00, real=0.00 secs] 
265.601: [GC [PSYoungGen: 174272K->448K(174144K)] 180036K->6228K(523712K), 0.0009244 secs] [Times: user=0.00 sys=0.00, real=0.00 secs] 
266.122: [GC [PSYoungGen: 174144K->416K(174144K)] 179924K->6204K(523712K), 0.0009735 secs] [Times: user=0.00 sys=0.00, real=0.00 secs] 
266.618: [GC [PSYoungGen: 174111K->480K(174144K)] 179899K->6268K(523712K), 0.0010411 secs] [Times: user=0.01 sys=0.00, real=0.00 secs] 
267.088: [GC [PSYoungGen: 174048K->480K(174144K)] 179836K->6268K(523712K), 0.0009189 secs] [Times: user=0.00 sys=0.00, real=0.00 secs] 
267.566: [GC [PSYoungGen: 174048K->448K(174016K)] 179836K->6236K(523584K), 0.0009952 secs] [Times: user=0.00 sys=0.00, real=0.01 secs] 
268.039: [GC [PSYoungGen: 173888K->448K(174080K)] 179676K->6236K(523648K), 0.0008693 secs] [Times: user=0.01 sys=0.00, real=0.00 secs] 
268.527: [GC [PSYoungGen: 173888K->480K(174080K)] 179676K->6268K(523648K), 0.0008121 secs] [Times: user=0.00 sys=0.00, real=0.00 secs] 
269.014: [GC [PSYoungGen: 173920K->416K(174080K)] 179708K->6204K(523648K), 0.0009317 secs] [Times: user=0.01 sys=0.00, real=0.00 secs] 
269.495: [GC [PSYoungGen: 173856K->480K(174080K)] 179644K->6268K(523648K), 0.0009509 secs] [Times: user=0.00 sys=0.00, real=0.00 secs] 
269.979: [GC [PSYoungGen: 173920K->480K(174080K)] 179708K->6268K(523648K), 0.0009677 secs] [Times: user=0.01 sys=0.00, real=0.00 secs] 
270.494: [GC [PSYoungGen: 173920K->448K(174080K)] 179708K->6236K(523648K), 0.0009307 secs] [Times: user=0.01 sys=0.00, real=0.00 secs] 
270.953: [GC [PSYoungGen: 173888K->384K(174080K)] 179676K->6172K(523648K), 0.0008720 secs] [Times: user=0.01 sys=0.00, real=0.00 secs] 
271.400: [GC [PSYoungGen: 173824K->288K(174080K)] 179612K->6148K(523648K), 0.0007982 secs] [Times: user=0.00 sys=0.00, real=0.00 secs] 
271.841: [GC [PSYoungGen: 173728K->288K(174080K)] 179588K->6284K(523648K), 0.0008565 secs] [Times: user=0.00 sys=0.00, real=0.00 secs] 
272.284: [GC [PSYoungGen: 173728K->256K(174080K)] 179724K->6252K(523648K), 0.0007650 secs] [Times: user=0.00 sys=0.00, real=0.00 secs] 
272.730: [GC [PSYoungGen: 173696K->256K(174080K)] 179692K->6252K(523648K), 0.0007754 secs] [Times: user=0.00 sys=0.00, real=0.00 secs] 
273.170: [GC [PSYoungGen: 173696K->256K(174080K)] 179692K->6252K(523648K), 0.0008407 secs] [Times: user=0.00 sys=0.00, real=0.00 secs] 
273.614: [GC [PSYoungGen: 173696K->256K(174080K)] 179692K->6252K(523648K), 0.0007342 secs] [Times: user=0.00 sys=0.00, real=0.00 secs] 
274.057: [GC [PSYoungGen: 173696K->256K(174144K)] 179692K->6252K(523712K), 0.0010626 secs] [Times: user=0.00 sys=0.00, real=0.00 secs] 
274.510: [GC [PSYoungGen: 173760K->256K(174080K)] 179756K->6252K(523648K), 0.0008260 secs] [Times: user=0.00 sys=0.00, real=0.00 secs] 
274.951: [GC [PSYoungGen: 173760K->256K(174144K)] 179756K->6252K(523712K), 0.0008593 secs] [Times: user=0.00 sys=0.00, real=0.00 secs] 
275.372: [GC [PSYoungGen: 173824K->416K(174144K)] 179820K->6412K(523712K), 0.0010388 secs] [Times: user=0.01 sys=0.00, real=0.00 secs] 
275.780: [GC [PSYoungGen: 173984K->352K(174144K)] 179980K->6412K(523712K), 0.0009961 secs] [Times: user=0.00 sys=0.00, real=0.00 secs] 
276.193: [GC [PSYoungGen: 173920K->384K(174144K)] 179980K->6444K(523712K), 0.0010549 secs] [Times: user=0.00 sys=0.00, real=0.00 secs] 
276.611: [GC [PSYoungGen: 173952K->320K(174144K)] 180012K->6380K(523712K), 0.0008634 secs] [Times: user=0.00 sys=0.00, real=0.00 secs] 
277.036: [GC [PSYoungGen: 173888K->352K(174144K)] 179948K->6412K(523712K), 0.0008149 secs] [Times: user=0.00 sys=0.00, real=0.01 secs] 
277.522: [GC [PSYoungGen: 173920K->420K(174144K)] 179980K->6481K(523712K), 0.0009425 secs] [Times: user=0.00 sys=0.00, real=0.00 secs] 
277.964: [GC [PSYoungGen: 173988K->448K(174144K)] 180049K->6508K(523712K), 0.0008647 secs] [Times: user=0.01 sys=0.00, real=0.00 secs] 
278.376: [GC [PSYoungGen: 174016K->352K(174144K)] 180076K->6412K(523712K), 0.0009805 secs] [Times: user=0.01 sys=0.00, real=0.00 secs] 
278.793: [GC [PSYoungGen: 173919K->288K(174144K)] 179980K->6348K(523712K), 0.0008774 secs] [Times: user=0.00 sys=0.00, real=0.00 secs] 
279.211: [GC [PSYoungGen: 173856K->384K(174144K)] 179916K->6444K(523712K), 0.0010227 secs] [Times: user=0.01 sys=0.00, real=0.00 secs] 
279.622: [GC [PSYoungGen: 173952K->384K(174144K)] 180012K->6444K(523712K), 0.0008851 secs] [Times: user=0.00 sys=0.00, real=0.00 secs] 
280.035: [GC [PSYoungGen: 173952K->384K(174208K)] 180012K->6444K(523776K), 0.0009207 secs] [Times: user=0.00 sys=0.00, real=0.00 secs] 
280.390: [GC [PSYoungGen: 174016K->505K(174144K)] 180076K->6658K(523712K), 0.0008932 secs] [Times: user=0.01 sys=0.00, real=0.00 secs] 
280.698: [GC [PSYoungGen: 174137K->576K(173888K)] 180290K->6813K(523456K), 0.0010260 secs] [Times: user=0.00 sys=0.00, real=0.00 secs] 
280.998: [GC [PSYoungGen: 173888K->640K(173952K)] 180125K->6909K(523520K), 0.0008519 secs] [Times: user=0.00 sys=0.00, real=0.00 secs] 
281.302: [GC [PSYoungGen: 173952K->608K(173952K)] 180221K->6877K(523520K), 0.0010796 secs] [Times: user=0.01 sys=0.00, real=0.00 secs] 
281.615: [GC [PSYoungGen: 173792K->672K(173888K)] 180061K->6941K(523456K), 0.0009886 secs] [Times: user=0.00 sys=0.00, real=0.00 secs] 
281.930: [GC [PSYoungGen: 173856K->626K(173760K)] 180125K->6896K(523328K), 0.0008766 secs] [Times: user=0.00 sys=0.00, real=0.00 secs] 
282.252: [GC [PSYoungGen: 173554K->640K(173824K)] 179824K->6909K(523392K), 0.0010206 secs] [Times: user=0.01 sys=0.00, real=0.00 secs] 
282.566: [GC [PSYoungGen: 173568K->672K(173824K)] 179837K->6942K(523392K), 0.0010134 secs] [Times: user=0.00 sys=0.00, real=0.00 secs] 
282.881: [GC [PSYoungGen: 173600K->608K(173824K)] 179870K->6877K(523392K), 0.0009743 secs] [Times: user=0.00 sys=0.00, real=0.00 secs] 
283.182: [GC [PSYoungGen: 173536K->640K(173824K)] 179805K->6909K(523392K), 0.0009493 secs] [Times: user=0.00 sys=0.00, real=0.00 secs] 
283.499: [GC [PSYoungGen: 173568K->672K(173632K)] 179837K->6941K(523200K), 0.0010185 secs] [Times: user=0.01 sys=0.00, real=0.00 secs] 
283.821: [GC [PSYoungGen: 173600K->624K(173824K)] 179869K->6893K(523392K), 0.0008935 secs] [Times: user=0.01 sys=0.01, real=0.00 secs] 
284.141: [GC [PSYoungGen: 173488K->640K(173760K)] 179757K->6909K(523328K), 0.0009722 secs] [Times: user=0.00 sys=0.00, real=0.00 secs] 
284.470: [GC [PSYoungGen: 173504K->658K(173824K)] 179773K->6928K(523392K), 0.0008449 secs] [Times: user=0.00 sys=0.00, real=0.00 secs] 
284.781: [GC [PSYoungGen: 173586K->652K(173824K)] 179856K->6922K(523392K), 0.0010424 secs] [Times: user=0.00 sys=0.00, real=0.00 secs] 
285.105: [GC [PSYoungGen: 173580K->656K(173824K)] 179850K->6925K(523392K), 0.0010588 secs] [Times: user=0.01 sys=0.01, real=0.00 secs] 
285.420: [GC [PSYoungGen: 173584K->640K(173824K)] 179853K->6909K(523392K), 0.0009399 secs] [Times: user=0.01 sys=0.00, real=0.00 secs] 
285.736: [GC [PSYoungGen: 173568K->622K(173824K)] 179837K->6892K(523392K), 0.0010962 secs] [Times: user=0.00 sys=0.00, real=0.01 secs] 
286.056: [GC [PSYoungGen: 173550K->661K(173824K)] 179820K->6931K(523392K), 0.0009399 secs] [Times: user=0.00 sys=0.00, real=0.00 secs] 
286.371: [GC [PSYoungGen: 173589K->656K(173824K)] 179859K->6926K(523392K), 0.0010525 secs] [Times: user=0.00 sys=0.00, real=0.00 secs] 
286.663: [GC [PSYoungGen: 173584K->512K(173824K)] 179854K->6781K(523392K), 0.0008144 secs] [Times: user=0.01 sys=0.00, real=0.00 secs] 
286.975: [GC [PSYoungGen: 173440K->256K(173824K)] 179709K->6749K(523392K), 0.0008442 secs] [Times: user=0.00 sys=0.00, real=0.00 secs] 
287.286: [GC [PSYoungGen: 173184K->256K(173824K)] 179677K->6749K(523392K), 0.0010153 secs] [Times: user=0.00 sys=0.00, real=0.00 secs] 
287.589: [GC [PSYoungGen: 173184K->288K(173696K)] 179677K->6781K(523264K), 0.0007936 secs] [Times: user=0.00 sys=0.00, real=0.00 secs] 
287.894: [GC [PSYoungGen: 173088K->256K(173760K)] 179581K->6749K(523328K), 0.0007731 secs] [Times: user=0.00 sys=0.00, real=0.00 secs] 
288.202: [GC [PSYoungGen: 173056K->384K(173824K)] 179549K->6877K(523392K), 0.0008802 secs] [Times: user=0.00 sys=0.00, real=0.00 secs] 
288.507: [GC [PSYoungGen: 173247K->288K(173760K)] 179740K->6781K(523328K), 0.0007483 secs] [Times: user=0.00 sys=0.00, real=0.01 secs] 
288.809: [GC [PSYoungGen: 173152K->256K(173824K)] 179645K->6749K(523392K), 0.0007206 secs] [Times: user=0.01 sys=0.00, real=0.00 secs] 
289.118: [GC [PSYoungGen: 173183K->256K(173824K)] 179677K->6749K(523392K), 0.0008241 secs] [Times: user=0.01 sys=0.00, real=0.00 secs] 
289.418: [GC [PSYoungGen: 173184K->320K(173888K)] 179677K->6813K(523456K), 0.0009520 secs] [Times: user=0.00 sys=0.00, real=0.00 secs] 
289.722: [GC [PSYoungGen: 173312K->256K(173824K)] 179805K->6749K(523392K), 0.0008779 secs] [Times: user=0.00 sys=0.00, real=0.00 secs] 
290.035: [GC [PSYoungGen: 173248K->256K(173888K)] 179741K->6749K(523456K), 0.0007721 secs] [Times: user=0.00 sys=0.00, real=0.00 secs] 
290.365: [GC [PSYoungGen: 173312K->256K(173888K)] 179805K->6749K(523456K), 0.0007860 secs] [Times: user=0.00 sys=0.00, real=0.00 secs] 
290.684: [GC [PSYoungGen: 173312K->320K(173952K)] 179805K->6813K(523520K), 0.0008383 secs] [Times: user=0.01 sys=0.00, real=0.00 secs] 
290.992: [GC [PSYoungGen: 173440K->288K(173888K)] 179933K->6781K(523456K), 0.0009601 secs] [Times: user=0.01 sys=0.00, real=0.00 secs] 
291.295: [GC [PSYoungGen: 173408K->256K(174016K)] 179901K->6749K(523584K), 0.0007721 secs] [Times: user=0.00 sys=0.00, real=0.00 secs] 
291.573: [GC [PSYoungGen: 173504K->551K(173952K)] 179997K->7045K(523520K), 0.0009222 secs] [Times: user=0.00 sys=0.00, real=0.00 secs] 
291.832: [GC [PSYoungGen: 173799K->480K(173952K)] 180293K->7037K(523520K), 0.0009715 secs] [Times: user=0.00 sys=0.00, real=0.00 secs] 
292.101: [GC [PSYoungGen: 173664K->469K(173952K)] 180221K->7026K(523520K), 0.0010156 secs] [Times: user=0.00 sys=0.01, real=0.00 secs] 
292.374: [GC [PSYoungGen: 173653K->480K(173952K)] 180210K->7037K(523520K), 0.0007885 secs] [Times: user=0.01 sys=0.00, real=0.00 secs] 
292.686: [GC [PSYoungGen: 173664K->470K(173952K)] 180221K->7028K(523520K), 0.0008994 secs] [Times: user=0.00 sys=0.01, real=0.00 secs] 
293.006: [GC [PSYoungGen: 173654K->475K(173952K)] 180212K->7033K(523520K), 0.0010101 secs] [Times: user=0.00 sys=0.00, real=0.00 secs] 
293.316: [GC [PSYoungGen: 173659K->437K(173952K)] 180217K->6995K(523520K), 0.0010376 secs] [Times: user=0.00 sys=0.01, real=0.01 secs] 
293.596: [GC [PSYoungGen: 173621K->481K(174016K)] 180179K->7038K(523584K), 0.0010191 secs] [Times: user=0.01 sys=0.00, real=0.00 secs] 
293.863: [GC [PSYoungGen: 173729K->512K(173952K)] 180286K->7069K(523520K), 0.0010992 secs] [Times: user=0.00 sys=0.00, real=0.00 secs] 
294.157: [GC [PSYoungGen: 173760K->480K(174016K)] 180317K->7038K(523584K), 0.0010225 secs] [Times: user=0.01 sys=0.00, real=0.01 secs] 
294.460: [GC [PSYoungGen: 173728K->504K(173952K)] 180286K->7062K(523520K), 0.0009033 secs] [Times: user=0.00 sys=0.00, real=0.00 secs] 
294.777: [GC [PSYoungGen: 173752K->561K(173888K)] 180310K->7119K(523456K), 0.0009958 secs] [Times: user=0.01 sys=0.01, real=0.01 secs] 
295.098: [GC [PSYoungGen: 173745K->540K(173952K)] 180303K->7098K(523520K), 0.0009407 secs] [Times: user=0.01 sys=0.00, real=0.00 secs] 
295.380: [GC [PSYoungGen: 173724K->416K(173952K)] 180282K->6973K(523520K), 0.0010271 secs] [Times: user=0.00 sys=0.00, real=0.00 secs] 
295.658: [GC [PSYoungGen: 173600K->480K(173952K)] 180157K->7037K(523520K), 0.0009427 secs] [Times: user=0.00 sys=0.00, real=0.00 secs] 
295.921: [GC [PSYoungGen: 173664K->442K(174016K)] 180221K->6999K(523584K), 0.0009603 secs] [Times: user=0.00 sys=0.00, real=0.00 secs] 
296.188: [GC [PSYoungGen: 173754K->480K(174016K)] 180311K->7037K(523584K), 0.0010987 secs] [Times: user=0.00 sys=0.00, real=0.00 secs] 
296.494: [GC [PSYoungGen: 173792K->440K(174080K)] 180349K->6997K(523648K), 0.0008350 secs] [Times: user=0.01 sys=0.00, real=0.00 secs] 
296.788: [GC [PSYoungGen: 173815K->628K(174016K)] 180373K->7563K(523584K), 0.0011837 secs] [Times: user=0.01 sys=0.00, real=0.00 secs] 
296.969: [GC [PSYoungGen: 174004K->695K(173376K)] 180939K->7949K(522944K), 0.0011099 secs] [Times: user=0.01 sys=0.01, real=0.00 secs] 
297.148: [GC [PSYoungGen: 173367K->1008K(173696K)] 180621K->8294K(523264K), 0.0010304 secs] [Times: user=0.01 sys=0.00, real=0.00 secs] 
297.323: [GC [PSYoungGen: 173680K->1016K(173184K)] 180966K->8318K(522752K), 0.0009709 secs] [Times: user=0.00 sys=0.00, real=0.00 secs] 
297.496: [GC [PSYoungGen: 173176K->1041K(173248K)] 180478K->8343K(522816K), 0.0009951 secs] [Times: user=0.00 sys=0.00, real=0.00 secs] 
297.689: [GC [PSYoungGen: 173200K->1075K(173248K)] 180502K->8378K(522816K), 0.0009519 secs] [Times: user=0.00 sys=0.00, real=0.00 secs] 
297.883: [GC [PSYoungGen: 172979K->1045K(172992K)] 180282K->8348K(522560K), 0.0010899 secs] [Times: user=0.00 sys=0.00, real=0.00 secs] 
298.076: [GC [PSYoungGen: 172949K->1040K(173120K)] 180252K->8342K(522688K), 0.0011085 secs] [Times: user=0.00 sys=0.00, real=0.00 secs] 
298.272: [GC [PSYoungGen: 172688K->1086K(173184K)] 179990K->8388K(522752K), 0.0009935 secs] [Times: user=0.00 sys=0.00, real=0.00 secs] 
298.465: [GC [PSYoungGen: 172734K->1043K(173184K)] 180036K->8345K(522752K), 0.0010203 secs] [Times: user=0.01 sys=0.00, real=0.00 secs] 
298.659: [GC [PSYoungGen: 172691K->1127K(172800K)] 179993K->8429K(522368K), 0.0009735 secs] [Times: user=0.00 sys=0.00, real=0.00 secs] 
298.841: [GC [PSYoungGen: 172775K->1102K(173120K)] 180077K->8404K(522688K), 0.0009965 secs] [Times: user=0.00 sys=0.01, real=0.00 secs] 
299.013: [GC [PSYoungGen: 172622K->1021K(173120K)] 179924K->8324K(522688K), 0.0010626 secs] [Times: user=0.00 sys=0.00, real=0.00 secs] 
299.178: [GC [PSYoungGen: 172541K->1021K(173120K)] 179844K->8323K(522688K), 0.0010838 secs] [Times: user=0.00 sys=0.00, real=0.00 secs] 
299.355: [GC [PSYoungGen: 172541K->1043K(173120K)] 179843K->8345K(522688K), 0.0010151 secs] [Times: user=0.00 sys=0.01, real=0.00 secs] 
299.531: [GC [PSYoungGen: 172563K->1102K(173184K)] 179865K->8404K(522752K), 0.0008306 secs] [Times: user=0.01 sys=0.00, real=0.00 secs] 
299.710: [GC [PSYoungGen: 172750K->1018K(173184K)] 180052K->8320K(522752K), 0.0009210 secs] [Times: user=0.01 sys=0.00, real=0.00 secs] 
299.887: [GC [PSYoungGen: 172666K->1067K(173184K)] 179968K->8370K(522752K), 0.0010219 secs] [Times: user=0.01 sys=0.00, real=0.01 secs] 
300.062: [GC [PSYoungGen: 172715K->1076K(173184K)] 180018K->8379K(522752K), 0.0009249 secs] [Times: user=0.01 sys=0.00, real=0.00 secs] 
300.255: [GC [PSYoungGen: 172724K->1094K(173248K)] 180027K->8396K(522816K), 0.0011351 secs] [Times: user=0.01 sys=0.00, real=0.00 secs] 
300.452: [GC [PSYoungGen: 172870K->1020K(173248K)] 180172K->8322K(522816K), 0.0010305 secs] [Times: user=0.00 sys=0.00, real=0.00 secs] 
300.646: [GC [PSYoungGen: 172796K->1021K(173312K)] 180098K->8323K(522880K), 0.0010418 secs] [Times: user=0.00 sys=0.00, real=0.01 secs] 
300.843: [GC [PSYoungGen: 172861K->1046K(173248K)] 180163K->8348K(522816K), 0.0009853 secs] [Times: user=0.01 sys=0.00, real=0.00 secs] 
301.036: [GC [PSYoungGen: 172886K->1059K(173312K)] 180188K->8361K(522880K), 0.0010329 secs] [Times: user=0.00 sys=0.00, real=0.00 secs] 
301.233: [GC [PSYoungGen: 172962K->1080K(173312K)] 180265K->8382K(522880K), 0.0011474 secs] [Times: user=0.00 sys=0.00, real=0.00 secs] 
301.427: [GC [PSYoungGen: 172984K->1093K(173312K)] 180286K->8395K(522880K), 0.0010059 secs] [Times: user=0.01 sys=0.00, real=0.01 secs] 
301.623: [GC [PSYoungGen: 172997K->1084K(173312K)] 180299K->8386K(522880K), 0.0010298 secs] [Times: user=0.00 sys=0.00, real=0.00 secs] 
301.815: [GC [PSYoungGen: 172988K->1133K(173248K)] 180290K->8435K(522816K), 0.0010519 secs] [Times: user=0.01 sys=0.00, real=0.00 secs] 
302.003: [GC [PSYoungGen: 173037K->1107K(173312K)] 180339K->8410K(522880K), 0.0009710 secs] [Times: user=0.00 sys=0.00, real=0.00 secs] 
302.187: [GC [PSYoungGen: 173011K->1078K(173376K)] 180314K->8381K(522944K), 0.0010635 secs] [Times: user=0.01 sys=0.00, real=0.01 secs] 
302.370: [GC [PSYoungGen: 173110K->1089K(173376K)] 180413K->8392K(522944K), 0.0010042 secs] [Times: user=0.00 sys=0.00, real=0.00 secs] 
302.566: [GC [PSYoungGen: 173121K->1018K(173376K)] 180424K->8320K(522944K), 0.0009606 secs] [Times: user=0.00 sys=0.00, real=0.00 secs] 
302.763: [GC [PSYoungGen: 173050K->1097K(173376K)] 180352K->8399K(522944K), 0.0010851 secs] [Times: user=0.00 sys=0.00, real=0.00 secs] 
302.957: [GC [PSYoungGen: 173129K->1021K(173440K)] 180431K->8324K(523008K), 0.0010625 secs] [Times: user=0.00 sys=0.00, real=0.01 secs] 
303.142: [GC [PSYoungGen: 173117K->1035K(173376K)] 180420K->8337K(522944K), 0.0010617 secs] [Times: user=0.01 sys=0.00, real=0.00 secs] 
303.318: [GC [PSYoungGen: 173131K->1087K(173440K)] 180433K->8389K(523008K), 0.0009890 secs] [Times: user=0.01 sys=0.00, real=0.00 secs] 
303.498: [GC [PSYoungGen: 173247K->1087K(173440K)] 180549K->8389K(523008K), 0.0009663 secs] [Times: user=0.00 sys=0.00, real=0.00 secs] 
303.700: [GC [PSYoungGen: 173247K->576K(173312K)] 180549K->7878K(522880K), 0.0009552 secs] [Times: user=0.01 sys=0.00, real=0.00 secs] 
303.905: [GC [PSYoungGen: 172608K->352K(172416K)] 179910K->7934K(521984K), 0.0011414 secs] [Times: user=0.01 sys=0.00, real=0.00 secs] 
304.113: [GC [PSYoungGen: 172382K->448K(173184K)] 179965K->8030K(522752K), 0.0009499 secs] [Times: user=0.00 sys=0.00, real=0.00 secs] 
304.311: [GC [PSYoungGen: 172224K->384K(173248K)] 179806K->7966K(522816K), 0.0008641 secs] [Times: user=0.01 sys=0.00, real=0.00 secs] 
304.518: [GC [PSYoungGen: 172160K->256K(173120K)] 179742K->7838K(522688K), 0.0008588 secs] [Times: user=0.00 sys=0.00, real=0.00 secs] 
304.726: [GC [PSYoungGen: 171904K->384K(173184K)] 179486K->7966K(522752K), 0.0009040 secs] [Times: user=0.00 sys=0.00, real=0.00 secs] 
304.923: [GC [PSYoungGen: 172032K->288K(173184K)] 179614K->7870K(522752K), 0.0007737 secs] [Times: user=0.00 sys=0.00, real=0.00 secs] 
305.120: [GC [PSYoungGen: 171934K->288K(173184K)] 179516K->7870K(522752K), 0.0008299 secs] [Times: user=0.01 sys=0.00, real=0.00 secs] 
305.320: [GC [PSYoungGen: 171936K->288K(173248K)] 179518K->7870K(522816K), 0.0008937 secs] [Times: user=0.00 sys=0.00, real=0.00 secs] 
305.512: [GC [PSYoungGen: 172000K->256K(173184K)] 179582K->7838K(522752K), 0.0009643 secs] [Times: user=0.00 sys=0.00, real=0.00 secs] 
305.710: [GC [PSYoungGen: 171968K->320K(173312K)] 179550K->7902K(522880K), 0.0009778 secs] [Times: user=0.01 sys=0.00, real=0.00 secs] 
305.907: [GC [PSYoungGen: 172158K->256K(173248K)] 179740K->7838K(522816K), 0.0007262 secs] [Times: user=0.00 sys=0.00, real=0.00 secs] 
306.114: [GC [PSYoungGen: 172096K->288K(173376K)] 179678K->7870K(522944K), 0.0008653 secs] [Times: user=0.00 sys=0.00, real=0.00 secs] 
306.324: [GC [PSYoungGen: 172255K->384K(173312K)] 179837K->7966K(522880K), 0.0009378 secs] [Times: user=0.00 sys=0.01, real=0.00 secs] 
306.522: [GC [PSYoungGen: 172352K->352K(173504K)] 179934K->7934K(523072K), 0.0009990 secs] [Times: user=0.00 sys=0.00, real=0.00 secs] 
306.730: [GC [PSYoungGen: 172576K->416K(173440K)] 180158K->7998K(523008K), 0.0008455 secs] [Times: user=0.00 sys=0.00, real=0.00 secs] 
306.940: [GC [PSYoungGen: 172640K->256K(173568K)] 180222K->7838K(523136K), 0.0008099 secs] [Times: user=0.00 sys=0.00, real=0.00 secs] 
307.142: [GC [PSYoungGen: 172672K->352K(173568K)] 180254K->7934K(523136K), 0.0008983 secs] [Times: user=0.01 sys=0.00, real=0.00 secs] 
307.349: [GC [PSYoungGen: 172768K->256K(173632K)] 180350K->7838K(523200K), 0.0007826 secs] [Times: user=0.01 sys=0.00, real=0.00 secs] 
307.556: [GC [PSYoungGen: 172800K->256K(173632K)] 180382K->7838K(523200K), 0.0007749 secs] [Times: user=0.00 sys=0.00, real=0.00 secs] 
307.764: [GC [PSYoungGen: 172800K->352K(173760K)] 180382K->7934K(523328K), 0.0012228 secs] [Times: user=0.01 sys=0.00, real=0.00 secs] 
307.970: [GC [PSYoungGen: 173088K->256K(173696K)] 180670K->7838K(523264K), 0.0008032 secs] [Times: user=0.01 sys=0.00, real=0.00 secs] 
308.176: [GC [PSYoungGen: 172992K->288K(173824K)] 180574K->7870K(523392K), 0.0010265 secs] [Times: user=0.00 sys=0.00, real=0.01 secs] 
308.389: [GC [PSYoungGen: 173152K->288K(173760K)] 180734K->7870K(523328K), 0.0008940 secs] [Times: user=0.01 sys=0.01, real=0.00 secs] 
308.598: [GC [PSYoungGen: 173152K->256K(173888K)] 180734K->7838K(523456K), 0.0009645 secs] [Times: user=0.01 sys=0.00, real=0.01 secs] 
308.800: [GC [PSYoungGen: 173247K->416K(173824K)] 180829K->7998K(523392K), 0.0008202 secs] [Times: user=0.00 sys=0.00, real=0.00 secs] 
308.985: [GC [PSYoungGen: 173408K->762K(173632K)] 180990K->8344K(523200K), 0.0010532 secs] [Times: user=0.00 sys=0.00, real=0.00 secs] 
309.157: [GC [PSYoungGen: 173562K->712K(173568K)] 181144K->8358K(523136K), 0.0009850 secs] [Times: user=0.00 sys=0.00, real=0.00 secs] 
309.323: [GC [PSYoungGen: 173512K->640K(173696K)] 181158K->8286K(523264K), 0.0009850 secs] [Times: user=0.01 sys=0.00, real=0.00 secs] 
309.494: [GC [PSYoungGen: 173312K->730K(173440K)] 180958K->8376K(523008K), 0.0009875 secs] [Times: user=0.00 sys=0.00, real=0.00 secs] 
309.664: [GC [PSYoungGen: 173402K->633K(173632K)] 181048K->8279K(523200K), 0.0008975 secs] [Times: user=0.00 sys=0.00, real=0.00 secs] 
309.838: [GC [PSYoungGen: 173177K->672K(173632K)] 180823K->8318K(523200K), 0.0010537 secs] [Times: user=0.01 sys=0.00, real=0.00 secs] 
310.005: [GC [PSYoungGen: 173216K->672K(173632K)] 180862K->8318K(523200K), 0.0010435 secs] [Times: user=0.00 sys=0.00, real=0.00 secs] 
310.179: [GC [PSYoungGen: 173216K->717K(173632K)] 180862K->8363K(523200K), 0.0009531 secs] [Times: user=0.00 sys=0.00, real=0.00 secs] 
310.360: [GC [PSYoungGen: 173261K->725K(173632K)] 180907K->8371K(523200K), 0.0009012 secs] [Times: user=0.00 sys=0.00, real=0.00 secs] 
310.538: [GC [PSYoungGen: 173269K->651K(173632K)] 180915K->8297K(523200K), 0.0009854 secs] [Times: user=0.00 sys=0.00, real=0.00 secs] 
310.714: [GC [PSYoungGen: 173195K->714K(173632K)] 180841K->8360K(523200K), 0.0009970 secs] [Times: user=0.01 sys=0.00, real=0.00 secs] 
310.892: [GC [PSYoungGen: 173258K->724K(173632K)] 180904K->8370K(523200K), 0.0010577 secs] [Times: user=0.00 sys=0.00, real=0.00 secs] 
311.064: [GC [PSYoungGen: 173268K->621K(173632K)] 180914K->8267K(523200K), 0.0010027 secs] [Times: user=0.00 sys=0.00, real=0.00 secs] 
311.237: [GC [PSYoungGen: 173165K->661K(173632K)] 180811K->8308K(523200K), 0.0011462 secs] [Times: user=0.01 sys=0.01, real=0.01 secs] 
311.415: [GC [PSYoungGen: 173205K->694K(173696K)] 180852K->8341K(523264K), 0.0008949 secs] [Times: user=0.00 sys=0.00, real=0.00 secs] 
311.597: [GC [PSYoungGen: 173366K->665K(173696K)] 181013K->8312K(523264K), 0.0009514 secs] [Times: user=0.00 sys=0.00, real=0.00 secs] 
311.776: [GC [PSYoungGen: 173337K->736K(173696K)] 180984K->8382K(523264K), 0.0009269 secs] [Times: user=0.00 sys=0.00, real=0.00 secs] 
311.955: [GC [PSYoungGen: 173408K->745K(173696K)] 181054K->8391K(523264K), 0.0011102 secs] [Times: user=0.00 sys=0.00, real=0.00 secs] 
312.132: [GC [PSYoungGen: 173417K->694K(173696K)] 181063K->8341K(523264K), 0.0010003 secs] [Times: user=0.01 sys=0.00, real=0.00 secs] 
312.310: [GC [PSYoungGen: 173366K->705K(173696K)] 181013K->8351K(523264K), 0.0011389 secs] [Times: user=0.01 sys=0.00, real=0.00 secs] 
312.483: [GC [PSYoungGen: 173377K->704K(173760K)] 181023K->8350K(523328K), 0.0008828 secs] [Times: user=0.00 sys=0.00, real=0.00 secs] 
312.658: [GC [PSYoungGen: 173440K->661K(173696K)] 181086K->8308K(523264K), 0.0009167 secs] [Times: user=0.00 sys=0.00, real=0.00 secs] 
312.835: [GC [PSYoungGen: 173396K->721K(173760K)] 181043K->8367K(523328K), 0.0010283 secs] [Times: user=0.00 sys=0.00, real=0.00 secs] 
313.013: [GC [PSYoungGen: 173521K->687K(173760K)] 181167K->8333K(523328K), 0.0011122 secs] [Times: user=0.00 sys=0.00, real=0.00 secs] 
313.189: [GC [PSYoungGen: 173487K->667K(173824K)] 181133K->8314K(523392K), 0.0010339 secs] [Times: user=0.01 sys=0.00, real=0.00 secs] 
313.369: [GC [PSYoungGen: 173530K->707K(173760K)] 181176K->8353K(523328K), 0.0009711 secs] [Times: user=0.00 sys=0.00, real=0.00 secs] 
313.549: [GC [PSYoungGen: 173571K->656K(173824K)] 181217K->8302K(523392K), 0.0009392 secs] [Times: user=0.00 sys=0.00, real=0.00 secs] 
313.720: [GC [PSYoungGen: 173584K->680K(173824K)] 181230K->8326K(523392K), 0.0009934 secs] [Times: user=0.00 sys=0.00, real=0.00 secs] 
313.897: [GC [PSYoungGen: 173607K->653K(173888K)] 181253K->8299K(523456K), 0.0010067 secs] [Times: user=0.00 sys=0.00, real=0.01 secs] 
314.076: [GC [PSYoungGen: 173644K->671K(173824K)] 181291K->8317K(523392K), 0.0010584 secs] [Times: user=0.00 sys=0.00, real=0.00 secs] 
314.258: [GC [PSYoungGen: 173663K->722K(173888K)] 181309K->8368K(523456K), 0.0009824 secs] [Times: user=0.01 sys=0.01, real=0.00 secs] 
Heap
 PSYoungGen      total 173888K, used 169598K [7f5560000, 800000000, 800000000)
  eden space 173056K, 97% used [7f5560000,7ffa4ae80,7ffe60000)
  from space 832K, 86% used [7fff30000,7fffe4ab8,800000000)
  to   space 832K, 0% used [7ffe60000,7ffe60000,7fff30000)
 PSOldGen        total 349568K, used 7646K [7e0000000, 7f5560000, 7f5560000)
  object space 349568K, 2% used [7e0000000,7e0777898,7f5560000)
 PSPermGen       total 21248K, used 7361K [7dae00000, 7dc2c0000, 7e0000000)
  object space 21248K, 34% used [7dae00000,7db5305e0,7dc2c0000)
