0.603: [GC [PSYoungGen: 524288K->5410K(611648K)] 524288K->5410K(2009792K), 0.0045370 secs] [Times: user=0.02 sys=0.01, real=0.01 secs] 
2.127: [GC [PSYoungGen: 529698K->4177K(611648K)] 529698K->4177K(2009792K), 0.0025329 secs] [Times: user=0.01 sys=0.00, real=0.01 secs] 
2.820: [GC [PSYoungGen: 528465K->6306K(611648K)] 528465K->6306K(2009792K), 0.0020276 secs] [Times: user=0.01 sys=0.00, real=0.00 secs] 
3.505: [GC [PSYoungGen: 530594K->6290K(611648K)] 530594K->6290K(2009792K), 0.0022714 secs] [Times: user=0.01 sys=0.00, real=0.00 secs] 
4.103: [GC [PSYoungGen: 530578K->3793K(611648K)] 530578K->3793K(2009792K), 0.0015454 secs] [Times: user=0.00 sys=0.00, real=0.00 secs] 
4.315: [GC [PSYoungGen: 528081K->3985K(691584K)] 528081K->3985K(2089728K), 0.0022565 secs] [Times: user=0.01 sys=0.01, real=0.01 secs] 
4.603: [GC [PSYoungGen: 688081K->2625K(686784K)] 688081K->3690K(2084928K), 0.0019863 secs] [Times: user=0.01 sys=0.01, real=0.00 secs] 
4.877: [GC [PSYoungGen: 686721K->2625K(691264K)] 687786K->3698K(2089408K), 0.0008991 secs] [Times: user=0.00 sys=0.00, real=0.01 secs] 
5.156: [GC [PSYoungGen: 686273K->2689K(691328K)] 687346K->3762K(2089472K), 0.0008906 secs] [Times: user=0.01 sys=0.00, real=0.00 secs] 
5.440: [GC [PSYoungGen: 686337K->2705K(691456K)] 687410K->3778K(2089600K), 0.0009549 secs] [Times: user=0.01 sys=0.00, real=0.00 secs] 
5.728: [GC [PSYoungGen: 686545K->2641K(691392K)] 687618K->3738K(2089536K), 0.0010125 secs] [Times: user=0.01 sys=0.01, real=0.00 secs] 
6.018: [GC [PSYoungGen: 686481K->2593K(691648K)] 687578K->3746K(2089792K), 0.0008831 secs] [Times: user=0.00 sys=0.00, real=0.00 secs] 
6.308: [GC [PSYoungGen: 686817K->2609K(691584K)] 687970K->3762K(2089728K), 0.0008975 secs] [Times: user=0.00 sys=0.00, real=0.00 secs] 
6.595: [GC [PSYoungGen: 686833K->2641K(691968K)] 687986K->3882K(2090112K), 0.0008930 secs] [Times: user=0.01 sys=0.00, real=0.00 secs] 
6.862: [GC [PSYoungGen: 687441K->2657K(691840K)] 688682K->3898K(2089984K), 0.0011813 secs] [Times: user=0.01 sys=0.00, real=0.00 secs] 
7.151: [GC [PSYoungGen: 687457K->2689K(692352K)] 688698K->3930K(2090496K), 0.0008082 secs] [Times: user=0.01 sys=0.00, real=0.00 secs] 
7.452: [GC [PSYoungGen: 688193K->2657K(692160K)] 689434K->3898K(2090304K), 0.0010155 secs] [Times: user=0.00 sys=0.00, real=0.00 secs] 
7.752: [GC [PSYoungGen: 688161K->2561K(692736K)] 689402K->3890K(2090880K), 0.0009589 secs] [Times: user=0.00 sys=0.00, real=0.00 secs] 
8.046: [GC [PSYoungGen: 688816K->2689K(692544K)] 690145K->4018K(2090688K), 0.0011711 secs] [Times: user=0.00 sys=0.01, real=0.00 secs] 
8.318: [GC [PSYoungGen: 688961K->2625K(693120K)] 690290K->4010K(2091264K), 0.0009370 secs] [Times: user=0.01 sys=0.00, real=0.00 secs] 
8.618: [GC [PSYoungGen: 689665K->2673K(692928K)] 691050K->4058K(2091072K), 0.0010833 secs] [Times: user=0.00 sys=0.00, real=0.00 secs] 
8.911: [GC [PSYoungGen: 689713K->2689K(693504K)] 691098K->4074K(2091648K), 0.0011195 secs] [Times: user=0.01 sys=0.00, real=0.00 secs] 
9.214: [GC [PSYoungGen: 690476K->2673K(693312K)] 691861K->4058K(2091456K), 0.0011603 secs] [Times: user=0.00 sys=0.00, real=0.00 secs] 
9.514: [GC [PSYoungGen: 690481K->2593K(693824K)] 691866K->4042K(2091968K), 0.0010946 secs] [Times: user=0.01 sys=0.01, real=0.00 secs] 
9.830: [GC [PSYoungGen: 691105K->2609K(693696K)] 692554K->4058K(2091840K), 0.0011125 secs] [Times: user=0.01 sys=0.00, real=0.00 secs] 
10.125: [GC [PSYoungGen: 691112K->2641K(694144K)] 692561K->4090K(2092288K), 0.0009337 secs] [Times: user=0.00 sys=0.01, real=0.00 secs] 
10.455: [GC [PSYoungGen: 691793K->2577K(694016K)] 693242K->4082K(2092160K), 0.0010483 secs] [Times: user=0.00 sys=0.00, real=0.00 secs] 
10.871: [GC [PSYoungGen: 691729K->2609K(694400K)] 693234K->4170K(2092544K), 0.0008910 secs] [Times: user=0.01 sys=0.00, real=0.00 secs] 
11.223: [GC [PSYoungGen: 692273K->2609K(694272K)] 693834K->4226K(2092416K), 0.0009002 secs] [Times: user=0.00 sys=0.00, real=0.00 secs] 
11.528: [GC [PSYoungGen: 692273K->2593K(694656K)] 693890K->4266K(2092800K), 0.0009699 secs] [Times: user=0.00 sys=0.00, real=0.00 secs] 
11.835: [GC [PSYoungGen: 692769K->2641K(694528K)] 694442K->4370K(2092672K), 0.0009747 secs] [Times: user=0.01 sys=0.00, real=0.00 secs] 
12.138: [GC [PSYoungGen: 692817K->2529K(694912K)] 694546K->4442K(2093056K), 0.0009360 secs] [Times: user=0.00 sys=0.00, real=0.00 secs] 
12.412: [GC [PSYoungGen: 693217K->2609K(694784K)] 695130K->4578K(2092928K), 0.0008545 secs] [Times: user=0.01 sys=0.00, real=0.00 secs] 
12.738: [GC [PSYoungGen: 693297K->2641K(695104K)] 695266K->4666K(2093248K), 0.0009828 secs] [Times: user=0.00 sys=0.00, real=0.01 secs] 
13.015: [GC [PSYoungGen: 693713K->2609K(694976K)] 695738K->4778K(2093120K), 0.0009131 secs] [Times: user=0.01 sys=0.00, real=0.00 secs] 
13.319: [GC [PSYoungGen: 693666K->2641K(695296K)] 695836K->4810K(2093440K), 0.0010095 secs] [Times: user=0.00 sys=0.00, real=0.00 secs] 
13.619: [GC [PSYoungGen: 694097K->2657K(695168K)] 696266K->4826K(2093312K), 0.0009356 secs] [Times: user=0.01 sys=0.00, real=0.00 secs] 
13.934: [GC [PSYoungGen: 694113K->2593K(695424K)] 696282K->4834K(2093568K), 0.0009539 secs] [Times: user=0.01 sys=0.00, real=0.00 secs] 
14.210: [GC [PSYoungGen: 694366K->2689K(695360K)] 696608K->4930K(2093504K), 0.0008571 secs] [Times: user=0.01 sys=0.00, real=0.00 secs] 
14.544: [GC [PSYoungGen: 694465K->2593K(695616K)] 696706K->4890K(2093760K), 0.0009523 secs] [Times: user=0.00 sys=0.00, real=0.00 secs] 
14.818: [GC [PSYoungGen: 694753K->2561K(695552K)] 697050K->4914K(2093696K), 0.0009614 secs] [Times: user=0.01 sys=0.01, real=0.01 secs] 
15.118: [GC [PSYoungGen: 694721K->2577K(695680K)] 697074K->5010K(2093824K), 0.0009041 secs] [Times: user=0.01 sys=0.00, real=0.00 secs] 
15.425: [GC [PSYoungGen: 694865K->2561K(695616K)] 697298K->5130K(2093760K), 0.0009049 secs] [Times: user=0.00 sys=0.00, real=0.00 secs] 
15.731: [GC [PSYoungGen: 694849K->2641K(695808K)] 697418K->5211K(2093952K), 0.0008992 secs] [Times: user=0.00 sys=0.00, real=0.00 secs] 
16.009: [GC [PSYoungGen: 695185K->2593K(695744K)] 697755K->5243K(2093888K), 0.0008435 secs] [Times: user=0.00 sys=0.00, real=0.00 secs] 
16.357: [GC [PSYoungGen: 695137K->2673K(695872K)] 697787K->5323K(2094016K), 0.0009102 secs] [Times: user=0.01 sys=0.00, real=0.00 secs] 
16.632: [GC [PSYoungGen: 695345K->2609K(695808K)] 697995K->5315K(2093952K), 0.0009107 secs] [Times: user=0.00 sys=0.00, real=0.00 secs] 
16.952: [GC [PSYoungGen: 695281K->2609K(695936K)] 697987K->5371K(2094080K), 0.0010713 secs] [Times: user=0.00 sys=0.01, real=0.00 secs] 
17.683: [GC [PSYoungGen: 695462K->2641K(695936K)] 698224K->5403K(2094080K), 0.0009293 secs] [Times: user=0.00 sys=0.00, real=0.00 secs] 
19.085: [GC [PSYoungGen: 695505K->2657K(696000K)] 698267K->5419K(2094144K), 0.0009366 secs] [Times: user=0.00 sys=0.00, real=0.00 secs] 
19.771: [GC [PSYoungGen: 695638K->2673K(696000K)] 698400K->5491K(2094144K), 0.0008926 secs] [Times: user=0.00 sys=0.00, real=0.00 secs] 
21.287: [GC [PSYoungGen: 695650K->2577K(696064K)] 698468K->5451K(2094208K), 0.0009236 secs] [Times: user=0.00 sys=0.00, real=0.01 secs] 
21.565: [GC [PSYoungGen: 695696K->2513K(696064K)] 698570K->5547K(2094208K), 0.0009900 secs] [Times: user=0.01 sys=0.00, real=0.00 secs] 
21.886: [GC [PSYoungGen: 695633K->2609K(696064K)] 698667K->5643K(2094208K), 0.0009155 secs] [Times: user=0.01 sys=0.00, real=0.00 secs] 
22.199: [GC [PSYoungGen: 695729K->2609K(696064K)] 698763K->5731K(2094208K), 0.0009710 secs] [Times: user=0.00 sys=0.00, real=0.00 secs] 
22.512: [GC [PSYoungGen: 695729K->2705K(696128K)] 698851K->5827K(2094272K), 0.0009257 secs] [Times: user=0.01 sys=0.00, real=0.00 secs] 
22.821: [GC [PSYoungGen: 695953K->2673K(696128K)] 699075K->5883K(2094272K), 0.0008895 secs] [Times: user=0.00 sys=0.00, real=0.00 secs] 
23.140: [GC [PSYoungGen: 695921K->2561K(696128K)] 699131K->5827K(2094272K), 0.0008542 secs] [Times: user=0.01 sys=0.00, real=0.00 secs] 
23.454: [GC [PSYoungGen: 695802K->2577K(696128K)] 699068K->5955K(2094272K), 0.0008989 secs] [Times: user=0.01 sys=0.00, real=0.00 secs] 
23.736: [GC [PSYoungGen: 695825K->2657K(696128K)] 699203K->6035K(2094272K), 0.0009575 secs] [Times: user=0.00 sys=0.01, real=0.00 secs] 
24.061: [GC [PSYoungGen: 695894K->2657K(696128K)] 699272K->6035K(2094272K), 0.0009131 secs] [Times: user=0.00 sys=0.00, real=0.00 secs] 
24.390: [GC [PSYoungGen: 695905K->2593K(696192K)] 699283K->6043K(2094336K), 0.0008678 secs] [Times: user=0.01 sys=0.00, real=0.00 secs] 
24.711: [GC [PSYoungGen: 695905K->2641K(696128K)] 699355K->6091K(2094272K), 0.0009140 secs] [Times: user=0.00 sys=0.00, real=0.00 secs] 
25.021: [GC [PSYoungGen: 695953K->2721K(696192K)] 699403K->6171K(2094336K), 0.0008993 secs] [Times: user=0.01 sys=0.00, real=0.00 secs] 
25.336: [GC [PSYoungGen: 696097K->2705K(696128K)] 699547K->6155K(2094272K), 0.0009290 secs] [Times: user=0.00 sys=0.00, real=0.00 secs] 
25.652: [GC [PSYoungGen: 696081K->2641K(696192K)] 699531K->6091K(2094336K), 0.0009144 secs] [Times: user=0.01 sys=0.00, real=0.00 secs] 
25.940: [GC [PSYoungGen: 695953K->2689K(696128K)] 699403K->6139K(2094272K), 0.0008781 secs] [Times: user=0.00 sys=0.00, real=0.00 secs] 
26.297: [GC [PSYoungGen: 696001K->2657K(696192K)] 699451K->6107K(2094336K), 0.0008925 secs] [Times: user=0.01 sys=0.00, real=0.00 secs] 
26.571: [GC [PSYoungGen: 696031K->2593K(696192K)] 699481K->6099K(2094336K), 0.0008736 secs] [Times: user=0.00 sys=0.00, real=0.00 secs] 
26.887: [GC [PSYoungGen: 695956K->2673K(696192K)] 699462K->6179K(2094336K), 0.0009571 secs] [Times: user=0.00 sys=0.00, real=0.00 secs] 
27.201: [GC [PSYoungGen: 696049K->2625K(696192K)] 699555K->6219K(2094336K), 0.0009297 secs] [Times: user=0.01 sys=0.00, real=0.00 secs] 
27.518: [GC [PSYoungGen: 696001K->2593K(696192K)] 699595K->6243K(2094336K), 0.0010046 secs] [Times: user=0.00 sys=0.00, real=0.00 secs] 
27.848: [GC [PSYoungGen: 695969K->2593K(696192K)] 699619K->6323K(2094336K), 0.0009009 secs] [Times: user=0.00 sys=0.00, real=0.01 secs] 
28.162: [GC [PSYoungGen: 695969K->2561K(696192K)] 699699K->6347K(2094336K), 0.0008822 secs] [Times: user=0.01 sys=0.00, real=0.00 secs] 
28.479: [GC [PSYoungGen: 695937K->2721K(696192K)] 699723K->6507K(2094336K), 0.0008990 secs] [Times: user=0.00 sys=0.00, real=0.00 secs] 
28.756: [GC [PSYoungGen: 696097K->2561K(696192K)] 699883K->6403K(2094336K), 0.0009339 secs] [Times: user=0.01 sys=0.00, real=0.00 secs] 
29.090: [GC [PSYoungGen: 695937K->2641K(696192K)] 699779K->6483K(2094336K), 0.0008755 secs] [Times: user=0.00 sys=0.00, real=0.00 secs] 
29.406: [GC [PSYoungGen: 696017K->2705K(696192K)] 699859K->6547K(2094336K), 0.0008472 secs] [Times: user=0.01 sys=0.00, real=0.00 secs] 
29.727: [GC [PSYoungGen: 696055K->2561K(696192K)] 699897K->6539K(2094336K), 0.0010093 secs] [Times: user=0.01 sys=0.00, real=0.00 secs] 
30.051: [GC [PSYoungGen: 695937K->1456K(695808K)] 699915K->5443K(2093952K), 0.0006897 secs] [Times: user=0.00 sys=0.00, real=0.00 secs] 
30.526: [GC [PSYoungGen: 694448K->2992K(696000K)] 698435K->16355K(2094144K), 0.0134084 secs] [Times: user=0.06 sys=0.01, real=0.02 secs] 
31.046: [GC [PSYoungGen: 695984K->3008K(680640K)] 709347K->28676K(2078784K), 0.0397202 secs] [Times: user=0.05 sys=0.02, real=0.04 secs] 
31.546: [GC [PSYoungGen: 680640K->10688K(688320K)] 706308K->37756K(2086464K), 0.0317004 secs] [Times: user=0.05 sys=0.00, real=0.03 secs] 
32.040: [GC [PSYoungGen: 688320K->10688K(680512K)] 715388K->39236K(2078656K), 0.0318406 secs] [Times: user=0.04 sys=0.01, real=0.03 secs] 
32.524: [GC [PSYoungGen: 680512K->12064K(681920K)] 709060K->40692K(2080064K), 0.0310255 secs] [Times: user=0.05 sys=0.00, real=0.03 secs] 
33.007: [GC [PSYoungGen: 681888K->12000K(681024K)] 710516K->40692K(2079168K), 0.0312911 secs] [Times: user=0.04 sys=0.00, real=0.03 secs] 
33.483: [GC [PSYoungGen: 677088K->11840K(676928K)] 705780K->40596K(2075072K), 0.0301399 secs] [Times: user=0.04 sys=0.00, real=0.03 secs] 
33.966: [GC [PSYoungGen: 676928K->11872K(680256K)] 705684K->40700K(2078400K), 0.0304899 secs] [Times: user=0.04 sys=0.00, real=0.03 secs] 
34.437: [GC [PSYoungGen: 674400K->11872K(674432K)] 703228K->40764K(2072576K), 0.0300384 secs] [Times: user=0.05 sys=0.01, real=0.03 secs] 
34.912: [GC [PSYoungGen: 674400K->11872K(679872K)] 703292K->40852K(2078016K), 0.0301373 secs] [Times: user=0.04 sys=0.00, real=0.03 secs] 
35.385: [GC [PSYoungGen: 673120K->11776K(673024K)] 702100K->40828K(2071168K), 0.0300142 secs] [Times: user=0.05 sys=0.00, real=0.03 secs] 
35.866: [GC [PSYoungGen: 673024K->11840K(680000K)] 702076K->40956K(2078144K), 0.0302590 secs] [Times: user=0.05 sys=0.00, real=0.03 secs] 
36.345: [GC [PSYoungGen: 672832K->11808K(680000K)] 701948K->41004K(2078144K), 0.0302870 secs] [Times: user=0.05 sys=0.00, real=0.03 secs] 
36.818: [GC [PSYoungGen: 672800K->11904K(680128K)] 701996K->41172K(2078272K), 0.0300332 secs] [Times: user=0.04 sys=0.00, real=0.03 secs] 
37.293: [GC [PSYoungGen: 673077K->11840K(680064K)] 702345K->41180K(2078208K), 0.0306775 secs] [Times: user=0.05 sys=0.00, real=0.03 secs] 
37.772: [GC [PSYoungGen: 673024K->11776K(680512K)] 702364K->41188K(2078656K), 0.0304156 secs] [Times: user=0.04 sys=0.00, real=0.03 secs] 
38.245: [GC [PSYoungGen: 673600K->11776K(680320K)] 703012K->41252K(2078464K), 0.0304210 secs] [Times: user=0.05 sys=0.00, real=0.03 secs] 
38.721: [GC [PSYoungGen: 673596K->11808K(681024K)] 703072K->41364K(2079168K), 0.0304455 secs] [Times: user=0.04 sys=0.00, real=0.03 secs] 
39.199: [GC [PSYoungGen: 674592K->11840K(680768K)] 704148K->41492K(2078912K), 0.0306294 secs] [Times: user=0.05 sys=0.00, real=0.03 secs] 
39.675: [GC [PSYoungGen: 674624K->11808K(681600K)] 704276K->41524K(2079744K), 0.0310965 secs] [Times: user=0.04 sys=0.00, real=0.03 secs] 
40.155: [GC [PSYoungGen: 675680K->11872K(681280K)] 705396K->41660K(2079424K), 0.0303171 secs] [Times: user=0.04 sys=0.00, real=0.03 secs] 
40.631: [GC [PSYoungGen: 675744K->11872K(682112K)] 705532K->41732K(2080256K), 0.0306922 secs] [Times: user=0.04 sys=0.01, real=0.03 secs] 
41.107: [GC [PSYoungGen: 676832K->11936K(681856K)] 706692K->41876K(2080000K), 0.0303865 secs] [Times: user=0.05 sys=0.00, real=0.03 secs] 
41.585: [GC [PSYoungGen: 676896K->11936K(682560K)] 706836K->41956K(2080704K), 0.0301814 secs] [Times: user=0.04 sys=0.00, real=0.03 secs] 
42.071: [GC [PSYoungGen: 677772K->11936K(682304K)] 707793K->42020K(2080448K), 0.0306051 secs] [Times: user=0.04 sys=0.00, real=0.03 secs] 
42.545: [GC [PSYoungGen: 677792K->11872K(683072K)] 707876K->42044K(2081216K), 0.0305200 secs] [Times: user=0.05 sys=0.00, real=0.03 secs] 
43.026: [GC [PSYoungGen: 678752K->11936K(682816K)] 708924K->42188K(2080960K), 0.0308713 secs] [Times: user=0.04 sys=0.00, real=0.03 secs] 
43.505: [GC [PSYoungGen: 678808K->11904K(683520K)] 709060K->42236K(2081664K), 0.0308311 secs] [Times: user=0.05 sys=0.01, real=0.03 secs] 
43.986: [GC [PSYoungGen: 679680K->11936K(683264K)] 710012K->42332K(2081408K), 0.0316016 secs] [Times: user=0.05 sys=0.00, real=0.03 secs] 
44.464: [GC [PSYoungGen: 679712K->11936K(683968K)] 710108K->42388K(2082112K), 0.0303962 secs] [Times: user=0.05 sys=0.00, real=0.03 secs] 
44.943: [GC [PSYoungGen: 680591K->12000K(683712K)] 711043K->42516K(2081856K), 0.0307592 secs] [Times: user=0.04 sys=0.00, real=0.03 secs] 
45.423: [GC [PSYoungGen: 680672K->11968K(684288K)] 711188K->42556K(2082432K), 0.0311484 secs] [Times: user=0.04 sys=0.00, real=0.03 secs] 
45.912: [GC [PSYoungGen: 681344K->12032K(684096K)] 711932K->42692K(2082240K), 0.0309116 secs] [Times: user=0.04 sys=0.00, real=0.03 secs] 
46.396: [GC [PSYoungGen: 681408K->12032K(684608K)] 712068K->42764K(2082752K), 0.0307602 secs] [Times: user=0.04 sys=0.00, real=0.03 secs] 
46.877: [GC [PSYoungGen: 682048K->11968K(684416K)] 712780K->42780K(2082560K), 0.0313226 secs] [Times: user=0.04 sys=0.00, real=0.04 secs] 
47.359: [GC [PSYoungGen: 681984K->11968K(684928K)] 712796K->42852K(2083072K), 0.0307734 secs] [Times: user=0.05 sys=0.00, real=0.03 secs] 
47.846: [GC [PSYoungGen: 682624K->12000K(684736K)] 713508K->42948K(2082880K), 0.0317236 secs] [Times: user=0.05 sys=0.00, real=0.03 secs] 
48.332: [GC [PSYoungGen: 682656K->12000K(685184K)] 713604K->43036K(2083328K), 0.0310186 secs] [Times: user=0.04 sys=0.00, real=0.03 secs] 
48.810: [GC [PSYoungGen: 683232K->11968K(685056K)] 714268K->43076K(2083200K), 0.0313438 secs] [Times: user=0.05 sys=0.00, real=0.03 secs] 
49.290: [GC [PSYoungGen: 683200K->12000K(685440K)] 714308K->43172K(2083584K), 0.0316575 secs] [Times: user=0.05 sys=0.00, real=0.03 secs] 
49.778: [GC [PSYoungGen: 683744K->11968K(685312K)] 714916K->43204K(2083456K), 0.0306698 secs] [Times: user=0.05 sys=0.00, real=0.04 secs] 
50.674: [GC [PSYoungGen: 683712K->10352K(685312K)] 714948K->41661K(2083456K), 0.0290560 secs] [Times: user=0.03 sys=0.00, real=0.03 secs] 
52.248: [GC [PSYoungGen: 682216K->4944K(676864K)] 713525K->37822K(2075008K), 0.0125905 secs] [Times: user=0.02 sys=0.00, real=0.02 secs] 
53.758: [GC [PSYoungGen: 676813K->4544K(682944K)] 709691K->38086K(2081088K), 0.0128361 secs] [Times: user=0.02 sys=0.00, real=0.02 secs] 
55.212: [GC [PSYoungGen: 672960K->4608K(673088K)] 706502K->38470K(2071232K), 0.0112621 secs] [Times: user=0.02 sys=0.00, real=0.01 secs] 
57.226: [GC [PSYoungGen: 673024K->4752K(682752K)] 706886K->39079K(2080896K), 0.0114178 secs] [Times: user=0.01 sys=0.00, real=0.01 secs] 
58.744: [GC [PSYoungGen: 671744K->4576K(671616K)] 706071K->39463K(2069760K), 0.0115707 secs] [Times: user=0.02 sys=0.00, real=0.01 secs] 
60.843: [GC [PSYoungGen: 671553K->4336K(682752K)] 706440K->39623K(2080896K), 0.0111533 secs] [Times: user=0.01 sys=0.00, real=0.01 secs] 
62.328: [GC [PSYoungGen: 670960K->4768K(682816K)] 706247K->40207K(2080960K), 0.0117398 secs] [Times: user=0.02 sys=0.00, real=0.02 secs] 
63.876: [GC [PSYoungGen: 671392K->4672K(683200K)] 706831K->40679K(2081344K), 0.0112719 secs] [Times: user=0.02 sys=0.01, real=0.01 secs] 
65.436: [GC [PSYoungGen: 671853K->4784K(683008K)] 707861K->41344K(2081152K), 0.0114470 secs] [Times: user=0.02 sys=0.00, real=0.01 secs] 
67.028: [GC [PSYoungGen: 671984K->4688K(683904K)] 708544K->41816K(2082048K), 0.0118101 secs] [Times: user=0.02 sys=0.01, real=0.02 secs] 
68.497: [GC [PSYoungGen: 673082K->4928K(683520K)] 710210K->42617K(2081664K), 0.0128447 secs] [Times: user=0.02 sys=0.00, real=0.02 secs] 
70.013: [GC [PSYoungGen: 673344K->4480K(684672K)] 711033K->42873K(2082816K), 0.0117245 secs] [Times: user=0.01 sys=0.00, real=0.01 secs] 
71.486: [GC [PSYoungGen: 674400K->4560K(684288K)] 712793K->43201K(2082432K), 0.0121759 secs] [Times: user=0.02 sys=0.00, real=0.01 secs] 
72.968: [GC [PSYoungGen: 674512K->4432K(685504K)] 713153K->43497K(2083648K), 0.0111639 secs] [Times: user=0.02 sys=0.00, real=0.02 secs] 
74.528: [GC [PSYoungGen: 675977K->4848K(685056K)] 715043K->44121K(2083200K), 0.0112133 secs] [Times: user=0.02 sys=0.00, real=0.02 secs] 
76.012: [GC [PSYoungGen: 676400K->5040K(686464K)] 715673K->44810K(2084608K), 0.0111018 secs] [Times: user=0.01 sys=0.00, real=0.01 secs] 
77.476: [GC [PSYoungGen: 678448K->4832K(685952K)] 718218K->45354K(2084096K), 0.0132585 secs] [Times: user=0.01 sys=0.00, real=0.01 secs] 
78.974: [GC [PSYoungGen: 678240K->4400K(687296K)] 718762K->45586K(2085440K), 0.0112161 secs] [Times: user=0.02 sys=0.01, real=0.01 secs] 
80.474: [GC [PSYoungGen: 679600K->4944K(686912K)] 720786K->46331K(2085056K), 0.0117254 secs] [Times: user=0.02 sys=0.00, real=0.01 secs] 
81.962: [GC [PSYoungGen: 680144K->4960K(688192K)] 721531K->47043K(2086336K), 0.0115998 secs] [Times: user=0.02 sys=0.00, real=0.01 secs] 
83.432: [GC [PSYoungGen: 681888K->5088K(687744K)] 723971K->47587K(2085888K), 0.0127876 secs] [Times: user=0.02 sys=0.00, real=0.01 secs] 
85.141: [GC [PSYoungGen: 682000K->4624K(688960K)] 724499K->47979K(2087104K), 0.0134599 secs] [Times: user=0.02 sys=0.00, real=0.01 secs] 
86.658: [GC [PSYoungGen: 683216K->4576K(688640K)] 726571K->48284K(2086784K), 0.0112928 secs] [Times: user=0.01 sys=0.00, real=0.01 secs] 
88.818: [GC [PSYoungGen: 683151K->4560K(689536K)] 726859K->48676K(2087680K), 0.0137522 secs] [Times: user=0.01 sys=0.00, real=0.02 secs] 
90.352: [GC [PSYoungGen: 684368K->4768K(689280K)] 728484K->49252K(2087424K), 0.0112882 secs] [Times: user=0.02 sys=0.00, real=0.01 secs] 
91.836: [GC [PSYoungGen: 684576K->5008K(690240K)] 729060K->49893K(2088384K), 0.0119497 secs] [Times: user=0.02 sys=0.01, real=0.01 secs] 
93.378: [GC [PSYoungGen: 686160K->4688K(689920K)] 731045K->50333K(2088064K), 0.0126649 secs] [Times: user=0.02 sys=0.01, real=0.02 secs] 
95.166: [GC [PSYoungGen: 685822K->5088K(690816K)] 731467K->51149K(2088960K), 0.0118974 secs] [Times: user=0.02 sys=0.00, real=0.01 secs] 
97.017: [GC [PSYoungGen: 687392K->4976K(690496K)] 733453K->51581K(2088640K), 0.0121055 secs] [Times: user=0.02 sys=0.01, real=0.01 secs] 
98.917: [GC [PSYoungGen: 687280K->4480K(691264K)] 733885K->51838K(2089408K), 0.0116781 secs] [Times: user=0.02 sys=0.01, real=0.01 secs] 
100.378: [GC [PSYoungGen: 687808K->4752K(691072K)] 735166K->52334K(2089216K), 0.0119049 secs] [Times: user=0.02 sys=0.00, real=0.01 secs] 
102.308: [GC [PSYoungGen: 688056K->4624K(691648K)] 735638K->52718K(2089792K), 0.0116934 secs] [Times: user=0.02 sys=0.00, real=0.01 secs] 
103.857: [GC [PSYoungGen: 688720K->4704K(691456K)] 736814K->53166K(2089600K), 0.0139459 secs] [Times: user=0.02 sys=0.00, real=0.02 secs] 
105.409: [GC [PSYoungGen: 688800K->4656K(691968K)] 737262K->53518K(2090112K), 0.0122682 secs] [Times: user=0.01 sys=0.00, real=0.02 secs] 
107.045: [GC [PSYoungGen: 689456K->4880K(691840K)] 738318K->53951K(2089984K), 0.0118822 secs] [Times: user=0.02 sys=0.00, real=0.01 secs] 
108.674: [GC [PSYoungGen: 689680K->4720K(692352K)] 738751K->54407K(2090496K), 0.0120674 secs] [Times: user=0.02 sys=0.00, real=0.01 secs] 
110.196: [GC [PSYoungGen: 690288K->4832K(692224K)] 739975K->54967K(2090368K), 0.0120922 secs] [Times: user=0.02 sys=0.01, real=0.01 secs] 
111.705: [GC [PSYoungGen: 690384K->4976K(692608K)] 740520K->55536K(2090752K), 0.0126359 secs] [Times: user=0.02 sys=0.00, real=0.01 secs] 
113.219: [GC [PSYoungGen: 691055K->4848K(692480K)] 741614K->55960K(2090624K), 0.0114941 secs] [Times: user=0.02 sys=0.00, real=0.01 secs] 
114.772: [GC [PSYoungGen: 690928K->4768K(692864K)] 742040K->56288K(2091008K), 0.0120710 secs] [Times: user=0.02 sys=0.00, real=0.01 secs] 
116.253: [GC [PSYoungGen: 691360K->5248K(692736K)] 742880K->57032K(2090880K), 0.0120853 secs] [Times: user=0.02 sys=0.00, real=0.01 secs] 
117.762: [GC [PSYoungGen: 691828K->4960K(692992K)] 743612K->57489K(2091136K), 0.0117370 secs] [Times: user=0.02 sys=0.00, real=0.01 secs] 
119.382: [GC [PSYoungGen: 691782K->4704K(692864K)] 744310K->57801K(2091008K), 0.0112222 secs] [Times: user=0.02 sys=0.00, real=0.01 secs] 
120.923: [GC [PSYoungGen: 691550K->4896K(693120K)] 744648K->58353K(2091264K), 0.0114292 secs] [Times: user=0.02 sys=0.00, real=0.01 secs] 
122.521: [GC [PSYoungGen: 692064K->5024K(693056K)] 745521K->58889K(2091200K), 0.0115906 secs] [Times: user=0.02 sys=0.00, real=0.02 secs] 
124.042: [GC [PSYoungGen: 692192K->4560K(693184K)] 746057K->59090K(2091328K), 0.0114124 secs] [Times: user=0.02 sys=0.00, real=0.01 secs] 
125.634: [GC [PSYoungGen: 691920K->4624K(693184K)] 746450K->59338K(2091328K), 0.0118141 secs] [Times: user=0.02 sys=0.01, real=0.01 secs] 
127.168: [GC [PSYoungGen: 691984K->4784K(693312K)] 746698K->59810K(2091456K), 0.0112987 secs] [Times: user=0.01 sys=0.00, real=0.01 secs] 
128.840: [GC [PSYoungGen: 692336K->4768K(693248K)] 747362K->60154K(2091392K), 0.0111311 secs] [Times: user=0.02 sys=0.00, real=0.02 secs] 
130.402: [GC [PSYoungGen: 692320K->4768K(693440K)] 747706K->60466K(2091584K), 0.0113567 secs] [Times: user=0.02 sys=0.00, real=0.01 secs] 
131.937: [GC [PSYoungGen: 692565K->4512K(693376K)] 748264K->60570K(2091520K), 0.0111887 secs] [Times: user=0.02 sys=0.00, real=0.01 secs] 
133.582: [GC [PSYoungGen: 692319K->4736K(693504K)] 748378K->61058K(2091648K), 0.0109989 secs] [Times: user=0.02 sys=0.00, real=0.01 secs] 
135.092: [GC [PSYoungGen: 692715K->4832K(693504K)] 749038K->61363K(2091648K), 0.0110449 secs] [Times: user=0.02 sys=0.00, real=0.01 secs] 
136.562: [GC [PSYoungGen: 692832K->5056K(693568K)] 749363K->61699K(2091712K), 0.0112317 secs] [Times: user=0.02 sys=0.00, real=0.01 secs] 
138.001: [GC [PSYoungGen: 693184K->5152K(693312K)] 749827K->61859K(2091456K), 0.0118160 secs] [Times: user=0.02 sys=0.00, real=0.02 secs] 
139.005: [GC [PSYoungGen: 693269K->5008K(693504K)] 749975K->61763K(2091648K), 0.0116915 secs] [Times: user=0.02 sys=0.00, real=0.01 secs] 
139.579: [GC [PSYoungGen: 692993K->4880K(693504K)] 749748K->61675K(2091648K), 0.0111697 secs] [Times: user=0.01 sys=0.01, real=0.01 secs] 
140.036: [GC [PSYoungGen: 692858K->4592K(693568K)] 749653K->61451K(2091712K), 0.0116854 secs] [Times: user=0.02 sys=0.00, real=0.01 secs] 
140.407: [GC [PSYoungGen: 692706K->4352K(692544K)] 749565K->61258K(2090688K), 0.0111925 secs] [Times: user=0.02 sys=0.00, real=0.01 secs] 
140.769: [GC [PSYoungGen: 692480K->3569K(693248K)] 749386K->60484K(2091392K), 0.0018270 secs] [Times: user=0.01 sys=0.00, real=0.00 secs] 
141.029: [GC [PSYoungGen: 691313K->2689K(690496K)] 748228K->60117K(2088640K), 0.0012987 secs] [Times: user=0.00 sys=0.00, real=0.00 secs] 
141.351: [GC [PSYoungGen: 690433K->2689K(692864K)] 747861K->60117K(2091008K), 0.0010301 secs] [Times: user=0.00 sys=0.00, real=0.01 secs] 
141.641: [GC [PSYoungGen: 689650K->2641K(689664K)] 747078K->60069K(2087808K), 0.0010348 secs] [Times: user=0.00 sys=0.00, real=0.01 secs] 
141.916: [GC [PSYoungGen: 689617K->2721K(692736K)] 747045K->60149K(2090880K), 0.0011783 secs] [Times: user=0.01 sys=0.00, real=0.00 secs] 
142.238: [GC [PSYoungGen: 689313K->2657K(692800K)] 746741K->60181K(2090944K), 0.0010563 secs] [Times: user=0.01 sys=0.00, real=0.00 secs] 
142.507: [GC [PSYoungGen: 689249K->2641K(692864K)] 746773K->60165K(2091008K), 0.0010452 secs] [Times: user=0.00 sys=0.00, real=0.00 secs] 
142.800: [GC [PSYoungGen: 689297K->2657K(692800K)] 746821K->60181K(2090944K), 0.0010792 secs] [Times: user=0.01 sys=0.00, real=0.00 secs] 
143.097: [GC [PSYoungGen: 689313K->2625K(692992K)] 746837K->60149K(2091136K), 0.0010902 secs] [Times: user=0.01 sys=0.00, real=0.00 secs] 
143.398: [GC [PSYoungGen: 689473K->2673K(692864K)] 746997K->60197K(2091008K), 0.0011228 secs] [Times: user=0.01 sys=0.00, real=0.00 secs] 
143.702: [GC [PSYoungGen: 689517K->2593K(693184K)] 747041K->60173K(2091328K), 0.0012809 secs] [Times: user=0.00 sys=0.00, real=0.00 secs] 
144.022: [GC [PSYoungGen: 689825K->2689K(693056K)] 747405K->60269K(2091200K), 0.0010530 secs] [Times: user=0.01 sys=0.00, real=0.00 secs] 
144.343: [GC [PSYoungGen: 689921K->2641K(693440K)] 747501K->60221K(2091584K), 0.0011405 secs] [Times: user=0.01 sys=0.00, real=0.00 secs] 
144.643: [GC [PSYoungGen: 690385K->2657K(693312K)] 747965K->60237K(2091456K), 0.0010696 secs] [Times: user=0.01 sys=0.00, real=0.00 secs] 
144.919: [GC [PSYoungGen: 690401K->2593K(693696K)] 747981K->60229K(2091840K), 0.0011279 secs] [Times: user=0.00 sys=0.00, real=0.00 secs] 
145.226: [GC [PSYoungGen: 690849K->2689K(693568K)] 748485K->60325K(2091712K), 0.0011300 secs] [Times: user=0.01 sys=0.00, real=0.00 secs] 
145.539: [GC [PSYoungGen: 690936K->2641K(693952K)] 748572K->60277K(2092096K), 0.0010723 secs] [Times: user=0.01 sys=0.00, real=0.00 secs] 
145.848: [GC [PSYoungGen: 691409K->2705K(693824K)] 749045K->60341K(2091968K), 0.0010225 secs] [Times: user=0.01 sys=0.01, real=0.00 secs] 
146.163: [GC [PSYoungGen: 691473K->2689K(694272K)] 749109K->60325K(2092416K), 0.0011816 secs] [Times: user=0.00 sys=0.00, real=0.00 secs] 
146.470: [GC [PSYoungGen: 692082K->2721K(694144K)] 749718K->60357K(2092288K), 0.0010639 secs] [Times: user=0.01 sys=0.00, real=0.00 secs] 
146.749: [GC [PSYoungGen: 692129K->2641K(694528K)] 749765K->60277K(2092672K), 0.0010274 secs] [Times: user=0.01 sys=0.00, real=0.00 secs] 
147.052: [GC [PSYoungGen: 692541K->2657K(694400K)] 750176K->60293K(2092544K), 0.0010604 secs] [Times: user=0.00 sys=0.00, real=0.00 secs] 
147.358: [GC [PSYoungGen: 692577K->2689K(694720K)] 750213K->60325K(2092864K), 0.0010809 secs] [Times: user=0.01 sys=0.00, real=0.00 secs] 
147.666: [GC [PSYoungGen: 692993K->2673K(694592K)] 750629K->60309K(2092736K), 0.0011282 secs] [Times: user=0.00 sys=0.00, real=0.00 secs] 
147.982: [GC [PSYoungGen: 692977K->2657K(694912K)] 750613K->60293K(2093056K), 0.0010334 secs] [Times: user=0.01 sys=0.00, real=0.00 secs] 
148.295: [GC [PSYoungGen: 693409K->2657K(694848K)] 751045K->60293K(2092992K), 0.0010874 secs] [Times: user=0.00 sys=0.00, real=0.00 secs] 
148.574: [GC [PSYoungGen: 693389K->2673K(695104K)] 751025K->60309K(2093248K), 0.0011443 secs] [Times: user=0.01 sys=0.00, real=0.00 secs] 
148.883: [GC [PSYoungGen: 693800K->2657K(695040K)] 751436K->60293K(2093184K), 0.0010319 secs] [Times: user=0.01 sys=0.00, real=0.00 secs] 
149.189: [GC [PSYoungGen: 693793K->2673K(695296K)] 751429K->60309K(2093440K), 0.0010605 secs] [Times: user=0.00 sys=0.00, real=0.00 secs] 
149.510: [GC [PSYoungGen: 694129K->2689K(695168K)] 751765K->60325K(2093312K), 0.0010290 secs] [Times: user=0.01 sys=0.00, real=0.00 secs] 
149.834: [GC [PSYoungGen: 694145K->2577K(695424K)] 751781K->60269K(2093568K), 0.0010006 secs] [Times: user=0.00 sys=0.00, real=0.00 secs] 
150.158: [GC [PSYoungGen: 694350K->2737K(695360K)] 752042K->60429K(2093504K), 0.0012477 secs] [Times: user=0.01 sys=0.00, real=0.00 secs] 
150.487: [GC [PSYoungGen: 694494K->2673K(695552K)] 752186K->60365K(2093696K), 0.0011729 secs] [Times: user=0.00 sys=0.00, real=0.00 secs] 
150.768: [GC [PSYoungGen: 694698K->2657K(695488K)] 752390K->60349K(2093632K), 0.0011365 secs] [Times: user=0.01 sys=0.00, real=0.00 secs] 
151.126: [GC [PSYoungGen: 694672K->2689K(695680K)] 752363K->60381K(2093824K), 0.0011284 secs] [Times: user=0.01 sys=0.00, real=0.00 secs] 
151.405: [GC [PSYoungGen: 694977K->2721K(695616K)] 752669K->60413K(2093760K), 0.0010373 secs] [Times: user=0.00 sys=0.00, real=0.00 secs] 
151.738: [GC [PSYoungGen: 695009K->2657K(695744K)] 752701K->60349K(2093888K), 0.0011522 secs] [Times: user=0.00 sys=0.00, real=0.00 secs] 
152.061: [GC [PSYoungGen: 695135K->2657K(695744K)] 752826K->60349K(2093888K), 0.0009718 secs] [Times: user=0.01 sys=0.00, real=0.01 secs] 
152.387: [GC [PSYoungGen: 695137K->2561K(695808K)] 752829K->60309K(2093952K), 0.0010903 secs] [Times: user=0.00 sys=0.00, real=0.00 secs] 
152.709: [GC [PSYoungGen: 695161K->2657K(695808K)] 752909K->60405K(2093952K), 0.0011522 secs] [Times: user=0.00 sys=0.00, real=0.00 secs] 
153.031: [GC [PSYoungGen: 695265K->2641K(695872K)] 753013K->60389K(2094016K), 0.0010002 secs] [Times: user=0.01 sys=0.00, real=0.00 secs] 
153.352: [GC [PSYoungGen: 695377K->2641K(695872K)] 753125K->60389K(2094016K), 0.0010267 secs] [Times: user=0.00 sys=0.00, real=0.00 secs] 
153.679: [GC [PSYoungGen: 695377K->2705K(695936K)] 753125K->60453K(2094080K), 0.0012839 secs] [Times: user=0.01 sys=0.00, real=0.00 secs] 
154.013: [GC [PSYoungGen: 695569K->2593K(695936K)] 753317K->60397K(2094080K), 0.0011925 secs] [Times: user=0.01 sys=0.00, real=0.00 secs] 
154.293: [GC [PSYoungGen: 695457K->2657K(696000K)] 753261K->60461K(2094144K), 0.0011498 secs] [Times: user=0.01 sys=0.00, real=0.00 secs] 
154.662: [GC [PSYoungGen: 695649K->2673K(696000K)] 753453K->60477K(2094144K), 0.0011094 secs] [Times: user=0.01 sys=0.00, real=0.01 secs] 
154.941: [GC [PSYoungGen: 695665K->2641K(696064K)] 753469K->60445K(2094208K), 0.0010507 secs] [Times: user=0.00 sys=0.00, real=0.01 secs] 
155.266: [GC [PSYoungGen: 695761K->2625K(696064K)] 753565K->60429K(2094208K), 0.0010331 secs] [Times: user=0.01 sys=0.00, real=0.00 secs] 
155.594: [GC [PSYoungGen: 695745K->2689K(696064K)] 753549K->60493K(2094208K), 0.0010630 secs] [Times: user=0.00 sys=0.00, real=0.00 secs] 
155.924: [GC [PSYoungGen: 695807K->2673K(696064K)] 753611K->60477K(2094208K), 0.0012385 secs] [Times: user=0.01 sys=0.00, real=0.00 secs] 
156.249: [GC [PSYoungGen: 695793K->2657K(696128K)] 753597K->60549K(2094272K), 0.0010755 secs] [Times: user=0.01 sys=0.00, real=0.00 secs] 
156.567: [GC [PSYoungGen: 695905K->2657K(696128K)] 753797K->60549K(2094272K), 0.0010974 secs] [Times: user=0.01 sys=0.00, real=0.00 secs] 
156.891: [GC [PSYoungGen: 695905K->2705K(696128K)] 753797K->60597K(2094272K), 0.0011285 secs] [Times: user=0.00 sys=0.00, real=0.01 secs] 
157.220: [GC [PSYoungGen: 695953K->2625K(696128K)] 753845K->60573K(2094272K), 0.0010999 secs] [Times: user=0.01 sys=0.00, real=0.00 secs] 
157.501: [GC [PSYoungGen: 695873K->2673K(696192K)] 753821K->60621K(2094336K), 0.0009801 secs] [Times: user=0.01 sys=0.00, real=0.00 secs] 
157.835: [GC [PSYoungGen: 695976K->2609K(696128K)] 753924K->60557K(2094272K), 0.0010237 secs] [Times: user=0.00 sys=0.00, real=0.00 secs] 
158.201: [GC [PSYoungGen: 695916K->2641K(696192K)] 753864K->60589K(2094336K), 0.0010793 secs] [Times: user=0.01 sys=0.00, real=0.00 secs] 
158.482: [GC [PSYoungGen: 696017K->2625K(696192K)] 753965K->60573K(2094336K), 0.0010005 secs] [Times: user=0.01 sys=0.00, real=0.00 secs] 
158.804: [GC [PSYoungGen: 696001K->2657K(696192K)] 753949K->60605K(2094336K), 0.0011870 secs] [Times: user=0.00 sys=0.00, real=0.00 secs] 
159.123: [GC [PSYoungGen: 696033K->2625K(696192K)] 753981K->60573K(2094336K), 0.0010128 secs] [Times: user=0.01 sys=0.00, real=0.00 secs] 
159.440: [GC [PSYoungGen: 696001K->2721K(696192K)] 753949K->60669K(2094336K), 0.0010658 secs] [Times: user=0.00 sys=0.00, real=0.00 secs] 
159.765: [GC [PSYoungGen: 696097K->2641K(696192K)] 754045K->60653K(2094336K), 0.0011471 secs] [Times: user=0.00 sys=0.00, real=0.00 secs] 
160.089: [GC [PSYoungGen: 696017K->2673K(696192K)] 754029K->60685K(2094336K), 0.0011126 secs] [Times: user=0.01 sys=0.00, real=0.00 secs] 
160.410: [GC [PSYoungGen: 696049K->2641K(696192K)] 754061K->60653K(2094336K), 0.0010900 secs] [Times: user=0.00 sys=0.00, real=0.00 secs] 
160.692: [GC [PSYoungGen: 696005K->2609K(696192K)] 754017K->60701K(2094336K), 0.0010905 secs] [Times: user=0.01 sys=0.00, real=0.01 secs] 
161.007: [GC [PSYoungGen: 695985K->2641K(696192K)] 754077K->60733K(2094336K), 0.0010875 secs] [Times: user=0.01 sys=0.00, real=0.00 secs] 
161.339: [GC [PSYoungGen: 696013K->2657K(696256K)] 754105K->60749K(2094400K), 0.0011111 secs] [Times: user=0.01 sys=0.00, real=0.00 secs] 
161.667: [GC [PSYoungGen: 696161K->2657K(696256K)] 754253K->60749K(2094400K), 0.0011695 secs] [Times: user=0.01 sys=0.00, real=0.00 secs] 
161.996: [GC [PSYoungGen: 696161K->2737K(696128K)] 754253K->60829K(2094272K), 0.0011603 secs] [Times: user=0.01 sys=0.00, real=0.00 secs] 
162.336: [GC [PSYoungGen: 696113K->2705K(696192K)] 754205K->60797K(2094336K), 0.0011390 secs] [Times: user=0.01 sys=0.00, real=0.00 secs] 
162.664: [GC [PSYoungGen: 696081K->2673K(696192K)] 754173K->60765K(2094336K), 0.0010557 secs] [Times: user=0.00 sys=0.00, real=0.00 secs] 
162.947: [GC [PSYoungGen: 696049K->2689K(696192K)] 754141K->60781K(2094336K), 0.0009950 secs] [Times: user=0.01 sys=0.00, real=0.00 secs] 
163.269: [GC [PSYoungGen: 696065K->2641K(696192K)] 754157K->60733K(2094336K), 0.0011118 secs] [Times: user=0.00 sys=0.00, real=0.00 secs] 
163.588: [GC [PSYoungGen: 696017K->2689K(696192K)] 754109K->60781K(2094336K), 0.0011046 secs] [Times: user=0.01 sys=0.01, real=0.00 secs] 
163.926: [GC [PSYoungGen: 696065K->2641K(696256K)] 754157K->60733K(2094400K), 0.0011868 secs] [Times: user=0.01 sys=0.00, real=0.00 secs] 
164.264: [GC [PSYoungGen: 696081K->2641K(696192K)] 754173K->60733K(2094336K), 0.0011885 secs] [Times: user=0.01 sys=0.00, real=0.00 secs] 
164.587: [GC [PSYoungGen: 696081K->2033K(696000K)] 754173K->60133K(2094144K), 0.0009537 secs] [Times: user=0.00 sys=0.00, real=0.00 secs] 
164.950: [GC [PSYoungGen: 695281K->2849K(696128K)] 753381K->66717K(2094272K), 0.0176193 secs] [Times: user=0.03 sys=0.00, real=0.02 secs] 
165.441: [GC [PSYoungGen: 696097K->2880K(682176K)] 759965K->80485K(2080320K), 0.0397166 secs] [Times: user=0.06 sys=0.01, real=0.04 secs] 
165.946: [GC [PSYoungGen: 682176K->9856K(689152K)] 759781K->91277K(2087296K), 0.0330682 secs] [Times: user=0.05 sys=0.01, real=0.03 secs] 
166.443: [GC [PSYoungGen: 689152K->9856K(678784K)] 770573K->95077K(2076928K), 0.0338599 secs] [Times: user=0.05 sys=0.00, real=0.03 secs] 
166.928: [GC [PSYoungGen: 678784K->13376K(682304K)] 764005K->98685K(2080448K), 0.0306764 secs] [Times: user=0.04 sys=0.00, real=0.03 secs] 
167.409: [GC [PSYoungGen: 682304K->13376K(679360K)] 767613K->98765K(2077504K), 0.0308803 secs] [Times: user=0.05 sys=0.00, real=0.03 secs] 
167.897: [GC [PSYoungGen: 676032K->13328K(676032K)] 761421K->98805K(2074176K), 0.0309429 secs] [Times: user=0.04 sys=0.01, real=0.03 secs] 
168.378: [GC [PSYoungGen: 675984K->13248K(678272K)] 761461K->98813K(2076416K), 0.0303240 secs] [Times: user=0.04 sys=0.00, real=0.03 secs] 
168.854: [GC [PSYoungGen: 672291K->13248K(672320K)] 757856K->98893K(2070464K), 0.0302686 secs] [Times: user=0.05 sys=0.00, real=0.03 secs] 
169.328: [GC [PSYoungGen: 672320K->13312K(677696K)] 757965K->99021K(2075840K), 0.0301229 secs] [Times: user=0.05 sys=0.00, real=0.03 secs] 
169.810: [GC [PSYoungGen: 670464K->13216K(670400K)] 756173K->99005K(2068544K), 0.0302219 secs] [Times: user=0.04 sys=0.00, real=0.03 secs] 
170.289: [GC [PSYoungGen: 670368K->13184K(677696K)] 756157K->99061K(2075840K), 0.0306192 secs] [Times: user=0.05 sys=0.00, real=0.03 secs] 
170.761: [GC [PSYoungGen: 669696K->13184K(677760K)] 755573K->99149K(2075904K), 0.0305752 secs] [Times: user=0.05 sys=0.00, real=0.03 secs] 
171.237: [GC [PSYoungGen: 669696K->13216K(677824K)] 755661K->99261K(2075968K), 0.0297212 secs] [Times: user=0.04 sys=0.01, real=0.03 secs] 
171.718: [GC [PSYoungGen: 669777K->13184K(677760K)] 755822K->99309K(2075904K), 0.0311591 secs] [Times: user=0.05 sys=0.00, real=0.03 secs] 
172.194: [GC [PSYoungGen: 669760K->13120K(678208K)] 755885K->99333K(2076352K), 0.0304272 secs] [Times: user=0.05 sys=0.00, real=0.03 secs] 
172.671: [GC [PSYoungGen: 670334K->13248K(678016K)] 756548K->99549K(2076160K), 0.0306047 secs] [Times: user=0.04 sys=0.00, real=0.03 secs] 
173.148: [GC [PSYoungGen: 670464K->13184K(678720K)] 756765K->99557K(2076864K), 0.0315908 secs] [Times: user=0.04 sys=0.00, real=0.03 secs] 
173.624: [GC [PSYoungGen: 671360K->13184K(678464K)] 757733K->99645K(2076608K), 0.0314259 secs] [Times: user=0.04 sys=0.01, real=0.03 secs] 
174.106: [GC [PSYoungGen: 671360K->13216K(679296K)] 757821K->99749K(2077440K), 0.0315641 secs] [Times: user=0.05 sys=0.00, real=0.03 secs] 
174.586: [GC [PSYoungGen: 672480K->13216K(678976K)] 759013K->99813K(2077120K), 0.0319196 secs] [Times: user=0.05 sys=0.00, real=0.03 secs] 
175.063: [GC [PSYoungGen: 672480K->13280K(679872K)] 759077K->99933K(2078016K), 0.0320005 secs] [Times: user=0.05 sys=0.00, real=0.03 secs] 
175.545: [GC [PSYoungGen: 673760K->13248K(679616K)] 760413K->99989K(2077760K), 0.0320078 secs] [Times: user=0.05 sys=0.01, real=0.03 secs] 
176.051: [GC [PSYoungGen: 673728K->13248K(680448K)] 760469K->100077K(2078592K), 0.0321401 secs] [Times: user=0.04 sys=0.00, real=0.04 secs] 
176.555: [GC [PSYoungGen: 674880K->13312K(680192K)] 761709K->100229K(2078336K), 0.0321255 secs] [Times: user=0.04 sys=0.00, real=0.03 secs] 
177.057: [GC [PSYoungGen: 674944K->13216K(681024K)] 761861K->100205K(2079168K), 0.0321052 secs] [Times: user=0.05 sys=0.00, real=0.03 secs] 
177.551: [GC [PSYoungGen: 676000K->13248K(680768K)] 762989K->100325K(2078912K), 0.0320429 secs] [Times: user=0.05 sys=0.00, real=0.04 secs] 
178.047: [GC [PSYoungGen: 676001K->13312K(681600K)] 763079K->100469K(2079744K), 0.0323383 secs] [Times: user=0.04 sys=0.00, real=0.03 secs] 
178.537: [GC [PSYoungGen: 677248K->13376K(681344K)] 764405K->100613K(2079488K), 0.0321410 secs] [Times: user=0.04 sys=0.00, real=0.03 secs] 
179.029: [GC [PSYoungGen: 677312K->13312K(682048K)] 764549K->100637K(2080192K), 0.0322790 secs] [Times: user=0.05 sys=0.00, real=0.03 secs] 
179.519: [GC [PSYoungGen: 678144K->13376K(681792K)] 765469K->100789K(2079936K), 0.0322447 secs] [Times: user=0.04 sys=0.00, real=0.03 secs] 
180.019: [GC [PSYoungGen: 678208K->13312K(682432K)] 765621K->100805K(2080576K), 0.0326670 secs] [Times: user=0.05 sys=0.00, real=0.03 secs] 
180.513: [GC [PSYoungGen: 678976K->13312K(682240K)] 766469K->100885K(2080384K), 0.0323621 secs] [Times: user=0.05 sys=0.00, real=0.04 secs] 
181.003: [GC [PSYoungGen: 678976K->13344K(682880K)] 766549K->101005K(2081024K), 0.0325305 secs] [Times: user=0.05 sys=0.01, real=0.03 secs] 
181.493: [GC [PSYoungGen: 679904K->13376K(682688K)] 767565K->101125K(2080832K), 0.0325227 secs] [Times: user=0.05 sys=0.00, real=0.03 secs] 
181.991: [GC [PSYoungGen: 679936K->13280K(683200K)] 767685K->101101K(2081344K), 0.0325173 secs] [Times: user=0.05 sys=0.00, real=0.04 secs] 
182.484: [GC [PSYoungGen: 680480K->13376K(683008K)] 768301K->101285K(2081152K), 0.0323211 secs] [Times: user=0.04 sys=0.00, real=0.03 secs] 
182.973: [GC [PSYoungGen: 680576K->13344K(683520K)] 768485K->101341K(2081664K), 0.0325066 secs] [Times: user=0.04 sys=0.01, real=0.03 secs] 
183.466: [GC [PSYoungGen: 681248K->13312K(683392K)] 769245K->101389K(2081536K), 0.0327210 secs] [Times: user=0.05 sys=0.01, real=0.03 secs] 
183.966: [GC [PSYoungGen: 681216K->13344K(683840K)] 769293K->101485K(2081984K), 0.0326358 secs] [Times: user=0.04 sys=0.00, real=0.03 secs] 
184.460: [GC [PSYoungGen: 681888K->13408K(683712K)] 770029K->101629K(2081856K), 0.0324770 secs] [Times: user=0.05 sys=0.00, real=0.03 secs] 
184.954: [GC [PSYoungGen: 681939K->13376K(684032K)] 770161K->101693K(2082176K), 0.0321777 secs] [Times: user=0.05 sys=0.01, real=0.03 secs] 
186.122: [GC [PSYoungGen: 682349K->9120K(678144K)] 770667K->97502K(2076288K), 0.0205229 secs] [Times: user=0.03 sys=0.01, real=0.03 secs] 
187.754: [GC [PSYoungGen: 678092K->5056K(681472K)] 766474K->94870K(2079616K), 0.0115023 secs] [Times: user=0.01 sys=0.01, real=0.01 secs] 
189.317: [GC [PSYoungGen: 671024K->5184K(671232K)] 760838K->95318K(2069376K), 0.0111512 secs] [Times: user=0.01 sys=0.00, real=0.01 secs] 
190.816: [GC [PSYoungGen: 671159K->5424K(680896K)] 761294K->95919K(2079040K), 0.0113881 secs] [Times: user=0.02 sys=0.00, real=0.01 secs] 
192.271: [GC [PSYoungGen: 669104K->5392K(669120K)] 759599K->96455K(2067264K), 0.0113066 secs] [Times: user=0.02 sys=0.00, real=0.01 secs] 
193.677: [GC [PSYoungGen: 669059K->5584K(681024K)] 760123K->97055K(2079168K), 0.0123367 secs] [Times: user=0.01 sys=0.00, real=0.01 secs] 
195.192: [GC [PSYoungGen: 668730K->5232K(681088K)] 760201K->97456K(2079232K), 0.0113786 secs] [Times: user=0.02 sys=0.01, real=0.02 secs] 
196.726: [GC [PSYoungGen: 668400K->5408K(681344K)] 760624K->98144K(2079488K), 0.0116039 secs] [Times: user=0.02 sys=0.00, real=0.01 secs] 
198.197: [GC [PSYoungGen: 668896K->4928K(681152K)] 761632K->98328K(2079296K), 0.0115645 secs] [Times: user=0.01 sys=0.00, real=0.01 secs] 
199.641: [GC [PSYoungGen: 668397K->5424K(681920K)] 761797K->99048K(2080064K), 0.0113807 secs] [Times: user=0.02 sys=0.00, real=0.01 secs] 
201.185: [GC [PSYoungGen: 669872K->5328K(681536K)] 763496K->99561K(2079680K), 0.0113227 secs] [Times: user=0.02 sys=0.00, real=0.01 secs] 
202.661: [GC [PSYoungGen: 669776K->5168K(682688K)] 764009K->99897K(2080832K), 0.0111616 secs] [Times: user=0.02 sys=0.01, real=0.01 secs] 
204.148: [GC [PSYoungGen: 671152K->5184K(682304K)] 765881K->100473K(2080448K), 0.0109820 secs] [Times: user=0.02 sys=0.00, real=0.01 secs] 
205.769: [GC [PSYoungGen: 671166K->5088K(683584K)] 766455K->100881K(2081728K), 0.0133450 secs] [Times: user=0.02 sys=0.00, real=0.01 secs] 
207.302: [GC [PSYoungGen: 672770K->5328K(683136K)] 768564K->101490K(2081280K), 0.0109079 secs] [Times: user=0.01 sys=0.01, real=0.01 secs] 
208.841: [GC [PSYoungGen: 673014K->5168K(684608K)] 769176K->101834K(2082752K), 0.0111879 secs] [Times: user=0.02 sys=0.00, real=0.01 secs] 
210.464: [GC [PSYoungGen: 674862K->5312K(684096K)] 771528K->102434K(2082240K), 0.0120159 secs] [Times: user=0.02 sys=0.00, real=0.01 secs] 
211.984: [GC [PSYoungGen: 674984K->5280K(685568K)] 772106K->102906K(2083712K), 0.0123022 secs] [Times: user=0.02 sys=0.00, real=0.01 secs] 
213.575: [GC [PSYoungGen: 676939K->5344K(685120K)] 774565K->103427K(2083264K), 0.0112118 secs] [Times: user=0.02 sys=0.01, real=0.01 secs] 
215.053: [GC [PSYoungGen: 677016K->5296K(686528K)] 775099K->103883K(2084672K), 0.0119619 secs] [Times: user=0.02 sys=0.00, real=0.02 secs] 
216.578: [GC [PSYoungGen: 678896K->5248K(686080K)] 777483K->104355K(2084224K), 0.0114525 secs] [Times: user=0.02 sys=0.00, real=0.01 secs] 
218.152: [GC [PSYoungGen: 678835K->5152K(687360K)] 777942K->104723K(2085504K), 0.0117521 secs] [Times: user=0.02 sys=0.00, real=0.01 secs] 
219.679: [GC [PSYoungGen: 680480K->5456K(686976K)] 780051K->105348K(2085120K), 0.0120557 secs] [Times: user=0.02 sys=0.00, real=0.01 secs] 
221.144: [GC [PSYoungGen: 680784K->5456K(688256K)] 780676K->106012K(2086400K), 0.0114280 secs] [Times: user=0.02 sys=0.00, real=0.01 secs] 
222.655: [GC [PSYoungGen: 682512K->5008K(687808K)] 783068K->106276K(2085952K), 0.0117545 secs] [Times: user=0.02 sys=0.00, real=0.01 secs] 
224.219: [GC [PSYoungGen: 682033K->5456K(688960K)] 783302K->106773K(2087104K), 0.0115218 secs] [Times: user=0.02 sys=0.00, real=0.01 secs] 
225.720: [GC [PSYoungGen: 683965K->5360K(688576K)] 785282K->107245K(2086720K), 0.0122386 secs] [Times: user=0.02 sys=0.00, real=0.01 secs] 
227.205: [GC [PSYoungGen: 683882K->5712K(689664K)] 785767K->108101K(2087808K), 0.0115608 secs] [Times: user=0.02 sys=0.00, real=0.01 secs] 
228.697: [GC [PSYoungGen: 685648K->5344K(689280K)] 788037K->108494K(2087424K), 0.0118988 secs] [Times: user=0.01 sys=0.00, real=0.01 secs] 
230.246: [GC [PSYoungGen: 685280K->5712K(690304K)] 788430K->109318K(2088448K), 0.0116736 secs] [Times: user=0.02 sys=0.00, real=0.01 secs] 
231.797: [GC [PSYoungGen: 686992K->5520K(689984K)] 790598K->109830K(2088128K), 0.0117128 secs] [Times: user=0.02 sys=0.00, real=0.01 secs] 
233.319: [GC [PSYoungGen: 686787K->5376K(690752K)] 791097K->110246K(2088896K), 0.0116469 secs] [Times: user=0.02 sys=0.00, real=0.01 secs] 
234.871: [GC [PSYoungGen: 687664K->5104K(690560K)] 792535K->110583K(2088704K), 0.0113940 secs] [Times: user=0.02 sys=0.00, real=0.01 secs] 
236.417: [GC [PSYoungGen: 687408K->5376K(691136K)] 792887K->111223K(2089280K), 0.0116370 secs] [Times: user=0.02 sys=0.00, real=0.01 secs] 
237.925: [GC [PSYoungGen: 688420K->5248K(690944K)] 794267K->111559K(2089088K), 0.0115514 secs] [Times: user=0.02 sys=0.00, real=0.01 secs] 
239.485: [GC [PSYoungGen: 688303K->5088K(691392K)] 794615K->111839K(2089536K), 0.0115090 secs] [Times: user=0.01 sys=0.00, real=0.01 secs] 
241.074: [GC [PSYoungGen: 688736K->5424K(691264K)] 795487K->112536K(2089408K), 0.0126215 secs] [Times: user=0.02 sys=0.00, real=0.02 secs] 
242.551: [GC [PSYoungGen: 689072K->5184K(691712K)] 796184K->112912K(2089856K), 0.0139788 secs] [Times: user=0.02 sys=0.00, real=0.02 secs] 
244.047: [GC [PSYoungGen: 689472K->5344K(691584K)] 797200K->113384K(2089728K), 0.0119198 secs] [Times: user=0.02 sys=0.01, real=0.01 secs] 
245.546: [GC [PSYoungGen: 689632K->5264K(692032K)] 797672K->113816K(2090176K), 0.0115401 secs] [Times: user=0.02 sys=0.00, real=0.01 secs] 
247.053: [GC [PSYoungGen: 690191K->5408K(691904K)] 798743K->114209K(2090048K), 0.0115120 secs] [Times: user=0.02 sys=0.01, real=0.02 secs] 
248.571: [GC [PSYoungGen: 690336K->5328K(692288K)] 799137K->114649K(2090432K), 0.0113756 secs] [Times: user=0.02 sys=0.00, real=0.01 secs] 
250.148: [GC [PSYoungGen: 690768K->5424K(692160K)] 800089K->115169K(2090304K), 0.0116446 secs] [Times: user=0.02 sys=0.00, real=0.01 secs] 
251.631: [GC [PSYoungGen: 690864K->5536K(692480K)] 800609K->115801K(2090624K), 0.0116419 secs] [Times: user=0.02 sys=0.00, real=0.01 secs] 
253.154: [GC [PSYoungGen: 691424K->5472K(692416K)] 801689K->116290K(2090560K), 0.0116240 secs] [Times: user=0.02 sys=0.00, real=0.02 secs] 
254.683: [GC [PSYoungGen: 691360K->5248K(692672K)] 802178K->116490K(2090816K), 0.0115530 secs] [Times: user=0.02 sys=0.00, real=0.01 secs] 
256.248: [GC [PSYoungGen: 691520K->5616K(692608K)] 802762K->117266K(2090752K), 0.0118577 secs] [Times: user=0.02 sys=0.00, real=0.01 secs] 
257.772: [GC [PSYoungGen: 691888K->5456K(692736K)] 803538K->117771K(2090880K), 0.0134946 secs] [Times: user=0.02 sys=0.00, real=0.02 secs] 
259.280: [GC [PSYoungGen: 691856K->5296K(692672K)] 804171K->118067K(2090816K), 0.0118723 secs] [Times: user=0.02 sys=0.00, real=0.01 secs] 
260.833: [GC [PSYoungGen: 691696K->5312K(692864K)] 804467K->118579K(2091008K), 0.0117969 secs] [Times: user=0.02 sys=0.00, real=0.02 secs] 
262.402: [GC [PSYoungGen: 691968K->5200K(692800K)] 805235K->118819K(2090944K), 0.0115113 secs] [Times: user=0.02 sys=0.00, real=0.01 secs] 
263.988: [GC [PSYoungGen: 691845K->5104K(692928K)] 805464K->119043K(2091072K), 0.0117177 secs] [Times: user=0.02 sys=0.00, real=0.01 secs] 
265.654: [GC [PSYoungGen: 691888K->5136K(692864K)] 805827K->119331K(2091008K), 0.0118382 secs] [Times: user=0.02 sys=0.00, real=0.02 secs] 
267.286: [GC [PSYoungGen: 691920K->5040K(692928K)] 806115K->119660K(2091072K), 0.0113860 secs] [Times: user=0.02 sys=0.00, real=0.01 secs] 
268.829: [GC [PSYoungGen: 691864K->5264K(692928K)] 806484K->120044K(2091072K), 0.0115677 secs] [Times: user=0.02 sys=0.00, real=0.01 secs] 
270.314: [GC [PSYoungGen: 692112K->5568K(692992K)] 806892K->120468K(2091136K), 0.0116795 secs] [Times: user=0.02 sys=0.00, real=0.02 secs] 
271.317: [GC [PSYoungGen: 692544K->5552K(692992K)] 807444K->120516K(2091136K), 0.0113500 secs] [Times: user=0.02 sys=0.00, real=0.01 secs] 
272.048: [GC [PSYoungGen: 692528K->5520K(692992K)] 807492K->120548K(2091136K), 0.0115742 secs] [Times: user=0.02 sys=0.00, real=0.01 secs] 
272.569: [GC [PSYoungGen: 692496K->5296K(692992K)] 807524K->120364K(2091136K), 0.0115836 secs] [Times: user=0.02 sys=0.00, real=0.01 secs] 
272.921: [GC [PSYoungGen: 692272K->5056K(693056K)] 807340K->120188K(2091200K), 0.0117175 secs] [Times: user=0.02 sys=0.00, real=0.01 secs] 
273.309: [GC [PSYoungGen: 692151K->3841K(691008K)] 807283K->119005K(2089152K), 0.0036156 secs] [Times: user=0.01 sys=0.00, real=0.00 secs] 
273.622: [GC [PSYoungGen: 690945K->2705K(692224K)] 806109K->117933K(2090368K), 0.0011691 secs] [Times: user=0.00 sys=0.01, real=0.00 secs] 
273.937: [GC [PSYoungGen: 688785K->2609K(688704K)] 804013K->117837K(2086848K), 0.0011723 secs] [Times: user=0.01 sys=0.01, real=0.00 secs] 
274.252: [GC [PSYoungGen: 688689K->2705K(692032K)] 803917K->117933K(2090176K), 0.0011894 secs] [Times: user=0.01 sys=0.00, real=0.00 secs] 
274.596: [GC [PSYoungGen: 688017K->2673K(688000K)] 803245K->117901K(2086144K), 0.0011697 secs] [Times: user=0.00 sys=0.00, real=0.00 secs] 
274.889: [GC [PSYoungGen: 687985K->2641K(692032K)] 803213K->117869K(2090176K), 0.0011982 secs] [Times: user=0.01 sys=0.00, real=0.00 secs] 
275.188: [GC [PSYoungGen: 687697K->2673K(692032K)] 802925K->117901K(2090176K), 0.0011875 secs] [Times: user=0.01 sys=0.00, real=0.00 secs] 
275.486: [GC [PSYoungGen: 687718K->2673K(692096K)] 802946K->117901K(2090240K), 0.0011868 secs] [Times: user=0.00 sys=0.00, real=0.00 secs] 
275.794: [GC [PSYoungGen: 687784K->2657K(692032K)] 803012K->117885K(2090176K), 0.0012521 secs] [Times: user=0.00 sys=0.00, real=0.01 secs] 
276.089: [GC [PSYoungGen: 687776K->2641K(692352K)] 803004K->117869K(2090496K), 0.0011026 secs] [Times: user=0.01 sys=0.00, real=0.00 secs] 
276.442: [GC [PSYoungGen: 688209K->2673K(692224K)] 803437K->117901K(2090368K), 0.0012108 secs] [Times: user=0.01 sys=0.00, real=0.00 secs] 
276.796: [GC [PSYoungGen: 688234K->2737K(692608K)] 803462K->117965K(2090752K), 0.0011635 secs] [Times: user=0.01 sys=0.00, real=0.00 secs] 
277.097: [GC [PSYoungGen: 688817K->2689K(692480K)] 804045K->117917K(2090624K), 0.0012559 secs] [Times: user=0.01 sys=0.00, real=0.00 secs] 
277.414: [GC [PSYoungGen: 688769K->2689K(692928K)] 803997K->117917K(2091072K), 0.0011949 secs] [Times: user=0.00 sys=0.00, real=0.01 secs] 
277.741: [GC [PSYoungGen: 689409K->2737K(692800K)] 804637K->117965K(2090944K), 0.0011778 secs] [Times: user=0.01 sys=0.00, real=0.00 secs] 
278.039: [GC [PSYoungGen: 689457K->2689K(693312K)] 804685K->117917K(2091456K), 0.0012344 secs] [Times: user=0.01 sys=0.00, real=0.00 secs] 
278.343: [GC [PSYoungGen: 690082K->2657K(693120K)] 805310K->117885K(2091264K), 0.0013084 secs] [Times: user=0.01 sys=0.00, real=0.00 secs] 
278.619: [GC [PSYoungGen: 690081K->2657K(693568K)] 805309K->117885K(2091712K), 0.0011382 secs] [Times: user=0.01 sys=0.00, real=0.00 secs] 
279.095: [GC [PSYoungGen: 690657K->2657K(693440K)] 805885K->117885K(2091584K), 0.0011196 secs] [Times: user=0.01 sys=0.00, real=0.01 secs] 
279.453: [GC [PSYoungGen: 690657K->2625K(693888K)] 805885K->117853K(2092032K), 0.0011532 secs] [Times: user=0.01 sys=0.00, real=0.00 secs] 
279.737: [GC [PSYoungGen: 691265K->2721K(693760K)] 806493K->117949K(2091904K), 0.0012378 secs] [Times: user=0.01 sys=0.00, real=0.00 secs] 
280.060: [GC [PSYoungGen: 691361K->2657K(694208K)] 806589K->117885K(2092352K), 0.0011146 secs] [Times: user=0.01 sys=0.00, real=0.00 secs] 
280.381: [GC [PSYoungGen: 691937K->2641K(694080K)] 807165K->117869K(2092224K), 0.0011945 secs] [Times: user=0.01 sys=0.00, real=0.00 secs] 
280.707: [GC [PSYoungGen: 691921K->2641K(694464K)] 807149K->117869K(2092608K), 0.0011705 secs] [Times: user=0.00 sys=0.00, real=0.00 secs] 
281.057: [GC [PSYoungGen: 692433K->2705K(694336K)] 807661K->117933K(2092480K), 0.0011266 secs] [Times: user=0.00 sys=0.01, real=0.00 secs] 
281.387: [GC [PSYoungGen: 692497K->2641K(694720K)] 807725K->117869K(2092864K), 0.0011158 secs] [Times: user=0.01 sys=0.00, real=0.00 secs] 
281.718: [GC [PSYoungGen: 692923K->2673K(694592K)] 808151K->117957K(2092736K), 0.0012262 secs] [Times: user=0.00 sys=0.00, real=0.00 secs] 
282.061: [GC [PSYoungGen: 692977K->2689K(694912K)] 808261K->117973K(2093056K), 0.0012305 secs] [Times: user=0.00 sys=0.00, real=0.00 secs] 
282.339: [GC [PSYoungGen: 693362K->2657K(694784K)] 808646K->117941K(2092928K), 0.0012490 secs] [Times: user=0.01 sys=0.00, real=0.00 secs] 
282.703: [GC [PSYoungGen: 693345K->2657K(695104K)] 808629K->117941K(2093248K), 0.0011598 secs] [Times: user=0.01 sys=0.00, real=0.00 secs] 
283.038: [GC [PSYoungGen: 693793K->2689K(695040K)] 809077K->117973K(2093184K), 0.0013541 secs] [Times: user=0.01 sys=0.01, real=0.00 secs] 
283.318: [GC [PSYoungGen: 693825K->2721K(695296K)] 809109K->118005K(2093440K), 0.0011022 secs] [Times: user=0.01 sys=0.00, real=0.00 secs] 
283.655: [GC [PSYoungGen: 694177K->2641K(695168K)] 809461K->117925K(2093312K), 0.0011203 secs] [Times: user=0.00 sys=0.00, real=0.00 secs] 
283.985: [GC [PSYoungGen: 694097K->2689K(695424K)] 809381K->117973K(2093568K), 0.0011604 secs] [Times: user=0.01 sys=0.00, real=0.01 secs] 
284.307: [GC [PSYoungGen: 694450K->2673K(695360K)] 809734K->117957K(2093504K), 0.0011582 secs] [Times: user=0.01 sys=0.00, real=0.00 secs] 
284.630: [GC [PSYoungGen: 694449K->2657K(695552K)] 809733K->117941K(2093696K), 0.0014517 secs] [Times: user=0.00 sys=0.00, real=0.00 secs] 
285.128: [GC [PSYoungGen: 694689K->2673K(695488K)] 809973K->117957K(2093632K), 0.0012200 secs] [Times: user=0.01 sys=0.00, real=0.00 secs] 
285.447: [GC [PSYoungGen: 694697K->2673K(695680K)] 809981K->117957K(2093824K), 0.0012010 secs] [Times: user=0.01 sys=0.00, real=0.00 secs] 
285.775: [GC [PSYoungGen: 694961K->2689K(695616K)] 810245K->117973K(2093760K), 0.0012015 secs] [Times: user=0.01 sys=0.00, real=0.01 secs] 
286.099: [GC [PSYoungGen: 694972K->2673K(695744K)] 810256K->117957K(2093888K), 0.0012572 secs] [Times: user=0.01 sys=0.00, real=0.00 secs] 
286.433: [GC [PSYoungGen: 695153K->2657K(695744K)] 810437K->117941K(2093888K), 0.0013193 secs] [Times: user=0.01 sys=0.00, real=0.00 secs] 
286.761: [GC [PSYoungGen: 695137K->2673K(695872K)] 810421K->117957K(2094016K), 0.0010777 secs] [Times: user=0.00 sys=0.00, real=0.00 secs] 
287.083: [GC [PSYoungGen: 695345K->2673K(695808K)] 810629K->117957K(2093952K), 0.0011598 secs] [Times: user=0.00 sys=0.00, real=0.00 secs] 
287.402: [GC [PSYoungGen: 695345K->2689K(695936K)] 810629K->117973K(2094080K), 0.0011297 secs] [Times: user=0.01 sys=0.00, real=0.00 secs] 
287.732: [GC [PSYoungGen: 695489K->2657K(695872K)] 810773K->117941K(2094016K), 0.0013984 secs] [Times: user=0.00 sys=0.00, real=0.00 secs] 
288.060: [GC [PSYoungGen: 695457K->2673K(696000K)] 810741K->117957K(2094144K), 0.0012396 secs] [Times: user=0.01 sys=0.00, real=0.00 secs] 
288.384: [GC [PSYoungGen: 695601K->2625K(695936K)] 810885K->117909K(2094080K), 0.0011540 secs] [Times: user=0.01 sys=0.01, real=0.00 secs] 
288.708: [GC [PSYoungGen: 695553K->2689K(696000K)] 810837K->117973K(2094144K), 0.0011231 secs] [Times: user=0.01 sys=0.00, real=0.00 secs] 
289.035: [GC [PSYoungGen: 695681K->2657K(696000K)] 810965K->117997K(2094144K), 0.0011894 secs] [Times: user=0.01 sys=0.00, real=0.01 secs] 
289.355: [GC [PSYoungGen: 695649K->2657K(696064K)] 810989K->117997K(2094208K), 0.0011456 secs] [Times: user=0.01 sys=0.00, real=0.01 secs] 
289.686: [GC [PSYoungGen: 695777K->2705K(696064K)] 811117K->118045K(2094208K), 0.0012110 secs] [Times: user=0.01 sys=0.00, real=0.01 secs] 
290.015: [GC [PSYoungGen: 695825K->2673K(696128K)] 811165K->118013K(2094272K), 0.0011507 secs] [Times: user=0.01 sys=0.00, real=0.01 secs] 
290.344: [GC [PSYoungGen: 695857K->2657K(696064K)] 811197K->117997K(2094208K), 0.0012097 secs] [Times: user=0.01 sys=0.00, real=0.00 secs] 
290.671: [GC [PSYoungGen: 695834K->2689K(696128K)] 811174K->118029K(2094272K), 0.0012315 secs] [Times: user=0.01 sys=0.00, real=0.00 secs] 
290.998: [GC [PSYoungGen: 695919K->2673K(696128K)] 811259K->118013K(2094272K), 0.0011754 secs] [Times: user=0.00 sys=0.00, real=0.00 secs] 
291.280: [GC [PSYoungGen: 695921K->2689K(696128K)] 811261K->118029K(2094272K), 0.0011137 secs] [Times: user=0.00 sys=0.00, real=0.00 secs] 
291.666: [GC [PSYoungGen: 695937K->2705K(696128K)] 811277K->118045K(2094272K), 0.0012427 secs] [Times: user=0.01 sys=0.00, real=0.01 secs] 
291.999: [GC [PSYoungGen: 695951K->2689K(696192K)] 811291K->118029K(2094336K), 0.0011092 secs] [Times: user=0.00 sys=0.00, real=0.00 secs] 
292.279: [GC [PSYoungGen: 696065K->2657K(696192K)] 811405K->117997K(2094336K), 0.0011392 secs] [Times: user=0.00 sys=0.01, real=0.00 secs] 
292.777: [GC [PSYoungGen: 696033K->2657K(696192K)] 811373K->117997K(2094336K), 0.0011966 secs] [Times: user=0.00 sys=0.00, real=0.00 secs] 
293.109: [GC [PSYoungGen: 696031K->2721K(696192K)] 811372K->118061K(2094336K), 0.0011151 secs] [Times: user=0.01 sys=0.00, real=0.00 secs] 
293.470: [GC [PSYoungGen: 696077K->2705K(696192K)] 811417K->118045K(2094336K), 0.0012237 secs] [Times: user=0.01 sys=0.00, real=0.00 secs] 
293.758: [GC [PSYoungGen: 696081K->2721K(696192K)] 811421K->118061K(2094336K), 0.0012694 secs] [Times: user=0.00 sys=0.00, real=0.00 secs] 
294.094: [GC [PSYoungGen: 696097K->2673K(696192K)] 811437K->118013K(2094336K), 0.0011080 secs] [Times: user=0.01 sys=0.00, real=0.00 secs] 
294.435: [GC [PSYoungGen: 696049K->2657K(696192K)] 811389K->117997K(2094336K), 0.0012040 secs] [Times: user=0.01 sys=0.00, real=0.00 secs] 
294.762: [GC [PSYoungGen: 696033K->2673K(696192K)] 811373K->118013K(2094336K), 0.0012653 secs] [Times: user=0.01 sys=0.00, real=0.00 secs] 
295.086: [GC [PSYoungGen: 696046K->2657K(696192K)] 811386K->117997K(2094336K), 0.0011903 secs] [Times: user=0.00 sys=0.00, real=0.01 secs] 
295.430: [GC [PSYoungGen: 696033K->2625K(696192K)] 811373K->117965K(2094336K), 0.0011392 secs] [Times: user=0.00 sys=0.00, real=0.00 secs] 
297.864: [GC [PSYoungGen: 696000K->2705K(696192K)] 811340K->118045K(2094336K), 0.0011902 secs] [Times: user=0.01 sys=0.01, real=0.00 secs] 
298.214: [GC [PSYoungGen: 696081K->2689K(696192K)] 811421K->118029K(2094336K), 0.0011776 secs] [Times: user=0.00 sys=0.00, real=0.00 secs] 
298.546: [GC [PSYoungGen: 696065K->2689K(696192K)] 811405K->118029K(2094336K), 0.0011726 secs] [Times: user=0.01 sys=0.00, real=0.01 secs] 
298.825: [GC [PSYoungGen: 696050K->2657K(696192K)] 811391K->117997K(2094336K), 0.0011630 secs] [Times: user=0.01 sys=0.00, real=0.01 secs] 
299.184: [GC [PSYoungGen: 696033K->2657K(696192K)] 811373K->117997K(2094336K), 0.0011594 secs] [Times: user=0.00 sys=0.00, real=0.00 secs] 
299.594: [GC [PSYoungGen: 696033K->2673K(696256K)] 811373K->118013K(2094400K), 0.0013637 secs] [Times: user=0.01 sys=0.00, real=0.00 secs] 
300.181: [GC [PSYoungGen: 696113K->2609K(696192K)] 811453K->118005K(2094336K), 0.0011668 secs] [Times: user=0.01 sys=0.00, real=0.00 secs] 
300.654: [GC [PSYoungGen: 696040K->2657K(696256K)] 811436K->118053K(2094400K), 0.0011596 secs] [Times: user=0.01 sys=0.00, real=0.00 secs] 
301.691: [GC [PSYoungGen: 696161K->2657K(696256K)] 811557K->118053K(2094400K), 0.0013221 secs] [Times: user=0.01 sys=0.00, real=0.00 secs] 
302.831: [GC [PSYoungGen: 696161K->560K(695488K)] 811557K->115964K(2093632K), 0.0006974 secs] [Times: user=0.00 sys=0.00, real=0.00 secs] 
303.286: [GC [PSYoungGen: 693296K->3105K(695872K)] 808700K->133269K(2094016K), 0.0381824 secs] [Times: user=0.05 sys=0.00, real=0.03 secs] 
303.795: [GC [PSYoungGen: 695841K->3136K(674112K)] 826005K->149709K(2072256K), 0.0408850 secs] [Times: user=0.05 sys=0.01, real=0.04 secs] 
304.281: [GC [PSYoungGen: 674112K->14016K(684992K)] 820685K->162885K(2083136K), 0.0323767 secs] [Times: user=0.04 sys=0.00, real=0.03 secs] 
304.763: [GC [PSYoungGen: 684992K->14016K(673600K)] 833861K->165213K(2071744K), 0.0323057 secs] [Times: user=0.04 sys=0.00, real=0.03 secs] 
305.235: [GC [PSYoungGen: 673591K->15968K(675584K)] 824789K->167261K(2073728K), 0.0307512 secs] [Times: user=0.04 sys=0.00, real=0.03 secs] 
305.707: [GC [PSYoungGen: 675552K->16064K(674432K)] 826845K->167445K(2072576K), 0.0317776 secs] [Times: user=0.05 sys=0.00, real=0.03 secs] 
306.175: [GC [PSYoungGen: 668859K->15808K(668608K)] 820241K->167277K(2066752K), 0.0304128 secs] [Times: user=0.05 sys=0.00, real=0.03 secs] 
306.643: [GC [PSYoungGen: 668608K->15776K(673280K)] 820077K->167333K(2071424K), 0.0297264 secs] [Times: user=0.05 sys=0.00, real=0.03 secs] 
307.105: [GC [PSYoungGen: 664864K->15712K(664832K)] 816421K->167373K(2062976K), 0.0304768 secs] [Times: user=0.04 sys=0.00, real=0.03 secs] 
307.567: [GC [PSYoungGen: 664800K->15776K(672832K)] 816461K->167541K(2070976K), 0.0299212 secs] [Times: user=0.05 sys=0.00, real=0.03 secs] 
308.035: [GC [PSYoungGen: 663200K->15712K(663168K)] 814965K->167565K(2061312K), 0.0293037 secs] [Times: user=0.05 sys=0.00, real=0.03 secs] 
308.493: [GC [PSYoungGen: 663136K->15744K(673088K)] 814989K->167701K(2071232K), 0.0299112 secs] [Times: user=0.04 sys=0.01, real=0.03 secs] 
308.952: [GC [PSYoungGen: 662912K->15712K(673088K)] 814869K->167757K(2071232K), 0.0295033 secs] [Times: user=0.04 sys=0.00, real=0.03 secs] 
309.413: [GC [PSYoungGen: 662880K->15680K(673344K)] 814925K->167805K(2071488K), 0.0294843 secs] [Times: user=0.05 sys=0.00, real=0.03 secs] 
309.876: [GC [PSYoungGen: 663168K->15696K(673152K)] 815293K->167909K(2071296K), 0.0295663 secs] [Times: user=0.04 sys=0.00, real=0.03 secs] 
310.339: [GC [PSYoungGen: 663184K->15744K(673856K)] 815397K->168053K(2072000K), 0.0295812 secs] [Times: user=0.04 sys=0.00, real=0.03 secs] 
310.799: [GC [PSYoungGen: 664192K->15680K(673600K)] 816501K->168077K(2071744K), 0.0293774 secs] [Times: user=0.05 sys=0.00, real=0.03 secs] 
311.263: [GC [PSYoungGen: 664124K->15680K(674560K)] 816521K->168173K(2072704K), 0.0292998 secs] [Times: user=0.04 sys=0.00, real=0.03 secs] 
311.724: [GC [PSYoungGen: 665408K->15680K(674176K)] 817901K->168261K(2072320K), 0.0305422 secs] [Times: user=0.04 sys=0.00, real=0.03 secs] 
312.186: [GC [PSYoungGen: 665408K->15712K(675328K)] 817989K->168381K(2073472K), 0.0295014 secs] [Times: user=0.05 sys=0.00, real=0.03 secs] 
312.650: [GC [PSYoungGen: 666976K->15808K(674944K)] 819645K->168581K(2073088K), 0.0292197 secs] [Times: user=0.04 sys=0.00, real=0.03 secs] 
313.110: [GC [PSYoungGen: 667072K->15808K(676032K)] 819845K->168661K(2074176K), 0.0296425 secs] [Times: user=0.05 sys=0.00, real=0.03 secs] 
313.571: [GC [PSYoungGen: 668531K->15776K(675712K)] 821384K->168717K(2073856K), 0.0299216 secs] [Times: user=0.04 sys=0.00, real=0.03 secs] 
314.038: [GC [PSYoungGen: 668498K->15776K(676800K)] 821440K->168813K(2074944K), 0.0302018 secs] [Times: user=0.05 sys=0.00, real=0.03 secs] 
314.497: [GC [PSYoungGen: 669977K->15776K(676416K)] 823015K->168909K(2074560K), 0.0303465 secs] [Times: user=0.05 sys=0.00, real=0.03 secs] 
314.962: [GC [PSYoungGen: 669984K->15968K(677440K)] 823117K->169197K(2075584K), 0.0302822 secs] [Times: user=0.04 sys=0.00, real=0.03 secs] 
315.430: [GC [PSYoungGen: 671584K->15936K(677184K)] 824813K->169269K(2075328K), 0.0294712 secs] [Times: user=0.04 sys=0.00, real=0.03 secs] 
315.901: [GC [PSYoungGen: 671552K->15904K(678080K)] 824885K->169341K(2076224K), 0.0306563 secs] [Times: user=0.04 sys=0.01, real=0.03 secs] 
316.371: [GC [PSYoungGen: 672736K->15872K(677760K)] 826173K->169413K(2075904K), 0.0300782 secs] [Times: user=0.04 sys=0.00, real=0.03 secs] 
316.837: [GC [PSYoungGen: 672704K->15936K(678656K)] 826245K->169565K(2076800K), 0.0302530 secs] [Times: user=0.05 sys=0.00, real=0.03 secs] 
317.324: [GC [PSYoungGen: 673984K->16032K(678400K)] 827613K->169757K(2076544K), 0.0349773 secs] [Times: user=0.05 sys=0.01, real=0.04 secs] 
317.813: [GC [PSYoungGen: 674080K->15968K(679104K)] 827805K->169781K(2077248K), 0.0308676 secs] [Times: user=0.04 sys=0.00, real=0.03 secs] 
318.288: [GC [PSYoungGen: 674908K->16000K(678848K)] 828722K->169893K(2076992K), 0.0310107 secs] [Times: user=0.05 sys=0.00, real=0.03 secs] 
318.758: [GC [PSYoungGen: 674944K->15936K(679616K)] 828837K->169925K(2077760K), 0.0306515 secs] [Times: user=0.04 sys=0.00, real=0.03 secs] 
319.228: [GC [PSYoungGen: 675904K->16000K(679360K)] 829893K->170069K(2077504K), 0.0304176 secs] [Times: user=0.04 sys=0.01, real=0.03 secs] 
319.703: [GC [PSYoungGen: 675943K->16000K(680000K)] 830013K->170157K(2078144K), 0.0320640 secs] [Times: user=0.04 sys=0.00, real=0.03 secs] 
320.176: [GC [PSYoungGen: 676800K->16064K(679808K)] 830957K->170317K(2077952K), 0.0306302 secs] [Times: user=0.05 sys=0.00, real=0.04 secs] 
320.648: [GC [PSYoungGen: 676864K->16000K(680384K)] 831117K->170341K(2078528K), 0.0305834 secs] [Times: user=0.05 sys=0.00, real=0.03 secs] 
321.123: [GC [PSYoungGen: 677568K->16064K(680192K)] 831909K->170501K(2078336K), 0.0314159 secs] [Times: user=0.05 sys=0.00, real=0.03 secs] 
321.599: [GC [PSYoungGen: 677632K->16000K(680704K)] 832069K->170541K(2078848K), 0.0307095 secs] [Times: user=0.05 sys=0.00, real=0.03 secs] 
322.081: [GC [PSYoungGen: 678202K->16064K(680512K)] 832743K->170693K(2078656K), 0.0313795 secs] [Times: user=0.05 sys=0.00, real=0.03 secs] 
322.556: [GC [PSYoungGen: 678272K->16064K(680960K)] 832901K->170797K(2079104K), 0.0320088 secs] [Times: user=0.05 sys=0.00, real=0.04 secs] 
323.034: [GC [PSYoungGen: 678827K->17008K(679808K)] 833561K->171838K(2077952K), 0.0316276 secs] [Times: user=0.04 sys=0.00, real=0.03 secs] 
324.812: [GC [PSYoungGen: 679764K->6288K(677952K)] 834593K->162070K(2076096K), 0.0116018 secs] [Times: user=0.02 sys=0.00, real=0.01 secs] 
326.285: [GC [PSYoungGen: 666000K->6800K(666560K)] 821782K->163047K(2064704K), 0.0116515 secs] [Times: user=0.02 sys=0.00, real=0.01 secs] 
327.897: [GC [PSYoungGen: 666489K->6112K(676992K)] 822735K->163263K(2075136K), 0.0114912 secs] [Times: user=0.02 sys=0.00, real=0.01 secs] 
329.368: [GC [PSYoungGen: 662487K->6272K(662720K)] 819638K->163887K(2060864K), 0.0116763 secs] [Times: user=0.01 sys=0.00, real=0.01 secs] 
330.787: [GC [PSYoungGen: 662631K->6608K(677056K)] 820246K->164688K(2075200K), 0.0116235 secs] [Times: user=0.02 sys=0.00, real=0.02 secs] 
332.262: [GC [PSYoungGen: 661968K->6416K(677184K)] 820048K->165160K(2075328K), 0.0112568 secs] [Times: user=0.02 sys=0.00, real=0.01 secs] 
333.733: [GC [PSYoungGen: 661772K->6096K(677312K)] 820516K->165544K(2075456K), 0.0114509 secs] [Times: user=0.02 sys=0.00, real=0.01 secs] 
335.296: [GC [PSYoungGen: 661584K->6304K(677184K)] 821032K->166112K(2075328K), 0.0110431 secs] [Times: user=0.02 sys=0.01, real=0.01 secs] 
336.731: [GC [PSYoungGen: 661788K->6480K(678016K)] 821597K->166801K(2076160K), 0.0110146 secs] [Times: user=0.01 sys=0.00, real=0.01 secs] 
338.183: [GC [PSYoungGen: 663056K->6288K(677568K)] 823377K->167321K(2075712K), 0.0113706 secs] [Times: user=0.02 sys=0.00, real=0.01 secs] 
339.629: [GC [PSYoungGen: 662864K->6144K(678912K)] 823897K->167745K(2077056K), 0.0114996 secs] [Times: user=0.02 sys=0.00, real=0.01 secs] 
341.255: [GC [PSYoungGen: 664494K->6512K(678464K)] 826096K->168634K(2076608K), 0.0117167 secs] [Times: user=0.02 sys=0.00, real=0.01 secs] 
342.713: [GC [PSYoungGen: 664880K->6352K(680064K)] 827002K->169290K(2078208K), 0.0118158 secs] [Times: user=0.02 sys=0.00, real=0.01 secs] 
344.177: [GC [PSYoungGen: 666896K->6656K(679488K)] 829834K->169954K(2077632K), 0.0112246 secs] [Times: user=0.02 sys=0.00, real=0.02 secs] 
345.727: [GC [PSYoungGen: 667192K->6512K(681344K)] 830491K->170523K(2079488K), 0.0122334 secs] [Times: user=0.02 sys=0.00, real=0.02 secs] 
347.169: [GC [PSYoungGen: 669616K->6640K(680768K)] 833627K->171315K(2078912K), 0.0114006 secs] [Times: user=0.02 sys=0.00, real=0.01 secs] 
348.635: [GC [PSYoungGen: 669713K->6208K(682560K)] 834388K->171747K(2080704K), 0.0132259 secs] [Times: user=0.02 sys=0.00, real=0.02 secs] 
350.093: [GC [PSYoungGen: 671734K->6880K(681984K)] 837274K->172788K(2080128K), 0.0115422 secs] [Times: user=0.02 sys=0.00, real=0.01 secs] 
351.566: [GC [PSYoungGen: 672416K->6464K(683712K)] 838324K->173380K(2081856K), 0.0113976 secs] [Times: user=0.02 sys=0.00, real=0.01 secs] 
353.036: [GC [PSYoungGen: 674368K->6784K(683200K)] 841284K->174277K(2081344K), 0.0126706 secs] [Times: user=0.02 sys=0.01, real=0.02 secs] 
354.676: [GC [PSYoungGen: 674688K->6112K(684736K)] 842181K->174573K(2082880K), 0.0121027 secs] [Times: user=0.02 sys=0.00, real=0.02 secs] 
356.356: [GC [PSYoungGen: 676097K->6288K(684288K)] 844558K->175205K(2082432K), 0.0115763 secs] [Times: user=0.02 sys=0.00, real=0.01 secs] 
357.877: [GC [PSYoungGen: 676304K->6752K(685760K)] 845221K->176022K(2083904K), 0.0132612 secs] [Times: user=0.02 sys=0.00, real=0.02 secs] 
359.548: [GC [PSYoungGen: 678738K->6112K(685248K)] 848008K->176254K(2083392K), 0.0124681 secs] [Times: user=0.02 sys=0.00, real=0.01 secs] 
361.125: [GC [PSYoungGen: 678091K->6656K(686592K)] 848233K->177158K(2084736K), 0.0116821 secs] [Times: user=0.02 sys=0.00, real=0.01 secs] 
362.600: [GC [PSYoungGen: 680384K->6656K(686144K)] 850886K->177719K(2084288K), 0.0120369 secs] [Times: user=0.02 sys=0.00, real=0.01 secs] 
364.167: [GC [PSYoungGen: 680384K->6224K(687424K)] 851447K->178199K(2085568K), 0.0143911 secs] [Times: user=0.02 sys=0.01, real=0.02 secs] 
365.627: [GC [PSYoungGen: 681661K->6608K(687040K)] 853636K->178943K(2085184K), 0.0115280 secs] [Times: user=0.02 sys=0.01, real=0.02 secs] 
367.130: [GC [PSYoungGen: 682064K->6032K(688064K)] 854399K->179288K(2086208K), 0.0117713 secs] [Times: user=0.02 sys=0.00, real=0.01 secs] 
368.624: [GC [PSYoungGen: 682896K->6400K(687808K)] 856152K->179792K(2085952K), 0.0131211 secs] [Times: user=0.02 sys=0.00, real=0.01 secs] 
370.309: [GC [PSYoungGen: 683264K->6480K(688704K)] 856656K->180344K(2086848K), 0.0143184 secs] [Times: user=0.03 sys=0.01, real=0.01 secs] 
372.049: [GC [PSYoungGen: 684560K->6624K(688384K)] 858424K->180953K(2086528K), 0.0145151 secs] [Times: user=0.02 sys=0.00, real=0.01 secs] 
373.600: [GC [PSYoungGen: 684690K->6816K(689344K)] 859019K->181617K(2087488K), 0.0117487 secs] [Times: user=0.02 sys=0.00, real=0.01 secs] 
375.155: [GC [PSYoungGen: 686162K->6576K(689024K)] 860963K->181977K(2087168K), 0.0118447 secs] [Times: user=0.02 sys=0.01, real=0.01 secs] 
376.719: [GC [PSYoungGen: 685936K->6608K(689792K)] 861337K->182722K(2087936K), 0.0118259 secs] [Times: user=0.02 sys=0.00, real=0.01 secs] 
378.235: [GC [PSYoungGen: 686992K->6768K(689600K)] 863106K->183386K(2087744K), 0.0123021 secs] [Times: user=0.02 sys=0.00, real=0.01 secs] 
379.856: [GC [PSYoungGen: 687152K->6480K(690240K)] 863770K->183810K(2088384K), 0.0115769 secs] [Times: user=0.02 sys=0.01, real=0.01 secs] 
381.460: [GC [PSYoungGen: 687760K->6464K(690048K)] 865090K->184306K(2088192K), 0.0119285 secs] [Times: user=0.02 sys=0.00, real=0.01 secs] 
383.026: [GC [PSYoungGen: 687744K->6464K(690560K)] 865586K->184923K(2088704K), 0.0119604 secs] [Times: user=0.02 sys=0.00, real=0.01 secs] 
384.607: [GC [PSYoungGen: 688374K->6240K(690368K)] 866833K->185211K(2088512K), 0.0152053 secs] [Times: user=0.02 sys=0.00, real=0.02 secs] 
386.203: [GC [PSYoungGen: 688160K->6512K(690816K)] 867131K->185747K(2088960K), 0.0118298 secs] [Times: user=0.02 sys=0.00, real=0.01 secs] 
387.761: [GC [PSYoungGen: 688932K->6304K(690624K)] 868167K->186107K(2088768K), 0.0122483 secs] [Times: user=0.02 sys=0.00, real=0.01 secs] 
389.283: [GC [PSYoungGen: 688736K->7040K(690880K)] 868539K->187116K(2089024K), 0.0122587 secs] [Times: user=0.02 sys=0.01, real=0.01 secs] 
391.403: [GC [PSYoungGen: 689792K->6416K(690880K)] 869868K->187356K(2089024K), 0.0120992 secs] [Times: user=0.01 sys=0.00, real=0.01 secs] 
393.050: [GC [PSYoungGen: 689168K->6384K(691072K)] 870108K->187772K(2089216K), 0.0116848 secs] [Times: user=0.02 sys=0.00, real=0.01 secs] 
394.793: [GC [PSYoungGen: 689442K->6096K(691008K)] 870831K->188052K(2089152K), 0.0113028 secs] [Times: user=0.02 sys=0.00, real=0.01 secs] 
396.379: [GC [PSYoungGen: 689168K->6320K(691200K)] 871124K->188549K(2089344K), 0.0119383 secs] [Times: user=0.02 sys=0.00, real=0.02 secs] 
397.879: [GC [PSYoungGen: 689646K->6416K(691136K)] 871875K->189117K(2089280K), 0.0119569 secs] [Times: user=0.02 sys=0.00, real=0.02 secs] 
399.440: [GC [PSYoungGen: 689731K->6544K(691456K)] 872432K->189661K(2089600K), 0.0123847 secs] [Times: user=0.02 sys=0.01, real=0.01 secs] 
401.128: [GC [PSYoungGen: 690320K->6304K(691328K)] 873437K->190030K(2089472K), 0.0118626 secs] [Times: user=0.01 sys=0.00, real=0.02 secs] 
402.710: [GC [PSYoungGen: 690080K->6384K(691584K)] 873806K->190414K(2089728K), 0.0125546 secs] [Times: user=0.02 sys=0.00, real=0.01 secs] 
404.337: [GC [PSYoungGen: 690480K->6048K(691520K)] 874510K->190494K(2089664K), 0.0126530 secs] [Times: user=0.02 sys=0.01, real=0.02 secs] 
405.983: [GC [PSYoungGen: 690144K->6416K(691712K)] 874590K->190974K(2089856K), 0.0115715 secs] [Times: user=0.02 sys=0.00, real=0.01 secs] 
407.515: [GC [PSYoungGen: 690704K->6272K(691584K)] 875262K->191246K(2089728K), 0.0120307 secs] [Times: user=0.02 sys=0.01, real=0.01 secs] 
409.065: [GC [PSYoungGen: 690560K->6192K(691776K)] 875534K->191470K(2089920K), 0.0116128 secs] [Times: user=0.02 sys=0.00, real=0.01 secs] 
410.628: [GC [PSYoungGen: 690718K->6240K(691776K)] 875996K->191942K(2089920K), 0.0134080 secs] [Times: user=0.02 sys=0.00, real=0.02 secs] 
412.185: [GC [PSYoungGen: 690784K->6640K(691840K)] 876486K->192511K(2089984K), 0.0115014 secs] [Times: user=0.02 sys=0.00, real=0.01 secs] 
413.636: [GC [PSYoungGen: 691310K->6704K(691392K)] 877181K->192679K(2089536K), 0.0120742 secs] [Times: user=0.02 sys=0.00, real=0.01 secs] 
414.570: [GC [PSYoungGen: 691376K->6560K(691840K)] 877351K->192599K(2089984K), 0.0116405 secs] [Times: user=0.02 sys=0.00, real=0.01 secs] 
415.115: [GC [PSYoungGen: 691168K->6064K(691776K)] 877207K->192166K(2089920K), 0.0126683 secs] [Times: user=0.02 sys=0.00, real=0.01 secs] 
415.534: [GC [PSYoungGen: 690672K->6977K(691584K)] 876774K->193104K(2089728K), 0.0099842 secs] [Times: user=0.02 sys=0.00, real=0.01 secs] 
416.090: [GC [PSYoungGen: 691383K->2785K(687232K)] 877510K->188976K(2085376K), 0.0013312 secs] [Times: user=0.00 sys=0.00, real=0.00 secs] 
416.438: [GC [PSYoungGen: 687185K->2705K(690368K)] 873375K->188896K(2088512K), 0.0012986 secs] [Times: user=0.01 sys=0.00, real=0.00 secs] 
416.840: [GC [PSYoungGen: 685201K->2689K(685248K)] 871392K->188880K(2083392K), 0.0011977 secs] [Times: user=0.01 sys=0.00, real=0.00 secs] 
417.162: [GC [PSYoungGen: 685185K->2721K(690112K)] 871376K->188912K(2088256K), 0.0014417 secs] [Times: user=0.01 sys=0.00, real=0.00 secs] 
417.464: [GC [PSYoungGen: 684321K->2721K(684352K)] 870512K->188912K(2082496K), 0.0012522 secs] [Times: user=0.01 sys=0.00, real=0.00 secs] 
417.774: [GC [PSYoungGen: 684321K->2705K(690240K)] 870512K->188896K(2088384K), 0.0012671 secs] [Times: user=0.01 sys=0.00, real=0.00 secs] 
418.077: [GC [PSYoungGen: 684177K->2689K(690240K)] 870368K->188880K(2088384K), 0.0012768 secs] [Times: user=0.01 sys=0.00, real=0.00 secs] 
418.403: [GC [PSYoungGen: 684131K->2721K(690432K)] 870322K->188912K(2088576K), 0.0013395 secs] [Times: user=0.01 sys=0.00, real=0.00 secs] 
418.746: [GC [PSYoungGen: 684449K->2689K(690304K)] 870640K->188880K(2088448K), 0.0012540 secs] [Times: user=0.01 sys=0.01, real=0.00 secs] 
419.021: [GC [PSYoungGen: 684398K->2705K(690752K)] 870589K->188896K(2088896K), 0.0012733 secs] [Times: user=0.01 sys=0.00, real=0.00 secs] 
419.415: [GC [PSYoungGen: 685009K->2721K(690560K)] 871200K->188912K(2088704K), 0.0012000 secs] [Times: user=0.01 sys=0.00, real=0.00 secs] 
419.764: [GC [PSYoungGen: 685019K->2673K(691136K)] 871210K->188864K(2089280K), 0.0011774 secs] [Times: user=0.01 sys=0.00, real=0.00 secs] 
420.058: [GC [PSYoungGen: 685745K->2753K(690944K)] 871936K->188944K(2089088K), 0.0012753 secs] [Times: user=0.01 sys=0.00, real=0.00 secs] 
420.404: [GC [PSYoungGen: 685825K->2625K(691584K)] 872016K->188816K(2089728K), 0.0012577 secs] [Times: user=0.01 sys=0.00, real=0.00 secs] 
420.746: [GC [PSYoungGen: 686593K->2753K(691392K)] 872784K->188944K(2089536K), 0.0013587 secs] [Times: user=0.01 sys=0.00, real=0.00 secs] 
421.087: [GC [PSYoungGen: 686710K->2657K(692032K)] 872901K->188848K(2090176K), 0.0012321 secs] [Times: user=0.01 sys=0.00, real=0.00 secs] 
421.424: [GC [PSYoungGen: 687512K->2673K(691840K)] 873702K->188864K(2089984K), 0.0012464 secs] [Times: user=0.01 sys=0.00, real=0.00 secs] 
421.773: [GC [PSYoungGen: 687537K->2721K(692544K)] 873728K->188912K(2090688K), 0.0012701 secs] [Times: user=0.01 sys=0.00, real=0.00 secs] 
422.121: [GC [PSYoungGen: 688545K->2689K(692288K)] 874736K->188880K(2090432K), 0.0012296 secs] [Times: user=0.01 sys=0.00, real=0.00 secs] 
422.465: [GC [PSYoungGen: 688513K->2673K(692928K)] 874704K->188864K(2091072K), 0.0013634 secs] [Times: user=0.00 sys=0.00, real=0.00 secs] 
422.806: [GC [PSYoungGen: 689329K->2705K(692736K)] 875520K->188896K(2090880K), 0.0013482 secs] [Times: user=0.01 sys=0.00, real=0.00 secs] 
423.148: [GC [PSYoungGen: 689361K->2673K(693376K)] 875552K->188864K(2091520K), 0.0012678 secs] [Times: user=0.00 sys=0.00, real=0.00 secs] 
423.484: [GC [PSYoungGen: 690225K->2753K(693184K)] 876416K->188944K(2091328K), 0.0013592 secs] [Times: user=0.01 sys=0.00, real=0.00 secs] 
423.832: [GC [PSYoungGen: 690305K->2657K(693760K)] 876496K->188848K(2091904K), 0.0012077 secs] [Times: user=0.01 sys=0.00, real=0.00 secs] 
424.189: [GC [PSYoungGen: 690977K->2785K(693568K)] 877168K->188976K(2091712K), 0.0013967 secs] [Times: user=0.01 sys=0.01, real=0.01 secs] 
424.486: [GC [PSYoungGen: 691105K->2737K(694080K)] 877296K->188928K(2092224K), 0.0013852 secs] [Times: user=0.00 sys=0.00, real=0.00 secs] 
424.895: [GC [PSYoungGen: 691761K->2657K(693952K)] 877952K->188848K(2092096K), 0.0012353 secs] [Times: user=0.01 sys=0.00, real=0.00 secs] 
425.245: [GC [PSYoungGen: 691670K->2705K(694400K)] 877861K->188896K(2092544K), 0.0013992 secs] [Times: user=0.00 sys=0.00, real=0.00 secs] 
425.534: [GC [PSYoungGen: 692305K->2657K(694208K)] 878496K->188848K(2092352K), 0.0012777 secs] [Times: user=0.01 sys=0.00, real=0.00 secs] 
425.908: [GC [PSYoungGen: 692257K->2705K(694656K)] 878448K->188896K(2092800K), 0.0013296 secs] [Times: user=0.01 sys=0.00, real=0.00 secs] 
426.257: [GC [PSYoungGen: 692881K->2753K(694528K)] 879072K->188944K(2092672K), 0.0013639 secs] [Times: user=0.01 sys=0.00, real=0.00 secs] 
426.598: [GC [PSYoungGen: 692929K->2721K(694912K)] 879120K->188912K(2093056K), 0.0013984 secs] [Times: user=0.01 sys=0.00, real=0.00 secs] 
426.947: [GC [PSYoungGen: 693409K->2721K(694784K)] 879600K->188912K(2092928K), 0.0013638 secs] [Times: user=0.01 sys=0.01, real=0.00 secs] 
427.291: [GC [PSYoungGen: 693409K->2753K(695104K)] 879600K->188944K(2093248K), 0.0013686 secs] [Times: user=0.00 sys=0.00, real=0.00 secs] 
427.634: [GC [PSYoungGen: 693825K->2705K(694976K)] 880016K->188896K(2093120K), 0.0015817 secs] [Times: user=0.01 sys=0.00, real=0.00 secs] 
427.995: [GC [PSYoungGen: 693777K->2673K(695232K)] 879968K->188864K(2093376K), 0.0013671 secs] [Times: user=0.00 sys=0.00, real=0.00 secs] 
428.348: [GC [PSYoungGen: 694065K->2657K(695168K)] 880256K->188848K(2093312K), 0.0012212 secs] [Times: user=0.01 sys=0.00, real=0.00 secs] 
428.703: [GC [PSYoungGen: 694049K->2689K(695424K)] 880240K->188880K(2093568K), 0.0013527 secs] [Times: user=0.01 sys=0.00, real=0.00 secs] 
429.064: [GC [PSYoungGen: 694401K->2689K(695296K)] 880592K->188880K(2093440K), 0.0012326 secs] [Times: user=0.01 sys=0.00, real=0.00 secs] 
429.429: [GC [PSYoungGen: 694401K->2673K(695552K)] 880592K->188864K(2093696K), 0.0014285 secs] [Times: user=0.01 sys=0.00, real=0.01 secs] 
429.764: [GC [PSYoungGen: 694705K->2753K(695488K)] 880896K->188944K(2093632K), 0.0012392 secs] [Times: user=0.00 sys=0.00, real=0.00 secs] 
430.048: [GC [PSYoungGen: 694785K->2785K(695616K)] 880976K->188976K(2093760K), 0.0013153 secs] [Times: user=0.01 sys=0.00, real=0.00 secs] 
430.441: [GC [PSYoungGen: 695009K->2705K(695616K)] 881200K->188896K(2093760K), 0.0012385 secs] [Times: user=0.01 sys=0.00, real=0.00 secs] 
430.723: [GC [PSYoungGen: 694929K->2721K(695744K)] 881120K->188912K(2093888K), 0.0014217 secs] [Times: user=0.00 sys=0.00, real=0.00 secs] 
431.064: [GC [PSYoungGen: 695137K->2737K(695680K)] 881328K->188928K(2093824K), 0.0013531 secs] [Times: user=0.01 sys=0.00, real=0.00 secs] 
431.404: [GC [PSYoungGen: 695153K->2689K(695808K)] 881344K->188880K(2093952K), 0.0014174 secs] [Times: user=0.01 sys=0.00, real=0.00 secs] 
431.757: [GC [PSYoungGen: 695297K->2673K(695808K)] 881488K->188864K(2093952K), 0.0012964 secs] [Times: user=0.01 sys=0.00, real=0.00 secs] 
432.146: [GC [PSYoungGen: 695281K->2689K(695872K)] 881472K->188880K(2094016K), 0.0013380 secs] [Times: user=0.01 sys=0.00, real=0.00 secs] 
432.476: [GC [PSYoungGen: 695425K->2737K(695872K)] 881616K->188928K(2094016K), 0.0013454 secs] [Times: user=0.01 sys=0.00, real=0.00 secs] 
432.824: [GC [PSYoungGen: 695473K->2721K(695936K)] 881664K->188912K(2094080K), 0.0012976 secs] [Times: user=0.01 sys=0.00, real=0.00 secs] 
433.168: [GC [PSYoungGen: 695585K->2721K(695936K)] 881776K->188912K(2094080K), 0.0013760 secs] [Times: user=0.01 sys=0.00, real=0.00 secs] 
433.517: [GC [PSYoungGen: 695585K->2689K(696000K)] 881776K->188880K(2094144K), 0.0012696 secs] [Times: user=0.00 sys=0.00, real=0.00 secs] 
433.823: [GC [PSYoungGen: 695651K->2721K(696000K)] 881842K->188912K(2094144K), 0.0016392 secs] [Times: user=0.01 sys=0.00, real=0.00 secs] 
434.220: [GC [PSYoungGen: 695713K->2721K(696064K)] 881904K->188912K(2094208K), 0.0013564 secs] [Times: user=0.01 sys=0.00, real=0.01 secs] 
434.569: [GC [PSYoungGen: 695772K->2689K(696000K)] 881963K->188880K(2094144K), 0.0012948 secs] [Times: user=0.01 sys=0.00, real=0.01 secs] 
434.920: [GC [PSYoungGen: 695745K->2689K(696064K)] 881936K->188880K(2094208K), 0.0013035 secs] [Times: user=0.00 sys=0.00, real=0.01 secs] 
435.209: [GC [PSYoungGen: 695809K->2769K(696064K)] 882000K->188960K(2094208K), 0.0013554 secs] [Times: user=0.01 sys=0.00, real=0.01 secs] 
435.559: [GC [PSYoungGen: 695889K->2721K(696064K)] 882080K->188912K(2094208K), 0.0013139 secs] [Times: user=0.01 sys=0.00, real=0.00 secs] 
435.973: [GC [PSYoungGen: 695841K->2641K(696064K)] 882032K->188832K(2094208K), 0.0012562 secs] [Times: user=0.00 sys=0.00, real=0.00 secs] 
436.263: [GC [PSYoungGen: 695755K->2705K(696128K)] 881946K->188896K(2094272K), 0.0013024 secs] [Times: user=0.00 sys=0.00, real=0.00 secs] 
436.610: [GC [PSYoungGen: 695888K->2721K(696064K)] 882079K->188912K(2094208K), 0.0013011 secs] [Times: user=0.00 sys=0.00, real=0.01 secs] 
436.960: [GC [PSYoungGen: 695905K->2721K(696128K)] 882096K->188912K(2094272K), 0.0013142 secs] [Times: user=0.00 sys=0.00, real=0.01 secs] 
437.303: [GC [PSYoungGen: 695969K->2705K(696128K)] 882160K->188896K(2094272K), 0.0012414 secs] [Times: user=0.01 sys=0.00, real=0.00 secs] 
437.658: [GC [PSYoungGen: 695953K->2753K(696128K)] 882144K->188944K(2094272K), 0.0013913 secs] [Times: user=0.00 sys=0.00, real=0.00 secs] 
438.007: [GC [PSYoungGen: 696001K->2721K(696128K)] 882192K->188912K(2094272K), 0.0013711 secs] [Times: user=0.00 sys=0.00, real=0.00 secs] 
438.353: [GC [PSYoungGen: 695969K->2737K(696128K)] 882160K->188928K(2094272K), 0.0012948 secs] [Times: user=0.00 sys=0.00, real=0.00 secs] 
438.707: [GC [PSYoungGen: 695980K->2801K(696128K)] 882171K->188992K(2094272K), 0.0013597 secs] [Times: user=0.01 sys=0.00, real=0.00 secs] 
439.066: [GC [PSYoungGen: 696049K->2737K(696128K)] 882240K->188928K(2094272K), 0.0014692 secs] [Times: user=0.01 sys=0.00, real=0.00 secs] 
439.558: [GC [PSYoungGen: 695985K->2641K(696128K)] 882176K->188832K(2094272K), 0.0015862 secs] [Times: user=0.01 sys=0.00, real=0.00 secs] 
439.913: [GC [PSYoungGen: 695889K->2753K(696128K)] 882080K->188944K(2094272K), 0.0013253 secs] [Times: user=0.00 sys=0.01, real=0.00 secs] 
440.266: [GC [PSYoungGen: 696001K->2737K(696128K)] 882192K->188928K(2094272K), 0.0012607 secs] [Times: user=0.01 sys=0.00, real=0.00 secs] 
440.610: [GC [PSYoungGen: 695985K->2705K(696128K)] 882176K->188896K(2094272K), 0.0013599 secs] [Times: user=0.01 sys=0.00, real=0.01 secs] 
440.959: [GC [PSYoungGen: 695953K->2689K(696128K)] 882144K->188880K(2094272K), 0.0012610 secs] [Times: user=0.01 sys=0.00, real=0.01 secs] 
441.328: [GC [PSYoungGen: 695914K->2689K(696192K)] 882105K->188880K(2094336K), 0.0013469 secs] [Times: user=0.01 sys=0.00, real=0.00 secs] 
441.773: [GC [PSYoungGen: 695988K->2721K(696128K)] 882179K->188912K(2094272K), 0.0013865 secs] [Times: user=0.01 sys=0.00, real=0.00 secs] 
442.149: [GC [PSYoungGen: 696033K->2753K(696192K)] 882224K->188944K(2094336K), 0.0013270 secs] [Times: user=0.01 sys=0.00, real=0.00 secs] 
442.496: [GC [PSYoungGen: 696129K->2753K(696192K)] 882320K->188944K(2094336K), 0.0013315 secs] [Times: user=0.00 sys=0.00, real=0.00 secs] 
442.838: [GC [PSYoungGen: 696129K->1904K(695808K)] 882320K->188095K(2093952K), 0.0011054 secs] [Times: user=0.01 sys=0.00, real=0.00 secs] 
443.219: [GC [PSYoungGen: 694896K->2977K(696000K)] 881087K->201032K(2094144K), 0.0256118 secs] [Times: user=0.03 sys=0.01, real=0.03 secs] 
443.706: [GC [PSYoungGen: 695957K->3008K(671808K)] 894011K->223464K(2069952K), 0.0466160 secs] [Times: user=0.05 sys=0.02, real=0.05 secs] 
444.194: [GC [PSYoungGen: 671808K->15104K(683904K)] 892264K->242480K(2082048K), 0.0366533 secs] [Times: user=0.05 sys=0.01, real=0.03 secs] 
444.668: [GC [PSYoungGen: 683904K->15104K(665728K)] 911280K->249448K(2063872K), 0.0377834 secs] [Times: user=0.05 sys=0.01, real=0.04 secs] 
445.135: [GC [PSYoungGen: 665728K->21440K(672128K)] 900072K->255808K(2070272K), 0.0342951 secs] [Times: user=0.05 sys=0.00, real=0.03 secs] 
445.657: [GC [PSYoungGen: 672064K->21440K(666496K)] 906432K->255912K(2064640K), 0.0336966 secs] [Times: user=0.05 sys=0.00, real=0.04 secs] 
446.145: [GC [PSYoungGen: 661056K->21024K(660672K)] 895528K->255624K(2058816K), 0.0319714 secs] [Times: user=0.05 sys=0.01, real=0.03 secs] 
446.616: [GC [PSYoungGen: 660640K->21024K(665024K)] 895240K->255736K(2063168K), 0.0313426 secs] [Times: user=0.05 sys=0.00, real=0.03 secs] 
447.082: [GC [PSYoungGen: 654622K->20864K(654464K)] 889334K->255688K(2052608K), 0.0316767 secs] [Times: user=0.04 sys=0.00, real=0.03 secs] 
447.548: [GC [PSYoungGen: 654464K->20896K(664256K)] 889288K->255840K(2062400K), 0.0311824 secs] [Times: user=0.05 sys=0.00, real=0.03 secs] 
448.017: [GC [PSYoungGen: 651552K->20704K(651392K)] 886496K->255752K(2049536K), 0.0311495 secs] [Times: user=0.05 sys=0.00, real=0.03 secs] 
448.479: [GC [PSYoungGen: 651355K->20832K(664256K)] 886403K->255984K(2062400K), 0.0320438 secs] [Times: user=0.05 sys=0.01, real=0.04 secs] 
448.939: [GC [PSYoungGen: 650592K->20640K(664384K)] 885744K->255912K(2062528K), 0.0309306 secs] [Times: user=0.05 sys=0.00, real=0.03 secs] 
449.387: [GC [PSYoungGen: 650400K->20704K(664704K)] 885672K->256088K(2062848K), 0.0310412 secs] [Times: user=0.05 sys=0.00, real=0.03 secs] 
449.877: [GC [PSYoungGen: 650912K->20704K(664512K)] 886296K->256208K(2062656K), 0.0318947 secs] [Times: user=0.05 sys=0.00, real=0.03 secs] 
450.332: [GC [PSYoungGen: 650912K->20672K(665344K)] 886416K->256288K(2063488K), 0.0317491 secs] [Times: user=0.05 sys=0.00, real=0.03 secs] 
450.802: [GC [PSYoungGen: 651968K->20768K(664960K)] 887584K->256520K(2063104K), 0.0422947 secs] [Times: user=0.06 sys=0.00, real=0.04 secs] 
451.313: [GC [PSYoungGen: 652064K->20768K(666240K)] 887816K->256632K(2064384K), 0.0312459 secs] [Times: user=0.04 sys=0.00, real=0.03 secs] 
451.787: [GC [PSYoungGen: 653792K->20832K(665792K)] 889656K->256800K(2063936K), 0.0323981 secs] [Times: user=0.05 sys=0.00, real=0.03 secs] 
452.250: [GC [PSYoungGen: 653855K->20864K(667136K)] 889824K->256944K(2065280K), 0.0319393 secs] [Times: user=0.04 sys=0.00, real=0.04 secs] 
452.724: [GC [PSYoungGen: 655680K->20992K(666688K)] 891760K->257184K(2064832K), 0.0319755 secs] [Times: user=0.05 sys=0.00, real=0.03 secs] 
453.195: [GC [PSYoungGen: 655808K->20992K(668096K)] 892000K->257296K(2066240K), 0.0324701 secs] [Times: user=0.05 sys=0.00, real=0.03 secs] 
453.673: [GC [PSYoungGen: 657664K->20992K(667584K)] 893968K->257400K(2065728K), 0.0332899 secs] [Times: user=0.04 sys=0.00, real=0.03 secs] 
454.150: [GC [PSYoungGen: 657664K->20960K(669056K)] 894072K->257480K(2067200K), 0.0321657 secs] [Times: user=0.05 sys=0.00, real=0.04 secs] 
454.618: [GC [PSYoungGen: 659552K->21040K(668544K)] 896072K->257672K(2066688K), 0.0321083 secs] [Times: user=0.05 sys=0.00, real=0.03 secs] 
455.091: [GC [PSYoungGen: 659632K->21056K(669952K)] 896264K->257800K(2068096K), 0.0324505 secs] [Times: user=0.05 sys=0.00, real=0.03 secs] 
455.561: [GC [PSYoungGen: 661504K->20992K(669504K)] 898248K->257848K(2067648K), 0.0325456 secs] [Times: user=0.05 sys=0.00, real=0.04 secs] 
456.043: [GC [PSYoungGen: 661440K->21088K(670848K)] 898296K->258056K(2068992K), 0.0320819 secs] [Times: user=0.05 sys=0.00, real=0.03 secs] 
456.520: [GC [PSYoungGen: 663328K->21088K(670400K)] 900296K->258168K(2068544K), 0.0325072 secs] [Times: user=0.05 sys=0.00, real=0.04 secs] 
456.994: [GC [PSYoungGen: 663328K->21056K(671680K)] 900408K->258256K(2069824K), 0.0326230 secs] [Times: user=0.04 sys=0.00, real=0.03 secs] 
457.471: [GC [PSYoungGen: 664960K->21248K(671232K)] 902160K->258552K(2069376K), 0.0330341 secs] [Times: user=0.05 sys=0.00, real=0.03 secs] 
457.953: [GC [PSYoungGen: 665152K->21152K(672320K)] 902456K->258560K(2070464K), 0.0326843 secs] [Times: user=0.05 sys=0.00, real=0.03 secs] 
458.437: [GC [PSYoungGen: 666464K->21312K(672000K)] 903872K->258840K(2070144K), 0.0329777 secs] [Times: user=0.05 sys=0.01, real=0.03 secs] 
458.916: [GC [PSYoungGen: 666624K->21280K(672896K)] 904152K->258936K(2071040K), 0.0324163 secs] [Times: user=0.05 sys=0.00, real=0.03 secs] 
459.406: [GC [PSYoungGen: 667808K->21312K(672640K)] 905464K->259088K(2070784K), 0.0324951 secs] [Times: user=0.05 sys=0.00, real=0.03 secs] 
459.886: [GC [PSYoungGen: 667840K->21312K(673472K)] 905616K->259184K(2071616K), 0.0329571 secs] [Times: user=0.05 sys=0.00, real=0.03 secs] 
460.376: [GC [PSYoungGen: 668992K->21376K(673216K)] 906864K->259360K(2071360K), 0.0324958 secs] [Times: user=0.05 sys=0.00, real=0.03 secs] 
460.853: [GC [PSYoungGen: 669056K->21344K(673920K)] 907040K->259440K(2072064K), 0.0326482 secs] [Times: user=0.05 sys=0.00, real=0.03 secs] 
461.338: [GC [PSYoungGen: 669920K->21408K(673664K)] 908016K->259608K(2071808K), 0.0332383 secs] [Times: user=0.05 sys=0.00, real=0.04 secs] 
461.810: [GC [PSYoungGen: 669981K->21376K(674368K)] 908182K->259704K(2072512K), 0.0309319 secs] [Times: user=0.04 sys=0.00, real=0.03 secs] 
462.285: [GC [PSYoungGen: 670848K->21376K(674112K)] 909176K->259808K(2072256K), 0.0331247 secs] [Times: user=0.05 sys=0.00, real=0.03 secs] 
462.779: [GC [PSYoungGen: 670848K->21376K(674752K)] 909280K->259936K(2072896K), 0.0319866 secs] [Times: user=0.05 sys=0.00, real=0.03 secs] 
463.256: [GC [PSYoungGen: 671680K->21408K(674560K)] 910240K->260072K(2072704K), 0.0327630 secs] [Times: user=0.05 sys=0.00, real=0.03 secs] 
463.752: [GC [PSYoungGen: 671712K->21440K(675072K)] 910376K->260216K(2073216K), 0.0330585 secs] [Times: user=0.05 sys=0.00, real=0.03 secs] 
464.236: [GC [PSYoungGen: 672442K->21376K(674944K)] 911218K->260264K(2073088K), 0.0329727 secs] [Times: user=0.05 sys=0.00, real=0.03 secs] 
465.378: [GC [PSYoungGen: 672384K->14752K(673600K)] 911272K->253753K(2071744K), 0.0222191 secs] [Times: user=0.03 sys=0.00, real=0.02 secs] 
466.866: [GC [PSYoungGen: 664608K->7968K(657856K)] 903609K->248249K(2056000K), 0.0119933 secs] [Times: user=0.02 sys=0.00, real=0.01 secs] 
468.375: [GC [PSYoungGen: 657824K->8320K(670400K)] 898105K->248929K(2068544K), 0.0123633 secs] [Times: user=0.02 sys=0.00, real=0.01 secs] 
469.844: [GC [PSYoungGen: 652399K->8240K(652352K)] 893009K->249361K(2050496K), 0.0119095 secs] [Times: user=0.01 sys=0.00, real=0.01 secs] 
471.363: [GC [PSYoungGen: 652335K->8336K(670016K)] 893456K->250146K(2068160K), 0.0111889 secs] [Times: user=0.02 sys=0.00, real=0.01 secs] 
472.755: [GC [PSYoungGen: 650110K->8720K(650560K)] 891920K->251098K(2048704K), 0.0124527 secs] [Times: user=0.02 sys=0.00, real=0.01 secs] 
474.637: [GC [PSYoungGen: 650512K->7888K(670400K)] 892890K->251419K(2068544K), 0.0125388 secs] [Times: user=0.02 sys=0.00, real=0.01 secs] 
476.706: [GC [PSYoungGen: 649612K->8528K(670336K)] 893143K->252275K(2068480K), 0.0114784 secs] [Times: user=0.02 sys=0.00, real=0.01 secs] 
478.295: [GC [PSYoungGen: 650256K->8224K(671104K)] 894003K->252675K(2069248K), 0.0111728 secs] [Times: user=0.02 sys=0.00, real=0.01 secs] 
479.766: [GC [PSYoungGen: 651039K->8528K(670720K)] 895491K->253340K(2068864K), 0.0110971 secs] [Times: user=0.02 sys=0.00, real=0.01 secs] 
481.273: [GC [PSYoungGen: 651344K->8416K(672320K)] 896156K->253900K(2070464K), 0.0114655 secs] [Times: user=0.02 sys=0.00, real=0.01 secs] 
482.731: [GC [PSYoungGen: 653408K->8464K(671680K)] 898892K->254620K(2069824K), 0.0113284 secs] [Times: user=0.02 sys=0.01, real=0.02 secs] 
484.471: [GC [PSYoungGen: 653456K->8272K(673728K)] 899612K->255293K(2071872K), 0.0114179 secs] [Times: user=0.02 sys=0.01, real=0.02 secs] 
485.949: [GC [PSYoungGen: 656015K->8624K(673024K)] 903036K->256061K(2071168K), 0.0115233 secs] [Times: user=0.02 sys=0.01, real=0.01 secs] 
487.363: [GC [PSYoungGen: 656364K->8464K(675328K)] 903801K->256629K(2073472K), 0.0119976 secs] [Times: user=0.02 sys=0.01, real=0.01 secs] 
488.824: [GC [PSYoungGen: 659344K->8592K(674560K)] 907509K->257438K(2072704K), 0.0118729 secs] [Times: user=0.02 sys=0.01, real=0.01 secs] 
490.310: [GC [PSYoungGen: 659452K->8912K(676992K)] 908298K->258422K(2075136K), 0.0124259 secs] [Times: user=0.02 sys=0.00, real=0.02 secs] 
491.882: [GC [PSYoungGen: 663029K->8448K(676160K)] 912539K->258879K(2074304K), 0.0115478 secs] [Times: user=0.02 sys=0.00, real=0.01 secs] 
493.289: [GC [PSYoungGen: 662592K->8640K(678528K)] 913023K->259575K(2076672K), 0.0116772 secs] [Times: user=0.02 sys=0.00, real=0.01 secs] 
494.795: [GC [PSYoungGen: 665903K->8256K(677760K)] 916838K->260015K(2075904K), 0.0119951 secs] [Times: user=0.02 sys=0.00, real=0.01 secs] 
496.342: [GC [PSYoungGen: 665510K->7952K(679808K)] 917269K->260328K(2077952K), 0.0125478 secs] [Times: user=0.02 sys=0.01, real=0.02 secs] 
497.774: [GC [PSYoungGen: 667920K->8880K(679168K)] 920296K->261472K(2077312K), 0.0126051 secs] [Times: user=0.02 sys=0.00, real=0.01 secs] 
499.253: [GC [PSYoungGen: 668848K->8528K(681216K)] 921440K->262048K(2079360K), 0.0123329 secs] [Times: user=0.02 sys=0.00, real=0.01 secs] 
500.763: [GC [PSYoungGen: 671310K->8832K(680576K)] 924830K->262929K(2078720K), 0.0120261 secs] [Times: user=0.02 sys=0.00, real=0.01 secs] 
502.278: [GC [PSYoungGen: 671590K->9120K(682560K)] 925687K->263753K(2080704K), 0.0130465 secs] [Times: user=0.02 sys=0.01, real=0.01 secs] 
503.819: [GC [PSYoungGen: 674525K->8400K(681856K)] 929158K->264170K(2080000K), 0.0127633 secs] [Times: user=0.02 sys=0.00, real=0.01 secs] 
505.425: [GC [PSYoungGen: 673808K->8320K(683520K)] 929578K->264618K(2081664K), 0.0115094 secs] [Times: user=0.02 sys=0.01, real=0.01 secs] 
506.920: [GC [PSYoungGen: 675904K->8800K(683072K)] 932202K->265618K(2081216K), 0.0126268 secs] [Times: user=0.02 sys=0.00, real=0.02 secs] 
508.485: [GC [PSYoungGen: 676384K->8720K(684544K)] 933202K->266275K(2082688K), 0.0124667 secs] [Times: user=0.02 sys=0.00, real=0.01 secs] 
510.097: [GC [PSYoungGen: 678277K->8912K(684032K)] 935831K->267027K(2082176K), 0.0128894 secs] [Times: user=0.03 sys=0.00, real=0.01 secs] 
511.659: [GC [PSYoungGen: 678465K->8688K(685376K)] 936580K->267523K(2083520K), 0.0125090 secs] [Times: user=0.02 sys=0.01, real=0.01 secs] 
513.139: [GC [PSYoungGen: 680048K->8736K(684992K)] 938883K->268196K(2083136K), 0.0121573 secs] [Times: user=0.02 sys=0.00, real=0.01 secs] 
514.703: [GC [PSYoungGen: 680096K->8752K(686144K)] 939556K->268988K(2084288K), 0.0127763 secs] [Times: user=0.02 sys=0.00, real=0.02 secs] 
516.536: [GC [PSYoungGen: 681648K->8336K(685760K)] 941884K->269348K(2083904K), 0.0134274 secs] [Times: user=0.02 sys=0.00, real=0.01 secs] 
518.081: [GC [PSYoungGen: 681232K->8480K(686656K)] 942244K->269861K(2084800K), 0.0123747 secs] [Times: user=0.02 sys=0.00, real=0.02 secs] 
519.585: [GC [PSYoungGen: 682528K->8496K(686400K)] 943909K->270461K(2084544K), 0.0132879 secs] [Times: user=0.02 sys=0.01, real=0.01 secs] 
521.134: [GC [PSYoungGen: 682534K->8656K(687232K)] 944499K->271149K(2085376K), 0.0132980 secs] [Times: user=0.02 sys=0.00, real=0.01 secs] 
522.670: [GC [PSYoungGen: 683780K->8752K(686912K)] 946273K->271910K(2085056K), 0.0119767 secs] [Times: user=0.02 sys=0.00, real=0.01 secs] 
524.167: [GC [PSYoungGen: 683888K->8464K(687680K)] 947046K->272342K(2085824K), 0.0119397 secs] [Times: user=0.02 sys=0.00, real=0.01 secs] 
525.918: [GC [PSYoungGen: 684624K->8672K(687488K)] 948502K->273030K(2085632K), 0.0123305 secs] [Times: user=0.02 sys=0.00, real=0.01 secs] 
527.440: [GC [PSYoungGen: 684817K->9120K(688000K)] 949175K->274063K(2086144K), 0.0114904 secs] [Times: user=0.02 sys=0.00, real=0.01 secs] 
529.018: [GC [PSYoungGen: 685984K->8928K(687872K)] 950927K->274551K(2086016K), 0.0122941 secs] [Times: user=0.02 sys=0.00, real=0.01 secs] 
530.580: [GC [PSYoungGen: 685792K->8656K(688320K)] 951415K->274991K(2086464K), 0.0122423 secs] [Times: user=0.02 sys=0.00, real=0.01 secs] 
532.207: [GC [PSYoungGen: 686148K->8608K(688192K)] 952484K->275464K(2086336K), 0.0118879 secs] [Times: user=0.02 sys=0.00, real=0.01 secs] 
533.692: [GC [PSYoungGen: 686112K->8816K(688640K)] 952968K->276184K(2086784K), 0.0141966 secs] [Times: user=0.02 sys=0.00, real=0.02 secs] 
535.215: [GC [PSYoungGen: 686960K->8720K(688512K)] 954328K->276864K(2086656K), 0.0124797 secs] [Times: user=0.02 sys=0.00, real=0.01 secs] 
537.923: [GC [PSYoungGen: 686845K->8704K(688896K)] 954989K->277417K(2087040K), 0.0120249 secs] [Times: user=0.02 sys=0.00, real=0.02 secs] 
539.388: [GC [PSYoungGen: 687354K->9008K(688768K)] 956067K->278297K(2086912K), 0.0125028 secs] [Times: user=0.02 sys=0.00, real=0.01 secs] 
540.954: [GC [PSYoungGen: 687664K->8544K(689024K)] 956953K->278561K(2087168K), 0.0121879 secs] [Times: user=0.02 sys=0.00, real=0.01 secs] 
542.484: [GC [PSYoungGen: 687512K->8576K(688960K)] 957530K->279122K(2087104K), 0.0118614 secs] [Times: user=0.02 sys=0.00, real=0.01 secs] 
544.086: [GC [PSYoungGen: 687552K->8720K(689216K)] 958098K->279826K(2087360K), 0.0118069 secs] [Times: user=0.02 sys=0.00, real=0.01 secs] 
545.619: [GC [PSYoungGen: 688016K->8480K(689088K)] 959122K->280098K(2087232K), 0.0121391 secs] [Times: user=0.02 sys=0.00, real=0.01 secs] 
547.116: [GC [PSYoungGen: 687776K->8640K(689344K)] 959394K->280587K(2087488K), 0.0125253 secs] [Times: user=0.02 sys=0.00, real=0.01 secs] 
548.632: [GC [PSYoungGen: 688231K->8192K(689280K)] 960178K->280867K(2087424K), 0.0125377 secs] [Times: user=0.02 sys=0.00, real=0.02 secs] 
550.261: [GC [PSYoungGen: 687808K->8528K(689408K)] 960483K->281419K(2087552K), 0.0117254 secs] [Times: user=0.02 sys=0.00, real=0.01 secs] 
551.748: [GC [PSYoungGen: 688272K->8496K(689344K)] 961163K->281811K(2087488K), 0.0120529 secs] [Times: user=0.02 sys=0.00, real=0.01 secs] 
553.284: [GC [PSYoungGen: 688240K->8320K(689536K)] 961555K->282123K(2087680K), 0.0119808 secs] [Times: user=0.02 sys=0.00, real=0.01 secs] 
554.891: [GC [PSYoungGen: 688320K->8320K(689472K)] 962123K->282491K(2087616K), 0.0121212 secs] [Times: user=0.02 sys=0.00, real=0.01 secs] 
556.283: [GC [PSYoungGen: 688310K->8672K(689600K)] 962482K->282900K(2087744K), 0.0125048 secs] [Times: user=0.02 sys=0.00, real=0.02 secs] 
557.149: [GC [PSYoungGen: 688800K->8640K(689536K)] 963028K->282940K(2087680K), 0.0121582 secs] [Times: user=0.02 sys=0.00, real=0.01 secs] 
557.709: [GC [PSYoungGen: 688768K->8416K(689728K)] 963068K->282788K(2087872K), 0.0138481 secs] [Times: user=0.03 sys=0.00, real=0.01 secs] 
558.159: [GC [PSYoungGen: 688800K->8080K(689664K)] 963172K->282507K(2087808K), 0.0119975 secs] [Times: user=0.03 sys=0.00, real=0.01 secs] 
558.624: [GC [PSYoungGen: 688464K->9329K(689152K)] 962891K->283997K(2087296K), 0.0115039 secs] [Times: user=0.02 sys=0.00, real=0.02 secs] 
559.000: [GC [PSYoungGen: 689137K->2737K(682560K)] 963805K->277469K(2080704K), 0.0014143 secs] [Times: user=0.01 sys=0.00, real=0.00 secs] 
559.532: [GC [PSYoungGen: 682545K->2705K(687168K)] 957277K->277437K(2085312K), 0.0013858 secs] [Times: user=0.01 sys=0.00, real=0.00 secs] 
559.843: [GC [PSYoungGen: 679313K->2721K(679360K)] 954045K->277453K(2077504K), 0.0014518 secs] [Times: user=0.01 sys=0.01, real=0.01 secs] 
560.160: [GC [PSYoungGen: 679329K->2753K(686848K)] 954061K->277485K(2084992K), 0.0014043 secs] [Times: user=0.00 sys=0.00, real=0.00 secs] 
560.493: [GC [PSYoungGen: 677953K->2753K(678016K)] 952685K->277485K(2076160K), 0.0013953 secs] [Times: user=0.01 sys=0.00, real=0.01 secs] 
560.800: [GC [PSYoungGen: 677952K->2705K(686976K)] 952684K->277437K(2085120K), 0.0014486 secs] [Times: user=0.01 sys=0.00, real=0.00 secs] 
561.134: [GC [PSYoungGen: 677649K->2769K(686976K)] 952381K->277501K(2085120K), 0.0013124 secs] [Times: user=0.00 sys=0.00, real=0.01 secs] 
561.514: [GC [PSYoungGen: 677713K->2785K(687232K)] 952445K->277517K(2085376K), 0.0014101 secs] [Times: user=0.00 sys=0.00, real=0.01 secs] 
561.805: [GC [PSYoungGen: 678049K->2721K(687040K)] 952781K->277453K(2085184K), 0.0014029 secs] [Times: user=0.01 sys=0.00, real=0.00 secs] 
562.165: [GC [PSYoungGen: 677985K->2753K(687680K)] 952717K->277485K(2085824K), 0.0013790 secs] [Times: user=0.01 sys=0.00, real=0.00 secs] 
562.509: [GC [PSYoungGen: 678849K->2737K(687424K)] 953581K->277469K(2085568K), 0.0013846 secs] [Times: user=0.00 sys=0.00, real=0.00 secs] 
562.847: [GC [PSYoungGen: 678833K->2801K(688320K)] 953565K->277533K(2086464K), 0.0014546 secs] [Times: user=0.01 sys=0.00, real=0.00 secs] 
563.219: [GC [PSYoungGen: 680113K->2737K(688000K)] 954845K->277469K(2086144K), 0.0013744 secs] [Times: user=0.01 sys=0.00, real=0.00 secs] 
563.617: [GC [PSYoungGen: 680049K->2753K(689024K)] 954781K->277485K(2087168K), 0.0014472 secs] [Times: user=0.01 sys=0.01, real=0.00 secs] 
563.971: [GC [PSYoungGen: 681409K->2801K(688640K)] 956141K->277533K(2086784K), 0.0015022 secs] [Times: user=0.01 sys=0.00, real=0.00 secs] 
564.331: [GC [PSYoungGen: 681457K->2769K(689728K)] 956189K->277501K(2087872K), 0.0013702 secs] [Times: user=0.01 sys=0.01, real=0.00 secs] 
564.626: [GC [PSYoungGen: 682897K->2753K(689408K)] 957629K->277485K(2087552K), 0.0015148 secs] [Times: user=0.01 sys=0.00, real=0.00 secs] 
564.975: [GC [PSYoungGen: 682881K->2737K(690432K)] 957613K->277469K(2088576K), 0.0013303 secs] [Times: user=0.01 sys=0.00, real=0.00 secs] 
565.360: [GC [PSYoungGen: 684273K->2769K(690112K)] 959005K->277501K(2088256K), 0.0014732 secs] [Times: user=0.01 sys=0.00, real=0.00 secs] 
565.713: [GC [PSYoungGen: 684302K->2785K(691136K)] 959034K->277517K(2089280K), 0.0014926 secs] [Times: user=0.00 sys=0.00, real=0.00 secs] 
566.073: [GC [PSYoungGen: 685665K->2817K(690752K)] 960397K->277549K(2088896K), 0.0014586 secs] [Times: user=0.00 sys=0.00, real=0.00 secs] 
566.438: [GC [PSYoungGen: 685696K->2785K(691776K)] 960428K->277517K(2089920K), 0.0013127 secs] [Times: user=0.01 sys=0.00, real=0.00 secs] 
566.828: [GC [PSYoungGen: 687009K->2705K(691456K)] 961741K->277437K(2089600K), 0.0013426 secs] [Times: user=0.01 sys=0.00, real=0.00 secs] 
567.188: [GC [PSYoungGen: 686929K->2721K(692288K)] 961661K->277453K(2090432K), 0.0013844 secs] [Times: user=0.01 sys=0.00, real=0.00 secs] 
567.553: [GC [PSYoungGen: 688033K->2753K(692032K)] 962765K->277485K(2090176K), 0.0013715 secs] [Times: user=0.01 sys=0.01, real=0.01 secs] 
567.925: [GC [PSYoungGen: 688065K->2705K(692800K)] 962797K->277437K(2090944K), 0.0014998 secs] [Times: user=0.01 sys=0.00, real=0.00 secs] 
568.298: [GC [PSYoungGen: 689011K->2769K(692544K)] 963743K->277501K(2090688K), 0.0016259 secs] [Times: user=0.01 sys=0.00, real=0.00 secs] 
568.661: [GC [PSYoungGen: 689105K->2721K(693248K)] 963837K->277453K(2091392K), 0.0013894 secs] [Times: user=0.00 sys=0.00, real=0.00 secs] 
569.031: [GC [PSYoungGen: 690017K->2753K(693056K)] 964749K->277485K(2091200K), 0.0014127 secs] [Times: user=0.01 sys=0.00, real=0.00 secs] 
569.388: [GC [PSYoungGen: 690049K->2833K(693696K)] 964781K->277565K(2091840K), 0.0014385 secs] [Times: user=0.01 sys=0.00, real=0.00 secs] 
569.768: [GC [PSYoungGen: 691025K->2737K(693504K)] 965757K->277469K(2091648K), 0.0014281 secs] [Times: user=0.01 sys=0.00, real=0.00 secs] 
570.137: [GC [PSYoungGen: 690929K->2769K(694080K)] 965661K->277501K(2092224K), 0.0013994 secs] [Times: user=0.01 sys=0.00, real=0.00 secs] 
570.526: [GC [PSYoungGen: 691729K->2769K(693888K)] 966461K->277501K(2092032K), 0.0014705 secs] [Times: user=0.01 sys=0.00, real=0.00 secs] 
570.816: [GC [PSYoungGen: 691726K->2753K(694400K)] 966458K->277485K(2092544K), 0.0013913 secs] [Times: user=0.01 sys=0.00, real=0.00 secs] 
571.186: [GC [PSYoungGen: 692353K->2801K(694208K)] 967085K->277533K(2092352K), 0.0015219 secs] [Times: user=0.01 sys=0.00, real=0.00 secs] 
571.555: [GC [PSYoungGen: 692401K->2737K(694656K)] 967133K->277469K(2092800K), 0.0013226 secs] [Times: user=0.01 sys=0.00, real=0.00 secs] 
571.928: [GC [PSYoungGen: 692913K->2769K(694528K)] 967645K->277501K(2092672K), 0.0016203 secs] [Times: user=0.01 sys=0.00, real=0.00 secs] 
572.299: [GC [PSYoungGen: 692945K->2769K(694848K)] 967677K->277501K(2092992K), 0.0013913 secs] [Times: user=0.01 sys=0.00, real=0.00 secs] 
572.668: [GC [PSYoungGen: 693393K->2753K(694784K)] 968124K->277485K(2092928K), 0.0014569 secs] [Times: user=0.01 sys=0.00, real=0.00 secs] 
573.037: [GC [PSYoungGen: 693377K->2753K(695104K)] 968109K->277485K(2093248K), 0.0014363 secs] [Times: user=0.01 sys=0.01, real=0.00 secs] 
573.409: [GC [PSYoungGen: 693825K->2737K(694976K)] 968557K->277469K(2093120K), 0.0013357 secs] [Times: user=0.01 sys=0.00, real=0.00 secs] 
573.787: [GC [PSYoungGen: 693809K->2737K(695232K)] 968541K->277469K(2093376K), 0.0015005 secs] [Times: user=0.01 sys=0.00, real=0.00 secs] 
574.186: [GC [PSYoungGen: 694129K->2753K(695168K)] 968861K->277485K(2093312K), 0.0013541 secs] [Times: user=0.01 sys=0.00, real=0.00 secs] 
574.555: [GC [PSYoungGen: 694145K->2769K(695424K)] 968877K->277501K(2093568K), 0.0014613 secs] [Times: user=0.01 sys=0.00, real=0.00 secs] 
574.932: [GC [PSYoungGen: 694481K->2721K(695296K)] 969213K->277453K(2093440K), 0.0014233 secs] [Times: user=0.01 sys=0.00, real=0.00 secs] 
575.301: [GC [PSYoungGen: 694433K->2801K(695552K)] 969165K->277533K(2093696K), 0.0014536 secs] [Times: user=0.01 sys=0.00, real=0.00 secs] 
575.658: [GC [PSYoungGen: 694812K->2801K(695488K)] 969544K->277533K(2093632K), 0.0014878 secs] [Times: user=0.01 sys=0.00, real=0.00 secs] 
576.026: [GC [PSYoungGen: 694833K->2753K(695616K)] 969565K->277485K(2093760K), 0.0013446 secs] [Times: user=0.01 sys=0.01, real=0.00 secs] 
576.329: [GC [PSYoungGen: 694977K->2673K(695616K)] 969709K->277405K(2093760K), 0.0015786 secs] [Times: user=0.00 sys=0.00, real=0.00 secs] 
576.696: [GC [PSYoungGen: 694886K->2721K(695744K)] 969617K->277453K(2093888K), 0.0013599 secs] [Times: user=0.00 sys=0.00, real=0.00 secs] 
577.109: [GC [PSYoungGen: 695137K->2785K(695680K)] 969869K->277517K(2093824K), 0.0016987 secs] [Times: user=0.01 sys=0.00, real=0.00 secs] 
577.775: [GC [PSYoungGen: 695201K->2753K(695808K)] 969933K->277485K(2093952K), 0.0013573 secs] [Times: user=0.01 sys=0.00, real=0.00 secs] 
578.334: [GC [PSYoungGen: 695297K->2769K(695744K)] 970029K->277501K(2093888K), 0.0014472 secs] [Times: user=0.01 sys=0.00, real=0.01 secs] 
578.900: [GC [PSYoungGen: 695313K->2769K(695872K)] 970045K->277501K(2094016K), 0.0012789 secs] [Times: user=0.00 sys=0.00, real=0.00 secs] 
579.676: [GC [PSYoungGen: 695441K->2705K(695808K)] 970173K->277437K(2093952K), 0.0014100 secs] [Times: user=0.01 sys=0.00, real=0.00 secs] 
580.219: [GC [PSYoungGen: 695377K->2769K(695936K)] 970109K->277501K(2094080K), 0.0012977 secs] [Times: user=0.01 sys=0.00, real=0.00 secs] 
581.063: [GC [PSYoungGen: 695554K->2769K(695872K)] 970286K->277501K(2094016K), 0.0014316 secs] [Times: user=0.01 sys=0.00, real=0.01 secs] 
581.810: [GC [PSYoungGen: 695569K->2817K(695936K)] 970301K->277549K(2094080K), 0.0013255 secs] [Times: user=0.01 sys=0.00, real=0.00 secs] 
582.350: [GC [PSYoungGen: 695681K->2737K(695936K)] 970413K->277469K(2094080K), 0.0013682 secs] [Times: user=0.01 sys=0.00, real=0.00 secs] 
583.397: [GC [PSYoungGen: 695601K->2785K(696000K)] 970333K->277517K(2094144K), 0.0013556 secs] [Times: user=0.01 sys=0.00, real=0.00 secs] 
584.198: [GC [PSYoungGen: 695777K->2785K(696000K)] 970509K->277517K(2094144K), 0.0014124 secs] [Times: user=0.01 sys=0.00, real=0.00 secs] 
584.819: [GC [PSYoungGen: 695777K->2753K(696000K)] 970509K->277485K(2094144K), 0.0014075 secs] [Times: user=0.01 sys=0.00, real=0.00 secs] 
585.682: [GC [PSYoungGen: 695745K->2737K(696000K)] 970477K->277469K(2094144K), 0.0016965 secs] [Times: user=0.01 sys=0.00, real=0.00 secs] 
586.511: [GC [PSYoungGen: 695729K->2785K(696064K)] 970461K->277517K(2094208K), 0.0013501 secs] [Times: user=0.01 sys=0.00, real=0.00 secs] 
587.388: [GC [PSYoungGen: 695905K->2737K(696064K)] 970637K->277469K(2094208K), 0.0014389 secs] [Times: user=0.01 sys=0.00, real=0.00 secs] 
589.259: [GC [PSYoungGen: 695857K->2785K(696064K)] 970589K->277517K(2094208K), 0.0014822 secs] [Times: user=0.00 sys=0.01, real=0.00 secs] 
590.582: [GC [PSYoungGen: 695905K->2769K(696064K)] 970637K->277501K(2094208K), 0.0014382 secs] [Times: user=0.01 sys=0.00, real=0.00 secs] 
591.245: [GC [PSYoungGen: 695889K->2753K(696064K)] 970621K->277485K(2094208K), 0.0014526 secs] [Times: user=0.01 sys=0.00, real=0.01 secs] 
592.066: [GC [PSYoungGen: 695873K->2721K(696064K)] 970605K->277453K(2094208K), 0.0013804 secs] [Times: user=0.01 sys=0.00, real=0.00 secs] 
593.073: [GC [PSYoungGen: 695835K->2785K(696128K)] 970567K->277517K(2094272K), 0.0013573 secs] [Times: user=0.01 sys=0.00, real=0.00 secs] 
593.679: [GC [PSYoungGen: 695969K->2737K(696064K)] 970701K->277469K(2094208K), 0.0014693 secs] [Times: user=0.01 sys=0.00, real=0.00 secs] 
594.630: [GC [PSYoungGen: 695921K->2705K(696128K)] 970653K->277437K(2094272K), 0.0013085 secs] [Times: user=0.01 sys=0.00, real=0.00 secs] 
603.335: [GC [PSYoungGen: 695953K->2817K(696128K)] 970685K->277549K(2094272K), 0.0014261 secs] [Times: user=0.01 sys=0.00, real=0.01 secs] 
603.779: [GC [PSYoungGen: 696065K->2705K(696128K)] 970797K->277437K(2094272K), 0.0012985 secs] [Times: user=0.01 sys=0.00, real=0.00 secs] 
604.329: [GC [PSYoungGen: 695953K->2785K(696128K)] 970685K->277517K(2094272K), 0.0013110 secs] [Times: user=0.01 sys=0.00, real=0.00 secs] 
604.755: [GC [PSYoungGen: 696033K->2753K(696128K)] 970765K->277485K(2094272K), 0.0013604 secs] [Times: user=0.01 sys=0.00, real=0.01 secs] 
605.183: [GC [PSYoungGen: 696001K->2737K(696128K)] 970733K->277469K(2094272K), 0.0013242 secs] [Times: user=0.01 sys=0.00, real=0.00 secs] 
605.784: [GC [PSYoungGen: 695985K->2705K(696128K)] 970717K->277437K(2094272K), 0.0013397 secs] [Times: user=0.01 sys=0.00, real=0.00 secs] 
606.226: [GC [PSYoungGen: 695948K->2737K(696128K)] 970680K->277469K(2094272K), 0.0013012 secs] [Times: user=0.01 sys=0.00, real=0.00 secs] 
606.819: [GC [PSYoungGen: 695985K->1840K(695872K)] 970717K->276580K(2094016K), 0.0012463 secs] [Times: user=0.00 sys=0.00, real=0.00 secs] 
607.206: [GC [PSYoungGen: 694832K->2977K(696000K)] 969572K->298669K(2094144K), 0.0331211 secs] [Times: user=0.04 sys=0.01, real=0.03 secs] 
607.682: [GC [PSYoungGen: 695955K->3008K(657984K)] 991647K->332261K(2056128K), 0.0607166 secs] [Times: user=0.06 sys=0.02, real=0.06 secs] 
608.158: [GC [PSYoungGen: 657984K->21984K(676992K)] 987237K->361365K(2075136K), 0.0376081 secs] [Times: user=0.05 sys=0.01, real=0.04 secs] 
608.608: [GC [PSYoungGen: 676960K->22016K(649600K)] 1016341K->371605K(2047744K), 0.0392293 secs] [Times: user=0.05 sys=0.00, real=0.04 secs] 
609.037: [GC [PSYoungGen: 649600K->30688K(658304K)] 999189K->380437K(2056448K), 0.0296735 secs] [Times: user=0.05 sys=0.00, real=0.03 secs] 
609.454: [GC [PSYoungGen: 658272K->30816K(651840K)] 1008021K->380733K(2049984K), 0.0289155 secs] [Times: user=0.05 sys=0.00, real=0.03 secs] 
609.864: [GC [PSYoungGen: 642528K->29920K(641664K)] 992445K->379997K(2039808K), 0.0285926 secs] [Times: user=0.04 sys=0.01, real=0.03 secs] 
610.271: [GC [PSYoungGen: 641632K->29888K(649536K)] 991709K->380133K(2047680K), 0.0286093 secs] [Times: user=0.04 sys=0.00, real=0.03 secs] 
610.673: [GC [PSYoungGen: 633408K->29600K(633152K)] 983653K->380005K(2031296K), 0.0283547 secs] [Times: user=0.04 sys=0.00, real=0.03 secs] 
611.076: [GC [PSYoungGen: 633120K->29680K(648576K)] 983525K->380261K(2046720K), 0.0285328 secs] [Times: user=0.04 sys=0.01, real=0.02 secs] 
611.474: [GC [PSYoungGen: 629360K->29312K(628992K)] 979941K->380069K(2027136K), 0.0279298 secs] [Times: user=0.04 sys=0.00, real=0.03 secs] 
611.875: [GC [PSYoungGen: 628992K->29248K(649088K)] 979749K->380157K(2047232K), 0.0276615 secs] [Times: user=0.04 sys=0.01, real=0.03 secs] 
612.273: [GC [PSYoungGen: 628352K->29184K(649024K)] 979261K->380253K(2047168K), 0.0279142 secs] [Times: user=0.05 sys=0.00, real=0.03 secs] 
612.668: [GC [PSYoungGen: 628288K->29248K(649664K)] 979357K->380485K(2047808K), 0.0278710 secs] [Times: user=0.04 sys=0.00, real=0.03 secs] 
613.069: [GC [PSYoungGen: 629184K->29408K(649280K)] 980421K->380813K(2047424K), 0.0283469 secs] [Times: user=0.04 sys=0.00, real=0.03 secs] 
613.466: [GC [PSYoungGen: 629344K->29344K(650688K)] 980749K->380909K(2048832K), 0.0285440 secs] [Times: user=0.05 sys=0.00, real=0.02 secs] 
613.873: [GC [PSYoungGen: 631136K->29632K(650112K)] 982701K->381365K(2048256K), 0.0283306 secs] [Times: user=0.05 sys=0.00, real=0.03 secs] 
614.275: [GC [PSYoungGen: 631424K->29536K(651904K)] 983157K->381429K(2050048K), 0.0280097 secs] [Times: user=0.04 sys=0.01, real=0.03 secs] 
614.677: [GC [PSYoungGen: 633621K->29696K(651200K)] 985514K->381749K(2049344K), 0.0279840 secs] [Times: user=0.04 sys=0.00, real=0.02 secs] 
615.080: [GC [PSYoungGen: 633792K->29696K(653248K)] 985845K->381917K(2051392K), 0.0279562 secs] [Times: user=0.05 sys=0.00, real=0.03 secs] 
615.483: [GC [PSYoungGen: 636480K->29728K(652544K)] 988701K->382101K(2050688K), 0.0281201 secs] [Times: user=0.05 sys=0.00, real=0.03 secs] 
615.890: [GC [PSYoungGen: 636512K->29728K(654656K)] 988885K->382269K(2052800K), 0.0282561 secs] [Times: user=0.05 sys=0.00, real=0.03 secs] 
616.293: [GC [PSYoungGen: 639328K->29824K(653952K)] 991869K->382517K(2052096K), 0.0324071 secs] [Times: user=0.05 sys=0.00, real=0.03 secs] 
616.703: [GC [PSYoungGen: 639424K->29728K(656128K)] 992117K->382589K(2054272K), 0.0285880 secs] [Times: user=0.05 sys=0.01, real=0.03 secs] 
617.112: [GC [PSYoungGen: 642208K->29952K(655360K)] 995069K->382965K(2053504K), 0.0282241 secs] [Times: user=0.05 sys=0.00, real=0.03 secs] 
617.518: [GC [PSYoungGen: 642432K->29920K(657408K)] 995445K->383093K(2055552K), 0.0281666 secs] [Times: user=0.05 sys=0.00, real=0.03 secs] 
617.932: [GC [PSYoungGen: 645084K->30336K(656768K)] 998258K->383685K(2054912K), 0.0280484 secs] [Times: user=0.04 sys=0.00, real=0.03 secs] 
618.339: [GC [PSYoungGen: 645504K->30304K(658432K)] 998853K->383821K(2056576K), 0.0282599 secs] [Times: user=0.05 sys=0.00, real=0.03 secs] 
618.751: [GC [PSYoungGen: 647647K->30368K(657920K)] 1001164K->384053K(2056064K), 0.0286598 secs] [Times: user=0.04 sys=0.00, real=0.03 secs] 
619.159: [GC [PSYoungGen: 647712K->30304K(659456K)] 1001397K->384157K(2057600K), 0.0283141 secs] [Times: user=0.05 sys=0.00, real=0.03 secs] 
619.570: [GC [PSYoungGen: 649696K->30368K(658944K)] 1003549K->384389K(2057088K), 0.0282809 secs] [Times: user=0.04 sys=0.00, real=0.03 secs] 
619.983: [GC [PSYoungGen: 649760K->30464K(660416K)] 1003781K->384653K(2058560K), 0.0292224 secs] [Times: user=0.04 sys=0.00, real=0.03 secs] 
620.394: [GC [PSYoungGen: 651840K->30368K(659968K)] 1006029K->384725K(2058112K), 0.0283693 secs] [Times: user=0.05 sys=0.00, real=0.03 secs] 
620.806: [GC [PSYoungGen: 651744K->30464K(661312K)] 1006101K->384981K(2059456K), 0.0285460 secs] [Times: user=0.04 sys=0.00, real=0.03 secs] 
621.218: [GC [PSYoungGen: 653696K->30400K(660928K)] 1008213K->385093K(2059072K), 0.0283482 secs] [Times: user=0.04 sys=0.00, real=0.03 secs] 
621.630: [GC [PSYoungGen: 653632K->30432K(662208K)] 1008325K->385285K(2060352K), 0.0289473 secs] [Times: user=0.05 sys=0.00, real=0.03 secs] 
622.047: [GC [PSYoungGen: 655392K->30464K(661760K)] 1010245K->385485K(2059904K), 0.0289184 secs] [Times: user=0.05 sys=0.00, real=0.02 secs] 
622.458: [GC [PSYoungGen: 655424K->30528K(662912K)] 1010445K->385701K(2061056K), 0.0287137 secs] [Times: user=0.04 sys=0.00, real=0.03 secs] 
622.876: [GC [PSYoungGen: 657006K->30784K(662592K)] 1012179K->386125K(2060736K), 0.0285506 secs] [Times: user=0.05 sys=0.00, real=0.02 secs] 
623.292: [GC [PSYoungGen: 657277K->30848K(663424K)] 1012618K->386349K(2061568K), 0.0284812 secs] [Times: user=0.05 sys=0.00, real=0.03 secs] 
623.709: [GC [PSYoungGen: 658432K->30848K(663168K)] 1013933K->386509K(2061312K), 0.0328429 secs] [Times: user=0.04 sys=0.00, real=0.03 secs] 
624.133: [GC [PSYoungGen: 658432K->30880K(663872K)] 1014093K->386717K(2062016K), 0.0294718 secs] [Times: user=0.05 sys=0.00, real=0.03 secs] 
624.549: [GC [PSYoungGen: 659360K->30880K(663616K)] 1015197K->386885K(2061760K), 0.0290687 secs] [Times: user=0.05 sys=0.00, real=0.03 secs] 
624.965: [GC [PSYoungGen: 659360K->30928K(664256K)] 1015365K->387101K(2062400K), 0.0293930 secs] [Times: user=0.05 sys=0.00, real=0.03 secs] 
625.381: [GC [PSYoungGen: 660234K->30912K(664064K)] 1016407K->387245K(2062208K), 0.0295659 secs] [Times: user=0.04 sys=0.00, real=0.03 secs] 
625.802: [GC [PSYoungGen: 660224K->30912K(664704K)] 1016557K->387405K(2062848K), 0.0287451 secs] [Times: user=0.04 sys=0.00, real=0.03 secs] 
626.220: [GC [PSYoungGen: 661048K->30944K(664448K)] 1017542K->387605K(2062592K), 0.0289388 secs] [Times: user=0.04 sys=0.00, real=0.03 secs] 
626.642: [GC [PSYoungGen: 661088K->30976K(665024K)] 1017749K->387805K(2063168K), 0.0287118 secs] [Times: user=0.04 sys=0.00, real=0.03 secs] 
627.058: [GC [PSYoungGen: 661888K->30880K(664896K)] 1018717K->387869K(2063040K), 0.0290254 secs] [Times: user=0.05 sys=0.01, real=0.03 secs] 
627.477: [GC [PSYoungGen: 661792K->30976K(665408K)] 1018781K->388125K(2063552K), 0.0290824 secs] [Times: user=0.04 sys=0.00, real=0.02 secs] 
628.459: [GC [PSYoungGen: 662592K->18960K(650624K)] 1019741K->376286K(2048768K), 0.0177496 secs] [Times: user=0.03 sys=0.00, real=0.02 secs] 
629.993: [GC [PSYoungGen: 650576K->11728K(658880K)] 1007902K->370582K(2057024K), 0.0117409 secs] [Times: user=0.02 sys=0.00, real=0.01 secs] 
631.390: [GC [PSYoungGen: 635312K->12288K(635968K)] 994166K->371470K(2034112K), 0.0119735 secs] [Times: user=0.02 sys=0.00, real=0.01 secs] 
632.797: [GC [PSYoungGen: 635904K->12048K(657536K)] 995086K->371975K(2055680K), 0.0121278 secs] [Times: user=0.02 sys=0.01, real=0.01 secs] 
634.186: [GC [PSYoungGen: 630288K->11856K(630144K)] 990215K->372527K(2028288K), 0.0115675 secs] [Times: user=0.02 sys=0.00, real=0.02 secs] 
635.502: [GC [PSYoungGen: 630096K->12112K(657728K)] 990767K->373368K(2055872K), 0.0114967 secs] [Times: user=0.02 sys=0.00, real=0.01 secs] 
636.858: [GC [PSYoungGen: 628816K->11712K(657856K)] 990072K->373904K(2056000K), 0.0109775 secs] [Times: user=0.02 sys=0.01, real=0.01 secs] 
638.142: [GC [PSYoungGen: 628416K->12272K(658368K)] 990608K->374832K(2056512K), 0.0128474 secs] [Times: user=0.02 sys=0.00, real=0.01 secs] 
639.489: [GC [PSYoungGen: 629537K->12144K(657920K)] 992097K->375393K(2056064K), 0.0117545 secs] [Times: user=0.02 sys=0.00, real=0.01 secs] 
641.065: [GC [PSYoungGen: 629424K->11536K(659712K)] 992673K->375713K(2057856K), 0.0116804 secs] [Times: user=0.02 sys=0.01, real=0.02 secs] 
642.432: [GC [PSYoungGen: 631240K->11776K(659008K)] 995417K->376449K(2057152K), 0.0113750 secs] [Times: user=0.02 sys=0.00, real=0.01 secs] 
644.193: [GC [PSYoungGen: 631488K->11440K(661504K)] 996161K->376865K(2059648K), 0.0114224 secs] [Times: user=0.02 sys=0.00, real=0.01 secs] 
645.695: [GC [PSYoungGen: 634480K->12016K(660544K)] 999905K->377778K(2058688K), 0.0121066 secs] [Times: user=0.02 sys=0.00, real=0.02 secs] 
647.054: [GC [PSYoungGen: 635050K->11952K(663744K)] 1000812K->378394K(2061888K), 0.0128349 secs] [Times: user=0.02 sys=0.00, real=0.01 secs] 
648.754: [GC [PSYoungGen: 639269K->11632K(662592K)] 1005711K->378882K(2060736K), 0.0112955 secs] [Times: user=0.02 sys=0.01, real=0.01 secs] 
650.228: [GC [PSYoungGen: 638938K->11680K(665920K)] 1006189K->379315K(2064064K), 0.0131355 secs] [Times: user=0.02 sys=0.01, real=0.01 secs] 
651.603: [GC [PSYoungGen: 643424K->12528K(664832K)] 1011059K->380443K(2062976K), 0.0138641 secs] [Times: user=0.02 sys=0.01, real=0.02 secs] 
653.449: [GC [PSYoungGen: 644248K->11616K(668224K)] 1012163K->380731K(2066368K), 0.0116707 secs] [Times: user=0.02 sys=0.01, real=0.01 secs] 
654.860: [GC [PSYoungGen: 648032K->12368K(667200K)] 1017147K->381724K(2065344K), 0.0138382 secs] [Times: user=0.02 sys=0.01, real=0.01 secs] 
656.340: [GC [PSYoungGen: 648784K->12272K(670528K)] 1018140K->382516K(2068672K), 0.0116995 secs] [Times: user=0.02 sys=0.00, real=0.01 secs] 
658.579: [GC [PSYoungGen: 653232K->12464K(669440K)] 1023476K->383501K(2067584K), 0.0133499 secs] [Times: user=0.02 sys=0.00, real=0.01 secs] 
660.139: [GC [PSYoungGen: 653424K->12208K(672640K)] 1024461K->384045K(2070784K), 0.0122131 secs] [Times: user=0.02 sys=0.01, real=0.01 secs] 
661.538: [GC [PSYoungGen: 657449K->12448K(671616K)] 1029287K->384917K(2069760K), 0.0119878 secs] [Times: user=0.02 sys=0.00, real=0.01 secs] 
662.984: [GC [PSYoungGen: 657696K->12336K(674496K)] 1030165K->385526K(2072640K), 0.0117489 secs] [Times: user=0.02 sys=0.00, real=0.01 secs] 
664.358: [GC [PSYoungGen: 661408K->12768K(673600K)] 1034598K->386486K(2071744K), 0.0123432 secs] [Times: user=0.02 sys=0.01, real=0.01 secs] 
665.747: [GC [PSYoungGen: 661856K->13152K(676352K)] 1035574K->387455K(2074496K), 0.0121531 secs] [Times: user=0.02 sys=0.00, real=0.02 secs] 
667.176: [GC [PSYoungGen: 665952K->12240K(675456K)] 1040255K->387783K(2073600K), 0.0127492 secs] [Times: user=0.02 sys=0.00, real=0.02 secs] 
668.652: [GC [PSYoungGen: 665015K->12576K(677760K)] 1040558K->388535K(2075904K), 0.0122120 secs] [Times: user=0.02 sys=0.00, real=0.01 secs] 
670.801: [GC [PSYoungGen: 668384K->12048K(677056K)] 1044343K->388800K(2075200K), 0.0125700 secs] [Times: user=0.02 sys=0.00, real=0.01 secs] 
672.171: [GC [PSYoungGen: 667856K->12368K(678976K)] 1044608K->389552K(2077120K), 0.0121484 secs] [Times: user=0.03 sys=0.00, real=0.01 secs] 
673.729: [GC [PSYoungGen: 670672K->12560K(678336K)] 1047856K->390304K(2076480K), 0.0152224 secs] [Times: user=0.02 sys=0.00, real=0.01 secs] 
675.135: [GC [PSYoungGen: 670861K->12656K(680128K)] 1048606K->390993K(2078272K), 0.0151140 secs] [Times: user=0.03 sys=0.00, real=0.02 secs] 
676.686: [GC [PSYoungGen: 673319K->12528K(679552K)] 1051655K->391697K(2077696K), 0.0121064 secs] [Times: user=0.02 sys=0.00, real=0.02 secs] 
678.059: [GC [PSYoungGen: 673200K->12624K(681088K)] 1052369K->392481K(2079232K), 0.0121454 secs] [Times: user=0.02 sys=0.00, real=0.01 secs] 
679.546: [GC [PSYoungGen: 675344K->12080K(680640K)] 1055201K->392738K(2078784K), 0.0120778 secs] [Times: user=0.02 sys=0.01, real=0.02 secs] 
681.062: [GC [PSYoungGen: 674797K->12576K(681856K)] 1055455K->393410K(2080000K), 0.0121140 secs] [Times: user=0.02 sys=0.00, real=0.01 secs] 
682.703: [GC [PSYoungGen: 676896K->12448K(681472K)] 1057730K->393866K(2079616K), 0.0120597 secs] [Times: user=0.03 sys=0.00, real=0.01 secs] 
684.164: [GC [PSYoungGen: 676765K->12656K(682624K)] 1058184K->394563K(2080768K), 0.0122901 secs] [Times: user=0.02 sys=0.00, real=0.01 secs] 
685.724: [GC [PSYoungGen: 678512K->12640K(682240K)] 1060419K->395179K(2080384K), 0.0126661 secs] [Times: user=0.02 sys=0.00, real=0.01 secs] 
687.159: [GC [PSYoungGen: 678496K->13056K(683136K)] 1061035K->396187K(2081280K), 0.0137574 secs] [Times: user=0.02 sys=0.00, real=0.01 secs] 
688.734: [GC [PSYoungGen: 680128K->12352K(682944K)] 1063259K->396364K(2081088K), 0.0118341 secs] [Times: user=0.02 sys=0.00, real=0.01 secs] 
690.174: [GC [PSYoungGen: 679424K->12960K(683584K)] 1063436K->397364K(2081728K), 0.0138559 secs] [Times: user=0.03 sys=0.00, real=0.02 secs] 
691.639: [GC [PSYoungGen: 680928K->12736K(683392K)] 1065332K->397924K(2081536K), 0.0127547 secs] [Times: user=0.02 sys=0.01, real=0.01 secs] 
693.072: [GC [PSYoungGen: 680701K->12576K(684032K)] 1065889K->398405K(2082176K), 0.0121645 secs] [Times: user=0.02 sys=0.00, real=0.01 secs] 
694.501: [GC [PSYoungGen: 681421K->12768K(683840K)] 1067250K->399037K(2081984K), 0.0118584 secs] [Times: user=0.03 sys=0.00, real=0.01 secs] 
695.965: [GC [PSYoungGen: 681632K->12816K(684416K)] 1067901K->399773K(2082560K), 0.0117753 secs] [Times: user=0.02 sys=0.00, real=0.01 secs] 
697.542: [GC [PSYoungGen: 682497K->13168K(684288K)] 1069454K->400550K(2082432K), 0.0119424 secs] [Times: user=0.02 sys=0.00, real=0.01 secs] 
699.009: [GC [PSYoungGen: 682864K->12576K(684608K)] 1070246K->400838K(2082752K), 0.0122237 secs] [Times: user=0.02 sys=0.00, real=0.01 secs] 
700.506: [GC [PSYoungGen: 682656K->12736K(684480K)] 1070918K->401438K(2082624K), 0.0125223 secs] [Times: user=0.03 sys=0.00, real=0.02 secs] 
702.001: [GC [PSYoungGen: 682816K->12464K(684864K)] 1071518K->401910K(2083008K), 0.0125837 secs] [Times: user=0.02 sys=0.00, real=0.01 secs] 
703.758: [GC [PSYoungGen: 683056K->13008K(684736K)] 1072502K->402735K(2082880K), 0.0125695 secs] [Times: user=0.02 sys=0.00, real=0.02 secs] 
705.216: [GC [PSYoungGen: 683600K->12480K(684992K)] 1073327K->403191K(2083136K), 0.0123053 secs] [Times: user=0.03 sys=0.01, real=0.02 secs] 
706.666: [GC [PSYoungGen: 683328K->12784K(684864K)] 1074039K->403928K(2083008K), 0.0127577 secs] [Times: user=0.02 sys=0.01, real=0.02 secs] 
708.181: [GC [PSYoungGen: 683632K->12912K(685120K)] 1074776K->404544K(2083264K), 0.0119530 secs] [Times: user=0.02 sys=0.00, real=0.01 secs] 
709.653: [GC [PSYoungGen: 684080K->12736K(685056K)] 1075712K->405208K(2083200K), 0.0129357 secs] [Times: user=0.02 sys=0.00, real=0.01 secs] 
711.126: [GC [PSYoungGen: 683904K->12176K(685248K)] 1076376K->405288K(2083392K), 0.0125412 secs] [Times: user=0.02 sys=0.00, real=0.02 secs] 
712.689: [GC [PSYoungGen: 683664K->12544K(685248K)] 1076776K->405841K(2083392K), 0.0118315 secs] [Times: user=0.02 sys=0.00, real=0.01 secs] 
714.175: [GC [PSYoungGen: 684032K->12480K(685376K)] 1077329K->406321K(2083520K), 0.0144456 secs] [Times: user=0.02 sys=0.00, real=0.02 secs] 
715.628: [GC [PSYoungGen: 684160K->12560K(685312K)] 1078001K->406689K(2083456K), 0.0116963 secs] [Times: user=0.02 sys=0.00, real=0.02 secs] 
718.263: [GC [PSYoungGen: 684229K->12416K(685504K)] 1078358K->407041K(2083648K), 0.0116925 secs] [Times: user=0.02 sys=0.00, real=0.01 secs] 
719.714: [GC [PSYoungGen: 684343K->12544K(685440K)] 1078968K->407457K(2083584K), 0.0123939 secs] [Times: user=0.02 sys=0.00, real=0.01 secs] 
721.157: [GC [PSYoungGen: 684480K->12608K(685632K)] 1079393K->407753K(2083776K), 0.0115956 secs] [Times: user=0.02 sys=0.00, real=0.01 secs] 
722.513: [GC [PSYoungGen: 684800K->12880K(685568K)] 1079945K->408122K(2083712K), 0.0119177 secs] [Times: user=0.02 sys=0.00, real=0.01 secs] 
723.373: [GC [PSYoungGen: 685072K->12640K(685696K)] 1080314K->407969K(2083840K), 0.0121514 secs] [Times: user=0.02 sys=0.00, real=0.01 secs] 
723.907: [GC [PSYoungGen: 684960K->12416K(685632K)] 1080289K->407793K(2083776K), 0.0118281 secs] [Times: user=0.02 sys=0.00, real=0.02 secs] 
724.285: [GC [PSYoungGen: 684736K->12144K(685696K)] 1080113K->407577K(2083840K), 0.0120529 secs] [Times: user=0.02 sys=0.00, real=0.01 secs] 
724.758: [GC [PSYoungGen: 684528K->10210K(682624K)] 1079961K->405660K(2080768K), 0.0071610 secs] [Times: user=0.02 sys=0.00, real=0.01 secs] 
725.112: [GC [PSYoungGen: 682594K->4882K(683072K)] 1078044K->400732K(2081216K), 0.0020761 secs] [Times: user=0.01 sys=0.00, real=0.00 secs] 
725.408: [GC [PSYoungGen: 674322K->4722K(674176K)] 1070172K->401004K(2072320K), 0.0019978 secs] [Times: user=0.01 sys=0.00, real=0.01 secs] 
725.679: [GC [PSYoungGen: 674162K->4850K(682240K)] 1070444K->401580K(2080384K), 0.0021351 secs] [Times: user=0.01 sys=0.00, real=0.01 secs] 
726.064: [GC [PSYoungGen: 671464K->4738K(671424K)] 1068194K->401909K(2069568K), 0.0020648 secs] [Times: user=0.01 sys=0.00, real=0.00 secs] 
726.358: [GC [PSYoungGen: 671362K->4850K(682176K)] 1068533K->402413K(2080320K), 0.0020919 secs] [Times: user=0.02 sys=0.00, real=0.01 secs] 
726.656: [GC [PSYoungGen: 670450K->4722K(682304K)] 1068013K->402725K(2080448K), 0.0020128 secs] [Times: user=0.01 sys=0.00, real=0.00 secs] 
726.925: [GC [PSYoungGen: 670322K->4962K(682432K)] 1068325K->403181K(2080576K), 0.0019433 secs] [Times: user=0.01 sys=0.01, real=0.00 secs] 
727.228: [GC [PSYoungGen: 670690K->4674K(682304K)] 1068909K->403494K(2080448K), 0.0021091 secs] [Times: user=0.01 sys=0.00, real=0.01 secs] 
727.529: [GC [PSYoungGen: 670402K->4914K(682880K)] 1069222K->404086K(2081024K), 0.0021093 secs] [Times: user=0.01 sys=0.00, real=0.00 secs] 
727.837: [GC [PSYoungGen: 671346K->4834K(682560K)] 1070518K->404278K(2080704K), 0.0020415 secs] [Times: user=0.01 sys=0.00, real=0.00 secs] 
728.146: [GC [PSYoungGen: 671260K->4914K(683648K)] 1070704K->404702K(2081792K), 0.0021331 secs] [Times: user=0.01 sys=0.01, real=0.00 secs] 
728.466: [GC [PSYoungGen: 672807K->4594K(683264K)] 1072595K->405022K(2081408K), 0.0020396 secs] [Times: user=0.01 sys=0.00, real=0.00 secs] 
728.739: [GC [PSYoungGen: 672498K->4770K(684416K)] 1072926K->405687K(2082560K), 0.0020570 secs] [Times: user=0.01 sys=0.00, real=0.00 secs] 
729.050: [GC [PSYoungGen: 674208K->4962K(684032K)] 1075125K->406183K(2082176K), 0.0022512 secs] [Times: user=0.01 sys=0.00, real=0.00 secs] 
729.351: [GC [PSYoungGen: 674388K->5122K(685440K)] 1075609K->406527K(2083584K), 0.0019909 secs] [Times: user=0.01 sys=0.00, real=0.00 secs] 
729.694: [GC [PSYoungGen: 676482K->4818K(684928K)] 1077887K->406655K(2083072K), 0.0022746 secs] [Times: user=0.01 sys=0.00, real=0.00 secs] 
730.015: [GC [PSYoungGen: 676178K->4834K(686336K)] 1078015K->407039K(2084480K), 0.0020386 secs] [Times: user=0.01 sys=0.00, real=0.00 secs] 
730.327: [GC [PSYoungGen: 678050K->4546K(685888K)] 1080255K->407344K(2084032K), 0.0021172 secs] [Times: user=0.01 sys=0.00, real=0.00 secs] 
730.637: [GC [PSYoungGen: 677762K->4738K(687168K)] 1080560K->408032K(2085312K), 0.0021745 secs] [Times: user=0.01 sys=0.00, real=0.01 secs] 
730.917: [GC [PSYoungGen: 679618K->4818K(686720K)] 1082912K->408408K(2084864K), 0.0020876 secs] [Times: user=0.01 sys=0.01, real=0.01 secs] 
731.234: [GC [PSYoungGen: 679695K->4946K(688000K)] 1083286K->408728K(2086144K), 0.0020916 secs] [Times: user=0.01 sys=0.01, real=0.00 secs] 
731.543: [GC [PSYoungGen: 681462K->4882K(687552K)] 1085244K->409009K(2085696K), 0.0021177 secs] [Times: user=0.01 sys=0.00, real=0.00 secs] 
731.867: [GC [PSYoungGen: 681426K->4994K(688832K)] 1085553K->409401K(2086976K), 0.0021721 secs] [Times: user=0.01 sys=0.00, real=0.00 secs] 
732.174: [GC [PSYoungGen: 683266K->4754K(688448K)] 1087673K->409593K(2086592K), 0.0021461 secs] [Times: user=0.01 sys=0.00, real=0.00 secs] 
732.494: [GC [PSYoungGen: 683011K->4642K(689472K)] 1087850K->410081K(2087616K), 0.0021036 secs] [Times: user=0.02 sys=0.00, real=0.00 secs] 
732.808: [GC [PSYoungGen: 684253K->4818K(689152K)] 1089692K->410650K(2087296K), 0.0021265 secs] [Times: user=0.01 sys=0.00, real=0.01 secs] 
733.089: [GC [PSYoungGen: 684434K->4498K(690048K)] 1090266K->410978K(2088192K), 0.0021344 secs] [Times: user=0.01 sys=0.00, real=0.01 secs] 
733.430: [GC [PSYoungGen: 685330K->4914K(689792K)] 1091810K->411674K(2087936K), 0.0021724 secs] [Times: user=0.01 sys=0.00, real=0.00 secs] 
733.719: [GC [PSYoungGen: 685746K->4786K(690624K)] 1092506K->411994K(2088768K), 0.0021119 secs] [Times: user=0.01 sys=0.01, real=0.01 secs] 
734.065: [GC [PSYoungGen: 686770K->4898K(690368K)] 1093978K->412403K(2088512K), 0.0020972 secs] [Times: user=0.01 sys=0.00, real=0.00 secs] 
734.380: [GC [PSYoungGen: 686882K->4770K(691136K)] 1094387K->412779K(2089280K), 0.0021137 secs] [Times: user=0.01 sys=0.00, real=0.00 secs] 
734.697: [GC [PSYoungGen: 687778K->4706K(690880K)] 1095787K->413259K(2089024K), 0.0020971 secs] [Times: user=0.01 sys=0.00, real=0.01 secs] 
735.011: [GC [PSYoungGen: 687714K->4994K(691584K)] 1096267K->413851K(2089728K), 0.0020558 secs] [Times: user=0.02 sys=0.00, real=0.00 secs] 
735.332: [GC [PSYoungGen: 688898K->4786K(691328K)] 1097755K->414083K(2089472K), 0.0020824 secs] [Times: user=0.01 sys=0.01, real=0.00 secs] 
735.640: [GC [PSYoungGen: 688690K->4818K(691968K)] 1097987K->414564K(2090112K), 0.0021132 secs] [Times: user=0.02 sys=0.01, real=0.00 secs] 
735.975: [GC [PSYoungGen: 689554K->4850K(691776K)] 1099300K->414996K(2089920K), 0.0020903 secs] [Times: user=0.01 sys=0.00, real=0.00 secs] 
736.260: [GC [PSYoungGen: 689586K->4994K(692352K)] 1099732K->415292K(2090496K), 0.0020280 secs] [Times: user=0.02 sys=0.00, real=0.00 secs] 
736.629: [GC [PSYoungGen: 690498K->4850K(692160K)] 1100796K->415484K(2090304K), 0.0020800 secs] [Times: user=0.01 sys=0.00, real=0.01 secs] 
736.944: [GC [PSYoungGen: 690354K->4866K(692608K)] 1100988K->415852K(2090752K), 0.0020937 secs] [Times: user=0.01 sys=0.00, real=0.00 secs] 
737.263: [GC [PSYoungGen: 690946K->4930K(692480K)] 1101932K->416253K(2090624K), 0.0021458 secs] [Times: user=0.02 sys=0.00, real=0.00 secs] 
737.592: [GC [PSYoungGen: 691009K->4786K(692864K)] 1102331K->416565K(2091008K), 0.0020237 secs] [Times: user=0.01 sys=0.00, real=0.00 secs] 
737.918: [GC [PSYoungGen: 691359K->4770K(692736K)] 1103138K->416989K(2090880K), 0.0022368 secs] [Times: user=0.01 sys=0.00, real=0.01 secs] 
738.239: [GC [PSYoungGen: 691348K->4674K(692992K)] 1103567K->417445K(2091136K), 0.0021775 secs] [Times: user=0.01 sys=0.00, real=0.01 secs] 
738.528: [GC [PSYoungGen: 691586K->4834K(692928K)] 1104357K->417990K(2091072K), 0.0020234 secs] [Times: user=0.01 sys=0.00, real=0.01 secs] 
738.961: [GC [PSYoungGen: 691746K->5074K(693120K)] 1104901K->418398K(2091264K), 0.0022043 secs] [Times: user=0.02 sys=0.00, real=0.00 secs] 
739.305: [GC [PSYoungGen: 692306K->4642K(693120K)] 1105630K->418542K(2091264K), 0.0022610 secs] [Times: user=0.01 sys=0.01, real=0.00 secs] 
739.595: [GC [PSYoungGen: 691874K->4898K(693248K)] 1105774K->419102K(2091392K), 0.0020760 secs] [Times: user=0.01 sys=0.00, real=0.00 secs] 
739.945: [GC [PSYoungGen: 692322K->4866K(693184K)] 1106526K->419454K(2091328K), 0.0020529 secs] [Times: user=0.01 sys=0.01, real=0.00 secs] 
740.287: [GC [PSYoungGen: 692290K->4930K(693376K)] 1106878K->419807K(2091520K), 0.0021230 secs] [Times: user=0.01 sys=0.00, real=0.00 secs] 
740.626: [GC [PSYoungGen: 692610K->5026K(693312K)] 1107487K->420079K(2091456K), 0.0019830 secs] [Times: user=0.02 sys=0.00, real=0.00 secs] 
740.965: [GC [PSYoungGen: 692700K->4850K(693504K)] 1107753K->420303K(2091648K), 0.0020875 secs] [Times: user=0.01 sys=0.00, real=0.00 secs] 
741.309: [GC [PSYoungGen: 692786K->4834K(693440K)] 1108239K->420639K(2091584K), 0.0021384 secs] [Times: user=0.01 sys=0.00, real=0.01 secs] 
741.641: [GC [PSYoungGen: 692756K->4914K(693568K)] 1108561K->420999K(2091712K), 0.0020799 secs] [Times: user=0.02 sys=0.01, real=0.00 secs] 
741.992: [GC [PSYoungGen: 692978K->4738K(693504K)] 1109063K->421319K(2091648K), 0.0021244 secs] [Times: user=0.01 sys=0.00, real=0.00 secs] 
742.340: [GC [PSYoungGen: 692801K->4562K(693568K)] 1109382K->421792K(2091712K), 0.0020731 secs] [Times: user=0.02 sys=0.01, real=0.00 secs] 
742.688: [GC [PSYoungGen: 692690K->4930K(693568K)] 1109920K->422496K(2091712K), 0.0021784 secs] [Times: user=0.01 sys=0.00, real=0.01 secs] 
743.040: [GC [PSYoungGen: 693058K->4802K(693632K)] 1110624K->422816K(2091776K), 0.0021073 secs] [Times: user=0.01 sys=0.00, real=0.00 secs] 
743.383: [GC [PSYoungGen: 693028K->4978K(693632K)] 1111042K->423233K(2091776K), 0.0020399 secs] [Times: user=0.01 sys=0.00, real=0.00 secs] 
743.728: [GC [PSYoungGen: 693209K->4658K(693696K)] 1111463K->423497K(2091840K), 0.0022953 secs] [Times: user=0.01 sys=0.00, real=0.01 secs] 
744.074: [GC [PSYoungGen: 692978K->4802K(693632K)] 1111817K->424025K(2091776K), 0.0020523 secs] [Times: user=0.01 sys=0.00, real=0.00 secs] 
744.413: [GC [PSYoungGen: 693122K->4802K(693760K)] 1112345K->424473K(2091904K), 0.0021296 secs] [Times: user=0.02 sys=0.00, real=0.00 secs] 
744.755: [GC [PSYoungGen: 693250K->5042K(693696K)] 1112921K->424938K(2091840K), 0.0022531 secs] [Times: user=0.01 sys=0.00, real=0.00 secs] 
745.091: [GC [PSYoungGen: 693480K->4754K(693760K)] 1113375K->425066K(2091904K), 0.0022137 secs] [Times: user=0.01 sys=0.00, real=0.00 secs] 
745.381: [GC [PSYoungGen: 693202K->4610K(693696K)] 1113514K->425466K(2091840K), 0.0021364 secs] [Times: user=0.01 sys=0.01, real=0.00 secs] 
745.728: [GC [PSYoungGen: 693058K->4850K(693760K)] 1113914K->426114K(2091904K), 0.0022009 secs] [Times: user=0.02 sys=0.00, real=0.01 secs] 
746.123: [GC [PSYoungGen: 693358K->4930K(693760K)] 1114622K->426482K(2091904K), 0.0022104 secs] [Times: user=0.01 sys=0.00, real=0.00 secs] 
746.471: [GC [PSYoungGen: 693442K->4866K(693760K)] 1114994K->426739K(2091904K), 0.0020448 secs] [Times: user=0.01 sys=0.00, real=0.00 secs] 
746.760: [GC [PSYoungGen: 693369K->4962K(693760K)] 1115241K->427115K(2091904K), 0.0020783 secs] [Times: user=0.01 sys=0.00, real=0.01 secs] 
747.104: [GC [PSYoungGen: 693471K->5106K(693632K)] 1115624K->427459K(2091776K), 0.0022140 secs] [Times: user=0.01 sys=0.00, real=0.00 secs] 
747.450: [GC [PSYoungGen: 693489K->4802K(693696K)] 1115841K->427531K(2091840K), 0.0024620 secs] [Times: user=0.01 sys=0.00, real=0.00 secs] 
747.800: [GC [PSYoungGen: 693186K->4690K(693760K)] 1115915K->427915K(2091904K), 0.0020420 secs] [Times: user=0.01 sys=0.00, real=0.00 secs] 
748.144: [GC [PSYoungGen: 693195K->4834K(693760K)] 1116420K->428460K(2091904K), 0.0021247 secs] [Times: user=0.02 sys=0.00, real=0.00 secs] 
748.491: [GC [PSYoungGen: 693346K->4850K(693824K)] 1116972K->428836K(2091968K), 0.0027090 secs] [Times: user=0.01 sys=0.01, real=0.00 secs] 
748.838: [GC [PSYoungGen: 693426K->4482K(693760K)] 1117412K->429164K(2091904K), 0.0021353 secs] [Times: user=0.01 sys=0.00, real=0.01 secs] 
749.182: [GC [PSYoungGen: 693058K->4626K(693824K)] 1117740K->429852K(2091968K), 0.0020323 secs] [Times: user=0.02 sys=0.00, real=0.00 secs] 
749.524: [GC [PSYoungGen: 693190K->4418K(693760K)] 1118417K->430188K(2091904K), 0.0019461 secs] [Times: user=0.01 sys=0.00, real=0.00 secs] 
749.867: [GC [PSYoungGen: 692979K->2865K(693248K)] 1118750K->428652K(2091392K), 0.0016201 secs] [Times: user=0.01 sys=0.00, real=0.00 secs] 
750.269: [GC [PSYoungGen: 690865K->5474K(693504K)] 1116652K->437909K(2091648K), 0.0274801 secs] [Times: user=0.04 sys=0.01, real=0.03 secs] 
750.755: [GC [PSYoungGen: 693474K->5504K(679808K)] 1125909K->449781K(2077952K), 0.0409409 secs] [Times: user=0.06 sys=0.02, real=0.04 secs] 
751.255: [GC [PSYoungGen: 679806K->12128K(686464K)] 1124084K->456429K(2084608K), 0.0373236 secs] [Times: user=0.06 sys=0.00, real=0.04 secs] 
751.753: [GC [PSYoungGen: 686432K->12032K(681472K)] 1130733K->456437K(2079616K), 0.0318296 secs] [Times: user=0.05 sys=0.00, real=0.03 secs] 
752.237: [GC [PSYoungGen: 680944K->12032K(680960K)] 1125350K->456549K(2079104K), 0.0315277 secs] [Times: user=0.05 sys=0.00, real=0.03 secs] 
752.726: [GC [PSYoungGen: 680944K->12032K(681664K)] 1125462K->456661K(2079808K), 0.0326213 secs] [Times: user=0.05 sys=0.00, real=0.03 secs] 
753.212: [GC [PSYoungGen: 677732K->11904K(677632K)] 1122362K->456621K(2075776K), 0.0364355 secs] [Times: user=0.06 sys=0.00, real=0.03 secs] 
753.705: [GC [PSYoungGen: 677632K->12000K(681152K)] 1122349K->456829K(2079296K), 0.0373770 secs] [Times: user=0.05 sys=0.00, real=0.04 secs] 
754.195: [GC [PSYoungGen: 676064K->11904K(675968K)] 1120893K->456837K(2074112K), 0.0312216 secs] [Times: user=0.05 sys=0.00, real=0.03 secs] 
754.675: [GC [PSYoungGen: 675958K->11872K(681088K)] 1120892K->456925K(2079232K), 0.0317270 secs] [Times: user=0.05 sys=0.00, real=0.03 secs] 
755.155: [GC [PSYoungGen: 675296K->11936K(681216K)] 1120349K->457101K(2079360K), 0.0310294 secs] [Times: user=0.05 sys=0.00, real=0.03 secs] 
755.633: [GC [PSYoungGen: 675340K->11872K(681216K)] 1120506K->457149K(2079360K), 0.0364304 secs] [Times: user=0.05 sys=0.00, real=0.03 secs] 
756.125: [GC [PSYoungGen: 675296K->11904K(681216K)] 1120573K->457285K(2079360K), 0.0364054 secs] [Times: user=0.06 sys=0.00, real=0.04 secs] 
756.617: [GC [PSYoungGen: 675317K->11936K(681472K)] 1120699K->457421K(2079616K), 0.0311315 secs] [Times: user=0.05 sys=0.00, real=0.03 secs] 
757.098: [GC [PSYoungGen: 675744K->11936K(681344K)] 1121229K->457525K(2079488K), 0.0312845 secs] [Times: user=0.05 sys=0.00, real=0.03 secs] 
757.581: [GC [PSYoungGen: 675744K->11936K(681792K)] 1121333K->457645K(2079936K), 0.0363211 secs] [Times: user=0.06 sys=0.00, real=0.03 secs] 
758.079: [GC [PSYoungGen: 676306K->11872K(681600K)] 1122016K->457685K(2079744K), 0.0374223 secs] [Times: user=0.06 sys=0.00, real=0.04 secs] 
758.562: [GC [PSYoungGen: 676256K->11904K(682176K)] 1122069K->457821K(2080320K), 0.0315059 secs] [Times: user=0.05 sys=0.00, real=0.03 secs] 
759.045: [GC [PSYoungGen: 677027K->11904K(681984K)] 1122945K->457933K(2080128K), 0.0316124 secs] [Times: user=0.05 sys=0.00, real=0.03 secs] 
759.530: [GC [PSYoungGen: 677056K->11968K(682624K)] 1123085K->458093K(2080768K), 0.0312004 secs] [Times: user=0.05 sys=0.00, real=0.04 secs] 
760.019: [GC [PSYoungGen: 678016K->11968K(682432K)] 1124141K->458197K(2080576K), 0.0318098 secs] [Times: user=0.05 sys=0.00, real=0.04 secs] 
760.509: [GC [PSYoungGen: 678016K->12000K(683008K)] 1124245K->458333K(2081152K), 0.0319590 secs] [Times: user=0.05 sys=0.00, real=0.04 secs] 
760.997: [GC [PSYoungGen: 678816K->11936K(682816K)] 1125149K->458381K(2080960K), 0.0366712 secs] [Times: user=0.05 sys=0.00, real=0.04 secs] 
761.489: [GC [PSYoungGen: 678752K->12000K(683456K)] 1125197K->458557K(2081600K), 0.0316466 secs] [Times: user=0.05 sys=0.00, real=0.04 secs] 
761.985: [GC [PSYoungGen: 679692K->11936K(683264K)] 1126250K->458597K(2081408K), 0.0327222 secs] [Times: user=0.05 sys=0.00, real=0.03 secs] 
762.475: [GC [PSYoungGen: 679648K->11968K(683840K)] 1126309K->458733K(2081984K), 0.0328288 secs] [Times: user=0.05 sys=0.00, real=0.03 secs] 
762.960: [GC [PSYoungGen: 680436K->11968K(683648K)] 1127202K->458837K(2081792K), 0.0329621 secs] [Times: user=0.05 sys=0.00, real=0.03 secs] 
763.448: [GC [PSYoungGen: 680448K->11968K(684224K)] 1127317K->458941K(2082368K), 0.0332334 secs] [Times: user=0.05 sys=0.00, real=0.04 secs] 
763.946: [GC [PSYoungGen: 681206K->12032K(684032K)] 1128180K->459117K(2082176K), 0.0331037 secs] [Times: user=0.05 sys=0.00, real=0.03 secs] 
764.441: [GC [PSYoungGen: 681280K->12032K(684544K)] 1128365K->459229K(2082688K), 0.0331931 secs] [Times: user=0.06 sys=0.00, real=0.03 secs] 
764.939: [GC [PSYoungGen: 681979K->12000K(684416K)] 1129177K->459301K(2082560K), 0.0386743 secs] [Times: user=0.06 sys=0.01, real=0.04 secs] 
765.439: [GC [PSYoungGen: 681949K->12032K(684864K)] 1129251K->459437K(2083008K), 0.0334624 secs] [Times: user=0.05 sys=0.00, real=0.04 secs] 
765.952: [GC [PSYoungGen: 682624K->12096K(684736K)] 1130029K->459597K(2082880K), 0.0381064 secs] [Times: user=0.06 sys=0.00, real=0.03 secs] 
766.459: [GC [PSYoungGen: 682688K->12000K(685120K)] 1130189K->459613K(2083264K), 0.0336024 secs] [Times: user=0.06 sys=0.00, real=0.04 secs] 
766.965: [GC [PSYoungGen: 683040K->12128K(684928K)] 1130653K->459845K(2083072K), 0.0380062 secs] [Times: user=0.06 sys=0.01, real=0.04 secs] 
767.474: [GC [PSYoungGen: 683168K->12032K(685312K)] 1130885K->459845K(2083456K), 0.0332906 secs] [Times: user=0.05 sys=0.00, real=0.03 secs] 
767.977: [GC [PSYoungGen: 683520K->12064K(685184K)] 1131333K->459981K(2083328K), 0.0335460 secs] [Times: user=0.05 sys=0.00, real=0.04 secs] 
768.483: [GC [PSYoungGen: 683552K->12064K(685504K)] 1131469K->460101K(2083648K), 0.0334473 secs] [Times: user=0.05 sys=0.00, real=0.03 secs] 
768.987: [GC [PSYoungGen: 684000K->12032K(685440K)] 1132037K->460189K(2083584K), 0.0336006 secs] [Times: user=0.05 sys=0.00, real=0.04 secs] 
769.488: [GC [PSYoungGen: 683968K->12032K(685696K)] 1132125K->460285K(2083840K), 0.0382557 secs] [Times: user=0.05 sys=0.01, real=0.04 secs] 
770.000: [GC [PSYoungGen: 684352K->12064K(685632K)] 1132605K->460429K(2083776K), 0.0336729 secs] [Times: user=0.05 sys=0.01, real=0.04 secs] 
770.915: [GC [PSYoungGen: 684375K->11265K(685824K)] 1132741K->459711K(2083968K), 0.0233237 secs] [Times: user=0.04 sys=0.00, real=0.02 secs] 
773.532: [GC [PSYoungGen: 683905K->5328K(678016K)] 1132351K->456047K(2076160K), 0.0125007 secs] [Times: user=0.03 sys=0.01, real=0.01 secs] 
776.498: [GC [PSYoungGen: 677968K->4912K(683264K)] 1128687K->456736K(2081408K), 0.0122806 secs] [Times: user=0.02 sys=0.01, real=0.02 secs] 
778.961: [GC [PSYoungGen: 673964K->5616K(674688K)] 1125788K->457840K(2072832K), 0.0118142 secs] [Times: user=0.02 sys=0.01, real=0.01 secs] 
781.796: [GC [PSYoungGen: 674663K->4832K(682880K)] 1126887K->458369K(2081024K), 0.0145828 secs] [Times: user=0.03 sys=0.01, real=0.01 secs] 
784.070: [GC [PSYoungGen: 672348K->4624K(672192K)] 1125885K->458785K(2070336K), 0.0118603 secs] [Times: user=0.03 sys=0.01, real=0.02 secs] 
786.879: [GC [PSYoungGen: 672130K->4816K(682944K)] 1126291K->459385K(2081088K), 0.0142110 secs] [Times: user=0.02 sys=0.01, real=0.02 secs] 
789.460: [GC [PSYoungGen: 671824K->5056K(683008K)] 1126393K->460154K(2081152K), 0.0120502 secs] [Times: user=0.02 sys=0.01, real=0.02 secs] 
792.109: [GC [PSYoungGen: 672059K->4528K(683264K)] 1127157K->460538K(2081408K), 0.0123766 secs] [Times: user=0.02 sys=0.01, real=0.02 secs] 
793.559: [GC [PSYoungGen: 671920K->5008K(683136K)] 1127930K->461290K(2081280K), 0.0121983 secs] [Times: user=0.03 sys=0.01, real=0.02 secs] 
795.017: [GC [PSYoungGen: 672400K->5312K(683904K)] 1128682K->462211K(2082048K), 0.0121001 secs] [Times: user=0.02 sys=0.01, real=0.01 secs] 
797.379: [GC [PSYoungGen: 673728K->5008K(683520K)] 1130627K->462923K(2081664K), 0.0119067 secs] [Times: user=0.03 sys=0.01, real=0.02 secs] 
798.801: [GC [PSYoungGen: 673410K->4848K(684672K)] 1131325K->463531K(2082816K), 0.0135923 secs] [Times: user=0.03 sys=0.00, real=0.02 secs] 
801.235: [GC [PSYoungGen: 674800K->4928K(684288K)] 1133483K->464204K(2082432K), 0.0122367 secs] [Times: user=0.03 sys=0.00, real=0.01 secs] 
804.107: [GC [PSYoungGen: 674878K->4960K(685504K)] 1134154K->464860K(2083648K), 0.0122259 secs] [Times: user=0.02 sys=0.00, real=0.01 secs] 
808.161: [GC [PSYoungGen: 676510K->4880K(685056K)] 1136410K->465485K(2083200K), 0.0142612 secs] [Times: user=0.02 sys=0.01, real=0.02 secs] 
812.189: [GC [PSYoungGen: 676431K->4416K(686208K)] 1137035K->465685K(2084352K), 0.0131365 secs] [Times: user=0.03 sys=0.00, real=0.02 secs] 
815.496: [GC [PSYoungGen: 677473K->4608K(685888K)] 1138742K->466053K(2084032K), 0.0141063 secs] [Times: user=0.03 sys=0.00, real=0.01 secs] 
818.054: [GC [PSYoungGen: 677669K->5008K(687104K)] 1139115K->466877K(2085248K), 0.0122784 secs] [Times: user=0.02 sys=0.00, real=0.01 secs] 
821.537: [GC [PSYoungGen: 679691K->4896K(686592K)] 1141560K->467446K(2084736K), 0.0128106 secs] [Times: user=0.02 sys=0.00, real=0.01 secs] 
825.612: [GC [PSYoungGen: 679579K->4544K(687872K)] 1142129K->467718K(2086016K), 0.0154751 secs] [Times: user=0.03 sys=0.00, real=0.01 secs] 
828.310: [GC [PSYoungGen: 680881K->5168K(687488K)] 1144055K->468598K(2085632K), 0.0124277 secs] [Times: user=0.02 sys=0.00, real=0.02 secs] 
830.518: [GC [PSYoungGen: 681491K->5168K(688704K)] 1144922K->469230K(2086848K), 0.0124431 secs] [Times: user=0.02 sys=0.00, real=0.01 secs] 
834.332: [GC [PSYoungGen: 683167K->4464K(688320K)] 1147229K->469391K(2086464K), 0.0155817 secs] [Times: user=0.02 sys=0.00, real=0.02 secs] 
837.038: [GC [PSYoungGen: 682480K->4832K(689344K)] 1147407K->470015K(2087488K), 0.0126913 secs] [Times: user=0.03 sys=0.00, real=0.01 secs] 
841.654: [GC [PSYoungGen: 684161K->4432K(689024K)] 1149344K->470199K(2087168K), 0.0129711 secs] [Times: user=0.02 sys=0.00, real=0.01 secs] 
846.460: [GC [PSYoungGen: 683774K->4352K(689856K)] 1149541K->470343K(2088000K), 0.0141807 secs] [Times: user=0.03 sys=0.00, real=0.02 secs] 
850.687: [GC [PSYoungGen: 684800K->4384K(689600K)] 1150791K->470495K(2087744K), 0.0146611 secs] [Times: user=0.03 sys=0.00, real=0.01 secs] 
853.897: [GC [PSYoungGen: 684823K->4400K(690304K)] 1150935K->470623K(2088448K), 0.0144020 secs] [Times: user=0.02 sys=0.00, real=0.01 secs] 
855.797: [GC [PSYoungGen: 685799K->5168K(690112K)] 1152023K->471560K(2088256K), 0.0122914 secs] [Times: user=0.03 sys=0.01, real=0.01 secs] 
859.076: [GC [PSYoungGen: 686572K->5024K(690944K)] 1152963K->472152K(2089088K), 0.0121625 secs] [Times: user=0.02 sys=0.00, real=0.01 secs] 
862.472: [GC [PSYoungGen: 687576K->5008K(690624K)] 1154704K->472752K(2088768K), 0.0120289 secs] [Times: user=0.02 sys=0.01, real=0.02 secs] 
865.345: [GC [PSYoungGen: 687554K->5344K(691392K)] 1155299K->473697K(2089536K), 0.0123315 secs] [Times: user=0.02 sys=0.00, real=0.01 secs] 
870.121: [GC [PSYoungGen: 688978K->4816K(691264K)] 1157331K->474081K(2089408K), 0.0125101 secs] [Times: user=0.03 sys=0.00, real=0.02 secs] 
872.975: [GC [PSYoungGen: 688464K->4624K(691776K)] 1157729K->474473K(2089920K), 0.0122807 secs] [Times: user=0.02 sys=0.00, real=0.01 secs] 
874.710: [GC [PSYoungGen: 688960K->5296K(691584K)] 1158809K->475466K(2089728K), 0.0124478 secs] [Times: user=0.02 sys=0.00, real=0.01 secs] 
878.822: [GC [PSYoungGen: 689620K->4416K(691968K)] 1159790K->475570K(2090112K), 0.0132380 secs] [Times: user=0.02 sys=0.01, real=0.02 secs] 
882.407: [GC [PSYoungGen: 689262K->4496K(691904K)] 1160416K->475834K(2090048K), 0.0135487 secs] [Times: user=0.03 sys=0.00, real=0.01 secs] 
886.660: [GC [PSYoungGen: 689344K->4464K(692224K)] 1160682K->476018K(2090368K), 0.0157185 secs] [Times: user=0.03 sys=0.00, real=0.02 secs] 
888.725: [GC [PSYoungGen: 689771K->5504K(692096K)] 1161325K->477187K(2090240K), 0.0119831 secs] [Times: user=0.02 sys=0.00, real=0.01 secs] 
890.264: [GC [PSYoungGen: 690816K->4912K(692352K)] 1162499K->477627K(2090496K), 0.0122756 secs] [Times: user=0.02 sys=0.00, real=0.01 secs] 
891.729: [GC [PSYoungGen: 690410K->5328K(692160K)] 1163126K->478700K(2090304K), 0.0141837 secs] [Times: user=0.02 sys=0.00, real=0.01 secs] 
894.294: [GC [PSYoungGen: 690832K->4848K(692544K)] 1164204K->479180K(2090688K), 0.0135477 secs] [Times: user=0.03 sys=0.00, real=0.02 secs] 
896.238: [GC [PSYoungGen: 690736K->5424K(692352K)] 1165068K->480164K(2090496K), 0.0124099 secs] [Times: user=0.02 sys=0.00, real=0.01 secs] 
898.837: [GC [PSYoungGen: 691307K->4720K(692608K)] 1166048K->480525K(2090752K), 0.0135186 secs] [Times: user=0.03 sys=0.01, real=0.01 secs] 
901.380: [GC [PSYoungGen: 690795K->4656K(692480K)] 1166600K->480813K(2090624K), 0.0123146 secs] [Times: user=0.02 sys=0.00, real=0.01 secs] 
903.140: [GC [PSYoungGen: 690736K->5120K(692736K)] 1166893K->481629K(2090880K), 0.0130800 secs] [Times: user=0.02 sys=0.00, real=0.01 secs] 
905.769: [GC [PSYoungGen: 691518K->4944K(692672K)] 1168027K->482166K(2090816K), 0.0118621 secs] [Times: user=0.02 sys=0.00, real=0.01 secs] 
907.437: [GC [PSYoungGen: 691340K->4736K(692928K)] 1168562K->482566K(2091072K), 0.0120616 secs] [Times: user=0.03 sys=0.00, real=0.01 secs] 
909.678: [GC [PSYoungGen: 691511K->4848K(692864K)] 1169342K->483030K(2091008K), 0.0123414 secs] [Times: user=0.02 sys=0.00, real=0.01 secs] 
911.308: [GC [PSYoungGen: 691632K->5184K(693056K)] 1169814K->483935K(2091200K), 0.0129725 secs] [Times: user=0.02 sys=0.00, real=0.01 secs] 
913.064: [GC [PSYoungGen: 692269K->4816K(693056K)] 1171020K->484383K(2091200K), 0.0128089 secs] [Times: user=0.02 sys=0.00, real=0.02 secs] 
914.580: [GC [PSYoungGen: 691894K->5360K(692992K)] 1171461K->485247K(2091136K), 0.0120537 secs] [Times: user=0.02 sys=0.00, real=0.01 secs] 
916.211: [GC [PSYoungGen: 692464K->4736K(693056K)] 1172351K->485375K(2091200K), 0.0135578 secs] [Times: user=0.02 sys=0.00, real=0.01 secs] 
917.913: [GC [PSYoungGen: 691840K->4688K(693120K)] 1172479K->485639K(2091264K), 0.0128582 secs] [Times: user=0.03 sys=0.00, real=0.02 secs] 
919.530: [GC [PSYoungGen: 691920K->5024K(693120K)] 1172871K->486240K(2091264K), 0.0122664 secs] [Times: user=0.02 sys=0.00, real=0.01 secs] 
921.060: [GC [PSYoungGen: 692238K->4864K(693248K)] 1173454K->486392K(2091392K), 0.0123859 secs] [Times: user=0.02 sys=0.00, real=0.01 secs] 
922.615: [GC [PSYoungGen: 692288K->4656K(693184K)] 1173816K->486592K(2091328K), 0.0119267 secs] [Times: user=0.02 sys=0.00, real=0.01 secs] 
923.627: [GC [PSYoungGen: 692067K->4912K(693376K)] 1174004K->486896K(2091520K), 0.0121609 secs] [Times: user=0.02 sys=0.00, real=0.01 secs] 
924.090: [GC [PSYoungGen: 692592K->5618K(693312K)] 1174576K->490731K(2091456K), 0.0132280 secs] [Times: user=0.03 sys=0.00, real=0.01 secs] 
924.455: [GC [PSYoungGen: 693298K->5010K(691008K)] 1178411K->490475K(2089152K), 0.0021640 secs] [Times: user=0.02 sys=0.00, real=0.01 secs] 
924.765: [GC [PSYoungGen: 690314K->5090K(692160K)] 1175779K->490795K(2090304K), 0.0020854 secs] [Times: user=0.01 sys=0.00, real=0.01 secs] 
925.055: [GC [PSYoungGen: 690402K->5026K(692352K)] 1176107K->490979K(2090496K), 0.0021800 secs] [Times: user=0.01 sys=0.00, real=0.01 secs] 
925.367: [GC [PSYoungGen: 690658K->5026K(692288K)] 1176611K->491147K(2090432K), 0.0021515 secs] [Times: user=0.01 sys=0.00, real=0.00 secs] 
925.681: [GC [PSYoungGen: 690656K->5058K(692608K)] 1176776K->491235K(2090752K), 0.0021566 secs] [Times: user=0.02 sys=0.00, real=0.00 secs] 
925.969: [GC [PSYoungGen: 691133K->4882K(692480K)] 1177310K->491411K(2090624K), 0.0023177 secs] [Times: user=0.01 sys=0.00, real=0.00 secs] 
926.287: [GC [PSYoungGen: 690962K->4962K(692736K)] 1177491K->491795K(2090880K), 0.0020657 secs] [Times: user=0.02 sys=0.00, real=0.00 secs] 
926.601: [GC [PSYoungGen: 691351K->5026K(692672K)] 1178185K->492092K(2090816K), 0.0022318 secs] [Times: user=0.01 sys=0.00, real=0.00 secs] 
926.918: [GC [PSYoungGen: 691426K->4882K(692864K)] 1178492K->492348K(2091008K), 0.0021785 secs] [Times: user=0.01 sys=0.00, real=0.00 secs] 
927.234: [GC [PSYoungGen: 691538K->5058K(692800K)] 1179004K->492636K(2090944K), 0.0021567 secs] [Times: user=0.01 sys=0.00, real=0.01 secs] 
927.553: [GC [PSYoungGen: 691700K->5090K(693056K)] 1179277K->492852K(2091200K), 0.0022787 secs] [Times: user=0.01 sys=0.00, real=0.01 secs] 
927.900: [GC [PSYoungGen: 692130K->5042K(692992K)] 1179892K->493028K(2091136K), 0.0021831 secs] [Times: user=0.01 sys=0.00, real=0.00 secs] 
928.187: [GC [PSYoungGen: 692067K->4946K(693184K)] 1180053K->493228K(2091328K), 0.0022375 secs] [Times: user=0.02 sys=0.00, real=0.00 secs] 
928.541: [GC [PSYoungGen: 692242K->5010K(693120K)] 1180524K->493580K(2091264K), 0.0022232 secs] [Times: user=0.01 sys=0.00, real=0.00 secs] 
928.859: [GC [PSYoungGen: 692306K->5122K(693312K)] 1180876K->493796K(2091456K), 0.0022864 secs] [Times: user=0.01 sys=0.00, real=0.00 secs] 
929.179: [GC [PSYoungGen: 692674K->5074K(693248K)] 1181348K->493973K(2091392K), 0.0022667 secs] [Times: user=0.02 sys=0.00, real=0.00 secs] 
929.468: [GC [PSYoungGen: 692626K->5074K(693440K)] 1181525K->494141K(2091584K), 0.0021363 secs] [Times: user=0.01 sys=0.00, real=0.00 secs] 
929.796: [GC [PSYoungGen: 692882K->5010K(693376K)] 1181949K->494365K(2091520K), 0.0021957 secs] [Times: user=0.02 sys=0.00, real=0.00 secs] 
930.136: [GC [PSYoungGen: 692818K->5106K(693504K)] 1182173K->494653K(2091648K), 0.0022453 secs] [Times: user=0.01 sys=0.00, real=0.00 secs] 
930.453: [GC [PSYoungGen: 693028K->5122K(693440K)] 1182575K->494797K(2091584K), 0.0022608 secs] [Times: user=0.01 sys=0.00, real=0.00 secs] 
930.773: [GC [PSYoungGen: 693039K->4866K(693504K)] 1182714K->494885K(2091648K), 0.0022796 secs] [Times: user=0.01 sys=0.00, real=0.00 secs] 
931.095: [GC [PSYoungGen: 692866K->4866K(693504K)] 1182885K->495341K(2091648K), 0.0022655 secs] [Times: user=0.02 sys=0.00, real=0.01 secs] 
931.417: [GC [PSYoungGen: 692866K->4946K(693568K)] 1183341K->495629K(2091712K), 0.0023169 secs] [Times: user=0.01 sys=0.00, real=0.00 secs] 
931.744: [GC [PSYoungGen: 693010K->4642K(693504K)] 1183693K->495918K(2091648K), 0.0022181 secs] [Times: user=0.01 sys=0.00, real=0.01 secs] 
932.070: [GC [PSYoungGen: 692683K->4834K(693568K)] 1183959K->496550K(2091712K), 0.0022728 secs] [Times: user=0.01 sys=0.00, real=0.00 secs] 
932.386: [GC [PSYoungGen: 692898K->4962K(693504K)] 1184614K->496846K(2091648K), 0.0020827 secs] [Times: user=0.01 sys=0.00, real=0.00 secs] 
932.674: [GC [PSYoungGen: 693019K->4962K(693632K)] 1184903K->497150K(2091776K), 0.0022047 secs] [Times: user=0.02 sys=0.01, real=0.01 secs] 
932.991: [GC [PSYoungGen: 693154K->5154K(693568K)] 1185342K->497414K(2091712K), 0.0022905 secs] [Times: user=0.02 sys=0.00, real=0.00 secs] 
933.343: [GC [PSYoungGen: 693333K->4994K(693632K)] 1185593K->497558K(2091776K), 0.0022451 secs] [Times: user=0.01 sys=0.00, real=0.00 secs] 
933.686: [GC [PSYoungGen: 693186K->4850K(693568K)] 1185750K->497783K(2091712K), 0.0023056 secs] [Times: user=0.01 sys=0.00, real=0.00 secs] 
934.030: [GC [PSYoungGen: 693042K->5026K(693632K)] 1185975K->498247K(2091776K), 0.0021278 secs] [Times: user=0.01 sys=0.00, real=0.00 secs] 
934.373: [GC [PSYoungGen: 693282K->4898K(693632K)] 1186503K->498455K(2091776K), 0.0022595 secs] [Times: user=0.01 sys=0.00, real=0.00 secs] 
934.716: [GC [PSYoungGen: 693154K->5010K(693696K)] 1186711K->498815K(2091840K), 0.0021846 secs] [Times: user=0.01 sys=0.00, real=0.00 secs] 
935.048: [GC [PSYoungGen: 693394K->5138K(693696K)] 1187199K->499055K(2091840K), 0.0021969 secs] [Times: user=0.01 sys=0.00, real=0.00 secs] 
935.383: [GC [PSYoungGen: 693522K->5186K(693568K)] 1187439K->499103K(2091712K), 0.0023683 secs] [Times: user=0.02 sys=0.00, real=0.01 secs] 
935.724: [GC [PSYoungGen: 693442K->4962K(693632K)] 1187359K->499223K(2091776K), 0.0025147 secs] [Times: user=0.01 sys=0.00, real=0.01 secs] 
936.062: [GC [PSYoungGen: 693209K->4786K(693632K)] 1187470K->499544K(2091776K), 0.0022458 secs] [Times: user=0.02 sys=0.00, real=0.00 secs] 
936.410: [GC [PSYoungGen: 693042K->4962K(693632K)] 1187800K->500024K(2091776K), 0.0021883 secs] [Times: user=0.02 sys=0.00, real=0.00 secs] 
936.763: [GC [PSYoungGen: 693218K->5026K(693696K)] 1188280K->500280K(2091840K), 0.0022094 secs] [Times: user=0.02 sys=0.00, real=0.00 secs] 
937.111: [GC [PSYoungGen: 693402K->4930K(693696K)] 1188656K->500480K(2091840K), 0.0022390 secs] [Times: user=0.01 sys=0.00, real=0.00 secs] 
937.449: [GC [PSYoungGen: 693308K->4946K(693760K)] 1188858K->500736K(2091904K), 0.0023593 secs] [Times: user=0.01 sys=0.00, real=0.00 secs] 
937.795: [GC [PSYoungGen: 693394K->4994K(693696K)] 1189184K->501056K(2091840K), 0.0024355 secs] [Times: user=0.02 sys=0.01, real=0.01 secs] 
938.131: [GC [PSYoungGen: 693442K->4450K(693632K)] 1189504K->501257K(2091776K), 0.0021763 secs] [Times: user=0.01 sys=0.00, real=0.00 secs] 
938.419: [GC [PSYoungGen: 692822K->5074K(693696K)] 1189629K->502113K(2091840K), 0.0022446 secs] [Times: user=0.02 sys=0.00, real=0.00 secs] 
938.765: [GC [PSYoungGen: 693430K->4946K(693696K)] 1190469K->502329K(2091840K), 0.0021759 secs] [Times: user=0.02 sys=0.00, real=0.01 secs] 
939.165: [GC [PSYoungGen: 693330K->4866K(693696K)] 1190713K->502649K(2091840K), 0.0023481 secs] [Times: user=0.01 sys=0.00, real=0.01 secs] 
939.523: [GC [PSYoungGen: 693244K->4786K(693760K)] 1191027K->503058K(2091904K), 0.0021539 secs] [Times: user=0.01 sys=0.00, real=0.00 secs] 
939.821: [GC [PSYoungGen: 693219K->4930K(693696K)] 1191491K->503546K(2091840K), 0.0023853 secs] [Times: user=0.02 sys=0.00, real=0.00 secs] 
940.170: [GC [PSYoungGen: 693378K->5090K(693632K)] 1191994K->503930K(2091776K), 0.0020933 secs] [Times: user=0.01 sys=0.00, real=0.00 secs] 
940.512: [GC [PSYoungGen: 693465K->4898K(693696K)] 1192305K->504130K(2091840K), 0.0021980 secs] [Times: user=0.02 sys=0.00, real=0.00 secs] 
940.860: [GC [PSYoungGen: 693272K->4690K(693760K)] 1192504K->504458K(2091904K), 0.0021982 secs] [Times: user=0.01 sys=0.00, real=0.00 secs] 
941.204: [GC [PSYoungGen: 693202K->5074K(693632K)] 1192970K->505075K(2091776K), 0.0022759 secs] [Times: user=0.01 sys=0.00, real=0.01 secs] 
941.547: [GC [PSYoungGen: 693585K->5026K(693696K)] 1193586K->505211K(2091840K), 0.0022409 secs] [Times: user=0.01 sys=0.00, real=0.00 secs] 
941.893: [GC [PSYoungGen: 693397K->5010K(693696K)] 1193582K->505411K(2091840K), 0.0023624 secs] [Times: user=0.02 sys=0.00, real=0.01 secs] 
942.240: [GC [PSYoungGen: 693394K->4898K(693760K)] 1193795K->505643K(2091904K), 0.0021402 secs] [Times: user=0.02 sys=0.00, real=0.00 secs] 
942.582: [GC [PSYoungGen: 693346K->4882K(693696K)] 1194091K->505971K(2091840K), 0.0021076 secs] [Times: user=0.02 sys=0.00, real=0.00 secs] 
942.927: [GC [PSYoungGen: 693318K->4978K(693760K)] 1194407K->506363K(2091904K), 0.0022711 secs] [Times: user=0.02 sys=0.00, real=0.00 secs] 
943.272: [GC [PSYoungGen: 693490K->4962K(693760K)] 1194875K->506595K(2091904K), 0.0021439 secs] [Times: user=0.02 sys=0.00, real=0.00 secs] 
943.612: [GC [PSYoungGen: 693474K->5010K(693760K)] 1195107K->506932K(2091904K), 0.0021453 secs] [Times: user=0.02 sys=0.00, real=0.00 secs] 
943.969: [GC [PSYoungGen: 693522K->4802K(693760K)] 1195444K->507116K(2091904K), 0.0023002 secs] [Times: user=0.01 sys=0.00, real=0.00 secs] 
944.260: [GC [PSYoungGen: 693306K->4754K(693760K)] 1195619K->507620K(2091904K), 0.0022717 secs] [Times: user=0.01 sys=0.00, real=0.00 secs] 
944.662: [GC [PSYoungGen: 693236K->5026K(693760K)] 1196102K->508108K(2091904K), 0.0022875 secs] [Times: user=0.01 sys=0.00, real=0.00 secs] 
945.005: [GC [PSYoungGen: 693538K->5026K(693760K)] 1196620K->508332K(2091904K), 0.0022461 secs] [Times: user=0.01 sys=0.00, real=0.01 secs] 
945.353: [GC [PSYoungGen: 693538K->4930K(693760K)] 1196844K->508565K(2091904K), 0.0022527 secs] [Times: user=0.02 sys=0.00, real=0.00 secs] 
945.645: [GC [PSYoungGen: 693442K->5186K(693632K)] 1197077K->508933K(2091776K), 0.0022774 secs] [Times: user=0.02 sys=0.00, real=0.01 secs] 
945.989: [GC [PSYoungGen: 693570K->5026K(693696K)] 1197317K->508997K(2091840K), 0.0021443 secs] [Times: user=0.01 sys=0.00, real=0.00 secs] 
946.387: [GC [PSYoungGen: 693410K->4994K(693760K)] 1197381K->509237K(2091904K), 0.0021646 secs] [Times: user=0.01 sys=0.01, real=0.00 secs] 
946.676: [GC [PSYoungGen: 693435K->5106K(693696K)] 1197677K->509557K(2091840K), 0.0023304 secs] [Times: user=0.01 sys=0.00, real=0.00 secs] 
947.019: [GC [PSYoungGen: 693526K->4834K(693696K)] 1197977K->509677K(2091840K), 0.0022622 secs] [Times: user=0.02 sys=0.00, real=0.00 secs] 
947.380: [GC [PSYoungGen: 693206K->4978K(693696K)] 1198049K->510061K(2091840K), 0.0022293 secs] [Times: user=0.02 sys=0.00, real=0.00 secs] 
947.738: [GC [PSYoungGen: 693362K->4898K(693760K)] 1198445K->510326K(2091904K), 0.0023005 secs] [Times: user=0.01 sys=0.00, real=0.00 secs] 
948.084: [GC [PSYoungGen: 693410K->4978K(693760K)] 1198838K->510702K(2091904K), 0.0023485 secs] [Times: user=0.01 sys=0.00, real=0.01 secs] 
948.428: [GC [PSYoungGen: 693490K->4722K(693760K)] 1199213K->510942K(2091904K), 0.0021087 secs] [Times: user=0.01 sys=0.00, real=0.00 secs] 
948.774: [GC [PSYoungGen: 693234K->5090K(693760K)] 1199454K->511510K(2091904K), 0.0021809 secs] [Times: user=0.01 sys=0.00, real=0.01 secs] 
949.120: [GC [PSYoungGen: 693602K->4786K(693760K)] 1200022K->511542K(2091904K), 0.0022219 secs] [Times: user=0.01 sys=0.00, real=0.00 secs] 
949.464: [GC [PSYoungGen: 693298K->4706K(693248K)] 1200054K->511582K(2091392K), 0.0021017 secs] [Times: user=0.01 sys=0.00, real=0.01 secs] 
949.803: [GC [PSYoungGen: 693208K->1392K(692672K)] 1200084K->508420K(2090816K), 0.0015648 secs] [Times: user=0.00 sys=0.00, real=0.00 secs] 
950.256: [GC [PSYoungGen: 688745K->5794K(693184K)] 1195773K->523791K(2091328K), 0.0358110 secs] [Times: user=0.05 sys=0.01, real=0.03 secs] 
950.758: [GC [PSYoungGen: 693153K->5824K(675392K)] 1211149K->537015K(2073536K), 0.0406057 secs] [Times: user=0.06 sys=0.01, real=0.04 secs] 
951.254: [GC [PSYoungGen: 675381K->13472K(683072K)] 1206573K->544703K(2081216K), 0.0314836 secs] [Times: user=0.05 sys=0.00, real=0.04 secs] 
951.747: [GC [PSYoungGen: 683040K->13440K(679872K)] 1214271K->544791K(2078016K), 0.0314719 secs] [Times: user=0.05 sys=0.01, real=0.03 secs] 
952.227: [GC [PSYoungGen: 677376K->13280K(677248K)] 1208727K->544751K(2075392K), 0.0319248 secs] [Times: user=0.05 sys=0.00, real=0.03 secs] 
952.711: [GC [PSYoungGen: 677216K->13312K(679104K)] 1208687K->544903K(2077248K), 0.0314373 secs] [Times: user=0.05 sys=0.00, real=0.03 secs] 
953.195: [GC [PSYoungGen: 673915K->13312K(673920K)] 1205506K->545015K(2072064K), 0.0307919 secs] [Times: user=0.05 sys=0.00, real=0.04 secs] 
953.683: [GC [PSYoungGen: 673920K->13216K(678784K)] 1205623K->545023K(2076928K), 0.0332370 secs] [Times: user=0.05 sys=0.00, real=0.04 secs] 
954.161: [GC [PSYoungGen: 672281K->13248K(672320K)] 1204088K->545159K(2070464K), 0.0317973 secs] [Times: user=0.05 sys=0.00, real=0.03 secs] 
954.635: [GC [PSYoungGen: 672320K->13216K(678656K)] 1204231K->545239K(2076800K), 0.0310274 secs] [Times: user=0.05 sys=0.01, real=0.04 secs] 
955.108: [GC [PSYoungGen: 671623K->13216K(678720K)] 1203647K->545351K(2076864K), 0.0373692 secs] [Times: user=0.06 sys=0.00, real=0.03 secs] 
955.604: [GC [PSYoungGen: 671648K->13312K(678784K)] 1203783K->545583K(2076928K), 0.0313681 secs] [Times: user=0.05 sys=0.00, real=0.03 secs] 
956.104: [GC [PSYoungGen: 671808K->13216K(678720K)] 1204079K->545615K(2076864K), 0.0317521 secs] [Times: user=0.05 sys=0.00, real=0.04 secs] 
956.592: [GC [PSYoungGen: 671712K->13184K(679104K)] 1204111K->545711K(2077248K), 0.0321326 secs] [Times: user=0.05 sys=0.00, real=0.03 secs] 
957.081: [GC [PSYoungGen: 672191K->13248K(678912K)] 1204718K->545887K(2077056K), 0.0318997 secs] [Times: user=0.05 sys=0.01, real=0.03 secs] 
957.556: [GC [PSYoungGen: 672253K->13248K(679552K)] 1204893K->546007K(2077696K), 0.0322145 secs] [Times: user=0.05 sys=0.01, real=0.04 secs] 
958.040: [GC [PSYoungGen: 673063K->13312K(679296K)] 1205823K->546191K(2077440K), 0.0320824 secs] [Times: user=0.05 sys=0.00, real=0.03 secs] 
958.520: [GC [PSYoungGen: 673137K->13216K(680000K)] 1206017K->546215K(2078144K), 0.0319147 secs] [Times: user=0.05 sys=0.00, real=0.03 secs] 
959.001: [GC [PSYoungGen: 673947K->13248K(679744K)] 1206947K->546367K(2077888K), 0.0321377 secs] [Times: user=0.05 sys=0.00, real=0.03 secs] 
959.484: [GC [PSYoungGen: 673984K->13296K(680512K)] 1207103K->546527K(2078656K), 0.0328406 secs] [Times: user=0.05 sys=0.00, real=0.04 secs] 
959.974: [GC [PSYoungGen: 675056K->13280K(680256K)] 1208287K->546631K(2078400K), 0.0378793 secs] [Times: user=0.06 sys=0.00, real=0.04 secs] 
960.452: [GC [PSYoungGen: 675040K->13312K(681024K)] 1208391K->546791K(2079168K), 0.0378162 secs] [Times: user=0.06 sys=0.00, real=0.04 secs] 
960.945: [GC [PSYoungGen: 676096K->13312K(680768K)] 1209575K->546911K(2078912K), 0.0330405 secs] [Times: user=0.05 sys=0.01, real=0.04 secs] 
961.436: [GC [PSYoungGen: 676085K->13312K(681536K)] 1209684K->547047K(2079680K), 0.0378136 secs] [Times: user=0.06 sys=0.00, real=0.04 secs] 
961.944: [GC [PSYoungGen: 677120K->13344K(681280K)] 1210855K->547175K(2079424K), 0.0341266 secs] [Times: user=0.06 sys=0.00, real=0.04 secs] 
962.442: [GC [PSYoungGen: 677152K->13344K(681984K)] 1210983K->547303K(2080128K), 0.0332135 secs] [Times: user=0.06 sys=0.00, real=0.03 secs] 
962.939: [GC [PSYoungGen: 678109K->13344K(681792K)] 1212068K->547415K(2079936K), 0.0331430 secs] [Times: user=0.05 sys=0.00, real=0.03 secs] 
963.437: [GC [PSYoungGen: 678098K->13344K(682432K)] 1212170K->547535K(2080576K), 0.0327246 secs] [Times: user=0.05 sys=0.00, real=0.03 secs] 
963.936: [GC [PSYoungGen: 678944K->13344K(682176K)] 1213135K->547655K(2080320K), 0.0333085 secs] [Times: user=0.05 sys=0.00, real=0.03 secs] 
964.438: [GC [PSYoungGen: 678944K->13312K(682816K)] 1213255K->547743K(2080960K), 0.0377294 secs] [Times: user=0.06 sys=0.00, real=0.03 secs] 
964.938: [GC [PSYoungGen: 679744K->13376K(682624K)] 1214175K->547935K(2080768K), 0.0342333 secs] [Times: user=0.05 sys=0.00, real=0.03 secs] 
965.438: [GC [PSYoungGen: 679808K->13376K(683136K)] 1214367K->548047K(2081280K), 0.0330979 secs] [Times: user=0.05 sys=0.01, real=0.03 secs] 
965.944: [GC [PSYoungGen: 680498K->13440K(683008K)] 1215169K->548231K(2081152K), 0.0333857 secs] [Times: user=0.06 sys=0.01, real=0.04 secs] 
966.443: [GC [PSYoungGen: 680568K->13440K(683456K)] 1215360K->548343K(2081600K), 0.0327205 secs] [Times: user=0.05 sys=0.01, real=0.03 secs] 
966.936: [GC [PSYoungGen: 681150K->13440K(683264K)] 1216053K->548479K(2081408K), 0.0331130 secs] [Times: user=0.05 sys=0.01, real=0.04 secs] 
967.427: [GC [PSYoungGen: 681144K->13376K(683712K)] 1216183K->548543K(2081856K), 0.0379238 secs] [Times: user=0.06 sys=0.00, real=0.03 secs] 
967.935: [GC [PSYoungGen: 681664K->13376K(683584K)] 1216831K->548655K(2081728K), 0.0334422 secs] [Times: user=0.05 sys=0.00, real=0.04 secs] 
968.436: [GC [PSYoungGen: 681664K->13440K(683968K)] 1216943K->548815K(2082112K), 0.0382913 secs] [Times: user=0.06 sys=0.00, real=0.04 secs] 
968.940: [GC [PSYoungGen: 682240K->13440K(683840K)] 1217615K->548943K(2081984K), 0.0332517 secs] [Times: user=0.05 sys=0.00, real=0.03 secs] 
969.440: [GC [PSYoungGen: 682240K->13440K(684160K)] 1217743K->549055K(2082304K), 0.0332001 secs] [Times: user=0.05 sys=0.00, real=0.03 secs] 
969.940: [GC [PSYoungGen: 682624K->13376K(684032K)] 1218239K->549103K(2082176K), 0.0335735 secs] [Times: user=0.05 sys=0.01, real=0.03 secs] 
970.662: [GC [PSYoungGen: 682538K->14049K(683904K)] 1218266K->549880K(2082048K), 0.0293053 secs] [Times: user=0.05 sys=0.00, real=0.03 secs] 
975.296: [GC [PSYoungGen: 683206K->5056K(674304K)] 1219038K->543320K(2072448K), 0.0145474 secs] [Times: user=0.02 sys=0.01, real=0.02 secs] 
980.137: [GC [PSYoungGen: 674240K->4768K(680960K)] 1212504K->543505K(2079104K), 0.0123621 secs] [Times: user=0.03 sys=0.00, real=0.01 secs] 
983.139: [GC [PSYoungGen: 669600K->4800K(669696K)] 1208337K->543617K(2067840K), 0.0125166 secs] [Times: user=0.03 sys=0.00, real=0.01 secs] 
984.924: [GC [PSYoungGen: 669632K->5488K(680640K)] 1208449K->544481K(2078784K), 0.0121633 secs] [Times: user=0.03 sys=0.00, real=0.01 secs] 
987.769: [GC [PSYoungGen: 668378K->5328K(668288K)] 1207371K->545049K(2066432K), 0.0124274 secs] [Times: user=0.03 sys=0.00, real=0.01 secs] 
990.178: [GC [PSYoungGen: 668227K->5696K(680960K)] 1207948K->546050K(2079104K), 0.0129256 secs] [Times: user=0.03 sys=0.00, real=0.01 secs] 
994.517: [GC [PSYoungGen: 668461K->4848K(680832K)] 1208815K->546266K(2078976K), 0.0127506 secs] [Times: user=0.02 sys=0.00, real=0.01 secs] 
997.985: [GC [PSYoungGen: 667632K->5200K(681216K)] 1209050K->546842K(2079360K), 0.0135398 secs] [Times: user=0.03 sys=0.01, real=0.02 secs] 
999.940: [GC [PSYoungGen: 668348K->6080K(680960K)] 1209990K->548099K(2079104K), 0.0126793 secs] [Times: user=0.02 sys=0.00, real=0.01 secs] 
1001.392: [GC [PSYoungGen: 669248K->5248K(682048K)] 1211267K->548459K(2080192K), 0.0156300 secs] [Times: user=0.03 sys=0.00, real=0.02 secs] 
1002.817: [GC [PSYoungGen: 669942K->6721K(681664K)] 1213153K->550284K(2079808K), 0.0127114 secs] [Times: user=0.03 sys=0.00, real=0.02 secs] 
1006.798: [GC [PSYoungGen: 671423K->5088K(683008K)] 1214986K->550532K(2081152K), 0.0163897 secs] [Times: user=0.03 sys=0.01, real=0.01 secs] 
1010.684: [GC [PSYoungGen: 671751K->4976K(682688K)] 1217195K->550901K(2080832K), 0.0129858 secs] [Times: user=0.03 sys=0.00, real=0.01 secs] 
1015.626: [GC [PSYoungGen: 671651K->4736K(683712K)] 1217576K->550997K(2081856K), 0.0124971 secs] [Times: user=0.02 sys=0.00, real=0.02 secs] 
1020.417: [GC [PSYoungGen: 672825K->4736K(683392K)] 1219086K->551069K(2081536K), 0.0162920 secs] [Times: user=0.03 sys=0.00, real=0.02 secs] 
1024.252: [GC [PSYoungGen: 672830K->5024K(684608K)] 1219163K->551421K(2082752K), 0.0129697 secs] [Times: user=0.03 sys=0.00, real=0.01 secs] 
1027.403: [GC [PSYoungGen: 674784K->4976K(684160K)] 1221181K->551709K(2082304K), 0.0133947 secs] [Times: user=0.03 sys=0.00, real=0.01 secs] 
1028.881: [GC [PSYoungGen: 674727K->6288K(685760K)] 1221460K->553350K(2083904K), 0.0135525 secs] [Times: user=0.03 sys=0.00, real=0.01 secs] 
1030.328: [GC [PSYoungGen: 678093K->5872K(685056K)] 1225154K->554278K(2083200K), 0.0156030 secs] [Times: user=0.03 sys=0.00, real=0.02 secs] 
1031.744: [GC [PSYoungGen: 677677K->5920K(686848K)] 1226083K->555191K(2084992K), 0.0122315 secs] [Times: user=0.03 sys=0.00, real=0.01 secs] 
1034.392: [GC [PSYoungGen: 680088K->5648K(686336K)] 1229359K->555879K(2084480K), 0.0127182 secs] [Times: user=0.02 sys=0.00, real=0.01 secs] 
1036.717: [GC [PSYoungGen: 679824K->5760K(687744K)] 1230055K->556696K(2085888K), 0.0130779 secs] [Times: user=0.02 sys=0.01, real=0.02 secs] 
1039.876: [GC [PSYoungGen: 681778K->5232K(687296K)] 1232714K->557176K(2085440K), 0.0124373 secs] [Times: user=0.03 sys=0.00, real=0.01 secs] 
1041.793: [GC [PSYoungGen: 681261K->5312K(688384K)] 1233206K->557832K(2086528K), 0.0125823 secs] [Times: user=0.03 sys=0.00, real=0.01 secs] 
1044.893: [GC [PSYoungGen: 682743K->5376K(688064K)] 1235264K->558417K(2086208K), 0.0156327 secs] [Times: user=0.03 sys=0.00, real=0.02 secs] 
1046.670: [GC [PSYoungGen: 682787K->5968K(689152K)] 1235828K->559633K(2087296K), 0.0124970 secs] [Times: user=0.02 sys=0.01, real=0.01 secs] 
1049.848: [GC [PSYoungGen: 684798K->5344K(688704K)] 1238463K->560082K(2086848K), 0.0141687 secs] [Times: user=0.03 sys=0.01, real=0.02 secs] 
1051.385: [GC [PSYoungGen: 684185K->5424K(689664K)] 1238923K->560666K(2087808K), 0.0125347 secs] [Times: user=0.03 sys=0.00, real=0.01 secs] 
1052.861: [GC [PSYoungGen: 685471K->5568K(689408K)] 1240713K->561410K(2087552K), 0.0124761 secs] [Times: user=0.03 sys=0.00, real=0.01 secs] 
1056.304: [GC [PSYoungGen: 685605K->5552K(690240K)] 1241447K->561971K(2088384K), 0.0132741 secs] [Times: user=0.03 sys=0.00, real=0.01 secs] 
1058.062: [GC [PSYoungGen: 686768K->5712K(689984K)] 1243187K->562851K(2088128K), 0.0147600 secs] [Times: user=0.03 sys=0.01, real=0.01 secs] 
1060.968: [GC [PSYoungGen: 686921K->5088K(690624K)] 1244060K->563003K(2088768K), 0.0126474 secs] [Times: user=0.02 sys=0.00, real=0.02 secs] 
1063.024: [GC [PSYoungGen: 687170K->5360K(690496K)] 1245086K->563604K(2088640K), 0.0129584 secs] [Times: user=0.02 sys=0.00, real=0.01 secs] 
1066.413: [GC [PSYoungGen: 687447K->5296K(691008K)] 1245691K->564108K(2089152K), 0.0128183 secs] [Times: user=0.02 sys=0.00, real=0.01 secs] 
1067.864: [GC [PSYoungGen: 688112K->6240K(690816K)] 1246924K->565357K(2088960K), 0.0139753 secs] [Times: user=0.02 sys=0.00, real=0.01 secs] 
1069.525: [GC [PSYoungGen: 689056K->6592K(690880K)] 1248173K->566629K(2089024K), 0.0140222 secs] [Times: user=0.03 sys=0.01, real=0.01 secs] 
1072.476: [GC [PSYoungGen: 689468K->5360K(690944K)] 1249505K->567054K(2089088K), 0.0128933 secs] [Times: user=0.03 sys=0.01, real=0.01 secs] 
1075.784: [GC [PSYoungGen: 688240K->5424K(691264K)] 1249934K->567614K(2089408K), 0.0127044 secs] [Times: user=0.02 sys=0.01, real=0.01 secs] 
1078.978: [GC [PSYoungGen: 688752K->5184K(691072K)] 1250942K->567918K(2089216K), 0.0130873 secs] [Times: user=0.02 sys=0.00, real=0.02 secs] 
1080.882: [GC [PSYoungGen: 688512K->5760K(691520K)] 1251246K->568710K(2089664K), 0.0124174 secs] [Times: user=0.02 sys=0.00, real=0.01 secs] 
1083.507: [GC [PSYoungGen: 689585K->5264K(691328K)] 1252536K->569143K(2089472K), 0.0148872 secs] [Times: user=0.03 sys=0.00, real=0.02 secs] 
1085.364: [GC [PSYoungGen: 689104K->5840K(691712K)] 1252983K->570023K(2089856K), 0.0129205 secs] [Times: user=0.03 sys=0.00, real=0.01 secs] 
1087.082: [GC [PSYoungGen: 690124K->5440K(691584K)] 1254307K->570480K(2089728K), 0.0138250 secs] [Times: user=0.02 sys=0.00, real=0.01 secs] 
1090.303: [GC [PSYoungGen: 689728K->5264K(691904K)] 1254768K->570864K(2090048K), 0.0125290 secs] [Times: user=0.03 sys=0.00, real=0.01 secs] 
1092.524: [GC [PSYoungGen: 690000K->5248K(691840K)] 1255600K->571216K(2089984K), 0.0123056 secs] [Times: user=0.03 sys=0.00, real=0.01 secs] 
1095.857: [GC [PSYoungGen: 689984K->5136K(692096K)] 1255952K->571472K(2090240K), 0.0123041 secs] [Times: user=0.03 sys=0.00, real=0.01 secs] 
1097.413: [GC [PSYoungGen: 690232K->5312K(692032K)] 1256569K->572016K(2090176K), 0.0127417 secs] [Times: user=0.02 sys=0.01, real=0.01 secs] 
1100.127: [GC [PSYoungGen: 690428K->5680K(692224K)] 1257132K->572809K(2090368K), 0.0123824 secs] [Times: user=0.02 sys=0.00, real=0.01 secs] 
1102.775: [GC [PSYoungGen: 691044K->5120K(692160K)] 1258173K->572953K(2090304K), 0.0126253 secs] [Times: user=0.03 sys=0.00, real=0.01 secs] 
1104.406: [GC [PSYoungGen: 690479K->5328K(692416K)] 1258313K->573433K(2090560K), 0.0126881 secs] [Times: user=0.02 sys=0.00, real=0.01 secs] 
1106.009: [GC [PSYoungGen: 691024K->5664K(692288K)] 1259129K->574249K(2090432K), 0.0146887 secs] [Times: user=0.03 sys=0.00, real=0.02 secs] 
1107.754: [GC [PSYoungGen: 691359K->5008K(692480K)] 1259945K->574362K(2090624K), 0.0125734 secs] [Times: user=0.02 sys=0.00, real=0.01 secs] 
1109.427: [GC [PSYoungGen: 690892K->5632K(692416K)] 1260246K->575090K(2090560K), 0.0124871 secs] [Times: user=0.03 sys=0.01, real=0.01 secs] 
1111.056: [GC [PSYoungGen: 691514K->5312K(692544K)] 1260972K->575290K(2090688K), 0.0124878 secs] [Times: user=0.03 sys=0.00, real=0.01 secs] 
1112.628: [GC [PSYoungGen: 691326K->5344K(692480K)] 1261304K->575578K(2090624K), 0.0124010 secs] [Times: user=0.02 sys=0.00, real=0.01 secs] 
1114.218: [GC [PSYoungGen: 691346K->5392K(692736K)] 1261580K->575930K(2090880K), 0.0126705 secs] [Times: user=0.03 sys=0.00, real=0.01 secs] 
1115.836: [GC [PSYoungGen: 691784K->5184K(692672K)] 1262323K->576187K(2090816K), 0.0122480 secs] [Times: user=0.03 sys=0.00, real=0.01 secs] 
1117.205: [GC [PSYoungGen: 691572K->5584K(692800K)] 1262575K->576659K(2090944K), 0.0122489 secs] [Times: user=0.02 sys=0.00, real=0.01 secs] 
1117.811: [GC [PSYoungGen: 692176K->5280K(692800K)] 1263251K->576411K(2090944K), 0.0121720 secs] [Times: user=0.02 sys=0.00, real=0.02 secs] 
1118.160: [GC [PSYoungGen: 691872K->6114K(691456K)] 1263003K->578621K(2089600K), 0.0101668 secs] [Times: user=0.03 sys=0.00, real=0.01 secs] 
1118.534: [GC [PSYoungGen: 691424K->5266K(692160K)] 1263931K->577837K(2090304K), 0.0022957 secs] [Times: user=0.01 sys=0.00, real=0.00 secs] 
1118.866: [GC [PSYoungGen: 690578K->5218K(692288K)] 1263149K->577789K(2090432K), 0.0022390 secs] [Times: user=0.01 sys=0.00, real=0.00 secs] 
1119.148: [GC [PSYoungGen: 690722K->5026K(692224K)] 1263293K->577837K(2090368K), 0.0023308 secs] [Times: user=0.01 sys=0.00, real=0.00 secs] 
1119.490: [GC [PSYoungGen: 690499K->5154K(692352K)] 1263310K->578101K(2090496K), 0.0025633 secs] [Times: user=0.01 sys=0.00, real=0.01 secs] 
1119.810: [GC [PSYoungGen: 690786K->5058K(692288K)] 1263733K->578237K(2090432K), 0.0024861 secs] [Times: user=0.01 sys=0.00, real=0.01 secs] 
1120.130: [GC [PSYoungGen: 690690K->5074K(692480K)] 1263869K->578453K(2090624K), 0.0022659 secs] [Times: user=0.01 sys=0.00, real=0.01 secs] 
1120.442: [GC [PSYoungGen: 690962K->5106K(692416K)] 1264341K->578686K(2090560K), 0.0022801 secs] [Times: user=0.02 sys=0.00, real=0.00 secs] 
1120.757: [GC [PSYoungGen: 690986K->5282K(692608K)] 1264565K->578862K(2090752K), 0.0025811 secs] [Times: user=0.01 sys=0.00, real=0.00 secs] 
1121.071: [GC [PSYoungGen: 691426K->4994K(692544K)] 1265006K->578822K(2090688K), 0.0024341 secs] [Times: user=0.01 sys=0.00, real=0.00 secs] 
1121.357: [GC [PSYoungGen: 691124K->5058K(692736K)] 1264951K->579054K(2090880K), 0.0026459 secs] [Times: user=0.02 sys=0.00, real=0.00 secs] 
1121.678: [GC [PSYoungGen: 691445K->5138K(692672K)] 1265441K->579318K(2090816K), 0.0026185 secs] [Times: user=0.01 sys=0.01, real=0.01 secs] 
1122.017: [GC [PSYoungGen: 691538K->5026K(692864K)] 1265718K->579374K(2091008K), 0.0023295 secs] [Times: user=0.01 sys=0.00, real=0.00 secs] 
1122.366: [GC [PSYoungGen: 691680K->5042K(692800K)] 1266027K->579598K(2090944K), 0.0023345 secs] [Times: user=0.02 sys=0.00, real=0.00 secs] 
1122.683: [GC [PSYoungGen: 691698K->5154K(692992K)] 1266254K->579822K(2091136K), 0.0022932 secs] [Times: user=0.01 sys=0.00, real=0.00 secs] 
1123.004: [GC [PSYoungGen: 692002K->5154K(692864K)] 1266670K->579926K(2091008K), 0.0023151 secs] [Times: user=0.02 sys=0.00, real=0.00 secs] 
1123.322: [GC [PSYoungGen: 691987K->5138K(693120K)] 1266759K->580110K(2091264K), 0.0023410 secs] [Times: user=0.01 sys=0.00, real=0.00 secs] 
1123.609: [GC [PSYoungGen: 692286K->5170K(693056K)] 1267258K->580294K(2091200K), 0.0023281 secs] [Times: user=0.02 sys=0.00, real=0.01 secs] 
1123.981: [GC [PSYoungGen: 692318K->5202K(693184K)] 1267442K->580382K(2091328K), 0.0023005 secs] [Times: user=0.02 sys=0.00, real=0.00 secs] 
1124.270: [GC [PSYoungGen: 692562K->5042K(693184K)] 1267742K->580510K(2091328K), 0.0023107 secs] [Times: user=0.01 sys=0.01, real=0.01 secs] 
1124.620: [GC [PSYoungGen: 692396K->4946K(693248K)] 1267864K->580711K(2091392K), 0.0022051 secs] [Times: user=0.01 sys=0.00, real=0.01 secs] 
1124.957: [GC [PSYoungGen: 692434K->5234K(693248K)] 1268199K->580999K(2091392K), 0.0022710 secs] [Times: user=0.02 sys=0.00, real=0.00 secs] 
1125.295: [GC [PSYoungGen: 692722K->5106K(693312K)] 1268487K->581063K(2091456K), 0.0024105 secs] [Times: user=0.01 sys=0.01, real=0.00 secs] 
1125.639: [GC [PSYoungGen: 692697K->5026K(693312K)] 1268654K->581199K(2091456K), 0.0022891 secs] [Times: user=0.01 sys=0.00, real=0.01 secs] 
1125.985: [GC [PSYoungGen: 692629K->4930K(693376K)] 1268802K->581503K(2091520K), 0.0023722 secs] [Times: user=0.02 sys=0.00, real=0.00 secs] 
1126.322: [GC [PSYoungGen: 692662K->5106K(693376K)] 1269235K->581791K(2091520K), 0.0023139 secs] [Times: user=0.01 sys=0.00, real=0.00 secs] 
1126.679: [GC [PSYoungGen: 692850K->5090K(693440K)] 1269535K->581951K(2091584K), 0.0022549 secs] [Times: user=0.02 sys=0.00, real=0.01 secs] 
1127.016: [GC [PSYoungGen: 692893K->5202K(693376K)] 1269754K->582119K(2091520K), 0.0023781 secs] [Times: user=0.01 sys=0.00, real=0.00 secs] 
1127.356: [GC [PSYoungGen: 693010K->5090K(693504K)] 1269927K->582119K(2091648K), 0.0022213 secs] [Times: user=0.02 sys=0.00, real=0.00 secs] 
1127.700: [GC [PSYoungGen: 693026K->5026K(693440K)] 1270055K->582335K(2091584K), 0.0026612 secs] [Times: user=0.01 sys=0.00, real=0.01 secs] 
1128.045: [GC [PSYoungGen: 692960K->5202K(693504K)] 1270269K->582568K(2091648K), 0.0023081 secs] [Times: user=0.01 sys=0.00, real=0.00 secs] 
1128.335: [GC [PSYoungGen: 693180K->5138K(693504K)] 1270545K->582616K(2091648K), 0.0026252 secs] [Times: user=0.02 sys=0.00, real=0.00 secs] 
1128.683: [GC [PSYoungGen: 693129K->4994K(693568K)] 1270606K->582640K(2091712K), 0.0027218 secs] [Times: user=0.01 sys=0.00, real=0.00 secs] 
1129.037: [GC [PSYoungGen: 693122K->5186K(693568K)] 1270768K->582968K(2091712K), 0.0026409 secs] [Times: user=0.02 sys=0.00, real=0.00 secs] 
1129.381: [GC [PSYoungGen: 693314K->5202K(693568K)] 1271096K->583056K(2091712K), 0.0022577 secs] [Times: user=0.01 sys=0.00, real=0.01 secs] 
1129.734: [GC [PSYoungGen: 693330K->4898K(693568K)] 1271184K->583064K(2091712K), 0.0026707 secs] [Times: user=0.02 sys=0.00, real=0.00 secs] 
1130.081: [GC [PSYoungGen: 693007K->5026K(693568K)] 1271173K->583416K(2091712K), 0.0022392 secs] [Times: user=0.01 sys=0.00, real=0.01 secs] 
1130.414: [GC [PSYoungGen: 693154K->5138K(693568K)] 1271544K->583680K(2091712K), 0.0024114 secs] [Times: user=0.02 sys=0.00, real=0.00 secs] 
1130.757: [GC [PSYoungGen: 693266K->5234K(693568K)] 1271808K->583776K(2091712K), 0.0025578 secs] [Times: user=0.01 sys=0.00, real=0.00 secs] 
1131.098: [GC [PSYoungGen: 693362K->4978K(693568K)] 1271904K->583872K(2091712K), 0.0023643 secs] [Times: user=0.01 sys=0.00, real=0.00 secs] 
1131.443: [GC [PSYoungGen: 693106K->4994K(693568K)] 1272000K->584136K(2091712K), 0.0023144 secs] [Times: user=0.01 sys=0.00, real=0.00 secs] 
1131.790: [GC [PSYoungGen: 693120K->5010K(693568K)] 1272262K->584409K(2091712K), 0.0022573 secs] [Times: user=0.01 sys=0.00, real=0.01 secs] 
1132.137: [GC [PSYoungGen: 693138K->5122K(693632K)] 1272537K->584705K(2091776K), 0.0023980 secs] [Times: user=0.02 sys=0.00, real=0.00 secs] 
1132.428: [GC [PSYoungGen: 693312K->5090K(693568K)] 1272895K->584833K(2091712K), 0.0023509 secs] [Times: user=0.01 sys=0.00, real=0.00 secs] 
1132.770: [GC [PSYoungGen: 693279K->5090K(693632K)] 1273021K->585057K(2091776K), 0.0022697 secs] [Times: user=0.02 sys=0.00, real=0.01 secs] 
1133.168: [GC [PSYoungGen: 693346K->5042K(693632K)] 1273313K->585257K(2091776K), 0.0023012 secs] [Times: user=0.01 sys=0.00, real=0.00 secs] 
1133.457: [GC [PSYoungGen: 693298K->5090K(693696K)] 1273513K->585497K(2091840K), 0.0023173 secs] [Times: user=0.02 sys=0.00, real=0.00 secs] 
1133.806: [GC [PSYoungGen: 693461K->4930K(693696K)] 1273868K->585665K(2091840K), 0.0024070 secs] [Times: user=0.02 sys=0.00, real=0.00 secs] 
1134.155: [GC [PSYoungGen: 693314K->5042K(693696K)] 1274049K->585969K(2091840K), 0.0023618 secs] [Times: user=0.01 sys=0.00, real=0.00 secs] 
1134.501: [GC [PSYoungGen: 693418K->5058K(693696K)] 1274345K->586097K(2091840K), 0.0025812 secs] [Times: user=0.02 sys=0.01, real=0.01 secs] 
1134.848: [GC [PSYoungGen: 693433K->5090K(693760K)] 1274473K->586298K(2091904K), 0.0023145 secs] [Times: user=0.01 sys=0.00, real=0.00 secs] 
1135.195: [GC [PSYoungGen: 693536K->4946K(693696K)] 1274744K->586490K(2091840K), 0.0026950 secs] [Times: user=0.02 sys=0.00, real=0.00 secs] 
1135.556: [GC [PSYoungGen: 693394K->5106K(693760K)] 1274938K->586706K(2091904K), 0.0022523 secs] [Times: user=0.01 sys=0.00, real=0.00 secs] 
1136.295: [GC [PSYoungGen: 693602K->5090K(693760K)] 1275202K->586882K(2091904K), 0.0027122 secs] [Times: user=0.01 sys=0.00, real=0.00 secs] 
1137.568: [GC [PSYoungGen: 693602K->5106K(693760K)] 1275394K->587082K(2091904K), 0.0025906 secs] [Times: user=0.01 sys=0.01, real=0.00 secs] 
1137.914: [GC [PSYoungGen: 693618K->5122K(693760K)] 1275594K->587298K(2091904K), 0.0023819 secs] [Times: user=0.01 sys=0.00, real=0.00 secs] 
1138.262: [GC [PSYoungGen: 693634K->5058K(693760K)] 1275810K->587474K(2091904K), 0.0023280 secs] [Times: user=0.02 sys=0.00, real=0.00 secs] 
1138.609: [GC [PSYoungGen: 693561K->5122K(693760K)] 1275977K->587666K(2091904K), 0.0026918 secs] [Times: user=0.02 sys=0.00, real=0.00 secs] 
1138.964: [GC [PSYoungGen: 693634K->5090K(693760K)] 1276178K->587858K(2091904K), 0.0023334 secs] [Times: user=0.02 sys=0.00, real=0.00 secs] 
1139.357: [GC [PSYoungGen: 693602K->4994K(693760K)] 1276370K->588058K(2091904K), 0.0022885 secs] [Times: user=0.02 sys=0.00, real=0.00 secs] 
1139.712: [GC [PSYoungGen: 693506K->5170K(693760K)] 1276570K->588339K(2091904K), 0.0025846 secs] [Times: user=0.02 sys=0.00, real=0.00 secs] 
1140.074: [GC [PSYoungGen: 693682K->5106K(693760K)] 1276851K->588451K(2091904K), 0.0026403 secs] [Times: user=0.01 sys=0.00, real=0.00 secs] 
1140.430: [GC [PSYoungGen: 693618K->4850K(693632K)] 1276963K->588571K(2091776K), 0.0023330 secs] [Times: user=0.02 sys=0.00, real=0.01 secs] 
1140.773: [GC [PSYoungGen: 693234K->4994K(693696K)] 1276955K->588963K(2091840K), 0.0026661 secs] [Times: user=0.02 sys=0.00, real=0.00 secs] 
1141.131: [GC [PSYoungGen: 693367K->4994K(693760K)] 1277336K->589251K(2091904K), 0.0026135 secs] [Times: user=0.01 sys=0.00, real=0.01 secs] 
1141.480: [GC [PSYoungGen: 693442K->4978K(693696K)] 1277699K->589515K(2091840K), 0.0027297 secs] [Times: user=0.02 sys=0.00, real=0.01 secs] 
1141.838: [GC [PSYoungGen: 693426K->4946K(693760K)] 1277963K->589763K(2091904K), 0.0023581 secs] [Times: user=0.02 sys=0.00, real=0.00 secs] 
1142.185: [GC [PSYoungGen: 693456K->4978K(693760K)] 1278273K->590076K(2091904K), 0.0026719 secs] [Times: user=0.02 sys=0.01, real=0.00 secs] 
1142.536: [GC [PSYoungGen: 693490K->5026K(693760K)] 1278588K->590356K(2091904K), 0.0025412 secs] [Times: user=0.01 sys=0.00, real=0.00 secs] 
1142.884: [GC [PSYoungGen: 693530K->5010K(693760K)] 1278860K->590564K(2091904K), 0.0027259 secs] [Times: user=0.02 sys=0.00, real=0.00 secs] 
1143.230: [GC [PSYoungGen: 693522K->5218K(693760K)] 1279076K->590772K(2091904K), 0.0023275 secs] [Times: user=0.01 sys=0.00, real=0.01 secs] 
1143.579: [GC [PSYoungGen: 693730K->5058K(693760K)] 1279284K->590860K(2091904K), 0.0022981 secs] [Times: user=0.02 sys=0.00, real=0.01 secs] 
1143.937: [GC [PSYoungGen: 693570K->5122K(693760K)] 1279372K->591068K(2091904K), 0.0025801 secs] [Times: user=0.02 sys=0.00, real=0.00 secs] 
1144.357: [GC [PSYoungGen: 693634K->5010K(693760K)] 1279580K->591236K(2091904K), 0.0023057 secs] [Times: user=0.01 sys=0.00, real=0.00 secs] 
1144.726: [GC [PSYoungGen: 693520K->5234K(693632K)] 1279746K->591460K(2091776K), 0.0027191 secs] [Times: user=0.02 sys=0.00, real=0.00 secs] 
1145.022: [GC [PSYoungGen: 693618K->4978K(693696K)] 1279844K->591460K(2091840K), 0.0023165 secs] [Times: user=0.02 sys=0.00, real=0.00 secs] 
1145.463: [GC [PSYoungGen: 693362K->4706K(693696K)] 1279844K->591324K(2091840K), 0.0022364 secs] [Times: user=0.01 sys=0.00, real=0.00 secs] 
1145.825: [GC [PSYoungGen: 693081K->1824K(690240K)] 1279699K->588483K(2088384K), 0.0017203 secs] [Times: user=0.01 sys=0.00, real=0.00 secs] 
1146.263: [GC [PSYoungGen: 690208K->5858K(683136K)] 1276867K->605285K(2081280K), 0.0415450 secs] [Times: user=0.06 sys=0.01, real=0.04 secs] 
1146.761: [GC [PSYoungGen: 683102K->10880K(688128K)] 1282528K->621085K(2086272K), 0.0395720 secs] [Times: user=0.06 sys=0.02, real=0.04 secs] 
1147.253: [GC [PSYoungGen: 688097K->10880K(672512K)] 1298303K->626901K(2070656K), 0.0417158 secs] [Times: user=0.05 sys=0.00, real=0.04 secs] 
1147.740: [GC [PSYoungGen: 672501K->16000K(677632K)] 1288522K->632165K(2075776K), 0.0314659 secs] [Times: user=0.05 sys=0.00, real=0.03 secs] 
1148.218: [GC [PSYoungGen: 677632K->16096K(675776K)] 1293797K->632397K(2073920K), 0.0314379 secs] [Times: user=0.05 sys=0.00, real=0.03 secs] 
1148.688: [GC [PSYoungGen: 671456K->15904K(671296K)] 1287757K->632349K(2069440K), 0.0362525 secs] [Times: user=0.06 sys=0.01, real=0.04 secs] 
1149.167: [GC [PSYoungGen: 671262K->15936K(674624K)] 1287707K->632525K(2072768K), 0.0308009 secs] [Times: user=0.05 sys=0.00, real=0.03 secs] 
1149.630: [GC [PSYoungGen: 667712K->15840K(667648K)] 1284301K->632589K(2065792K), 0.0309155 secs] [Times: user=0.05 sys=0.00, real=0.03 secs] 
1150.091: [GC [PSYoungGen: 667616K->15872K(674240K)] 1284365K->632773K(2072384K), 0.0306308 secs] [Times: user=0.05 sys=0.00, real=0.04 secs] 
1150.561: [GC [PSYoungGen: 665969K->15840K(665984K)] 1282870K->632885K(2064128K), 0.0356970 secs] [Times: user=0.06 sys=0.00, real=0.04 secs] 
1151.035: [GC [PSYoungGen: 665945K->15808K(674368K)] 1282991K->632989K(2072512K), 0.0360542 secs] [Times: user=0.05 sys=0.01, real=0.03 secs] 
1151.495: [GC [PSYoungGen: 665519K->15776K(674368K)] 1282701K->633093K(2072512K), 0.0309396 secs] [Times: user=0.05 sys=0.00, real=0.03 secs] 
1151.966: [GC [PSYoungGen: 665484K->15808K(674560K)] 1282801K->633277K(2072704K), 0.0308824 secs] [Times: user=0.05 sys=0.00, real=0.03 secs] 
1152.434: [GC [PSYoungGen: 665789K->15840K(674432K)] 1283258K->633461K(2072576K), 0.0308879 secs] [Times: user=0.05 sys=0.00, real=0.03 secs] 
1152.897: [GC [PSYoungGen: 665824K->15824K(674944K)] 1283445K->633589K(2073088K), 0.0302695 secs] [Times: user=0.05 sys=0.01, real=0.03 secs] 
1153.367: [GC [PSYoungGen: 666445K->15872K(674688K)] 1284210K->633781K(2072832K), 0.0310827 secs] [Times: user=0.05 sys=0.00, real=0.03 secs] 
1153.839: [GC [PSYoungGen: 666496K->15872K(675520K)] 1284405K->633925K(2073664K), 0.0306216 secs] [Times: user=0.05 sys=0.00, real=0.03 secs] 
1154.306: [GC [PSYoungGen: 667584K->15952K(675200K)] 1285637K->634165K(2073344K), 0.0314640 secs] [Times: user=0.05 sys=0.01, real=0.03 secs] 
1154.775: [GC [PSYoungGen: 667655K->15904K(676096K)] 1285869K->634253K(2074240K), 0.0309819 secs] [Times: user=0.06 sys=0.00, real=0.03 secs] 
1155.241: [GC [PSYoungGen: 668768K->15968K(675776K)] 1287117K->634453K(2073920K), 0.0306588 secs] [Times: user=0.05 sys=0.01, real=0.03 secs] 
1155.713: [GC [PSYoungGen: 668832K->15904K(676736K)] 1287317K->634533K(2074880K), 0.0317166 secs] [Times: user=0.04 sys=0.00, real=0.03 secs] 
1156.183: [GC [PSYoungGen: 670024K->15904K(676416K)] 1288653K->634677K(2074560K), 0.0316762 secs] [Times: user=0.05 sys=0.00, real=0.03 secs] 
1156.656: [GC [PSYoungGen: 670048K->15904K(677376K)] 1288821K->634813K(2075520K), 0.0312667 secs] [Times: user=0.05 sys=0.01, real=0.03 secs] 
1157.126: [GC [PSYoungGen: 671328K->15936K(677056K)] 1290237K->634989K(2075200K), 0.0358884 secs] [Times: user=0.05 sys=0.00, real=0.04 secs] 
1157.599: [GC [PSYoungGen: 671360K->15968K(678016K)] 1290413K->635165K(2076160K), 0.0307296 secs] [Times: user=0.05 sys=0.00, real=0.03 secs] 
1158.071: [GC [PSYoungGen: 672666K->15968K(677696K)] 1291863K->635309K(2075840K), 0.0311516 secs] [Times: user=0.05 sys=0.00, real=0.04 secs] 
1158.548: [GC [PSYoungGen: 672672K->15936K(678592K)] 1292013K->635437K(2076736K), 0.0362237 secs] [Times: user=0.06 sys=0.01, real=0.04 secs] 
1159.027: [GC [PSYoungGen: 673784K->16032K(678272K)] 1293285K->635685K(2076416K), 0.0304616 secs] [Times: user=0.05 sys=0.01, real=0.03 secs] 
1159.500: [GC [PSYoungGen: 673888K->15968K(679104K)] 1293541K->635765K(2077248K), 0.0316378 secs] [Times: user=0.05 sys=0.00, real=0.03 secs] 
1159.976: [GC [PSYoungGen: 674912K->16096K(678848K)] 1294709K->636045K(2076992K), 0.0367967 secs] [Times: user=0.06 sys=0.00, real=0.04 secs] 
1160.456: [GC [PSYoungGen: 675040K->16032K(679488K)] 1294989K->636109K(2077632K), 0.0312227 secs] [Times: user=0.05 sys=0.00, real=0.03 secs] 
1160.924: [GC [PSYoungGen: 675802K->16032K(679296K)] 1295880K->636245K(2077440K), 0.0367997 secs] [Times: user=0.05 sys=0.00, real=0.03 secs] 
1161.405: [GC [PSYoungGen: 675808K->16032K(679936K)] 1296021K->636389K(2078080K), 0.0306384 secs] [Times: user=0.05 sys=0.01, real=0.03 secs] 
1161.885: [GC [PSYoungGen: 676704K->16096K(679744K)] 1297061K->636613K(2077888K), 0.0310236 secs] [Times: user=0.05 sys=0.01, real=0.03 secs] 
1162.361: [GC [PSYoungGen: 676768K->16032K(680320K)] 1297285K->636685K(2078464K), 0.0314281 secs] [Times: user=0.05 sys=0.00, real=0.04 secs] 
1162.833: [GC [PSYoungGen: 677472K->16128K(680128K)] 1298125K->636917K(2078272K), 0.0369418 secs] [Times: user=0.05 sys=0.00, real=0.03 secs] 
1163.312: [GC [PSYoungGen: 677568K->16064K(680640K)] 1298357K->637005K(2078784K), 0.0316852 secs] [Times: user=0.05 sys=0.00, real=0.03 secs] 
1163.789: [GC [PSYoungGen: 678144K->16096K(680448K)] 1299085K->637181K(2078592K), 0.0490846 secs] [Times: user=0.07 sys=0.00, real=0.05 secs] 
1164.330: [GC [PSYoungGen: 678176K->16160K(680896K)] 1299261K->637397K(2079040K), 0.0311425 secs] [Times: user=0.05 sys=0.00, real=0.03 secs] 
1164.804: [GC [PSYoungGen: 678791K->16160K(680768K)] 1300028K->637541K(2078912K), 0.0313837 secs] [Times: user=0.05 sys=0.00, real=0.03 secs] 
1165.281: [GC [PSYoungGen: 678798K->16128K(681152K)] 1300180K->637653K(2079296K), 0.0312463 secs] [Times: user=0.05 sys=0.01, real=0.03 secs] 
1165.758: [GC [PSYoungGen: 679296K->16096K(681024K)] 1300821K->637757K(2079168K), 0.0321546 secs] [Times: user=0.05 sys=0.00, real=0.03 secs] 
1166.337: [GC [PSYoungGen: 679264K->17057K(680768K)] 1300925K->638862K(2078912K), 0.0304612 secs] [Times: user=0.05 sys=0.00, real=0.03 secs] 
1167.927: [GC [PSYoungGen: 680097K->7168K(670272K)] 1301902K->630735K(2068416K), 0.0135857 secs] [Times: user=0.02 sys=0.00, real=0.01 secs] 
1171.026: [GC [PSYoungGen: 670200K->6480K(677632K)] 1293767K->631407K(2075776K), 0.0125722 secs] [Times: user=0.03 sys=0.00, real=0.01 secs] 
1175.131: [GC [PSYoungGen: 664772K->5840K(664192K)] 1289699K->631567K(2062336K), 0.0132411 secs] [Times: user=0.03 sys=0.00, real=0.02 secs] 
1179.624: [GC [PSYoungGen: 664126K->5696K(676672K)] 1289853K->631703K(2074816K), 0.0128941 secs] [Times: user=0.03 sys=0.00, real=0.01 secs] 
1183.531: [GC [PSYoungGen: 661168K->5792K(661312K)] 1287175K->631887K(2059456K), 0.0119328 secs] [Times: user=0.03 sys=0.00, real=0.01 secs] 
1185.263: [GC [PSYoungGen: 661254K->6896K(677120K)] 1287350K->633224K(2075264K), 0.0122728 secs] [Times: user=0.03 sys=0.00, real=0.02 secs] 
1186.971: [GC [PSYoungGen: 662000K->7536K(676992K)] 1288328K->634665K(2075136K), 0.0124222 secs] [Times: user=0.02 sys=0.00, real=0.02 secs] 
1189.541: [GC [PSYoungGen: 662626K->6864K(677824K)] 1289755K->635265K(2075968K), 0.0144896 secs] [Times: user=0.03 sys=0.00, real=0.02 secs] 
1194.488: [GC [PSYoungGen: 663184K->5776K(677504K)] 1291585K->635489K(2075648K), 0.0147838 secs] [Times: user=0.02 sys=0.00, real=0.02 secs] 
1198.900: [GC [PSYoungGen: 662096K->5792K(678400K)] 1291809K->635786K(2076544K), 0.0126242 secs] [Times: user=0.02 sys=0.00, real=0.01 secs] 
1202.001: [GC [PSYoungGen: 663179K->6128K(678016K)] 1293173K->636258K(2076160K), 0.0129368 secs] [Times: user=0.03 sys=0.00, real=0.02 secs] 
1203.576: [GC [PSYoungGen: 663536K->6864K(679488K)] 1293666K->637482K(2077632K), 0.0119366 secs] [Times: user=0.02 sys=0.00, real=0.01 secs] 
1206.913: [GC [PSYoungGen: 666192K->6416K(678848K)] 1296810K->638179K(2076992K), 0.0130271 secs] [Times: user=0.02 sys=0.00, real=0.02 secs] 
1209.768: [GC [PSYoungGen: 665744K->6032K(680576K)] 1297507K->638635K(2078720K), 0.0124471 secs] [Times: user=0.03 sys=0.00, real=0.01 secs] 
1212.007: [GC [PSYoungGen: 667664K->6944K(680064K)] 1300267K->639972K(2078208K), 0.0127687 secs] [Times: user=0.03 sys=0.00, real=0.01 secs] 
1215.635: [GC [PSYoungGen: 668546K->6080K(681856K)] 1301574K->640188K(2080000K), 0.0158385 secs] [Times: user=0.03 sys=0.01, real=0.01 secs] 
1217.414: [GC [PSYoungGen: 670202K->6640K(681280K)] 1304310K->641164K(2079424K), 0.0119875 secs] [Times: user=0.02 sys=0.01, real=0.01 secs] 
1220.692: [GC [PSYoungGen: 670753K->6448K(683072K)] 1305277K->641861K(2081216K), 0.0137788 secs] [Times: user=0.03 sys=0.00, real=0.02 secs] 
1224.795: [GC [PSYoungGen: 673003K->6080K(682496K)] 1308416K->642269K(2080640K), 0.0165472 secs] [Times: user=0.03 sys=0.00, real=0.01 secs] 
1228.369: [GC [PSYoungGen: 672628K->5984K(684032K)] 1308818K->642669K(2082176K), 0.0128222 secs] [Times: user=0.02 sys=0.01, real=0.01 secs] 
1230.091: [GC [PSYoungGen: 674577K->7809K(683584K)] 1311262K->644766K(2081728K), 0.0123947 secs] [Times: user=0.02 sys=0.00, real=0.01 secs] 
1233.232: [GC [PSYoungGen: 676415K->6880K(685248K)] 1313373K->645807K(2083392K), 0.0151327 secs] [Times: user=0.03 sys=0.01, real=0.02 secs] 
1235.280: [GC [PSYoungGen: 677779K->6592K(684672K)] 1316706K->646543K(2082816K), 0.0124375 secs] [Times: user=0.02 sys=0.00, real=0.01 secs] 
1238.884: [GC [PSYoungGen: 677490K->6352K(686144K)] 1317441K->647024K(2084288K), 0.0138164 secs] [Times: user=0.03 sys=0.01, real=0.02 secs] 
1242.651: [GC [PSYoungGen: 679168K->5872K(685696K)] 1319840K->647184K(2083840K), 0.0124915 secs] [Times: user=0.02 sys=0.00, real=0.01 secs] 
1244.613: [GC [PSYoungGen: 678702K->6336K(686848K)] 1320014K->647816K(2084992K), 0.0120366 secs] [Times: user=0.03 sys=0.00, real=0.02 secs] 
1246.694: [GC [PSYoungGen: 680640K->6848K(686464K)] 1322120K->648825K(2084608K), 0.0129952 secs] [Times: user=0.02 sys=0.01, real=0.02 secs] 
1250.379: [GC [PSYoungGen: 681143K->6224K(687616K)] 1323120K->649129K(2085760K), 0.0161493 secs] [Times: user=0.02 sys=0.00, real=0.02 secs] 
1253.792: [GC [PSYoungGen: 682128K->6416K(687296K)] 1325033K->649849K(2085440K), 0.0124797 secs] [Times: user=0.02 sys=0.01, real=0.01 secs] 
1255.238: [GC [PSYoungGen: 682320K->7664K(688128K)] 1325753K->651634K(2086272K), 0.0144459 secs] [Times: user=0.03 sys=0.00, real=0.01 secs] 
1257.601: [GC [PSYoungGen: 684754K->6928K(688000K)] 1328723K->652234K(2086144K), 0.0130931 secs] [Times: user=0.02 sys=0.01, real=0.01 secs] 
1259.075: [GC [PSYoungGen: 684034K->7024K(688832K)] 1329340K->653299K(2086976K), 0.0137091 secs] [Times: user=0.02 sys=0.00, real=0.01 secs] 
1262.511: [GC [PSYoungGen: 685351K->6352K(688512K)] 1331626K->653691K(2086656K), 0.0169729 secs] [Times: user=0.03 sys=0.00, real=0.02 secs] 
1266.894: [GC [PSYoungGen: 684680K->5920K(689152K)] 1332019K->653835K(2087296K), 0.0127585 secs] [Times: user=0.03 sys=0.00, real=0.02 secs] 
1270.192: [GC [PSYoungGen: 685081K->6176K(689024K)] 1332997K->654172K(2087168K), 0.0138259 secs] [Times: user=0.03 sys=0.00, real=0.02 secs] 
1273.645: [GC [PSYoungGen: 685338K->6080K(689536K)] 1333334K->654516K(2087680K), 0.0150747 secs] [Times: user=0.03 sys=0.00, real=0.02 secs] 
1275.546: [GC [PSYoungGen: 685928K->6944K(689344K)] 1334364K->655668K(2087488K), 0.0132045 secs] [Times: user=0.03 sys=0.00, real=0.01 secs] 
1278.550: [GC [PSYoungGen: 686816K->6480K(689920K)] 1335540K->656149K(2088064K), 0.0153425 secs] [Times: user=0.03 sys=0.00, real=0.01 secs] 
1281.736: [GC [PSYoungGen: 687115K->6096K(689728K)] 1336784K->656501K(2087872K), 0.0125277 secs] [Times: user=0.02 sys=0.00, real=0.01 secs] 
1283.186: [GC [PSYoungGen: 686720K->6736K(690240K)] 1337125K->657469K(2088384K), 0.0123993 secs] [Times: user=0.03 sys=0.00, real=0.01 secs] 
1284.683: [GC [PSYoungGen: 688003K->6720K(690048K)] 1338736K->658238K(2088192K), 0.0132161 secs] [Times: user=0.03 sys=0.00, real=0.01 secs] 
1286.278: [GC [PSYoungGen: 688000K->6400K(690560K)] 1339518K->658742K(2088704K), 0.0125780 secs] [Times: user=0.02 sys=0.00, real=0.01 secs] 
1288.360: [GC [PSYoungGen: 688373K->6752K(690432K)] 1340715K->659558K(2088576K), 0.0122746 secs] [Times: user=0.02 sys=0.00, real=0.01 secs] 
1289.921: [GC [PSYoungGen: 688727K->6560K(690880K)] 1341534K->660135K(2089024K), 0.0135803 secs] [Times: user=0.03 sys=0.01, real=0.01 secs] 
1291.944: [GC [PSYoungGen: 689088K->6512K(690688K)] 1342663K->660751K(2088832K), 0.0123356 secs] [Times: user=0.02 sys=0.00, real=0.02 secs] 
1293.548: [GC [PSYoungGen: 689060K->6896K(691008K)] 1343299K->661704K(2089152K), 0.0127179 secs] [Times: user=0.02 sys=0.00, real=0.01 secs] 
1296.135: [GC [PSYoungGen: 689880K->6464K(691008K)] 1344688K->662224K(2089152K), 0.0140033 secs] [Times: user=0.02 sys=0.00, real=0.02 secs] 
1298.848: [GC [PSYoungGen: 689465K->6320K(691200K)] 1345225K->662792K(2089344K), 0.0137646 secs] [Times: user=0.03 sys=0.01, real=0.01 secs] 
1301.416: [GC [PSYoungGen: 689648K->6192K(691136K)] 1346120K->663241K(2089280K), 0.0124134 secs] [Times: user=0.03 sys=0.00, real=0.02 secs] 
1303.767: [GC [PSYoungGen: 689493K->6288K(691328K)] 1346542K->663609K(2089472K), 0.0124877 secs] [Times: user=0.02 sys=0.00, real=0.01 secs] 
1305.454: [GC [PSYoungGen: 689844K->6528K(691264K)] 1347165K->664177K(2089408K), 0.0128594 secs] [Times: user=0.02 sys=0.00, real=0.02 secs] 
1307.406: [GC [PSYoungGen: 690112K->6272K(691456K)] 1347761K->664545K(2089600K), 0.0121617 secs] [Times: user=0.03 sys=0.01, real=0.02 secs] 
1309.068: [GC [PSYoungGen: 690159K->6304K(691456K)] 1348433K->664889K(2089600K), 0.0128810 secs] [Times: user=0.02 sys=0.00, real=0.01 secs] 
1310.750: [GC [PSYoungGen: 690196K->6160K(691584K)] 1348781K->665170K(2089728K), 0.0124994 secs] [Times: user=0.02 sys=0.00, real=0.01 secs] 
1312.363: [GC [PSYoungGen: 690232K->6464K(691520K)] 1349242K->665698K(2089664K), 0.0122174 secs] [Times: user=0.03 sys=0.01, real=0.01 secs] 
1313.883: [GC [PSYoungGen: 690542K->6800K(691648K)] 1349776K->666266K(2089792K), 0.0127024 secs] [Times: user=0.02 sys=0.00, real=0.01 secs] 
1315.774: [GC [PSYoungGen: 691085K->6336K(691648K)] 1350552K->666370K(2089792K), 0.0118832 secs] [Times: user=0.02 sys=0.00, real=0.01 secs] 
1317.273: [GC [PSYoungGen: 690624K->6720K(691712K)] 1350658K->666818K(2089856K), 0.0123118 secs] [Times: user=0.02 sys=0.00, real=0.01 secs] 
1318.076: [GC [PSYoungGen: 691136K->6592K(691712K)] 1351234K->666746K(2089856K), 0.0121774 secs] [Times: user=0.02 sys=0.00, real=0.02 secs] 
1318.532: [GC [PSYoungGen: 691008K->5984K(691712K)] 1351162K->666194K(2089856K), 0.0119649 secs] [Times: user=0.02 sys=0.00, real=0.01 secs] 
1318.927: [GC [PSYoungGen: 690400K->7266K(691712K)] 1350610K->667509K(2089856K), 0.0062332 secs] [Times: user=0.02 sys=0.00, real=0.01 secs] 
1319.256: [GC [PSYoungGen: 691682K->5298K(691072K)] 1351925K->665605K(2089216K), 0.0024396 secs] [Times: user=0.01 sys=0.00, real=0.01 secs] 
1319.571: [GC [PSYoungGen: 689074K->5314K(689152K)] 1349381K->665621K(2087296K), 0.0023049 secs] [Times: user=0.02 sys=0.00, real=0.00 secs] 
1319.934: [GC [PSYoungGen: 689063K->5330K(691200K)] 1349369K->665637K(2089344K), 0.0030249 secs] [Times: user=0.02 sys=0.01, real=0.01 secs] 
1320.271: [GC [PSYoungGen: 688850K->5234K(691264K)] 1349157K->665653K(2089408K), 0.0025424 secs] [Times: user=0.01 sys=0.00, real=0.00 secs] 
1320.581: [GC [PSYoungGen: 688754K->5298K(691264K)] 1349173K->665717K(2089408K), 0.0023980 secs] [Times: user=0.02 sys=0.00, real=0.00 secs] 
1320.892: [GC [PSYoungGen: 688818K->5170K(691264K)] 1349237K->665645K(2089408K), 0.0024405 secs] [Times: user=0.01 sys=0.01, real=0.00 secs] 
1321.226: [GC [PSYoungGen: 688690K->5250K(691328K)] 1349165K->665869K(2089472K), 0.0029084 secs] [Times: user=0.02 sys=0.00, real=0.01 secs] 
1321.562: [GC [PSYoungGen: 688898K->5186K(691328K)] 1349517K->665941K(2089472K), 0.0024524 secs] [Times: user=0.02 sys=0.00, real=0.00 secs] 
1321.901: [GC [PSYoungGen: 688808K->5266K(691520K)] 1349562K->666077K(2089664K), 0.0030155 secs] [Times: user=0.02 sys=0.00, real=0.00 secs] 
1322.234: [GC [PSYoungGen: 689165K->5314K(691392K)] 1349976K->666125K(2089536K), 0.0024657 secs] [Times: user=0.01 sys=0.00, real=0.00 secs] 
1322.585: [GC [PSYoungGen: 689207K->5186K(691648K)] 1350018K->666101K(2089792K), 0.0024197 secs] [Times: user=0.02 sys=0.00, real=0.01 secs] 
1322.917: [GC [PSYoungGen: 689410K->5250K(691584K)] 1350325K->666221K(2089728K), 0.0029590 secs] [Times: user=0.02 sys=0.00, real=0.01 secs] 
1323.256: [GC [PSYoungGen: 689462K->5266K(691840K)] 1350433K->666237K(2089984K), 0.0030452 secs] [Times: user=0.02 sys=0.00, real=0.01 secs] 
1323.637: [GC [PSYoungGen: 689874K->5154K(691776K)] 1350845K->666237K(2089920K), 0.0024343 secs] [Times: user=0.02 sys=0.00, real=0.00 secs] 
1323.931: [GC [PSYoungGen: 689762K->5250K(692032K)] 1350845K->666389K(2090176K), 0.0023935 secs] [Times: user=0.01 sys=0.00, real=0.00 secs] 
1324.350: [GC [PSYoungGen: 690242K->5234K(691968K)] 1351381K->666429K(2090112K), 0.0024690 secs] [Times: user=0.02 sys=0.00, real=0.00 secs] 
1324.699: [GC [PSYoungGen: 690226K->5186K(692224K)] 1351421K->666525K(2090368K), 0.0024324 secs] [Times: user=0.02 sys=0.00, real=0.00 secs] 
1324.988: [GC [PSYoungGen: 690556K->5234K(692160K)] 1351895K->666629K(2090304K), 0.0025271 secs] [Times: user=0.01 sys=0.00, real=0.00 secs] 
1325.334: [GC [PSYoungGen: 690595K->5282K(692416K)] 1351990K->666733K(2090560K), 0.0029277 secs] [Times: user=0.02 sys=0.00, real=0.00 secs] 
1325.675: [GC [PSYoungGen: 691036K->5314K(692352K)] 1352487K->666765K(2090496K), 0.0028733 secs] [Times: user=0.02 sys=0.00, real=0.01 secs] 
1326.098: [GC [PSYoungGen: 691074K->5298K(692608K)] 1352525K->666749K(2090752K), 0.0024197 secs] [Times: user=0.02 sys=0.00, real=0.00 secs] 
1326.388: [GC [PSYoungGen: 691442K->5266K(692544K)] 1352893K->666773K(2090688K), 0.0030638 secs] [Times: user=0.02 sys=0.01, real=0.00 secs] 
1326.741: [GC [PSYoungGen: 691410K->5266K(692736K)] 1352917K->666837K(2090880K), 0.0023527 secs] [Times: user=0.01 sys=0.00, real=0.00 secs] 
1327.087: [GC [PSYoungGen: 691666K->5266K(692672K)] 1353237K->666893K(2090816K), 0.0024893 secs] [Times: user=0.02 sys=0.00, real=0.00 secs] 
1327.432: [GC [PSYoungGen: 691666K->5266K(692864K)] 1353293K->666981K(2091008K), 0.0030935 secs] [Times: user=0.02 sys=0.01, real=0.00 secs] 
1327.776: [GC [PSYoungGen: 691922K->5314K(692800K)] 1353637K->667029K(2090944K), 0.0024186 secs] [Times: user=0.01 sys=0.00, real=0.01 secs] 
1328.120: [GC [PSYoungGen: 691960K->5282K(692992K)] 1353675K->667085K(2091136K), 0.0025299 secs] [Times: user=0.02 sys=0.00, real=0.00 secs] 
1328.465: [GC [PSYoungGen: 692190K->5250K(692928K)] 1353994K->667053K(2091072K), 0.0029626 secs] [Times: user=0.02 sys=0.00, real=0.01 secs] 
1328.848: [GC [PSYoungGen: 692161K->5266K(693120K)] 1353964K->667125K(2091264K), 0.0030150 secs] [Times: user=0.02 sys=0.00, real=0.00 secs] 
1329.188: [GC [PSYoungGen: 692434K->5170K(693056K)] 1354293K->667181K(2091200K), 0.0031009 secs] [Times: user=0.02 sys=0.00, real=0.00 secs] 
1329.532: [GC [PSYoungGen: 692338K->5170K(693184K)] 1354349K->667294K(2091328K), 0.0023346 secs] [Times: user=0.01 sys=0.00, real=0.00 secs] 
1329.872: [GC [PSYoungGen: 692459K->5298K(693120K)] 1354582K->667422K(2091264K), 0.0023727 secs] [Times: user=0.02 sys=0.00, real=0.00 secs] 
1330.227: [GC [PSYoungGen: 692593K->5234K(693248K)] 1354716K->667430K(2091392K), 0.0023761 secs] [Times: user=0.01 sys=0.00, real=0.01 secs] 
1330.578: [GC [PSYoungGen: 692643K->5298K(693184K)] 1354838K->667494K(2091328K), 0.0028798 secs] [Times: user=0.02 sys=0.00, real=0.00 secs] 
1330.923: [GC [PSYoungGen: 692708K->5314K(693312K)] 1354904K->667510K(2091456K), 0.0029519 secs] [Times: user=0.01 sys=0.00, real=0.00 secs] 
1331.270: [GC [PSYoungGen: 692923K->5298K(693312K)] 1355119K->667494K(2091456K), 0.0029760 secs] [Times: user=0.01 sys=0.00, real=0.00 secs] 
1331.609: [GC [PSYoungGen: 692906K->5202K(693376K)] 1355101K->667526K(2091520K), 0.0025882 secs] [Times: user=0.02 sys=0.00, real=0.00 secs] 
1332.004: [GC [PSYoungGen: 692946K->5346K(693376K)] 1355269K->667670K(2091520K), 0.0025779 secs] [Times: user=0.01 sys=0.00, real=0.00 secs] 
1332.369: [GC [PSYoungGen: 693090K->5266K(693376K)] 1355414K->667590K(2091520K), 0.0024472 secs] [Times: user=0.02 sys=0.00, real=0.00 secs] 
1332.762: [GC [PSYoungGen: 693010K->5298K(693376K)] 1355334K->667622K(2091520K), 0.0024736 secs] [Times: user=0.01 sys=0.00, real=0.00 secs] 
1333.143: [GC [PSYoungGen: 693042K->5298K(693440K)] 1355366K->667622K(2091584K), 0.0024400 secs] [Times: user=0.02 sys=0.00, real=0.00 secs] 
1333.510: [GC [PSYoungGen: 693158K->5330K(693440K)] 1355481K->667654K(2091584K), 0.0024764 secs] [Times: user=0.02 sys=0.01, real=0.00 secs] 
1333.882: [GC [PSYoungGen: 693202K->5314K(693504K)] 1355526K->667638K(2091648K), 0.0024435 secs] [Times: user=0.02 sys=0.00, real=0.00 secs] 
1334.174: [GC [PSYoungGen: 693250K->5266K(693440K)] 1355574K->667670K(2091584K), 0.0024456 secs] [Times: user=0.01 sys=0.00, real=0.00 secs] 
1334.606: [GC [PSYoungGen: 693202K->5266K(693504K)] 1355606K->667726K(2091648K), 0.0023735 secs] [Times: user=0.01 sys=0.00, real=0.01 secs] 
1334.899: [GC [PSYoungGen: 693266K->5234K(693504K)] 1355726K->667750K(2091648K), 0.0023319 secs] [Times: user=0.02 sys=0.00, real=0.00 secs] 
1335.344: [GC [PSYoungGen: 693219K->5330K(693504K)] 1355734K->667846K(2091648K), 0.0023680 secs] [Times: user=0.02 sys=0.00, real=0.00 secs] 
1335.703: [GC [PSYoungGen: 693327K->5218K(693504K)] 1355842K->667846K(2091648K), 0.0030223 secs] [Times: user=0.02 sys=0.00, real=0.00 secs] 
1336.071: [GC [PSYoungGen: 693216K->5266K(693504K)] 1355843K->667894K(2091648K), 0.0029715 secs] [Times: user=0.01 sys=0.00, real=0.00 secs] 
1336.437: [GC [PSYoungGen: 693266K->5186K(693504K)] 1355894K->667982K(2091648K), 0.0024512 secs] [Times: user=0.02 sys=0.00, real=0.01 secs] 
1336.728: [GC [PSYoungGen: 693186K->5298K(693568K)] 1355982K->668174K(2091712K), 0.0024681 secs] [Times: user=0.01 sys=0.00, real=0.00 secs] 
1337.161: [GC [PSYoungGen: 693362K->5330K(693504K)] 1356238K->668206K(2091648K), 0.0030889 secs] [Times: user=0.02 sys=0.00, real=0.00 secs] 
1337.554: [GC [PSYoungGen: 693394K->5298K(693568K)] 1356270K->668174K(2091712K), 0.0024218 secs] [Times: user=0.02 sys=0.00, real=0.00 secs] 
1337.853: [GC [PSYoungGen: 693426K->5282K(693568K)] 1356302K->668158K(2091712K), 0.0023803 secs] [Times: user=0.02 sys=0.00, real=0.00 secs] 
1338.274: [GC [PSYoungGen: 693410K->5282K(693568K)] 1356286K->668214K(2091712K), 0.0024209 secs] [Times: user=0.02 sys=0.00, real=0.00 secs] 
1338.569: [GC [PSYoungGen: 693408K->5234K(693568K)] 1356340K->668222K(2091712K), 0.0024446 secs] [Times: user=0.02 sys=0.01, real=0.00 secs] 
1339.009: [GC [PSYoungGen: 693362K->5234K(693568K)] 1356350K->668278K(2091712K), 0.0030718 secs] [Times: user=0.01 sys=0.00, real=0.00 secs] 
1339.302: [GC [PSYoungGen: 693357K->5266K(693568K)] 1356401K->668438K(2091712K), 0.0024062 secs] [Times: user=0.02 sys=0.00, real=0.00 secs] 
1339.669: [GC [PSYoungGen: 693394K->5330K(693568K)] 1356566K->668502K(2091712K), 0.0029639 secs] [Times: user=0.02 sys=0.00, real=0.00 secs] 
1340.035: [GC [PSYoungGen: 693458K->5298K(693568K)] 1356630K->668526K(2091712K), 0.0023228 secs] [Times: user=0.02 sys=0.01, real=0.00 secs] 
1340.413: [GC [PSYoungGen: 693426K->5186K(693568K)] 1356654K->668526K(2091712K), 0.0024954 secs] [Times: user=0.01 sys=0.00, real=0.00 secs] 
1340.770: [GC [PSYoungGen: 693304K->5266K(693568K)] 1356644K->668718K(2091712K), 0.0023821 secs] [Times: user=0.02 sys=0.00, real=0.00 secs] 
1341.144: [GC [PSYoungGen: 693384K->5250K(693632K)] 1356836K->668758K(2091776K), 0.0023848 secs] [Times: user=0.02 sys=0.00, real=0.00 secs] 
1341.511: [GC [PSYoungGen: 693429K->5138K(693568K)] 1356937K->668814K(2091712K), 0.0023385 secs] [Times: user=0.01 sys=0.00, real=0.00 secs] 
1341.876: [GC [PSYoungGen: 693330K->5250K(693632K)] 1357006K->668982K(2091776K), 0.0024388 secs] [Times: user=0.01 sys=0.00, real=0.01 secs] 
1342.240: [GC [PSYoungGen: 693433K->5122K(693568K)] 1357165K->669014K(2091712K), 0.0023959 secs] [Times: user=0.02 sys=0.00, real=0.00 secs] 
1342.605: [GC [PSYoungGen: 693314K->5234K(693632K)] 1357206K->669215K(2091776K), 0.0029991 secs] [Times: user=0.01 sys=0.00, real=0.01 secs] 
1342.979: [GC [PSYoungGen: 693418K->5298K(693568K)] 1357398K->669279K(2091712K), 0.0025043 secs] [Times: user=0.02 sys=0.00, real=0.00 secs] 
1343.351: [GC [PSYoungGen: 693476K->5186K(693568K)] 1357456K->669351K(2091712K), 0.0024505 secs] [Times: user=0.02 sys=0.01, real=0.00 secs] 
1343.729: [GC [PSYoungGen: 693314K->5218K(693568K)] 1357479K->669519K(2091712K), 0.0030493 secs] [Times: user=0.02 sys=0.00, real=0.00 secs] 
1344.097: [GC [PSYoungGen: 693342K->5250K(693632K)] 1357642K->669551K(2091776K), 0.0024224 secs] [Times: user=0.01 sys=0.00, real=0.01 secs] 
1344.467: [GC [PSYoungGen: 693491K->5170K(693632K)] 1357791K->669583K(2091776K), 0.0024439 secs] [Times: user=0.02 sys=0.00, real=0.01 secs] 
1344.838: [GC [PSYoungGen: 693413K->5314K(693504K)] 1357826K->669783K(2091648K), 0.0024461 secs] [Times: user=0.02 sys=0.00, real=0.01 secs] 
1345.245: [GC [PSYoungGen: 693442K->5314K(693568K)] 1357911K->669871K(2091712K), 0.0024754 secs] [Times: user=0.02 sys=0.00, real=0.01 secs] 
1345.609: [GC [PSYoungGen: 693438K->5218K(693568K)] 1357994K->669831K(2091712K), 0.0024697 secs] [Times: user=0.02 sys=0.00, real=0.00 secs] 
1346.011: [GC [PSYoungGen: 693346K->5042K(693568K)] 1357959K->669767K(2091712K), 0.0024286 secs] [Times: user=0.02 sys=0.00, real=0.00 secs] 
1346.366: [GC [PSYoungGen: 693159K->4338K(693312K)] 1357884K->669086K(2091456K), 0.0022042 secs] [Times: user=0.01 sys=0.00, real=0.01 secs] 
1346.740: [GC [PSYoungGen: 692202K->5538K(693440K)] 1356951K->671303K(2091584K), 0.0057851 secs] [Times: user=0.02 sys=0.00, real=0.00 secs] 
1347.192: [GC [PSYoungGen: 693410K->5568K(676032K)] 1359175K->693511K(2074176K), 0.0478025 secs] [Times: user=0.06 sys=0.02, real=0.05 secs] 
1347.682: [GC [PSYoungGen: 676032K->14272K(684736K)] 1363975K->710023K(2082880K), 0.0388720 secs] [Times: user=0.05 sys=0.01, real=0.04 secs] 
1348.164: [GC [PSYoungGen: 684736K->14272K(667456K)] 1380487K->717983K(2065600K), 0.0452297 secs] [Times: user=0.06 sys=0.01, real=0.05 secs] 
1348.640: [GC [PSYoungGen: 667456K->21504K(674688K)] 1371167K->725415K(2072832K), 0.0308220 secs] [Times: user=0.05 sys=0.01, real=0.03 secs] 
1349.100: [GC [PSYoungGen: 674688K->21536K(667136K)] 1378599K->725639K(2065280K), 0.0314319 secs] [Times: user=0.06 sys=0.00, real=0.03 secs] 
1349.549: [GC [PSYoungGen: 664352K->21184K(664000K)] 1368455K->725495K(2062144K), 0.0307024 secs] [Times: user=0.06 sys=0.00, real=0.03 secs] 
1350.003: [GC [PSYoungGen: 663999K->21280K(666560K)] 1368311K->725791K(2064704K), 0.0314318 secs] [Times: user=0.05 sys=0.00, real=0.03 secs] 
1350.451: [GC [PSYoungGen: 658080K->20992K(657792K)] 1362591K->725703K(2055936K), 0.0302389 secs] [Times: user=0.05 sys=0.00, real=0.03 secs] 
1350.894: [GC [PSYoungGen: 657792K->21024K(665920K)] 1362503K->725935K(2064064K), 0.0299757 secs] [Times: user=0.05 sys=0.00, real=0.03 secs] 
1351.336: [GC [PSYoungGen: 655008K->20960K(654976K)] 1359919K->726071K(2053120K), 0.0301682 secs] [Times: user=0.05 sys=0.01, real=0.03 secs] 
1351.788: [GC [PSYoungGen: 654944K->20896K(665856K)] 1360055K->726191K(2064000K), 0.0300446 secs] [Times: user=0.05 sys=0.00, real=0.03 secs] 
1352.230: [GC [PSYoungGen: 653856K->20896K(665984K)] 1359151K->726383K(2064128K), 0.0357894 secs] [Times: user=0.06 sys=0.01, real=0.03 secs] 
1352.678: [GC [PSYoungGen: 653856K->20928K(666112K)] 1359343K->726607K(2064256K), 0.0299994 secs] [Times: user=0.05 sys=0.00, real=0.03 secs] 
1353.123: [GC [PSYoungGen: 653990K->20896K(665984K)] 1359670K->726767K(2064128K), 0.0304571 secs] [Times: user=0.05 sys=0.00, real=0.03 secs] 
1353.563: [GC [PSYoungGen: 653984K->20960K(666624K)] 1359855K->727015K(2064768K), 0.0295843 secs] [Times: user=0.05 sys=0.00, real=0.03 secs] 
1354.014: [GC [PSYoungGen: 654944K->20832K(666368K)] 1360999K->727087K(2064512K), 0.0301968 secs] [Times: user=0.05 sys=0.00, real=0.03 secs] 
1354.460: [GC [PSYoungGen: 654802K->20896K(667392K)] 1361058K->727359K(2065536K), 0.0356169 secs] [Times: user=0.05 sys=0.00, real=0.03 secs] 
1354.910: [GC [PSYoungGen: 656288K->20960K(667008K)] 1362751K->727615K(2065152K), 0.0353938 secs] [Times: user=0.05 sys=0.00, real=0.03 secs] 
1355.358: [GC [PSYoungGen: 656352K->20928K(668288K)] 1363007K->727791K(2066432K), 0.0313060 secs] [Times: user=0.06 sys=0.01, real=0.03 secs] 
1355.804: [GC [PSYoungGen: 658048K->20992K(667840K)] 1364911K->728063K(2065984K), 0.0310830 secs] [Times: user=0.05 sys=0.00, real=0.03 secs] 
1356.250: [GC [PSYoungGen: 658112K->21024K(669120K)] 1365183K->728295K(2067264K), 0.0299945 secs] [Times: user=0.05 sys=0.00, real=0.03 secs] 
1356.695: [GC [PSYoungGen: 659872K->21056K(668736K)] 1367143K->728519K(2066880K), 0.0301620 secs] [Times: user=0.05 sys=0.00, real=0.03 secs] 
1357.140: [GC [PSYoungGen: 659904K->21120K(669952K)] 1367367K->728783K(2068096K), 0.0369347 secs] [Times: user=0.05 sys=0.00, real=0.03 secs] 
1357.594: [GC [PSYoungGen: 661632K->21120K(669568K)] 1369295K->728975K(2067712K), 0.0305025 secs] [Times: user=0.05 sys=0.00, real=0.03 secs] 
1358.046: [GC [PSYoungGen: 661632K->21152K(670784K)] 1369487K->729199K(2068928K), 0.0307316 secs] [Times: user=0.05 sys=0.00, real=0.03 secs] 
1358.503: [GC [PSYoungGen: 663328K->21152K(670400K)] 1371375K->729391K(2068544K), 0.0318889 secs] [Times: user=0.05 sys=0.00, real=0.03 secs] 
1358.953: [GC [PSYoungGen: 663326K->21152K(671552K)] 1371566K->729591K(2069696K), 0.0362627 secs] [Times: user=0.05 sys=0.00, real=0.04 secs] 
1359.407: [GC [PSYoungGen: 664860K->21248K(671168K)] 1373300K->729887K(2069312K), 0.0314192 secs] [Times: user=0.05 sys=0.01, real=0.04 secs] 
1359.861: [GC [PSYoungGen: 664960K->21216K(672192K)] 1373599K->730055K(2070336K), 0.0318314 secs] [Times: user=0.05 sys=0.00, real=0.03 secs] 
1360.313: [GC [PSYoungGen: 666248K->21280K(671872K)] 1375088K->730319K(2070016K), 0.0322270 secs] [Times: user=0.05 sys=0.00, real=0.03 secs] 
1360.768: [GC [PSYoungGen: 666335K->21280K(672832K)] 1375375K->730519K(2070976K), 0.0368004 secs] [Times: user=0.06 sys=0.00, real=0.04 secs] 
1361.237: [GC [PSYoungGen: 667616K->21344K(672512K)] 1376855K->730791K(2070656K), 0.0325122 secs] [Times: user=0.05 sys=0.00, real=0.04 secs] 
1361.707: [GC [PSYoungGen: 667680K->21312K(673344K)] 1377127K->730959K(2071488K), 0.0377237 secs] [Times: user=0.05 sys=0.00, real=0.04 secs] 
1362.183: [GC [PSYoungGen: 668736K->21344K(673088K)] 1378383K->731199K(2071232K), 0.0321783 secs] [Times: user=0.05 sys=0.01, real=0.03 secs] 
1362.651: [GC [PSYoungGen: 668768K->21376K(673856K)] 1378623K->731423K(2072000K), 0.0326207 secs] [Times: user=0.05 sys=0.00, real=0.03 secs] 
1363.117: [GC [PSYoungGen: 669824K->21376K(673600K)] 1379871K->731631K(2071744K), 0.0325003 secs] [Times: user=0.05 sys=0.00, real=0.04 secs] 
1363.583: [GC [PSYoungGen: 669824K->21408K(674304K)] 1380079K->731871K(2072448K), 0.0374104 secs] [Times: user=0.06 sys=0.01, real=0.04 secs] 
1364.059: [GC [PSYoungGen: 670812K->21408K(674112K)] 1381276K->732079K(2072256K), 0.0372558 secs] [Times: user=0.06 sys=0.00, real=0.03 secs] 
1364.532: [GC [PSYoungGen: 670810K->21440K(674688K)] 1381482K->732295K(2072832K), 0.0325610 secs] [Times: user=0.05 sys=0.00, real=0.03 secs] 
1364.996: [GC [PSYoungGen: 671616K->21408K(674496K)] 1382471K->732471K(2072640K), 0.0327080 secs] [Times: user=0.06 sys=0.00, real=0.04 secs] 
1365.461: [GC [PSYoungGen: 671571K->21472K(675008K)] 1382635K->732735K(2073152K), 0.0323599 secs] [Times: user=0.05 sys=0.00, real=0.03 secs] 
1365.940: [GC [PSYoungGen: 672341K->21472K(674880K)] 1383605K->732935K(2073024K), 0.0326445 secs] [Times: user=0.06 sys=0.00, real=0.03 secs] 
1366.405: [GC [PSYoungGen: 672341K->21536K(675264K)] 1383805K->733183K(2073408K), 0.0374334 secs] [Times: user=0.06 sys=0.01, real=0.04 secs] 
1366.881: [GC [PSYoungGen: 672963K->21472K(675200K)] 1384611K->733319K(2073344K), 0.0323717 secs] [Times: user=0.06 sys=0.00, real=0.03 secs] 
1367.602: [GC [PSYoungGen: 672928K->19777K(675456K)] 1384775K->731825K(2073600K), 0.0266549 secs] [Times: user=0.04 sys=0.00, real=0.03 secs] 
1370.074: [GC [PSYoungGen: 671681K->8800K(660736K)] 1383729K->723121K(2058880K), 0.0127101 secs] [Times: user=0.03 sys=0.01, real=0.01 secs] 
1373.896: [GC [PSYoungGen: 660695K->7760K(670528K)] 1375016K->723281K(2068672K), 0.0159145 secs] [Times: user=0.03 sys=0.00, real=0.02 secs] 
1378.046: [GC [PSYoungGen: 652870K->7616K(652800K)] 1368392K->723369K(2050944K), 0.0126376 secs] [Times: user=0.03 sys=0.00, real=0.01 secs] 
1382.604: [GC [PSYoungGen: 652734K->7648K(669760K)] 1368488K->723569K(2067904K), 0.0125308 secs] [Times: user=0.02 sys=0.00, real=0.01 secs] 
1386.078: [GC [PSYoungGen: 649428K->7888K(649728K)] 1365350K->723962K(2047872K), 0.0137584 secs] [Times: user=0.03 sys=0.00, real=0.02 secs] 
1388.963: [GC [PSYoungGen: 649656K->7856K(670144K)] 1365730K->724394K(2068288K), 0.0122138 secs] [Times: user=0.03 sys=0.00, real=0.01 secs] 
1390.302: [GC [PSYoungGen: 649106K->8784K(670144K)] 1365645K->725602K(2068288K), 0.0162849 secs] [Times: user=0.03 sys=0.00, real=0.01 secs] 
1394.231: [GC [PSYoungGen: 650064K->8096K(670848K)] 1366882K->726067K(2068992K), 0.0133330 secs] [Times: user=0.03 sys=0.00, real=0.01 secs] 
1396.882: [GC [PSYoungGen: 650400K->7616K(670464K)] 1368371K->726275K(2068608K), 0.0134525 secs] [Times: user=0.02 sys=0.00, real=0.01 secs] 
1399.499: [GC [PSYoungGen: 649897K->8016K(671872K)] 1368557K->726835K(2070016K), 0.0117530 secs] [Times: user=0.02 sys=0.00, real=0.02 secs] 
1402.422: [GC [PSYoungGen: 652112K->8976K(671232K)] 1370931K->728036K(2069376K), 0.0122601 secs] [Times: user=0.02 sys=0.00, real=0.01 secs] 
1404.267: [GC [PSYoungGen: 653048K->9568K(673664K)] 1372108K->729508K(2071808K), 0.0140009 secs] [Times: user=0.02 sys=0.00, real=0.02 secs] 
1405.787: [GC [PSYoungGen: 656909K->9825K(672704K)] 1376849K->730837K(2070848K), 0.0126616 secs] [Times: user=0.03 sys=0.00, real=0.01 secs] 
1408.927: [GC [PSYoungGen: 657185K->8096K(675328K)] 1378197K->731150K(2073472K), 0.0144274 secs] [Times: user=0.03 sys=0.00, real=0.02 secs] 
1411.855: [GC [PSYoungGen: 659031K->8160K(674624K)] 1382085K->731710K(2072768K), 0.0124033 secs] [Times: user=0.03 sys=0.00, real=0.01 secs] 
1413.307: [GC [PSYoungGen: 659104K->9360K(676864K)] 1382654K->733207K(2075008K), 0.0128140 secs] [Times: user=0.02 sys=0.00, real=0.02 secs] 
1417.803: [GC [PSYoungGen: 663184K->7888K(675968K)] 1387031K->733447K(2074112K), 0.0135547 secs] [Times: user=0.03 sys=0.00, real=0.01 secs] 
1422.506: [GC [PSYoungGen: 661707K->7712K(678080K)] 1387267K->733639K(2076224K), 0.0130642 secs] [Times: user=0.02 sys=0.00, real=0.01 secs] 
1427.411: [GC [PSYoungGen: 664283K->7920K(677504K)] 1390210K->733919K(2075648K), 0.0132066 secs] [Times: user=0.02 sys=0.00, real=0.01 secs] 
1431.338: [GC [PSYoungGen: 664495K->7856K(679424K)] 1390494K->734239K(2077568K), 0.0133215 secs] [Times: user=0.03 sys=0.00, real=0.02 secs] 
1434.250: [GC [PSYoungGen: 667041K->8784K(678784K)] 1393424K->735343K(2076928K), 0.0125902 secs] [Times: user=0.03 sys=0.00, real=0.02 secs] 
1435.681: [GC [PSYoungGen: 667961K->9408K(681024K)] 1394521K->736768K(2079168K), 0.0151901 secs] [Times: user=0.03 sys=0.00, real=0.01 secs] 
1438.206: [GC [PSYoungGen: 671587K->8864K(680192K)] 1398947K->737593K(2078336K), 0.0129329 secs] [Times: user=0.03 sys=0.00, real=0.01 secs] 
1442.038: [GC [PSYoungGen: 671061K->8464K(682304K)] 1399790K->738129K(2080448K), 0.0128623 secs] [Times: user=0.03 sys=0.00, real=0.02 secs] 
1443.657: [GC [PSYoungGen: 673488K->9312K(681728K)] 1403153K->739514K(2079872K), 0.0131686 secs] [Times: user=0.02 sys=0.01, real=0.01 secs] 
1447.409: [GC [PSYoungGen: 674330K->8160K(683392K)] 1404531K->739810K(2081536K), 0.0157799 secs] [Times: user=0.03 sys=0.01, real=0.02 secs] 
1451.270: [GC [PSYoungGen: 675541K->7872K(683008K)] 1407191K->740034K(2081152K), 0.0140756 secs] [Times: user=0.02 sys=0.01, real=0.02 secs] 
1455.720: [GC [PSYoungGen: 675255K->7984K(684160K)] 1407418K->740274K(2082304K), 0.0143887 secs] [Times: user=0.03 sys=0.00, real=0.02 secs] 
1459.503: [GC [PSYoungGen: 676897K->8304K(683776K)] 1409187K->740834K(2081920K), 0.0135108 secs] [Times: user=0.02 sys=0.00, real=0.01 secs] 
1463.417: [GC [PSYoungGen: 677230K->7840K(684928K)] 1409761K->740891K(2083072K), 0.0132363 secs] [Times: user=0.03 sys=0.00, real=0.01 secs] 
1465.687: [GC [PSYoungGen: 678357K->9056K(684608K)] 1411408K->742171K(2082752K), 0.0137262 secs] [Times: user=0.03 sys=0.00, real=0.01 secs] 
1467.463: [GC [PSYoungGen: 679584K->9424K(685696K)] 1412699K->743468K(2083840K), 0.0128259 secs] [Times: user=0.02 sys=0.00, real=0.01 secs] 
1469.962: [GC [PSYoungGen: 681467K->8448K(685376K)] 1415511K->744020K(2083520K), 0.0134789 secs] [Times: user=0.02 sys=0.00, real=0.01 secs] 
1472.085: [GC [PSYoungGen: 680503K->8496K(686336K)] 1416076K->744629K(2084480K), 0.0151248 secs] [Times: user=0.02 sys=0.00, real=0.01 secs] 
1473.683: [GC [PSYoungGen: 681832K->9488K(686016K)] 1417965K->746029K(2084160K), 0.0144287 secs] [Times: user=0.03 sys=0.00, real=0.01 secs] 
1477.506: [GC [PSYoungGen: 682832K->8208K(686720K)] 1419373K->746285K(2084864K), 0.0136107 secs] [Times: user=0.03 sys=0.01, real=0.01 secs] 
1480.606: [GC [PSYoungGen: 682437K->8528K(686528K)] 1420515K->746990K(2084672K), 0.0129455 secs] [Times: user=0.03 sys=0.01, real=0.01 secs] 
1482.548: [GC [PSYoungGen: 682750K->8880K(687296K)] 1421212K->747910K(2085440K), 0.0152045 secs] [Times: user=0.03 sys=0.00, real=0.02 secs] 
1485.902: [GC [PSYoungGen: 684202K->8512K(687040K)] 1423232K->748351K(2085184K), 0.0127823 secs] [Times: user=0.02 sys=0.00, real=0.02 secs] 
1487.869: [GC [PSYoungGen: 683811K->8224K(687680K)] 1423650K->748655K(2085824K), 0.0129989 secs] [Times: user=0.03 sys=0.00, real=0.02 secs] 
1489.299: [GC [PSYoungGen: 684435K->8752K(687552K)] 1424866K->749543K(2085696K), 0.0136896 secs] [Times: user=0.03 sys=0.00, real=0.02 secs] 
1490.978: [GC [PSYoungGen: 684976K->10129K(687424K)] 1425767K->751240K(2085568K), 0.0129937 secs] [Times: user=0.03 sys=0.00, real=0.01 secs] 
1493.745: [GC [PSYoungGen: 686469K->9168K(687680K)] 1427581K->751848K(2085824K), 0.0134335 secs] [Times: user=0.03 sys=0.01, real=0.01 secs] 
1495.511: [GC [PSYoungGen: 685519K->9120K(687936K)] 1428199K->752625K(2086080K), 0.0135910 secs] [Times: user=0.02 sys=0.01, real=0.02 secs] 
1497.220: [GC [PSYoungGen: 685827K->9680K(687808K)] 1429331K->753705K(2085952K), 0.0131724 secs] [Times: user=0.02 sys=0.00, real=0.02 secs] 
1499.690: [GC [PSYoungGen: 686408K->8528K(688000K)] 1430433K->753978K(2086144K), 0.0166116 secs] [Times: user=0.03 sys=0.00, real=0.02 secs] 
1501.457: [GC [PSYoungGen: 685373K->8816K(687872K)] 1430823K->754842K(2086016K), 0.0133816 secs] [Times: user=0.02 sys=0.00, real=0.01 secs] 
1503.100: [GC [PSYoungGen: 685652K->8736K(688320K)] 1431679K->755394K(2086464K), 0.0126360 secs] [Times: user=0.02 sys=0.00, real=0.02 secs] 
1505.489: [GC [PSYoungGen: 686217K->8240K(688192K)] 1432875K->755531K(2086336K), 0.0129209 secs] [Times: user=0.03 sys=0.00, real=0.01 secs] 
1507.729: [GC [PSYoungGen: 685744K->8384K(688512K)] 1433035K->756003K(2086656K), 0.0128836 secs] [Times: user=0.03 sys=0.00, real=0.01 secs] 
1509.471: [GC [PSYoungGen: 686271K->8960K(688384K)] 1433890K->756891K(2086528K), 0.0123855 secs] [Times: user=0.03 sys=0.00, real=0.02 secs] 
1511.215: [GC [PSYoungGen: 686831K->8672K(688704K)] 1434762K->757468K(2086848K), 0.0138895 secs] [Times: user=0.03 sys=0.00, real=0.01 secs] 
1513.874: [GC [PSYoungGen: 686941K->8128K(688576K)] 1435737K->757748K(2086720K), 0.0142926 secs] [Times: user=0.02 sys=0.00, real=0.01 secs] 
1515.560: [GC [PSYoungGen: 686400K->8768K(688896K)] 1436020K->758612K(2087040K), 0.0130632 secs] [Times: user=0.03 sys=0.00, real=0.02 secs] 
1517.221: [GC [PSYoungGen: 687399K->8416K(688768K)] 1437244K->758996K(2086912K), 0.0125507 secs] [Times: user=0.02 sys=0.00, real=0.02 secs] 
1518.691: [GC [PSYoungGen: 687070K->8896K(689024K)] 1437651K->759861K(2087168K), 0.0145292 secs] [Times: user=0.02 sys=0.00, real=0.02 secs] 
1520.286: [GC [PSYoungGen: 687856K->8384K(688960K)] 1438821K->759981K(2087104K), 0.0125849 secs] [Times: user=0.03 sys=0.00, real=0.01 secs] 
1521.866: [GC [PSYoungGen: 687360K->8144K(689152K)] 1438957K->760013K(2087296K), 0.0128212 secs] [Times: user=0.03 sys=0.00, real=0.01 secs] 
1523.492: [GC [PSYoungGen: 687376K->8448K(689088K)] 1439245K->760493K(2087232K), 0.0122232 secs] [Times: user=0.03 sys=0.00, real=0.02 secs] 
1524.909: [GC [PSYoungGen: 687680K->8672K(689280K)] 1439725K->760797K(2087424K), 0.0122898 secs] [Times: user=0.03 sys=0.00, real=0.01 secs] 
1525.446: [GC [PSYoungGen: 688160K->8496K(689216K)] 1440285K->760693K(2087360K), 0.0126057 secs] [Times: user=0.03 sys=0.00, real=0.01 secs] 
1525.892: [GC [PSYoungGen: 687973K->9586K(686848K)] 1440171K->764560K(2084992K), 0.0143004 secs] [Times: user=0.03 sys=0.01, real=0.02 secs] 
1526.330: [GC [PSYoungGen: 686834K->5442K(682752K)] 1441808K->760480K(2080896K), 0.0026365 secs] [Times: user=0.02 sys=0.00, real=0.00 secs] 
1526.706: [GC [PSYoungGen: 682690K->5410K(687168K)] 1437728K->760448K(2085312K), 0.0025987 secs] [Times: user=0.01 sys=0.00, real=0.00 secs] 
1527.028: [GC [PSYoungGen: 681250K->5458K(681344K)] 1436288K->760496K(2079488K), 0.0027506 secs] [Times: user=0.02 sys=0.00, real=0.00 secs] 
1527.370: [GC [PSYoungGen: 681283K->5458K(687104K)] 1436321K->760496K(2085248K), 0.0025807 secs] [Times: user=0.02 sys=0.00, real=0.00 secs] 
1527.689: [GC [PSYoungGen: 680786K->5378K(687168K)] 1435824K->760416K(2085312K), 0.0033435 secs] [Times: user=0.02 sys=0.00, real=0.00 secs] 
1528.056: [GC [PSYoungGen: 680706K->5378K(687232K)] 1435744K->760416K(2085376K), 0.0031846 secs] [Times: user=0.02 sys=0.00, real=0.00 secs] 
1528.400: [GC [PSYoungGen: 680744K->5394K(687168K)] 1435781K->760432K(2085312K), 0.0034171 secs] [Times: user=0.02 sys=0.00, real=0.01 secs] 
1528.740: [GC [PSYoungGen: 680786K->5378K(687488K)] 1435824K->760416K(2085632K), 0.0032648 secs] [Times: user=0.02 sys=0.00, real=0.01 secs] 
1529.086: [GC [PSYoungGen: 681218K->5410K(687360K)] 1436256K->760448K(2085504K), 0.0033802 secs] [Times: user=0.02 sys=0.00, real=0.00 secs] 
1529.430: [GC [PSYoungGen: 681246K->5410K(687936K)] 1436283K->760448K(2086080K), 0.0025406 secs] [Times: user=0.02 sys=0.00, real=0.00 secs] 
1529.779: [GC [PSYoungGen: 682018K->5410K(687680K)] 1437056K->760448K(2085824K), 0.0025303 secs] [Times: user=0.02 sys=0.00, real=0.00 secs] 
1530.128: [GC [PSYoungGen: 682018K->5426K(688384K)] 1437056K->760464K(2086528K), 0.0026438 secs] [Times: user=0.02 sys=0.00, real=0.00 secs] 
1530.504: [GC [PSYoungGen: 682930K->5426K(688128K)] 1437968K->760464K(2086272K), 0.0026021 secs] [Times: user=0.01 sys=0.00, real=0.00 secs] 
1530.843: [GC [PSYoungGen: 682930K->5362K(688896K)] 1437968K->760400K(2087040K), 0.0025719 secs] [Times: user=0.02 sys=0.00, real=0.01 secs] 
1531.190: [GC [PSYoungGen: 683890K->5378K(688640K)] 1438928K->760416K(2086784K), 0.0026224 secs] [Times: user=0.02 sys=0.00, real=0.00 secs] 
1531.562: [GC [PSYoungGen: 683906K->5394K(689344K)] 1438944K->760432K(2087488K), 0.0025213 secs] [Times: user=0.02 sys=0.00, real=0.01 secs] 
1531.916: [GC [PSYoungGen: 684815K->5442K(689088K)] 1439853K->760480K(2087232K), 0.0025491 secs] [Times: user=0.02 sys=0.00, real=0.00 secs] 
1532.302: [GC [PSYoungGen: 684857K->5442K(689856K)] 1439895K->760480K(2088000K), 0.0032472 secs] [Times: user=0.02 sys=0.00, real=0.01 secs] 
1532.651: [GC [PSYoungGen: 685890K->5410K(689600K)] 1440928K->760448K(2087744K), 0.0026122 secs] [Times: user=0.02 sys=0.00, real=0.00 secs] 
1532.996: [GC [PSYoungGen: 685848K->5426K(690304K)] 1440885K->760464K(2088448K), 0.0025924 secs] [Times: user=0.02 sys=0.00, real=0.00 secs] 
1533.387: [GC [PSYoungGen: 686762K->5410K(690048K)] 1441799K->760448K(2088192K), 0.0024691 secs] [Times: user=0.02 sys=0.01, real=0.00 secs] 
1533.767: [GC [PSYoungGen: 686754K->5394K(690688K)] 1441792K->760432K(2088832K), 0.0025099 secs] [Times: user=0.02 sys=0.00, real=0.00 secs] 
1534.130: [GC [PSYoungGen: 687570K->5426K(690496K)] 1442608K->760464K(2088640K), 0.0025822 secs] [Times: user=0.01 sys=0.00, real=0.00 secs] 
1534.501: [GC [PSYoungGen: 687594K->5362K(691072K)] 1442632K->760400K(2089216K), 0.0024889 secs] [Times: user=0.01 sys=0.00, real=0.01 secs] 
1534.859: [GC [PSYoungGen: 688306K->5410K(690880K)] 1443344K->760448K(2089024K), 0.0026956 secs] [Times: user=0.02 sys=0.00, real=0.00 secs] 
1535.219: [GC [PSYoungGen: 688354K->5378K(691392K)] 1443392K->760416K(2089536K), 0.0025452 secs] [Times: user=0.02 sys=0.00, real=0.00 secs] 
1535.582: [GC [PSYoungGen: 689026K->5378K(691264K)] 1444064K->760416K(2089408K), 0.0033911 secs] [Times: user=0.02 sys=0.00, real=0.01 secs] 
1535.950: [GC [PSYoungGen: 689026K->5394K(691712K)] 1444064K->760432K(2089856K), 0.0032569 secs] [Times: user=0.02 sys=0.00, real=0.00 secs] 
1536.312: [GC [PSYoungGen: 689604K->5314K(691520K)] 1444641K->760408K(2089664K), 0.0025041 secs] [Times: user=0.02 sys=0.00, real=0.01 secs] 
1536.685: [GC [PSYoungGen: 689538K->5330K(691968K)] 1444632K->760536K(2090112K), 0.0024442 secs] [Times: user=0.01 sys=0.00, real=0.00 secs] 
1537.044: [GC [PSYoungGen: 690130K->5362K(691840K)] 1445336K->760568K(2089984K), 0.0025177 secs] [Times: user=0.02 sys=0.00, real=0.00 secs] 
1537.411: [GC [PSYoungGen: 690151K->5410K(692160K)] 1445357K->760616K(2090304K), 0.0026337 secs] [Times: user=0.02 sys=0.00, real=0.01 secs] 
1537.772: [GC [PSYoungGen: 690594K->5410K(692032K)] 1445800K->760616K(2090176K), 0.0026057 secs] [Times: user=0.02 sys=0.00, real=0.01 secs] 
1538.138: [GC [PSYoungGen: 690594K->5410K(692416K)] 1445800K->760616K(2090560K), 0.0032864 secs] [Times: user=0.02 sys=0.01, real=0.00 secs] 
1538.518: [GC [PSYoungGen: 691106K->5378K(692288K)] 1446311K->760584K(2090432K), 0.0025409 secs] [Times: user=0.02 sys=0.00, real=0.00 secs] 
1538.885: [GC [PSYoungGen: 691064K->5426K(692608K)] 1446270K->760632K(2090752K), 0.0026453 secs] [Times: user=0.02 sys=0.00, real=0.00 secs] 
1539.254: [GC [PSYoungGen: 691506K->5394K(692480K)] 1446712K->760600K(2090624K), 0.0034237 secs] [Times: user=0.02 sys=0.00, real=0.00 secs] 
1539.662: [GC [PSYoungGen: 691474K->5394K(692736K)] 1446680K->760600K(2090880K), 0.0033492 secs] [Times: user=0.02 sys=0.00, real=0.01 secs] 
1539.966: [GC [PSYoungGen: 691794K->5378K(692672K)] 1447000K->760584K(2090816K), 0.0026126 secs] [Times: user=0.01 sys=0.00, real=0.00 secs] 
1540.391: [GC [PSYoungGen: 691778K->5426K(692864K)] 1446984K->760632K(2091008K), 0.0024958 secs] [Times: user=0.02 sys=0.00, real=0.00 secs] 
1540.751: [GC [PSYoungGen: 692082K->5378K(692800K)] 1447288K->760584K(2090944K), 0.0026302 secs] [Times: user=0.01 sys=0.00, real=0.01 secs] 
1541.121: [GC [PSYoungGen: 692034K->5458K(692992K)] 1447240K->760664K(2091136K), 0.0026265 secs] [Times: user=0.02 sys=0.00, real=0.00 secs] 
1541.484: [GC [PSYoungGen: 692355K->5346K(692928K)] 1447560K->760608K(2091072K), 0.0033116 secs] [Times: user=0.02 sys=0.00, real=0.00 secs] 
1541.849: [GC [PSYoungGen: 692249K->5362K(693056K)] 1447511K->760624K(2091200K), 0.0030699 secs] [Times: user=0.02 sys=0.01, real=0.00 secs] 
1542.281: [GC [PSYoungGen: 692395K->5298K(692992K)] 1447656K->760648K(2091136K), 0.0026164 secs] [Times: user=0.02 sys=0.00, real=0.01 secs] 
1542.645: [GC [PSYoungGen: 692328K->5442K(693120K)] 1447677K->760792K(2091264K), 0.0025637 secs] [Times: user=0.02 sys=0.00, real=0.00 secs] 
1543.008: [GC [PSYoungGen: 692584K->5394K(693056K)] 1447934K->760744K(2091200K), 0.0033194 secs] [Times: user=0.02 sys=0.00, real=0.00 secs] 
1543.374: [GC [PSYoungGen: 692562K->5346K(693184K)] 1447912K->760776K(2091328K), 0.0025878 secs] [Times: user=0.02 sys=0.00, real=0.00 secs] 
1543.739: [GC [PSYoungGen: 692692K->5362K(693184K)] 1448122K->760792K(2091328K), 0.0034042 secs] [Times: user=0.02 sys=0.00, real=0.00 secs] 
1544.111: [GC [PSYoungGen: 692720K->5378K(693248K)] 1448150K->760808K(2091392K), 0.0034413 secs] [Times: user=0.02 sys=0.01, real=0.01 secs] 
1544.513: [GC [PSYoungGen: 692866K->5362K(693248K)] 1448295K->760792K(2091392K), 0.0033726 secs] [Times: user=0.02 sys=0.00, real=0.01 secs] 
1544.880: [GC [PSYoungGen: 692850K->5442K(693312K)] 1448279K->760872K(2091456K), 0.0025449 secs] [Times: user=0.01 sys=0.00, real=0.00 secs] 
1545.256: [GC [PSYoungGen: 692984K->5442K(693248K)] 1448413K->760872K(2091392K), 0.0033204 secs] [Times: user=0.02 sys=0.00, real=0.00 secs] 
1545.630: [GC [PSYoungGen: 692994K->5378K(693312K)] 1448424K->760808K(2091456K), 0.0032644 secs] [Times: user=0.02 sys=0.01, real=0.00 secs] 
1546.028: [GC [PSYoungGen: 692994K->5410K(693312K)] 1448424K->760840K(2091456K), 0.0025946 secs] [Times: user=0.01 sys=0.00, real=0.00 secs] 
1546.390: [GC [PSYoungGen: 693016K->5394K(693376K)] 1448446K->760824K(2091520K), 0.0028329 secs] [Times: user=0.02 sys=0.01, real=0.00 secs] 
1546.781: [GC [PSYoungGen: 693134K->5378K(693376K)] 1448563K->760808K(2091520K), 0.0025456 secs] [Times: user=0.01 sys=0.00, real=0.01 secs] 
1547.151: [GC [PSYoungGen: 693110K->5378K(693376K)] 1448540K->760808K(2091520K), 0.0026234 secs] [Times: user=0.02 sys=0.00, real=0.01 secs] 
1547.513: [GC [PSYoungGen: 693119K->5410K(693376K)] 1448549K->760840K(2091520K), 0.0025460 secs] [Times: user=0.02 sys=0.01, real=0.01 secs] 
1547.891: [GC [PSYoungGen: 693142K->5410K(693440K)] 1448572K->760840K(2091584K), 0.0026018 secs] [Times: user=0.01 sys=0.00, real=0.00 secs] 
1548.256: [GC [PSYoungGen: 693282K->5426K(693440K)] 1448712K->760856K(2091584K), 0.0025129 secs] [Times: user=0.02 sys=0.00, real=0.00 secs] 
1548.625: [GC [PSYoungGen: 693286K->5410K(693440K)] 1448716K->760840K(2091584K), 0.0025646 secs] [Times: user=0.01 sys=0.00, real=0.00 secs] 
1549.000: [GC [PSYoungGen: 693278K->5442K(693440K)] 1448708K->760872K(2091584K), 0.0025309 secs] [Times: user=0.02 sys=0.00, real=0.00 secs] 
1549.378: [GC [PSYoungGen: 693314K->5410K(693440K)] 1448744K->760840K(2091584K), 0.0024452 secs] [Times: user=0.02 sys=0.00, real=0.00 secs] 
1549.756: [GC [PSYoungGen: 693282K->5410K(693440K)] 1448712K->760840K(2091584K), 0.0032187 secs] [Times: user=0.02 sys=0.00, real=0.00 secs] 
1550.125: [GC [PSYoungGen: 693282K->5394K(693440K)] 1448712K->760824K(2091584K), 0.0027034 secs] [Times: user=0.02 sys=0.00, real=0.00 secs] 
1550.495: [GC [PSYoungGen: 693266K->5410K(693440K)] 1448696K->760840K(2091584K), 0.0034315 secs] [Times: user=0.02 sys=0.00, real=0.00 secs] 
1550.863: [GC [PSYoungGen: 693282K->5314K(693504K)] 1448712K->760744K(2091648K), 0.0034606 secs] [Times: user=0.02 sys=0.00, real=0.01 secs] 
1551.238: [GC [PSYoungGen: 693299K->5346K(693504K)] 1448729K->760776K(2091648K), 0.0026789 secs] [Times: user=0.01 sys=0.00, real=0.00 secs] 
1551.604: [GC [PSYoungGen: 693337K->5378K(693504K)] 1448766K->760808K(2091648K), 0.0025480 secs] [Times: user=0.02 sys=0.00, real=0.00 secs] 
1552.026: [GC [PSYoungGen: 693378K->5394K(693504K)] 1448808K->760824K(2091648K), 0.0028287 secs] [Times: user=0.02 sys=0.00, real=0.00 secs] 
1552.396: [GC [PSYoungGen: 693394K->5410K(693504K)] 1448823K->760840K(2091648K), 0.0025877 secs] [Times: user=0.02 sys=0.00, real=0.00 secs] 
1552.760: [GC [PSYoungGen: 693408K->5426K(693504K)] 1448838K->760856K(2091648K), 0.0025630 secs] [Times: user=0.02 sys=0.01, real=0.00 secs] 
1553.147: [GC [PSYoungGen: 693426K->5314K(693504K)] 1448856K->760800K(2091648K), 0.0027246 secs] [Times: user=0.01 sys=0.00, real=0.00 secs] 
1553.513: [GC [PSYoungGen: 693301K->5314K(693504K)] 1448787K->760856K(2091648K), 0.0025367 secs] [Times: user=0.02 sys=0.00, real=0.01 secs] 
1553.820: [GC [PSYoungGen: 693314K->5394K(693504K)] 1448856K->760936K(2091648K), 0.0025594 secs] [Times: user=0.02 sys=0.00, real=0.00 secs] 
1554.284: [GC [PSYoungGen: 693379K->5362K(693504K)] 1448921K->760904K(2091648K), 0.0024839 secs] [Times: user=0.02 sys=0.00, real=0.01 secs] 
1554.652: [GC [PSYoungGen: 693362K->5266K(693504K)] 1448904K->760808K(2091648K), 0.0032770 secs] [Times: user=0.02 sys=0.00, real=0.01 secs] 
1555.037: [GC [PSYoungGen: 693259K->5170K(693184K)] 1448801K->760720K(2091328K), 0.0025329 secs] [Times: user=0.02 sys=0.00, real=0.00 secs] 
1555.418: [GC [PSYoungGen: 693170K->2497K(692544K)] 1448720K->758070K(2090688K), 0.0020735 secs] [Times: user=0.02 sys=0.00, real=0.00 secs] 
1555.826: [GC [PSYoungGen: 689473K->5986K(692992K)] 1445046K->783984K(2091136K), 0.0369832 secs] [Times: user=0.06 sys=0.01, real=0.03 secs] 
1556.292: [GC [PSYoungGen: 692962K->6016K(654080K)] 1470960K->816744K(2052224K), 0.0530908 secs] [Times: user=0.06 sys=0.02, real=0.06 secs] 
1556.760: [GC [PSYoungGen: 654080K->25472K(673536K)] 1464808K->842576K(2071680K), 0.0407654 secs] [Times: user=0.06 sys=0.01, real=0.04 secs] 
1557.208: [GC [PSYoungGen: 673536K->25472K(650240K)] 1490640K->849152K(2048384K), 0.0372426 secs] [Times: user=0.05 sys=0.01, real=0.04 secs] 
1557.645: [GC [PSYoungGen: 650240K->30688K(655488K)] 1473920K->854664K(2053632K), 0.0321559 secs] [Times: user=0.05 sys=0.00, real=0.03 secs] 
1558.070: [GC [PSYoungGen: 655453K->30720K(652416K)] 1479429K->854984K(2050560K), 0.0304842 secs] [Times: user=0.05 sys=0.00, real=0.03 secs] 
1558.488: [GC [PSYoungGen: 642304K->30112K(641728K)] 1466568K->854680K(2039872K), 0.0300604 secs] [Times: user=0.05 sys=0.00, real=0.03 secs] 
1558.906: [GC [PSYoungGen: 641684K->30080K(650368K)] 1466253K->854944K(2048512K), 0.0296341 secs] [Times: user=0.05 sys=0.00, real=0.03 secs] 
1559.315: [GC [PSYoungGen: 634743K->29696K(634368K)] 1459608K->854864K(2032512K), 0.0290886 secs] [Times: user=0.05 sys=0.00, real=0.03 secs] 
1559.724: [GC [PSYoungGen: 634348K->29664K(649920K)] 1459517K->855120K(2048064K), 0.0295449 secs] [Times: user=0.05 sys=0.01, real=0.02 secs] 
1560.139: [GC [PSYoungGen: 631520K->29536K(631424K)] 1456976K->855280K(2029568K), 0.0288260 secs] [Times: user=0.05 sys=0.00, real=0.03 secs] 
1560.549: [GC [PSYoungGen: 631383K->29600K(650304K)] 1457128K->855648K(2048448K), 0.0310502 secs] [Times: user=0.05 sys=0.00, real=0.03 secs] 
1560.967: [GC [PSYoungGen: 631190K->29600K(650304K)] 1457239K->855960K(2048448K), 0.0292577 secs] [Times: user=0.05 sys=0.00, real=0.03 secs] 
1561.370: [GC [PSYoungGen: 631184K->29504K(650944K)] 1457545K->856168K(2049088K), 0.0336551 secs] [Times: user=0.05 sys=0.00, real=0.03 secs] 
1561.789: [GC [PSYoungGen: 631936K->29568K(650496K)] 1458600K->856528K(2048640K), 0.0340767 secs] [Times: user=0.06 sys=0.00, real=0.03 secs] 
1562.208: [GC [PSYoungGen: 632000K->29568K(651968K)] 1458960K->856824K(2050112K), 0.0288134 secs] [Times: user=0.05 sys=0.01, real=0.03 secs] 
1562.627: [GC [PSYoungGen: 633919K->29696K(651392K)] 1461176K->857240K(2049536K), 0.0345510 secs] [Times: user=0.05 sys=0.00, real=0.03 secs] 
1563.047: [GC [PSYoungGen: 634048K->29664K(653248K)] 1461592K->857496K(2051392K), 0.0294872 secs] [Times: user=0.05 sys=0.00, real=0.03 secs] 
1563.452: [GC [PSYoungGen: 636438K->29760K(652544K)] 1464271K->857888K(2050688K), 0.0291295 secs] [Times: user=0.05 sys=0.00, real=0.03 secs] 
1563.854: [GC [PSYoungGen: 636544K->29760K(654592K)] 1464672K->858192K(2052736K), 0.0292568 secs] [Times: user=0.05 sys=0.00, real=0.03 secs] 
1564.260: [GC [PSYoungGen: 639232K->29920K(653888K)] 1467664K->858640K(2052032K), 0.0291692 secs] [Times: user=0.05 sys=0.00, real=0.03 secs] 
1564.666: [GC [PSYoungGen: 639391K->29888K(655872K)] 1468111K->858912K(2054016K), 0.0345800 secs] [Times: user=0.05 sys=0.00, real=0.03 secs] 
1565.081: [GC [PSYoungGen: 641980K->30176K(655232K)] 1471005K->859496K(2053376K), 0.0341019 secs] [Times: user=0.05 sys=0.00, real=0.04 secs] 
1565.497: [GC [PSYoungGen: 642267K->30112K(657024K)] 1471588K->859728K(2055168K), 0.0293649 secs] [Times: user=0.05 sys=0.00, real=0.03 secs] 
1565.910: [GC [PSYoungGen: 644567K->30304K(656448K)] 1474184K->860216K(2054592K), 0.0295468 secs] [Times: user=0.05 sys=0.00, real=0.03 secs] 
1566.325: [GC [PSYoungGen: 644758K->30336K(658112K)] 1474671K->860552K(2056256K), 0.0299081 secs] [Times: user=0.05 sys=0.00, real=0.03 secs] 
1566.737: [GC [PSYoungGen: 647040K->30432K(657600K)] 1477256K->860952K(2055744K), 0.0301512 secs] [Times: user=0.05 sys=0.01, real=0.03 secs] 
1567.138: [GC [PSYoungGen: 647136K->30400K(659136K)] 1477656K->861216K(2057280K), 0.0298704 secs] [Times: user=0.05 sys=0.00, real=0.03 secs] 
1567.553: [GC [PSYoungGen: 649152K->30400K(658624K)] 1479968K->861512K(2056768K), 0.0294508 secs] [Times: user=0.05 sys=0.00, real=0.03 secs] 
1567.967: [GC [PSYoungGen: 649152K->30464K(660160K)] 1480264K->861888K(2058304K), 0.0350546 secs] [Times: user=0.05 sys=0.00, real=0.03 secs] 
1568.383: [GC [PSYoungGen: 651264K->30560K(659648K)] 1482688K->862288K(2057792K), 0.0303412 secs] [Times: user=0.05 sys=0.00, real=0.03 secs] 
1568.789: [GC [PSYoungGen: 651360K->30528K(661056K)] 1483088K->862560K(2059200K), 0.0305944 secs] [Times: user=0.05 sys=0.01, real=0.03 secs] 
1569.204: [GC [PSYoungGen: 653184K->30624K(660608K)] 1485216K->862960K(2058752K), 0.0358794 secs] [Times: user=0.06 sys=0.01, real=0.04 secs] 
1569.622: [GC [PSYoungGen: 653280K->30624K(661824K)] 1485616K->863248K(2059968K), 0.0365569 secs] [Times: user=0.06 sys=0.01, real=0.04 secs] 
1570.049: [GC [PSYoungGen: 654880K->30656K(661440K)] 1487504K->863568K(2059584K), 0.0310747 secs] [Times: user=0.06 sys=0.01, real=0.03 secs] 
1570.471: [GC [PSYoungGen: 654903K->30688K(662528K)] 1487816K->863904K(2060672K), 0.0309059 secs] [Times: user=0.05 sys=0.00, real=0.03 secs] 
1570.896: [GC [PSYoungGen: 656416K->30816K(662208K)] 1489632K->864336K(2060352K), 0.0315919 secs] [Times: user=0.05 sys=0.00, real=0.03 secs] 
1571.320: [GC [PSYoungGen: 656544K->30768K(663168K)] 1490064K->864584K(2061312K), 0.0312344 secs] [Times: user=0.05 sys=0.00, real=0.03 secs] 
1571.756: [GC [PSYoungGen: 657776K->30912K(662848K)] 1491592K->865032K(2060992K), 0.0319842 secs] [Times: user=0.05 sys=0.00, real=0.03 secs] 
1572.185: [GC [PSYoungGen: 657920K->30880K(663680K)] 1492040K->865304K(2061824K), 0.0313182 secs] [Times: user=0.05 sys=0.01, real=0.03 secs] 
1572.609: [GC [PSYoungGen: 658976K->30912K(663424K)] 1493400K->865632K(2061568K), 0.0312104 secs] [Times: user=0.05 sys=0.00, real=0.03 secs] 
1573.034: [GC [PSYoungGen: 659008K->30912K(664128K)] 1493728K->865936K(2062272K), 0.0315354 secs] [Times: user=0.05 sys=0.01, real=0.04 secs] 
1573.464: [GC [PSYoungGen: 659904K->30992K(663872K)] 1494928K->866312K(2062016K), 0.0315025 secs] [Times: user=0.05 sys=0.00, real=0.04 secs] 
1573.897: [GC [PSYoungGen: 659984K->30912K(664576K)] 1495304K->866528K(2062720K), 0.0317826 secs] [Times: user=0.05 sys=0.00, real=0.03 secs] 
1574.329: [GC [PSYoungGen: 660800K->31008K(664320K)] 1496416K->866920K(2062464K), 0.0316298 secs] [Times: user=0.05 sys=0.01, real=0.03 secs] 
1574.761: [GC [PSYoungGen: 660896K->31040K(664896K)] 1496808K->867256K(2063040K), 0.0315275 secs] [Times: user=0.06 sys=0.00, real=0.03 secs] 
1575.187: [GC [PSYoungGen: 661696K->30976K(664768K)] 1497912K->867488K(2062912K), 0.0315711 secs] [Times: user=0.06 sys=0.01, real=0.03 secs] 
1575.623: [GC [PSYoungGen: 661612K->31040K(665280K)] 1498125K->867848K(2063424K), 0.0314960 secs] [Times: user=0.05 sys=0.00, real=0.03 secs] 
1576.052: [GC [PSYoungGen: 662385K->31040K(665088K)] 1499193K->868152K(2063232K), 0.0365462 secs] [Times: user=0.06 sys=0.00, real=0.04 secs] 
1576.480: [GC [PSYoungGen: 662400K->31040K(665600K)] 1499512K->868448K(2063744K), 0.0311626 secs] [Times: user=0.05 sys=0.01, real=0.03 secs] 
1578.328: [GC [PSYoungGen: 663020K->14881K(646912K)] 1500429K->852586K(2045056K), 0.0134541 secs] [Times: user=0.03 sys=0.00, real=0.01 secs] 
1579.693: [GC [PSYoungGen: 646860K->12736K(658944K)] 1484565K->852810K(2057088K), 0.0156801 secs] [Times: user=0.02 sys=0.00, real=0.02 secs] 
1581.351: [GC [PSYoungGen: 635840K->13312K(636480K)] 1475914K->854227K(2034624K), 0.0123266 secs] [Times: user=0.03 sys=0.00, real=0.01 secs] 
1583.035: [GC [PSYoungGen: 636400K->12720K(657856K)] 1477314K->855076K(2056000K), 0.0126880 secs] [Times: user=0.03 sys=0.01, real=0.01 secs] 
1586.465: [GC [PSYoungGen: 631216K->11696K(630208K)] 1473572K->855348K(2028352K), 0.0159626 secs] [Times: user=0.03 sys=0.00, real=0.02 secs] 
1589.305: [GC [PSYoungGen: 630192K->11424K(657536K)] 1473844K->855852K(2055680K), 0.0136233 secs] [Times: user=0.02 sys=0.00, real=0.01 secs] 
1591.148: [GC [PSYoungGen: 627989K->12112K(657792K)] 1472417K->856949K(2055936K), 0.0128694 secs] [Times: user=0.03 sys=0.01, real=0.01 secs] 
1593.207: [GC [PSYoungGen: 628670K->12656K(658496K)] 1473506K->858237K(2056640K), 0.0136854 secs] [Times: user=0.03 sys=0.01, real=0.01 secs] 
1595.251: [GC [PSYoungGen: 630064K->12656K(657920K)] 1475645K->859126K(2056064K), 0.0140096 secs] [Times: user=0.03 sys=0.00, real=0.01 secs] 
1598.940: [GC [PSYoungGen: 630046K->11536K(659840K)] 1476516K->859374K(2057984K), 0.0131074 secs] [Times: user=0.03 sys=0.00, real=0.01 secs] 
1602.005: [GC [PSYoungGen: 631568K->11344K(659200K)] 1479406K->859766K(2057344K), 0.0132525 secs] [Times: user=0.03 sys=0.01, real=0.02 secs] 
1606.072: [GC [PSYoungGen: 631356K->11248K(661504K)] 1479779K->859966K(2059648K), 0.0134453 secs] [Times: user=0.02 sys=0.00, real=0.02 secs] 
1609.585: [GC [PSYoungGen: 634332K->11328K(660608K)] 1483050K->860254K(2058752K), 0.0127422 secs] [Times: user=0.03 sys=0.00, real=0.02 secs] 
1613.904: [GC [PSYoungGen: 634424K->11200K(663488K)] 1483351K->860302K(2061632K), 0.0133903 secs] [Times: user=0.03 sys=0.00, real=0.02 secs] 
1617.126: [GC [PSYoungGen: 638144K->12288K(662464K)] 1487246K->861487K(2060608K), 0.0135705 secs] [Times: user=0.03 sys=0.00, real=0.01 secs] 
1620.991: [GC [PSYoungGen: 639232K->12112K(665984K)] 1488431K->862151K(2064128K), 0.0158399 secs] [Times: user=0.03 sys=0.00, real=0.02 secs] 
1624.485: [GC [PSYoungGen: 643832K->11632K(664768K)] 1493871K->862439K(2062912K), 0.0130037 secs] [Times: user=0.03 sys=0.00, real=0.02 secs] 
1627.013: [GC [PSYoungGen: 643363K->12832K(668352K)] 1494171K->863920K(2066496K), 0.0122125 secs] [Times: user=0.03 sys=0.00, real=0.01 secs] 
1629.660: [GC [PSYoungGen: 649233K->12160K(667072K)] 1500321K->864520K(2065216K), 0.0133831 secs] [Times: user=0.03 sys=0.01, real=0.01 secs] 
1631.423: [GC [PSYoungGen: 648547K->13793K(670848K)] 1500907K->866625K(2068992K), 0.0138258 secs] [Times: user=0.02 sys=0.00, real=0.02 secs] 
1633.082: [GC [PSYoungGen: 655108K->13440K(669504K)] 1507940K->868098K(2067648K), 0.0146173 secs] [Times: user=0.03 sys=0.00, real=0.02 secs] 
1635.591: [GC [PSYoungGen: 654784K->12512K(672960K)] 1509442K->868715K(2071104K), 0.0131055 secs] [Times: user=0.03 sys=0.00, real=0.01 secs] 
1637.252: [GC [PSYoungGen: 658501K->13600K(672064K)] 1514703K->870436K(2070208K), 0.0130919 secs] [Times: user=0.03 sys=0.00, real=0.01 secs] 
1639.372: [GC [PSYoungGen: 659616K->13120K(674944K)] 1516451K->871452K(2073088K), 0.0142340 secs] [Times: user=0.03 sys=0.00, real=0.02 secs] 
1642.774: [GC [PSYoungGen: 663104K->12000K(674048K)] 1521436K->871596K(2072192K), 0.0133488 secs] [Times: user=0.03 sys=0.00, real=0.02 secs] 
1645.477: [GC [PSYoungGen: 661984K->12592K(676352K)] 1521580K->872653K(2074496K), 0.0131665 secs] [Times: user=0.03 sys=0.00, real=0.04 secs] 
1646.908: [GC [PSYoungGen: 665493K->14016K(675584K)] 1525554K->874854K(2073728K), 0.0144784 secs] [Times: user=0.03 sys=0.00, real=0.01 secs] 
1650.591: [GC [PSYoungGen: 666922K->12224K(677696K)] 1527759K->874926K(2075840K), 0.0160668 secs] [Times: user=0.03 sys=0.01, real=0.02 secs] 
1652.092: [GC [PSYoungGen: 668025K->13456K(677120K)] 1530727K->876607K(2075264K), 0.0130616 secs] [Times: user=0.02 sys=0.00, real=0.01 secs] 
1655.195: [GC [PSYoungGen: 669264K->12736K(678976K)] 1532414K->877319K(2077120K), 0.0134649 secs] [Times: user=0.03 sys=0.01, real=0.02 secs] 
1656.575: [GC [PSYoungGen: 671098K->13552K(678400K)] 1535681K->878872K(2076544K), 0.0132846 secs] [Times: user=0.02 sys=0.00, real=0.02 secs] 
1657.965: [GC [PSYoungGen: 671896K->13472K(680192K)] 1537216K->879769K(2078336K), 0.0130925 secs] [Times: user=0.02 sys=0.00, real=0.02 secs] 
1660.076: [GC [PSYoungGen: 674269K->13568K(679616K)] 1540565K->881049K(2077760K), 0.0143886 secs] [Times: user=0.02 sys=0.01, real=0.02 secs] 
1664.282: [GC [PSYoungGen: 674364K->12112K(680960K)] 1541845K->881202K(2079104K), 0.0170337 secs] [Times: user=0.03 sys=0.00, real=0.02 secs] 
1668.136: [GC [PSYoungGen: 674738K->12176K(680704K)] 1543828K->881650K(2078848K), 0.0138596 secs] [Times: user=0.03 sys=0.00, real=0.02 secs] 
1671.239: [GC [PSYoungGen: 674827K->12080K(681472K)] 1544301K->881978K(2079616K), 0.0137299 secs] [Times: user=0.03 sys=0.00, real=0.01 secs] 
1674.752: [GC [PSYoungGen: 675752K->12400K(681216K)] 1545650K->882522K(2079360K), 0.0169367 secs] [Times: user=0.03 sys=0.00, real=0.02 secs] 
1678.120: [GC [PSYoungGen: 676080K->13408K(682048K)] 1546202K->884019K(2080192K), 0.0133403 secs] [Times: user=0.03 sys=0.01, real=0.01 secs] 
1680.122: [GC [PSYoungGen: 678240K->13312K(681792K)] 1548851K->884947K(2079936K), 0.0144477 secs] [Times: user=0.03 sys=0.00, real=0.01 secs] 
1681.949: [GC [PSYoungGen: 678129K->13856K(682432K)] 1549764K->886428K(2080576K), 0.0148838 secs] [Times: user=0.03 sys=0.00, real=0.01 secs] 
1684.347: [GC [PSYoungGen: 679634K->13152K(682368K)] 1552205K->887060K(2080512K), 0.0136894 secs] [Times: user=0.03 sys=0.01, real=0.02 secs] 
1687.069: [GC [PSYoungGen: 678917K->12800K(683008K)] 1552825K->887845K(2081152K), 0.0137622 secs] [Times: user=0.03 sys=0.00, real=0.01 secs] 
1688.495: [GC [PSYoungGen: 679548K->13008K(682752K)] 1554593K->888805K(2080896K), 0.0139210 secs] [Times: user=0.03 sys=0.00, real=0.02 secs] 
1689.949: [GC [PSYoungGen: 679731K->13728K(683328K)] 1555529K->890070K(2081472K), 0.0151754 secs] [Times: user=0.03 sys=0.00, real=0.01 secs] 
1691.605: [GC [PSYoungGen: 681310K->13408K(683264K)] 1557652K->890943K(2081408K), 0.0164886 secs] [Times: user=0.03 sys=0.00, real=0.02 secs] 
1693.168: [GC [PSYoungGen: 680992K->14401K(683072K)] 1558527K->892575K(2081216K), 0.0149999 secs] [Times: user=0.03 sys=0.00, real=0.01 secs] 
1695.067: [GC [PSYoungGen: 681919K->13328K(683264K)] 1560094K->893160K(2081408K), 0.0141966 secs] [Times: user=0.03 sys=0.00, real=0.02 secs] 
1696.943: [GC [PSYoungGen: 680848K->13328K(683712K)] 1560680K->894152K(2081856K), 0.0131502 secs] [Times: user=0.03 sys=0.00, real=0.01 secs] 
1699.575: [GC [PSYoungGen: 681521K->12848K(683520K)] 1562346K->894721K(2081664K), 0.0137729 secs] [Times: user=0.03 sys=0.01, real=0.02 secs] 
1703.455: [GC [PSYoungGen: 681072K->12032K(683712K)] 1562945K->894753K(2081856K), 0.0134472 secs] [Times: user=0.03 sys=0.00, real=0.02 secs] 
1707.298: [GC [PSYoungGen: 680549K->12128K(683776K)] 1563270K->895057K(2081920K), 0.0133429 secs] [Times: user=0.03 sys=0.00, real=0.02 secs] 
1710.676: [GC [PSYoungGen: 680640K->12224K(683904K)] 1563569K->895353K(2082048K), 0.0167404 secs] [Times: user=0.03 sys=0.00, real=0.02 secs] 
1712.858: [GC [PSYoungGen: 680942K->12880K(683840K)] 1564071K->896257K(2081984K), 0.0133957 secs] [Times: user=0.03 sys=0.00, real=0.02 secs] 
1714.337: [GC [PSYoungGen: 681612K->13520K(684096K)] 1564990K->897570K(2082240K), 0.0133872 secs] [Times: user=0.03 sys=0.00, real=0.02 secs] 
1716.136: [GC [PSYoungGen: 682694K->13104K(684096K)] 1566744K->897946K(2082240K), 0.0133045 secs] [Times: user=0.03 sys=0.00, real=0.02 secs] 
1717.675: [GC [PSYoungGen: 682288K->12768K(684352K)] 1567130K->898491K(2082496K), 0.0134809 secs] [Times: user=0.02 sys=0.00, real=0.01 secs] 
1719.260: [GC [PSYoungGen: 682330K->12960K(684224K)] 1568053K->899235K(2082368K), 0.0134616 secs] [Times: user=0.02 sys=0.00, real=0.01 secs] 
1720.804: [GC [PSYoungGen: 682510K->12928K(684672K)] 1568785K->899787K(2082816K), 0.0131346 secs] [Times: user=0.03 sys=0.00, real=0.01 secs] 
1722.279: [GC [PSYoungGen: 683111K->12960K(684544K)] 1569971K->900356K(2082688K), 0.0126583 secs] [Times: user=0.03 sys=0.01, real=0.01 secs] 
1723.784: [GC [PSYoungGen: 683168K->12720K(684864K)] 1570564K->900908K(2083008K), 0.0132102 secs] [Times: user=0.02 sys=0.01, real=0.01 secs] 
1725.280: [GC [PSYoungGen: 683376K->12880K(684800K)] 1571564K->901308K(2082944K), 0.0135136 secs] [Times: user=0.03 sys=0.00, real=0.01 secs] 
1726.690: [GC [PSYoungGen: 683536K->12480K(684992K)] 1571964K->901612K(2083136K), 0.0131856 secs] [Times: user=0.02 sys=0.01, real=0.01 secs] 
1728.322: [GC [PSYoungGen: 683392K->12048K(684928K)] 1572524K->901476K(2083072K), 0.0136641 secs] [Times: user=0.02 sys=0.01, real=0.01 secs] 
1729.771: [GC [PSYoungGen: 682960K->12832K(685056K)] 1572388K->902333K(2083200K), 0.0126030 secs] [Times: user=0.03 sys=0.01, real=0.01 secs] 
1730.461: [GC [PSYoungGen: 683791K->12480K(684928K)] 1573291K->902077K(2083072K), 0.0124699 secs] [Times: user=0.03 sys=0.00, real=0.01 secs] 
1730.813: [GC [PSYoungGen: 683456K->13860K(681408K)] 1573053K->907664K(2079552K), 0.0194592 secs] [Times: user=0.03 sys=0.01, real=0.02 secs] 
1731.184: [GC [PSYoungGen: 681380K->7075K(674624K)] 1575184K->901641K(2072768K), 0.0032074 secs] [Times: user=0.02 sys=0.00, real=0.00 secs] 
1731.545: [GC [PSYoungGen: 674595K->6339K(681024K)] 1569161K->902185K(2079168K), 0.0035973 secs] [Times: user=0.02 sys=0.01, real=0.00 secs] 
1731.846: [GC [PSYoungGen: 670787K->6579K(671040K)] 1566633K->903362K(2069184K), 0.0030958 secs] [Times: user=0.02 sys=0.00, real=0.00 secs] 
1732.188: [GC [PSYoungGen: 671027K->6323K(680832K)] 1567810K->904290K(2078976K), 0.0040809 secs] [Times: user=0.02 sys=0.01, real=0.01 secs] 
1732.462: [GC [PSYoungGen: 669491K->6771K(669952K)] 1567458K->905531K(2068096K), 0.0032913 secs] [Times: user=0.02 sys=0.01, real=0.00 secs] 
1732.804: [GC [PSYoungGen: 669939K->6563K(681088K)] 1568699K->906459K(2079232K), 0.0033032 secs] [Times: user=0.01 sys=0.00, real=0.00 secs] 
1733.113: [GC [PSYoungGen: 669666K->5923K(681024K)] 1569563K->907412K(2079168K), 0.0034523 secs] [Times: user=0.02 sys=0.01, real=0.00 secs] 
1733.418: [GC [PSYoungGen: 669014K->6691K(681408K)] 1570504K->909109K(2079552K), 0.0039362 secs] [Times: user=0.02 sys=0.00, real=0.01 secs] 
1733.731: [GC [PSYoungGen: 670240K->5939K(681152K)] 1572658K->910110K(2079296K), 0.0038406 secs] [Times: user=0.02 sys=0.01, real=0.00 secs] 
1734.047: [GC [PSYoungGen: 669483K->6771K(682112K)] 1573654K->911775K(2080256K), 0.0039477 secs] [Times: user=0.03 sys=0.00, real=0.01 secs] 
1734.358: [GC [PSYoungGen: 671539K->6227K(681664K)] 1576543K->912511K(2079808K), 0.0032178 secs] [Times: user=0.02 sys=0.00, real=0.01 secs] 
1734.660: [GC [PSYoungGen: 670995K->6003K(682816K)] 1577279K->913632K(2080960K), 0.0032793 secs] [Times: user=0.02 sys=0.00, real=0.00 secs] 
1734.984: [GC [PSYoungGen: 672243K->6227K(682432K)] 1579872K->915041K(2080576K), 0.0033135 secs] [Times: user=0.02 sys=0.00, real=0.00 secs] 
1735.262: [GC [PSYoungGen: 672467K->6835K(683776K)] 1581281K->916482K(2081920K), 0.0032629 secs] [Times: user=0.02 sys=0.00, real=0.00 secs] 
1735.801: [GC [PSYoungGen: 674803K->6291K(683200K)] 1584450K->917226K(2081344K), 0.0039025 secs] [Times: user=0.03 sys=0.01, real=0.00 secs] 
1737.726: [GC [PSYoungGen: 674256K->5522K(684480K)] 1585191K->918507K(2082624K), 0.0038514 secs] [Times: user=0.01 sys=0.00, real=0.01 secs] 
1738.009: [GC [PSYoungGen: 675218K->5907K(684224K)] 1588203K->920076K(2082368K), 0.0039509 secs] [Times: user=0.02 sys=0.01, real=0.01 secs] 
1738.333: [GC [PSYoungGen: 675591K->6243K(685376K)] 1589760K->921549K(2083520K), 0.0033059 secs] [Times: user=0.02 sys=0.00, real=0.00 secs] 
1738.649: [GC [PSYoungGen: 677539K->6051K(684928K)] 1592845K->922749K(2083072K), 0.0033376 secs] [Times: user=0.02 sys=0.00, real=0.01 secs] 
1738.960: [GC [PSYoungGen: 677336K->6195K(686208K)] 1594034K->924230K(2084352K), 0.0032265 secs] [Times: user=0.02 sys=0.00, real=0.00 secs] 
1739.274: [GC [PSYoungGen: 679155K->6739K(685760K)] 1597190K->925719K(2083904K), 0.0031508 secs] [Times: user=0.02 sys=0.01, real=0.00 secs] 
1739.591: [GC [PSYoungGen: 679693K->6851K(687232K)] 1598673K->926568K(2085376K), 0.0039631 secs] [Times: user=0.02 sys=0.01, real=0.00 secs] 
1739.916: [GC [PSYoungGen: 681789K->6291K(686720K)] 1601505K->927352K(2084864K), 0.0033465 secs] [Times: user=0.02 sys=0.01, real=0.00 secs] 
1740.201: [GC [PSYoungGen: 681233K->6451K(687936K)] 1602294K->928545K(2086080K), 0.0034012 secs] [Times: user=0.02 sys=0.00, real=0.00 secs] 
1740.518: [GC [PSYoungGen: 682931K->6371K(687552K)] 1605025K->929609K(2085696K), 0.0033363 secs] [Times: user=0.02 sys=0.00, real=0.01 secs] 
1740.831: [GC [PSYoungGen: 682842K->6531K(688576K)] 1606080K->930802K(2086720K), 0.0034190 secs] [Times: user=0.02 sys=0.01, real=0.00 secs] 
1741.147: [GC [PSYoungGen: 684346K->6291K(688256K)] 1608617K->931691K(2086400K), 0.0032671 secs] [Times: user=0.02 sys=0.00, real=0.01 secs] 
1741.458: [GC [PSYoungGen: 684115K->6643K(689152K)] 1609515K->932988K(2087296K), 0.0034158 secs] [Times: user=0.02 sys=0.00, real=0.01 secs] 
1741.786: [GC [PSYoungGen: 685619K->6611K(688832K)] 1611964K->933996K(2086976K), 0.0040074 secs] [Times: user=0.03 sys=0.00, real=0.01 secs] 
1742.126: [GC [PSYoungGen: 685580K->5891K(689600K)] 1612965K->934925K(2087744K), 0.0035112 secs] [Times: user=0.02 sys=0.01, real=0.01 secs] 
1742.415: [GC [PSYoungGen: 685955K->6083K(689472K)] 1614989K->936606K(2087616K), 0.0038949 secs] [Times: user=0.02 sys=0.00, real=0.00 secs] 
1742.775: [GC [PSYoungGen: 686122K->6323K(689984K)] 1616645K->938087K(2088128K), 0.0032472 secs] [Times: user=0.02 sys=0.01, real=0.00 secs] 
1743.064: [GC [PSYoungGen: 687027K->6387K(689728K)] 1618791K->939231K(2087872K), 0.0033405 secs] [Times: user=0.02 sys=0.00, real=0.00 secs] 
1743.388: [GC [PSYoungGen: 687091K->6435K(690368K)] 1619935K->940432K(2088512K), 0.0034418 secs] [Times: user=0.01 sys=0.01, real=0.01 secs] 
1743.706: [GC [PSYoungGen: 687965K->5971K(690176K)] 1621962K->941553K(2088320K), 0.0038931 secs] [Times: user=0.02 sys=0.00, real=0.00 secs] 
1744.031: [GC [PSYoungGen: 687498K->6131K(690624K)] 1623080K->942890K(2088768K), 0.0032448 secs] [Times: user=0.02 sys=0.00, real=0.00 secs] 
1744.353: [GC [PSYoungGen: 688215K->5891K(690496K)] 1624974K->944194K(2088640K), 0.0033901 secs] [Times: user=0.02 sys=0.01, real=0.00 secs] 
1744.677: [GC [PSYoungGen: 688003K->6435K(690880K)] 1626306K->945627K(2089024K), 0.0032196 secs] [Times: user=0.02 sys=0.00, real=0.01 secs] 
1744.998: [GC [PSYoungGen: 689055K->6451K(690752K)] 1628247K->946740K(2088896K), 0.0034071 secs] [Times: user=0.02 sys=0.00, real=0.01 secs] 
1745.319: [GC [PSYoungGen: 689071K->6211K(691136K)] 1629359K->947997K(2089280K), 0.0034655 secs] [Times: user=0.02 sys=0.00, real=0.01 secs] 
1745.652: [GC [PSYoungGen: 689411K->6323K(691072K)] 1631197K->949197K(2089216K), 0.0040794 secs] [Times: user=0.03 sys=0.00, real=0.00 secs] 
1745.952: [GC [PSYoungGen: 689523K->6579K(691328K)] 1632397K->950334K(2089472K), 0.0032510 secs] [Times: user=0.02 sys=0.00, real=0.00 secs] 
1746.310: [GC [PSYoungGen: 690220K->6387K(691328K)] 1633975K->951279K(2089472K), 0.0033884 secs] [Times: user=0.02 sys=0.01, real=0.00 secs] 
1746.600: [GC [PSYoungGen: 690012K->6739K(691456K)] 1634904K->952471K(2089600K), 0.0033139 secs] [Times: user=0.02 sys=0.00, real=0.01 secs] 
1746.923: [GC [PSYoungGen: 690639K->6099K(691456K)] 1636371K->953328K(2089600K), 0.0034828 secs] [Times: user=0.02 sys=0.01, real=0.00 secs] 
1747.310: [GC [PSYoungGen: 690003K->6659K(691520K)] 1637232K->954633K(2089664K), 0.0032656 secs] [Times: user=0.02 sys=0.00, real=0.01 secs] 
1747.652: [GC [PSYoungGen: 690676K->6499K(691520K)] 1638649K->955609K(2089664K), 0.0038345 secs] [Times: user=0.02 sys=0.01, real=0.00 secs] 
1748.002: [GC [PSYoungGen: 690531K->6195K(691648K)] 1639641K->956490K(2089792K), 0.0032703 secs] [Times: user=0.02 sys=0.01, real=0.00 secs] 
1748.352: [GC [PSYoungGen: 690404K->6243K(691584K)] 1640699K->957722K(2089728K), 0.0040389 secs] [Times: user=0.02 sys=0.00, real=0.00 secs] 
1748.707: [GC [PSYoungGen: 690467K->6451K(691776K)] 1641946K->959019K(2089920K), 0.0033130 secs] [Times: user=0.02 sys=0.00, real=0.01 secs] 
1749.051: [GC [PSYoungGen: 690931K->5859K(691712K)] 1643499K->959764K(2089856K), 0.0039894 secs] [Times: user=0.02 sys=0.01, real=0.00 secs] 
1749.389: [GC [PSYoungGen: 690339K->6979K(691520K)] 1644244K->961509K(2089664K), 0.0031863 secs] [Times: user=0.03 sys=0.00, real=0.01 secs] 
1749.797: [GC [PSYoungGen: 691267K->6627K(691648K)] 1645797K->962245K(2089792K), 0.0033259 secs] [Times: user=0.02 sys=0.00, real=0.01 secs] 
1750.090: [GC [PSYoungGen: 690915K->6195K(691712K)] 1646533K->962990K(2089856K), 0.0040182 secs] [Times: user=0.02 sys=0.00, real=0.01 secs] 
1750.436: [GC [PSYoungGen: 690547K->6675K(691648K)] 1647342K->964310K(2089792K), 0.0033317 secs] [Times: user=0.02 sys=0.00, real=0.00 secs] 
1750.782: [GC [PSYoungGen: 691012K->6147K(691712K)] 1648648K->965143K(2089856K), 0.0039915 secs] [Times: user=0.02 sys=0.00, real=0.00 secs] 
1751.134: [GC [PSYoungGen: 690497K->6515K(691648K)] 1649494K->966600K(2089792K), 0.0033299 secs] [Times: user=0.02 sys=0.00, real=0.00 secs] 
1751.484: [GC [PSYoungGen: 690867K->6355K(691840K)] 1650952K->967680K(2089984K), 0.0040544 secs] [Times: user=0.03 sys=0.00, real=0.00 secs] 
1751.842: [GC [PSYoungGen: 690963K->6467K(691776K)] 1652288K->968777K(2089920K), 0.0035601 secs] [Times: user=0.02 sys=0.00, real=0.00 secs] 
1752.188: [GC [PSYoungGen: 691075K->6515K(691904K)] 1653385K->969970K(2090048K), 0.0034096 secs] [Times: user=0.01 sys=0.00, real=0.01 secs] 
1752.536: [GC [PSYoungGen: 691315K->6483K(691904K)] 1654770K->970914K(2090048K), 0.0032613 secs] [Times: user=0.02 sys=0.01, real=0.00 secs] 
1752.888: [GC [PSYoungGen: 691260K->6435K(692032K)] 1655691K->971947K(2090176K), 0.0040738 secs] [Times: user=0.02 sys=0.00, real=0.01 secs] 
1753.232: [GC [PSYoungGen: 691427K->6515K(691968K)] 1656939K->973212K(2090112K), 0.0034001 secs] [Times: user=0.02 sys=0.01, real=0.00 secs] 
1753.582: [GC [PSYoungGen: 691507K->6515K(692032K)] 1658204K->974196K(2090176K), 0.0032878 secs] [Times: user=0.02 sys=0.00, real=0.00 secs] 
1753.944: [GC [PSYoungGen: 691551K->6067K(692032K)] 1659232K->975029K(2090176K), 0.0033358 secs] [Times: user=0.02 sys=0.01, real=0.00 secs] 
1754.291: [GC [PSYoungGen: 691123K->6483K(692032K)] 1660085K->976478K(2090176K), 0.0037869 secs] [Times: user=0.03 sys=0.00, real=0.00 secs] 
1754.642: [GC [PSYoungGen: 691539K->6163K(692032K)] 1661534K->977350K(2090176K), 0.0033911 secs] [Times: user=0.02 sys=0.01, real=0.00 secs] 
1754.934: [GC [PSYoungGen: 691217K->6771K(691840K)] 1662405K->978807K(2089984K), 0.0037524 secs] [Times: user=0.02 sys=0.00, real=0.00 secs] 
1755.339: [GC [PSYoungGen: 691691K->6483K(691968K)] 1663727K->979656K(2090112K), 0.0033968 secs] [Times: user=0.02 sys=0.01, real=0.01 secs] 
1755.692: [GC [PSYoungGen: 691411K->6307K(692032K)] 1664584K->980720K(2090176K), 0.0041727 secs] [Times: user=0.02 sys=0.00, real=0.00 secs] 
1756.044: [GC [PSYoungGen: 691360K->6275K(692032K)] 1665773K->981833K(2090176K), 0.0033475 secs] [Times: user=0.02 sys=0.00, real=0.00 secs] 
1756.340: [GC [PSYoungGen: 691299K->6643K(691968K)] 1666858K->983202K(2090112K), 0.0033778 secs] [Times: user=0.02 sys=0.00, real=0.01 secs] 
1756.686: [GC [PSYoungGen: 691699K->6499K(692032K)] 1668258K->984194K(2090176K), 0.0041618 secs] [Times: user=0.02 sys=0.00, real=0.01 secs] 
1757.080: [GC [PSYoungGen: 691548K->6323K(692096K)] 1669244K->985307K(2090240K), 0.0032832 secs] [Times: user=0.02 sys=0.00, real=0.00 secs] 
1757.374: [GC [PSYoungGen: 691443K->6595K(692032K)] 1670427K->986668K(2090176K), 0.0034636 secs] [Times: user=0.02 sys=0.01, real=0.00 secs] 
1757.724: [GC [PSYoungGen: 691713K->6003K(691968K)] 1671786K->987356K(2090112K), 0.0041672 secs] [Times: user=0.02 sys=0.01, real=0.00 secs] 
1758.077: [GC [PSYoungGen: 691059K->5346K(690432K)] 1672412K->987340K(2088576K), 0.0040364 secs] [Times: user=0.02 sys=0.00, real=0.01 secs] 
1758.422: [GC [PSYoungGen: 690402K->608K(690112K)] 1672396K->982658K(2088256K), 0.0020408 secs] [Times: user=0.01 sys=0.00, real=0.00 secs] 
1758.889: [GC [PSYoungGen: 683611K->7972K(691008K)] 1665661K->1000990K(2089152K), 0.0344283 secs] [Times: user=0.08 sys=0.01, real=0.04 secs] 
1759.393: [GC [PSYoungGen: 690966K->8000K(673216K)] 1683984K->1012990K(2071360K), 0.0378845 secs] [Times: user=0.05 sys=0.02, real=0.04 secs] 
1759.896: [GC [PSYoungGen: 673212K->11936K(677184K)] 1678203K->1017070K(2075328K), 0.0336520 secs] [Times: user=0.06 sys=0.00, real=0.03 secs] 
1760.387: [GC [PSYoungGen: 677120K->11904K(681024K)] 1682255K->1017174K(2079168K), 0.0335792 secs] [Times: user=0.06 sys=0.01, real=0.04 secs] 
1760.882: [GC [PSYoungGen: 675584K->11872K(675584K)] 1680854K->1017294K(2073728K), 0.0518088 secs] [Times: user=0.08 sys=0.01, real=0.05 secs] 
1761.431: [GC [PSYoungGen: 675552K->11904K(680896K)] 1680974K->1017462K(2079040K), 0.0330701 secs] [Times: user=0.05 sys=0.00, real=0.03 secs] 
1761.924: [GC [PSYoungGen: 674941K->11904K(681024K)] 1680500K->1017598K(2079168K), 0.0334276 secs] [Times: user=0.05 sys=0.00, real=0.03 secs] 
1762.416: [GC [PSYoungGen: 674925K->11968K(681024K)] 1680619K->1017822K(2079168K), 0.0332909 secs] [Times: user=0.06 sys=0.00, real=0.03 secs] 
1762.899: [GC [PSYoungGen: 674994K->11936K(681024K)] 1680849K->1017950K(2079168K), 0.0333112 secs] [Times: user=0.06 sys=0.00, real=0.04 secs] 
1763.383: [GC [PSYoungGen: 674970K->11936K(681216K)] 1680985K->1018102K(2079360K), 0.0334646 secs] [Times: user=0.06 sys=0.00, real=0.03 secs] 
1763.869: [GC [PSYoungGen: 675232K->11904K(681088K)] 1681398K->1018222K(2079232K), 0.0340531 secs] [Times: user=0.06 sys=0.00, real=0.04 secs] 
1764.356: [GC [PSYoungGen: 675200K->11968K(681600K)] 1681518K->1018430K(2079744K), 0.0332737 secs] [Times: user=0.06 sys=0.00, real=0.03 secs] 
1764.840: [GC [PSYoungGen: 675968K->11904K(681408K)] 1682430K->1018526K(2079552K), 0.0345157 secs] [Times: user=0.06 sys=0.00, real=0.04 secs] 
1765.333: [GC [PSYoungGen: 675904K->11904K(682048K)] 1682526K->1018654K(2080192K), 0.0342917 secs] [Times: user=0.05 sys=0.00, real=0.03 secs] 
1765.828: [GC [PSYoungGen: 676732K->11936K(681792K)] 1683483K->1018838K(2079936K), 0.0347437 secs] [Times: user=0.06 sys=0.00, real=0.04 secs] 
1766.315: [GC [PSYoungGen: 676768K->11968K(682496K)] 1683670K->1019014K(2080640K), 0.0345229 secs] [Times: user=0.06 sys=0.00, real=0.03 secs] 
1766.807: [GC [PSYoungGen: 677674K->12000K(682240K)] 1684721K->1019206K(2080384K), 0.0350012 secs] [Times: user=0.06 sys=0.00, real=0.04 secs] 
1767.300: [GC [PSYoungGen: 677701K->11968K(682880K)] 1684907K->1019318K(2081024K), 0.0335230 secs] [Times: user=0.06 sys=0.01, real=0.04 secs] 
1767.797: [GC [PSYoungGen: 678500K->11904K(682688K)] 1685851K->1019398K(2080832K), 0.0383584 secs] [Times: user=0.06 sys=0.00, real=0.04 secs] 
1768.284: [GC [PSYoungGen: 678458K->12000K(683328K)] 1685953K->1019654K(2081472K), 0.0363212 secs] [Times: user=0.07 sys=0.00, real=0.03 secs] 
1768.784: [GC [PSYoungGen: 679443K->12000K(683136K)] 1687097K->1019798K(2081280K), 0.0336974 secs] [Times: user=0.06 sys=0.01, real=0.03 secs] 
1769.273: [GC [PSYoungGen: 679456K->12000K(683776K)] 1687254K->1019950K(2081920K), 0.0532286 secs] [Times: user=0.08 sys=0.00, real=0.05 secs] 
1769.842: [GC [PSYoungGen: 680352K->11968K(683584K)] 1688302K->1020062K(2081728K), 0.0336363 secs] [Times: user=0.06 sys=0.00, real=0.03 secs] 
1770.334: [GC [PSYoungGen: 680319K->12032K(684096K)] 1688413K->1020270K(2082240K), 0.0341333 secs] [Times: user=0.06 sys=0.00, real=0.03 secs] 
1770.822: [GC [PSYoungGen: 681074K->12000K(683968K)] 1689313K->1020398K(2082112K), 0.0341817 secs] [Times: user=0.06 sys=0.00, real=0.03 secs] 
1771.317: [GC [PSYoungGen: 681056K->12032K(684480K)] 1689454K->1020574K(2082624K), 0.0389042 secs] [Times: user=0.06 sys=0.00, real=0.04 secs] 
1771.829: [GC [PSYoungGen: 681790K->12048K(684288K)] 1690333K->1020734K(2082432K), 0.0355929 secs] [Times: user=0.06 sys=0.01, real=0.04 secs] 
1772.323: [GC [PSYoungGen: 681779K->12032K(684736K)] 1690466K->1020870K(2082880K), 0.0393888 secs] [Times: user=0.06 sys=0.00, real=0.04 secs] 
1772.816: [GC [PSYoungGen: 682368K->12032K(684608K)] 1691206K->1021022K(2082752K), 0.0348834 secs] [Times: user=0.06 sys=0.00, real=0.04 secs] 
1773.313: [GC [PSYoungGen: 682338K->12064K(685056K)] 1691328K->1021198K(2083200K), 0.0345010 secs] [Times: user=0.06 sys=0.00, real=0.03 secs] 
1773.809: [GC [PSYoungGen: 683040K->12096K(684928K)] 1692174K->1021382K(2083072K), 0.0359952 secs] [Times: user=0.06 sys=0.00, real=0.04 secs] 
1774.297: [GC [PSYoungGen: 683072K->12064K(685248K)] 1692358K->1021478K(2083392K), 0.0347769 secs] [Times: user=0.06 sys=0.01, real=0.04 secs] 
1774.795: [GC [PSYoungGen: 683412K->12064K(685120K)] 1692827K->1021622K(2083264K), 0.0343070 secs] [Times: user=0.06 sys=0.00, real=0.03 secs] 
1775.288: [GC [PSYoungGen: 683419K->12096K(685440K)] 1692977K->1021806K(2083584K), 0.0341350 secs] [Times: user=0.06 sys=0.01, real=0.04 secs] 
1775.794: [GC [PSYoungGen: 683889K->12096K(685376K)] 1693600K->1021958K(2083520K), 0.0356494 secs] [Times: user=0.06 sys=0.01, real=0.03 secs] 
1776.295: [GC [PSYoungGen: 683897K->12064K(685632K)] 1693760K->1022078K(2083776K), 0.0353154 secs] [Times: user=0.06 sys=0.00, real=0.04 secs] 
1776.796: [GC [PSYoungGen: 684244K->12064K(685568K)] 1694258K->1022238K(2083712K), 0.0399302 secs] [Times: user=0.06 sys=0.00, real=0.04 secs] 
1777.299: [GC [PSYoungGen: 684256K->12032K(685824K)] 1694430K->1022366K(2083968K), 0.0361361 secs] [Times: user=0.06 sys=0.01, real=0.04 secs] 
1777.807: [GC [PSYoungGen: 684608K->12032K(685760K)] 1694942K->1022502K(2083904K), 0.0350843 secs] [Times: user=0.06 sys=0.00, real=0.04 secs] 
1778.315: [GC [PSYoungGen: 684601K->12096K(686016K)] 1695072K->1022718K(2084160K), 0.0397535 secs] [Times: user=0.07 sys=0.00, real=0.04 secs] 
1778.823: [GC [PSYoungGen: 685056K->12160K(685952K)] 1695678K->1022934K(2084096K), 0.0348352 secs] [Times: user=0.06 sys=0.00, real=0.03 secs] 
1780.192: [GC [PSYoungGen: 685103K->9266K(685248K)] 1695878K->1020160K(2083392K), 0.0166342 secs] [Times: user=0.04 sys=0.00, real=0.01 secs] 
1785.241: [GC [PSYoungGen: 681506K->5024K(677312K)] 1692401K->1019537K(2075456K), 0.0181500 secs] [Times: user=0.03 sys=0.01, real=0.01 secs] 
1788.360: [GC [PSYoungGen: 677265K->4416K(683008K)] 1691778K->1019817K(2081152K), 0.0163272 secs] [Times: user=0.03 sys=0.01, real=0.02 secs] 
1794.004: [GC [PSYoungGen: 673084K->4448K(673152K)] 1688485K->1020121K(2071296K), 0.0141672 secs] [Times: user=0.04 sys=0.00, real=0.01 secs] 
1797.119: [GC [PSYoungGen: 673112K->4944K(682816K)] 1688786K->1020913K(2080960K), 0.0129860 secs] [Times: user=0.03 sys=0.00, real=0.02 secs] 
1802.642: [GC [PSYoungGen: 672062K->4800K(672000K)] 1688032K->1021418K(2070144K), 0.0136349 secs] [Times: user=0.03 sys=0.00, real=0.01 secs] 
1805.897: [GC [PSYoungGen: 671910K->5328K(683072K)] 1688528K->1022586K(2081216K), 0.0169021 secs] [Times: user=0.03 sys=0.00, real=0.02 secs] 
1811.105: [GC [PSYoungGen: 672374K->4640K(683008K)] 1689632K->1022995K(2081152K), 0.0138577 secs] [Times: user=0.03 sys=0.00, real=0.01 secs] 
1814.700: [GC [PSYoungGen: 671698K->4784K(683392K)] 1690053K->1023619K(2081536K), 0.0137770 secs] [Times: user=0.03 sys=0.00, real=0.02 secs] 
1817.866: [GC [PSYoungGen: 672341K->4528K(683200K)] 1691176K->1024011K(2081344K), 0.0129816 secs] [Times: user=0.03 sys=0.00, real=0.01 secs] 
1820.003: [GC [PSYoungGen: 672097K->4928K(683968K)] 1691580K->1024771K(2082112K), 0.0131978 secs] [Times: user=0.03 sys=0.00, real=0.01 secs] 
1825.345: [GC [PSYoungGen: 673470K->4752K(683584K)] 1693314K->1025236K(2081728K), 0.0136673 secs] [Times: user=0.03 sys=0.00, real=0.01 secs] 
1829.105: [GC [PSYoungGen: 673292K->4528K(684672K)] 1693776K->1025548K(2082816K), 0.0141193 secs] [Times: user=0.03 sys=0.00, real=0.01 secs] 
1832.356: [GC [PSYoungGen: 674543K->4672K(684352K)] 1695563K->1026084K(2082496K), 0.0132237 secs] [Times: user=0.03 sys=0.01, real=0.01 secs] 
1835.913: [GC [PSYoungGen: 674671K->4480K(685504K)] 1696083K->1026404K(2083648K), 0.0150747 secs] [Times: user=0.03 sys=0.00, real=0.01 secs] 
1838.081: [GC [PSYoungGen: 676089K->4416K(685120K)] 1698014K->1026620K(2083264K), 0.0151564 secs] [Times: user=0.03 sys=0.00, real=0.02 secs] 
1840.195: [GC [PSYoungGen: 676032K->5760K(686528K)] 1698236K->1028149K(2084672K), 0.0141186 secs] [Times: user=0.04 sys=0.00, real=0.01 secs] 
1845.997: [GC [PSYoungGen: 679167K->4528K(685888K)] 1701555K->1028381K(2084032K), 0.0165768 secs] [Times: user=0.03 sys=0.01, real=0.02 secs] 
1849.774: [GC [PSYoungGen: 677935K->4544K(687296K)] 1701788K->1028797K(2085440K), 0.0169704 secs] [Times: user=0.03 sys=0.00, real=0.01 secs] 
1853.901: [GC [PSYoungGen: 679738K->4560K(686912K)] 1703992K->1029174K(2085056K), 0.0168651 secs] [Times: user=0.03 sys=0.01, real=0.02 secs] 
1857.915: [GC [PSYoungGen: 679754K->4416K(688000K)] 1704368K->1029414K(2086144K), 0.0145891 secs] [Times: user=0.03 sys=0.00, real=0.01 secs] 
1860.847: [GC [PSYoungGen: 681083K->4752K(687680K)] 1706081K->1029990K(2085824K), 0.0153266 secs] [Times: user=0.04 sys=0.00, real=0.01 secs] 
1862.619: [GC [PSYoungGen: 681414K->4848K(688832K)] 1706652K->1030654K(2086976K), 0.0155322 secs] [Times: user=0.03 sys=0.00, real=0.02 secs] 
1866.365: [GC [PSYoungGen: 683054K->4800K(688384K)] 1708860K->1031167K(2086528K), 0.0180233 secs] [Times: user=0.03 sys=0.00, real=0.01 secs] 
1869.863: [GC [PSYoungGen: 683008K->5232K(689600K)] 1709375K->1032135K(2087744K), 0.0139274 secs] [Times: user=0.04 sys=0.01, real=0.02 secs] 
1872.476: [GC [PSYoungGen: 685035K->5072K(689216K)] 1711939K->1032911K(2087360K), 0.0132140 secs] [Times: user=0.03 sys=0.00, real=0.01 secs] 
1876.520: [GC [PSYoungGen: 684879K->4544K(690240K)] 1712719K->1033176K(2088384K), 0.0171644 secs] [Times: user=0.03 sys=0.00, real=0.02 secs] 
1879.633: [GC [PSYoungGen: 685735K->4832K(689984K)] 1714367K->1033808K(2088128K), 0.0168396 secs] [Times: user=0.03 sys=0.00, real=0.02 secs] 
1883.189: [GC [PSYoungGen: 686023K->4512K(690688K)] 1714999K->1034048K(2088832K), 0.0143494 secs] [Times: user=0.03 sys=0.00, real=0.01 secs] 
1886.894: [GC [PSYoungGen: 686688K->4688K(690496K)] 1716224K->1034520K(2088640K), 0.0133068 secs] [Times: user=0.03 sys=0.00, real=0.01 secs] 
1889.517: [GC [PSYoungGen: 686855K->5424K(691136K)] 1716688K->1035657K(2089280K), 0.0133269 secs] [Times: user=0.03 sys=0.00, real=0.01 secs] 
1893.271: [GC [PSYoungGen: 688496K->5248K(690944K)] 1718729K->1036577K(2089088K), 0.0152004 secs] [Times: user=0.04 sys=0.00, real=0.02 secs] 
1895.491: [GC [PSYoungGen: 688313K->4880K(691584K)] 1719642K->1037202K(2089728K), 0.0132590 secs] [Times: user=0.03 sys=0.00, real=0.02 secs] 
1896.936: [GC [PSYoungGen: 688769K->6128K(691328K)] 1721091K->1038939K(2089472K), 0.0135708 secs] [Times: user=0.03 sys=0.00, real=0.01 secs] 
1900.367: [GC [PSYoungGen: 690016K->5568K(691520K)] 1722826K->1039947K(2089664K), 0.0140871 secs] [Times: user=0.03 sys=0.00, real=0.01 secs] 
1903.855: [GC [PSYoungGen: 689464K->5280K(691392K)] 1723843K->1040780K(2089536K), 0.0139433 secs] [Times: user=0.03 sys=0.00, real=0.01 secs] 
1906.436: [GC [PSYoungGen: 689183K->4800K(691840K)] 1724683K->1041332K(2089984K), 0.0164622 secs] [Times: user=0.04 sys=0.00, real=0.01 secs] 
1910.107: [GC [PSYoungGen: 689330K->4832K(691712K)] 1725862K->1041876K(2089856K), 0.0140840 secs] [Times: user=0.04 sys=0.00, real=0.01 secs] 
1911.645: [GC [PSYoungGen: 689346K->5536K(692032K)] 1726391K->1043125K(2090176K), 0.0143788 secs] [Times: user=0.03 sys=0.00, real=0.02 secs] 
1916.470: [GC [PSYoungGen: 690520K->4864K(691968K)] 1728109K->1043565K(2090112K), 0.0140138 secs] [Times: user=0.03 sys=0.00, real=0.01 secs] 
1919.928: [GC [PSYoungGen: 689847K->4544K(692224K)] 1728548K->1043838K(2090368K), 0.0149873 secs] [Times: user=0.03 sys=0.00, real=0.01 secs] 
1924.951: [GC [PSYoungGen: 689918K->4576K(692160K)] 1729212K->1044150K(2090304K), 0.0139187 secs] [Times: user=0.04 sys=0.01, real=0.02 secs] 
1928.491: [GC [PSYoungGen: 689932K->4624K(692352K)] 1729506K->1044558K(2090496K), 0.0168564 secs] [Times: user=0.03 sys=0.00, real=0.02 secs] 
1930.784: [GC [PSYoungGen: 690256K->4816K(692288K)] 1730190K->1045022K(2090432K), 0.0143996 secs] [Times: user=0.03 sys=0.00, real=0.02 secs] 
1934.710: [GC [PSYoungGen: 690434K->4672K(692608K)] 1730640K->1045326K(2090752K), 0.0151251 secs] [Times: user=0.03 sys=0.00, real=0.02 secs] 
1937.371: [GC [PSYoungGen: 690734K->4704K(692480K)] 1731388K->1045798K(2090624K), 0.0132944 secs] [Times: user=0.03 sys=0.00, real=0.01 secs] 
1940.685: [GC [PSYoungGen: 690772K->4944K(692800K)] 1731866K->1046423K(2090944K), 0.0174576 secs] [Times: user=0.03 sys=0.00, real=0.02 secs] 
1943.033: [GC [PSYoungGen: 691402K->4768K(692672K)] 1732881K->1046783K(2090816K), 0.0130983 secs] [Times: user=0.03 sys=0.00, real=0.02 secs] 
1944.584: [GC [PSYoungGen: 691219K->5088K(692992K)] 1733234K->1047487K(2091136K), 0.0133322 secs] [Times: user=0.03 sys=0.00, real=0.02 secs] 
1947.990: [GC [PSYoungGen: 691999K->4672K(692928K)] 1734399K->1047888K(2091072K), 0.0134467 secs] [Times: user=0.03 sys=0.01, real=0.01 secs] 
1949.685: [GC [PSYoungGen: 691583K->5344K(692928K)] 1734799K->1048824K(2091072K), 0.0155323 secs] [Times: user=0.04 sys=0.00, real=0.02 secs] 
1951.889: [GC [PSYoungGen: 692304K->4752K(692992K)] 1735784K->1049096K(2091136K), 0.0138558 secs] [Times: user=0.03 sys=0.00, real=0.01 secs] 
1953.669: [GC [PSYoungGen: 691719K->4976K(693120K)] 1736064K->1049633K(2091264K), 0.0181875 secs] [Times: user=0.04 sys=0.01, real=0.02 secs] 
1955.234: [GC [PSYoungGen: 692142K->5232K(693056K)] 1736799K->1050393K(2091200K), 0.0136207 secs] [Times: user=0.03 sys=0.00, real=0.02 secs] 
1956.988: [GC [PSYoungGen: 692379K->4704K(693184K)] 1737540K->1050569K(2091328K), 0.0142393 secs] [Times: user=0.04 sys=0.00, real=0.01 secs] 
1958.813: [GC [PSYoungGen: 691987K->4848K(693120K)] 1737853K->1051017K(2091264K), 0.0137284 secs] [Times: user=0.04 sys=0.00, real=0.02 secs] 
1960.421: [GC [PSYoungGen: 692144K->5024K(693248K)] 1738313K->1051562K(2091392K), 0.0128093 secs] [Times: user=0.03 sys=0.00, real=0.01 secs] 
1962.014: [GC [PSYoungGen: 692509K->4976K(693248K)] 1739046K->1051786K(2091392K), 0.0127677 secs] [Times: user=0.03 sys=0.00, real=0.02 secs] 
1962.605: [GC [PSYoungGen: 692461K->4576K(693312K)] 1739271K->1051450K(2091456K), 0.0131030 secs] [Times: user=0.04 sys=0.00, real=0.02 secs] 
1962.982: [GC [PSYoungGen: 692180K->5683K(693312K)] 1739053K->1055790K(2091456K), 0.0057892 secs] [Times: user=0.03 sys=0.01, real=0.01 secs] 
1963.353: [GC [PSYoungGen: 693291K->5683K(689344K)] 1743399K->1057495K(2087488K), 0.0037674 secs] [Times: user=0.02 sys=0.00, real=0.01 secs] 
1963.786: [GC [PSYoungGen: 689321K->6947K(690624K)] 1741133K->1059296K(2088768K), 0.0034605 secs] [Times: user=0.03 sys=0.00, real=0.01 secs] 
1964.109: [GC [PSYoungGen: 690588K->6883K(690624K)] 1742936K->1060072K(2088768K), 0.0033955 secs] [Times: user=0.03 sys=0.00, real=0.00 secs] 
1964.398: [GC [PSYoungGen: 689507K->6547K(689216K)] 1742696K->1060729K(2087360K), 0.0034838 secs] [Times: user=0.02 sys=0.00, real=0.00 secs] 
1964.723: [GC [PSYoungGen: 689171K->7075K(690368K)] 1743353K->1061993K(2088512K), 0.0035387 secs] [Times: user=0.02 sys=0.00, real=0.01 secs] 
1965.034: [GC [PSYoungGen: 689180K->6915K(689088K)] 1744098K->1062770K(2087232K), 0.0044993 secs] [Times: user=0.03 sys=0.00, real=0.01 secs] 
1965.360: [GC [PSYoungGen: 689027K->6979K(690304K)] 1744882K->1063410K(2088448K), 0.0033842 secs] [Times: user=0.03 sys=0.00, real=0.00 secs] 
1965.685: [GC [PSYoungGen: 688707K->6915K(688704K)] 1745138K->1064187K(2086848K), 0.0045570 secs] [Times: user=0.03 sys=0.00, real=0.01 secs] 
1966.009: [GC [PSYoungGen: 688643K->6387K(690496K)] 1745914K->1064891K(2088640K), 0.0042838 secs] [Times: user=0.02 sys=0.00, real=0.00 secs] 
1966.319: [GC [PSYoungGen: 688179K->7011K(690304K)] 1746683K->1066164K(2088448K), 0.0034199 secs] [Times: user=0.02 sys=0.00, real=0.00 secs] 
1966.608: [GC [PSYoungGen: 688803K->6627K(690560K)] 1747956K->1066868K(2088704K), 0.0035187 secs] [Times: user=0.02 sys=0.01, real=0.00 secs] 
1966.936: [GC [PSYoungGen: 688606K->6627K(690432K)] 1748847K->1067917K(2088576K), 0.0036517 secs] [Times: user=0.02 sys=0.00, real=0.01 secs] 
1967.278: [GC [PSYoungGen: 688611K->6707K(690752K)] 1749901K->1068877K(2088896K), 0.0034343 secs] [Times: user=0.02 sys=0.00, real=0.00 secs] 
1967.603: [GC [PSYoungGen: 689130K->6547K(690688K)] 1751301K->1069766K(2088832K), 0.0034909 secs] [Times: user=0.02 sys=0.00, real=0.01 secs] 
1967.924: [GC [PSYoungGen: 688979K->6451K(691008K)] 1752198K->1070799K(2089152K), 0.0035347 secs] [Times: user=0.02 sys=0.00, real=0.01 secs] 
1968.252: [GC [PSYoungGen: 689320K->6211K(690880K)] 1753667K->1072007K(2089024K), 0.0036224 secs] [Times: user=0.02 sys=0.01, real=0.00 secs] 
1968.592: [GC [PSYoungGen: 689083K->6515K(691264K)] 1754880K->1073200K(2089408K), 0.0035054 secs] [Times: user=0.02 sys=0.00, real=0.00 secs] 
1968.885: [GC [PSYoungGen: 689903K->6307K(691136K)] 1756588K->1074321K(2089280K), 0.0035481 secs] [Times: user=0.02 sys=0.00, real=0.01 secs] 
1969.421: [GC [PSYoungGen: 689694K->6931K(691200K)] 1757708K->1075626K(2089344K), 0.0053136 secs] [Times: user=0.03 sys=0.00, real=0.01 secs] 
1969.736: [GC [PSYoungGen: 690446K->6499K(691264K)] 1759141K->1076482K(2089408K), 0.0045910 secs] [Times: user=0.03 sys=0.01, real=0.01 secs] 
1970.066: [GC [PSYoungGen: 690003K->6931K(691264K)] 1759986K->1077555K(2089408K), 0.0034074 secs] [Times: user=0.03 sys=0.01, real=0.00 secs] 
1970.389: [GC [PSYoungGen: 690565K->7107K(690816K)] 1761188K->1078419K(2088960K), 0.0036257 secs] [Times: user=0.03 sys=0.00, real=0.00 secs] 
1970.720: [GC [PSYoungGen: 690745K->6659K(691328K)] 1762057K->1078996K(2089472K), 0.0045707 secs] [Times: user=0.03 sys=0.01, real=0.00 secs] 
1971.048: [GC [PSYoungGen: 690176K->6755K(691200K)] 1762512K->1080068K(2089344K), 0.0042114 secs] [Times: user=0.03 sys=0.01, real=0.00 secs] 
1971.380: [GC [PSYoungGen: 690267K->6787K(691392K)] 1763580K->1080893K(2089536K), 0.0034948 secs] [Times: user=0.02 sys=0.00, real=0.00 secs] 
1971.709: [GC [PSYoungGen: 690496K->6819K(691328K)] 1764602K->1081813K(2089472K), 0.0046336 secs] [Times: user=0.02 sys=0.00, real=0.00 secs] 
1972.045: [GC [PSYoungGen: 690531K->6627K(691520K)] 1765525K->1082614K(2089664K), 0.0036675 secs] [Times: user=0.02 sys=0.00, real=0.01 secs] 
1972.378: [GC [PSYoungGen: 690531K->7155K(691392K)] 1766518K->1083726K(2089536K), 0.0046002 secs] [Times: user=0.02 sys=0.00, real=0.00 secs] 
1972.723: [GC [PSYoungGen: 691059K->6275K(691392K)] 1767630K->1084087K(2089536K), 0.0042824 secs] [Times: user=0.03 sys=0.00, real=0.01 secs] 
1973.069: [GC [PSYoungGen: 690029K->6915K(691392K)] 1767841K->1085415K(2089536K), 0.0034083 secs] [Times: user=0.03 sys=0.00, real=0.00 secs] 
1973.416: [GC [PSYoungGen: 690686K->6947K(691392K)] 1769187K->1086280K(2089536K), 0.0033821 secs] [Times: user=0.03 sys=0.00, real=0.01 secs] 
1973.803: [GC [PSYoungGen: 690717K->6659K(691392K)] 1770050K->1087024K(2089536K), 0.0047518 secs] [Times: user=0.03 sys=0.00, real=0.01 secs] 
1974.157: [GC [PSYoungGen: 690420K->6611K(691520K)] 1770786K->1087913K(2089664K), 0.0034742 secs] [Times: user=0.02 sys=0.00, real=0.00 secs] 
1974.450: [GC [PSYoungGen: 690576K->6915K(691456K)] 1771878K->1089002K(2089600K), 0.0047046 secs] [Times: user=0.03 sys=0.00, real=0.00 secs] 
1974.861: [GC [PSYoungGen: 690871K->6195K(691520K)] 1772958K->1089770K(2089664K), 0.0044995 secs] [Times: user=0.03 sys=0.00, real=0.00 secs] 
1975.201: [GC [PSYoungGen: 690214K->6467K(691520K)] 1773789K->1091139K(2089664K), 0.0034635 secs] [Times: user=0.02 sys=0.01, real=0.00 secs] 
1975.500: [GC [PSYoungGen: 690476K->6803K(691584K)] 1775148K->1092508K(2089728K), 0.0036337 secs] [Times: user=0.02 sys=0.01, real=0.00 secs] 
1976.387: [GC [PSYoungGen: 690958K->6387K(691584K)] 1776663K->1093124K(2089728K), 0.0047940 secs] [Times: user=0.03 sys=0.00, real=0.00 secs] 
1976.753: [GC [PSYoungGen: 690547K->6115K(691584K)] 1777284K->1094301K(2089728K), 0.0035213 secs] [Times: user=0.02 sys=0.00, real=0.01 secs] 
1977.115: [GC [PSYoungGen: 690256K->6211K(691584K)] 1778442K->1095582K(2089728K), 0.0035685 secs] [Times: user=0.02 sys=0.00, real=0.01 secs] 
1977.470: [GC [PSYoungGen: 690356K->6227K(691648K)] 1779727K->1096886K(2089792K), 0.0035563 secs] [Times: user=0.02 sys=0.01, real=0.00 secs] 
1977.822: [GC [PSYoungGen: 690451K->6659K(691584K)] 1781110K->1098159K(2089728K), 0.0039560 secs] [Times: user=0.03 sys=0.00, real=0.00 secs] 
1978.116: [GC [PSYoungGen: 690878K->7027K(691520K)] 1782378K->1099232K(2089664K), 0.0036232 secs] [Times: user=0.02 sys=0.00, real=0.01 secs] 
1978.471: [GC [PSYoungGen: 691187K->6339K(691584K)] 1783392K->1099888K(2089728K), 0.0045317 secs] [Times: user=0.03 sys=0.01, real=0.00 secs] 
1978.859: [GC [PSYoungGen: 690497K->6755K(691584K)] 1784046K->1101193K(2089728K), 0.0038464 secs] [Times: user=0.02 sys=0.00, real=0.00 secs] 
1979.409: [GC [PSYoungGen: 690899K->6515K(691584K)] 1785337K->1102242K(2089728K), 0.0042656 secs] [Times: user=0.02 sys=0.00, real=0.00 secs] 
1979.765: [GC [PSYoungGen: 690675K->6899K(691584K)] 1786402K->1103354K(2089728K), 0.0035205 secs] [Times: user=0.02 sys=0.00, real=0.01 secs] 
1980.120: [GC [PSYoungGen: 691187K->6419K(691648K)] 1787642K->1103955K(2089792K), 0.0034750 secs] [Times: user=0.02 sys=0.00, real=0.00 secs] 
1980.418: [GC [PSYoungGen: 690707K->6547K(691712K)] 1788243K->1105123K(2089856K), 0.0035888 secs] [Times: user=0.02 sys=0.00, real=0.00 secs] 
1980.820: [GC [PSYoungGen: 690898K->6371K(691648K)] 1789475K->1106236K(2089792K), 0.0036164 secs] [Times: user=0.02 sys=0.00, real=0.00 secs] 
1981.208: [GC [PSYoungGen: 690722K->6019K(691776K)] 1790587K->1107325K(2089920K), 0.0046235 secs] [Times: user=0.02 sys=0.00, real=0.00 secs] 
1981.569: [GC [PSYoungGen: 690563K->6499K(691776K)] 1791869K->1108733K(2089920K), 0.0046441 secs] [Times: user=0.03 sys=0.00, real=0.00 secs] 
1981.948: [GC [PSYoungGen: 691038K->6147K(691840K)] 1793273K->1109718K(2089984K), 0.0046762 secs] [Times: user=0.02 sys=0.00, real=0.00 secs] 
1982.326: [GC [PSYoungGen: 690819K->6451K(691840K)] 1794390K->1111263K(2089984K), 0.0043685 secs] [Times: user=0.02 sys=0.00, real=0.01 secs] 
1982.697: [GC [PSYoungGen: 691123K->6467K(691968K)] 1795935K->1112416K(2090112K), 0.0043898 secs] [Times: user=0.02 sys=0.00, real=0.00 secs] 
1983.067: [GC [PSYoungGen: 691322K->6211K(691904K)] 1797271K->1113496K(2090048K), 0.0036606 secs] [Times: user=0.02 sys=0.01, real=0.01 secs] 
1983.427: [GC [PSYoungGen: 691075K->6563K(691968K)] 1798360K->1114889K(2090112K), 0.0034817 secs] [Times: user=0.02 sys=0.00, real=0.00 secs] 
1983.855: [GC [PSYoungGen: 691478K->6851K(691840K)] 1799805K->1115978K(2089984K), 0.0036904 secs] [Times: user=0.02 sys=0.00, real=0.01 secs] 
1984.216: [GC [PSYoungGen: 691763K->6515K(691904K)] 1800890K->1116786K(2090048K), 0.0035808 secs] [Times: user=0.02 sys=0.00, real=0.01 secs] 
1984.570: [GC [PSYoungGen: 691309K->6515K(691904K)] 1801580K->1117939K(2090048K), 0.0045325 secs] [Times: user=0.03 sys=0.01, real=0.00 secs] 
1984.921: [GC [PSYoungGen: 691314K->6387K(692032K)] 1802738K->1119012K(2090176K), 0.0036434 secs] [Times: user=0.02 sys=0.00, real=0.00 secs] 
1985.273: [GC [PSYoungGen: 691379K->5955K(691968K)] 1804004K->1120028K(2090112K), 0.0037080 secs] [Times: user=0.02 sys=0.00, real=0.00 secs] 
1985.636: [GC [PSYoungGen: 690938K->6691K(691840K)] 1805012K->1121501K(2089984K), 0.0034652 secs] [Times: user=0.02 sys=0.01, real=0.01 secs] 
1985.999: [GC [PSYoungGen: 691491K->6419K(691904K)] 1806301K->1122366K(2090048K), 0.0046502 secs] [Times: user=0.02 sys=0.00, real=0.00 secs] 
1986.353: [GC [PSYoungGen: 691201K->6531K(692032K)] 1807147K->1123518K(2090176K), 0.0034779 secs] [Times: user=0.02 sys=0.00, real=0.00 secs] 
1986.780: [GC [PSYoungGen: 691511K->6131K(691968K)] 1808498K->1124471K(2090112K), 0.0035837 secs] [Times: user=0.03 sys=0.00, real=0.00 secs] 
1987.805: [GC [PSYoungGen: 691123K->6563K(692032K)] 1809463K->1125944K(2090176K), 0.0036278 secs] [Times: user=0.02 sys=0.01, real=0.01 secs] 
1988.173: [GC [PSYoungGen: 691619K->6323K(692032K)] 1811000K->1126832K(2090176K), 0.0046880 secs] [Times: user=0.03 sys=0.00, real=0.01 secs] 
1988.472: [GC [PSYoungGen: 691376K->6611K(692032K)] 1811886K->1128305K(2090176K), 0.0036768 secs] [Times: user=0.02 sys=0.00, real=0.00 secs] 
1988.883: [GC [PSYoungGen: 691664K->6819K(691904K)] 1813358K->1129282K(2090048K), 0.0044567 secs] [Times: user=0.03 sys=0.00, real=0.01 secs] 
1989.235: [GC [PSYoungGen: 691869K->6195K(691968K)] 1814331K->1130194K(2090112K), 0.0046236 secs] [Times: user=0.02 sys=0.00, real=0.01 secs] 
1989.605: [GC [PSYoungGen: 691123K->6803K(691776K)] 1815122K->1131635K(2089920K), 0.0044032 secs] [Times: user=0.03 sys=0.00, real=0.01 secs] 
1989.970: [GC [PSYoungGen: 691724K->6531K(691904K)] 1816556K->1132452K(2090048K), 0.0035275 secs] [Times: user=0.02 sys=0.00, real=0.00 secs] 
1990.349: [GC [PSYoungGen: 691267K->6355K(691840K)] 1817188K->1133420K(2089984K), 0.0046906 secs] [Times: user=0.02 sys=0.01, real=0.00 secs] 
1990.763: [GC [PSYoungGen: 691091K->6403K(691968K)] 1818156K->1134189K(2090112K), 0.0044878 secs] [Times: user=0.02 sys=0.00, real=0.01 secs] 
1991.163: [GC [PSYoungGen: 691331K->5298K(690240K)] 1819117K->1133653K(2088384K), 0.0043729 secs] [Times: user=0.02 sys=0.00, real=0.01 secs] 
1991.593: [GC [PSYoungGen: 690226K->7155K(690560K)] 1818581K->1136742K(2088704K), 0.0064987 secs] [Times: user=0.02 sys=0.00, real=0.01 secs] 
1992.085: [GC [PSYoungGen: 690532K->7808K(691200K)] 1820118K->1150630K(2089344K), 0.0418758 secs] [Times: user=0.07 sys=0.01, real=0.04 secs] 
1992.612: [GC [PSYoungGen: 691199K->7808K(677376K)] 1834022K->1156710K(2075520K), 0.0401369 secs] [Times: user=0.06 sys=0.00, real=0.04 secs] 
1993.126: [GC [PSYoungGen: 677376K->13488K(683072K)] 1826278K->1162558K(2081216K), 0.0346237 secs] [Times: user=0.06 sys=0.01, real=0.04 secs] 
1993.632: [GC [PSYoungGen: 683053K->13472K(681152K)] 1832124K->1162718K(2079296K), 0.0346893 secs] [Times: user=0.06 sys=0.00, real=0.03 secs] 
1994.136: [GC [PSYoungGen: 678677K->13344K(678592K)] 1827924K->1162750K(2076736K), 0.0344841 secs] [Times: user=0.06 sys=0.00, real=0.04 secs] 
1994.632: [GC [PSYoungGen: 678558K->13392K(680320K)] 1827965K->1162974K(2078464K), 0.0356037 secs] [Times: user=0.06 sys=0.00, real=0.04 secs] 
1995.160: [GC [PSYoungGen: 676176K->13312K(676096K)] 1825758K->1163070K(2074240K), 0.0357450 secs] [Times: user=0.06 sys=0.00, real=0.03 secs] 
1995.680: [GC [PSYoungGen: 676096K->13376K(680064K)] 1825854K->1163294K(2078208K), 0.0353369 secs] [Times: user=0.06 sys=0.01, real=0.03 secs] 
1996.205: [GC [PSYoungGen: 675008K->13280K(674944K)] 1824926K->1163358K(2073088K), 0.0341072 secs] [Times: user=0.05 sys=0.00, real=0.04 secs] 
1996.731: [GC [PSYoungGen: 674912K->13344K(680064K)] 1824990K->1163566K(2078208K), 0.0373760 secs] [Times: user=0.06 sys=0.00, real=0.04 secs] 
1997.256: [GC [PSYoungGen: 674588K->13280K(680128K)] 1824811K->1163670K(2078272K), 0.0341237 secs] [Times: user=0.06 sys=0.01, real=0.04 secs] 
1997.792: [GC [PSYoungGen: 674520K->13312K(680192K)] 1824910K->1163870K(2078336K), 0.0363840 secs] [Times: user=0.06 sys=0.00, real=0.04 secs] 
1998.328: [GC [PSYoungGen: 674624K->13312K(680128K)] 1825182K->1164022K(2078272K), 0.0379913 secs] [Times: user=0.06 sys=0.01, real=0.03 secs] 
1998.854: [GC [PSYoungGen: 674624K->13296K(680448K)] 1825334K->1164158K(2078592K), 0.0356670 secs] [Times: user=0.06 sys=0.00, real=0.04 secs] 
1999.361: [GC [PSYoungGen: 675056K->13312K(680320K)] 1825918K->1164342K(2078464K), 0.0340674 secs] [Times: user=0.06 sys=0.00, real=0.03 secs] 
1999.888: [GC [PSYoungGen: 675071K->13312K(680832K)] 1826102K->1164502K(2078976K), 0.0354251 secs] [Times: user=0.06 sys=0.00, real=0.03 secs] 
2000.416: [GC [PSYoungGen: 675769K->13376K(680640K)] 1826960K->1164734K(2078784K), 0.0376079 secs] [Times: user=0.06 sys=0.00, real=0.04 secs] 
2000.954: [GC [PSYoungGen: 675834K->13344K(681216K)] 1827193K->1164854K(2079360K), 0.0347156 secs] [Times: user=0.06 sys=0.00, real=0.04 secs] 
2001.469: [GC [PSYoungGen: 676500K->13344K(680960K)] 1828011K->1165006K(2079104K), 0.0388935 secs] [Times: user=0.06 sys=0.00, real=0.04 secs] 
2001.997: [GC [PSYoungGen: 676510K->13344K(681600K)] 1828173K->1165174K(2079744K), 0.0361454 secs] [Times: user=0.06 sys=0.01, real=0.04 secs] 
2002.518: [GC [PSYoungGen: 677342K->13392K(681408K)] 1829172K->1165382K(2079552K), 0.0395733 secs] [Times: user=0.07 sys=0.00, real=0.04 secs] 
2003.056: [GC [PSYoungGen: 677362K->13344K(681984K)] 1829353K->1165494K(2080128K), 0.0374636 secs] [Times: user=0.06 sys=0.01, real=0.04 secs] 
2003.603: [GC [PSYoungGen: 678080K->13408K(681792K)] 1830231K->1165718K(2079936K), 0.0398122 secs] [Times: user=0.07 sys=0.00, real=0.04 secs] 
2004.151: [GC [PSYoungGen: 678176K->13344K(682368K)] 1830486K->1165798K(2080512K), 0.0369232 secs] [Times: user=0.05 sys=0.01, real=0.04 secs] 
2004.684: [GC [PSYoungGen: 678868K->13440K(682176K)] 1831323K->1166070K(2080320K), 0.0372120 secs] [Times: user=0.07 sys=0.00, real=0.04 secs] 
2005.218: [GC [PSYoungGen: 678971K->13376K(682752K)] 1831602K->1166166K(2080896K), 0.0380434 secs] [Times: user=0.07 sys=0.00, real=0.03 secs] 
2005.759: [GC [PSYoungGen: 679680K->13408K(682560K)] 1832470K->1166350K(2080704K), 0.0359677 secs] [Times: user=0.05 sys=0.00, real=0.03 secs] 
2006.295: [GC [PSYoungGen: 679681K->13344K(683072K)] 1832624K->1166446K(2081216K), 0.0368686 secs] [Times: user=0.06 sys=0.00, real=0.04 secs] 
2006.869: [GC [PSYoungGen: 680274K->13408K(682880K)] 1833377K->1166678K(2081024K), 0.0415156 secs] [Times: user=0.06 sys=0.01, real=0.04 secs] 
2007.430: [GC [PSYoungGen: 680340K->13456K(683392K)] 1833611K->1166870K(2081536K), 0.0395090 secs] [Times: user=0.06 sys=0.00, real=0.04 secs] 
2008.027: [GC [PSYoungGen: 681097K->13440K(683264K)] 1834512K->1167006K(2081408K), 0.0380811 secs] [Times: user=0.06 sys=0.01, real=0.04 secs] 
2008.617: [GC [PSYoungGen: 681088K->13472K(683648K)] 1834654K->1167198K(2081792K), 0.0410825 secs] [Times: user=0.07 sys=0.00, real=0.05 secs] 
2009.193: [GC [PSYoungGen: 681631K->13472K(683520K)] 1835358K->1167366K(2081664K), 0.0368518 secs] [Times: user=0.06 sys=0.00, real=0.04 secs] 
2009.779: [GC [PSYoungGen: 681617K->13408K(683840K)] 1835512K->1167454K(2081984K), 0.0401108 secs] [Times: user=0.06 sys=0.00, real=0.04 secs] 
2010.344: [GC [PSYoungGen: 681944K->13472K(683712K)] 1835991K->1167678K(2081856K), 0.0386348 secs] [Times: user=0.06 sys=0.00, real=0.04 secs] 
2010.932: [GC [PSYoungGen: 682008K->13456K(684096K)] 1836215K->1167822K(2082240K), 0.0380395 secs] [Times: user=0.06 sys=0.00, real=0.04 secs] 
2011.514: [GC [PSYoungGen: 682498K->13440K(683968K)] 1836865K->1167958K(2082112K), 0.0389291 secs] [Times: user=0.06 sys=0.00, real=0.04 secs] 
2012.099: [GC [PSYoungGen: 682496K->13472K(684288K)] 1837014K->1168142K(2082432K), 0.0382919 secs] [Times: user=0.06 sys=0.00, real=0.04 secs] 
2012.685: [GC [PSYoungGen: 682897K->13440K(684160K)] 1837568K->1168262K(2082304K), 0.0396252 secs] [Times: user=0.06 sys=0.01, real=0.04 secs] 
2013.275: [GC [PSYoungGen: 682871K->13472K(684416K)] 1837694K->1168470K(2082560K), 0.0405048 secs] [Times: user=0.07 sys=0.00, real=0.04 secs] 
2013.868: [GC [PSYoungGen: 683219K->13504K(684352K)] 1838218K->1168670K(2082496K), 0.0374071 secs] [Times: user=0.06 sys=0.00, real=0.03 secs] 
2014.970: [GC [PSYoungGen: 683248K->13218K(684608K)] 1838415K->1168537K(2082752K), 0.0254718 secs] [Times: user=0.05 sys=0.00, real=0.02 secs] 
2016.832: [GC [PSYoungGen: 683298K->9026K(679168K)] 1838617K->1166674K(2077312K), 0.0166469 secs] [Times: user=0.04 sys=0.01, real=0.02 secs] 
2018.938: [GC [PSYoungGen: 679081K->6849K(682304K)] 1836729K->1167723K(2080448K), 0.0175598 secs] [Times: user=0.03 sys=0.01, real=0.01 secs] 
2021.735: [GC [PSYoungGen: 674088K->7057K(674368K)] 1834962K->1169380K(2072512K), 0.0164377 secs] [Times: user=0.04 sys=0.00, real=0.02 secs] 
2024.319: [GC [PSYoungGen: 674321K->6737K(681728K)] 1836644K->1170981K(2079872K), 0.0143791 secs] [Times: user=0.03 sys=0.01, real=0.01 secs] 
2027.415: [GC [PSYoungGen: 672065K->6288K(671680K)] 1836309K->1171981K(2069824K), 0.0155362 secs] [Times: user=0.03 sys=0.00, real=0.02 secs] 
2029.077: [GC [PSYoungGen: 671621K->9026K(682240K)] 1837315K->1175407K(2080384K), 0.0174797 secs] [Times: user=0.04 sys=0.01, real=0.02 secs] 
2032.238: [GC [PSYoungGen: 674159K->7137K(681920K)] 1840540K->1176504K(2080064K), 0.0158881 secs] [Times: user=0.04 sys=0.01, real=0.01 secs] 
2034.700: [GC [PSYoungGen: 672263K->7585K(682432K)] 1841631K->1178265K(2080576K), 0.0189125 secs] [Times: user=0.04 sys=0.00, real=0.02 secs] 
2036.701: [GC [PSYoungGen: 673240K->7265K(682240K)] 1843920K->1180010K(2080384K), 0.0173494 secs] [Times: user=0.04 sys=0.00, real=0.01 secs] 
2038.495: [GC [PSYoungGen: 672906K->8033K(683008K)] 1845651K->1182132K(2081152K), 0.0190615 secs] [Times: user=0.04 sys=0.00, real=0.02 secs] 
2040.814: [GC [PSYoungGen: 674655K->7473K(682624K)] 1848753K->1183885K(2080768K), 0.0167529 secs] [Times: user=0.04 sys=0.00, real=0.02 secs] 
2043.040: [GC [PSYoungGen: 674097K->7073K(683520K)] 1850509K->1185301K(2081664K), 0.0160976 secs] [Times: user=0.03 sys=0.01, real=0.01 secs] 
2044.847: [GC [PSYoungGen: 674887K->7537K(683328K)] 1853116K->1187263K(2081472K), 0.0154952 secs] [Times: user=0.04 sys=0.01, real=0.02 secs] 
2046.394: [GC [PSYoungGen: 675359K->6640K(684160K)] 1855085K->1188535K(2082304K), 0.0151521 secs] [Times: user=0.04 sys=0.01, real=0.02 secs] 
2048.663: [GC [PSYoungGen: 675683K->7185K(683904K)] 1857578K->1190280K(2082048K), 0.0190296 secs] [Times: user=0.04 sys=0.00, real=0.02 secs] 
2050.991: [GC [PSYoungGen: 676241K->6624K(684736K)] 1859336K->1191601K(2082880K), 0.0156375 secs] [Times: user=0.04 sys=0.01, real=0.01 secs] 
2052.744: [GC [PSYoungGen: 676801K->7937K(684480K)] 1861778K->1194219K(2082624K), 0.0154891 secs] [Times: user=0.04 sys=0.00, real=0.02 secs] 
2055.601: [GC [PSYoungGen: 678137K->6801K(685504K)] 1864418K->1195403K(2083648K), 0.0155666 secs] [Times: user=0.04 sys=0.01, real=0.01 secs] 
2058.417: [GC [PSYoungGen: 678545K->6400K(685248K)] 1867147K->1196468K(2083392K), 0.0168087 secs] [Times: user=0.04 sys=0.00, real=0.02 secs] 
2060.940: [GC [PSYoungGen: 678133K->6016K(685952K)] 1868201K->1197341K(2084096K), 0.0171371 secs] [Times: user=0.04 sys=0.00, real=0.01 secs] 
2063.868: [GC [PSYoungGen: 678690K->6704K(685760K)] 1870015K->1198830K(2083904K), 0.0164943 secs] [Times: user=0.04 sys=0.00, real=0.02 secs] 
2065.942: [GC [PSYoungGen: 679408K->6416K(686592K)] 1871534K->1199958K(2084736K), 0.0146539 secs] [Times: user=0.03 sys=0.00, real=0.01 secs] 
2068.416: [GC [PSYoungGen: 680243K->6801K(686272K)] 1873785K->1201495K(2084416K), 0.0180296 secs] [Times: user=0.04 sys=0.01, real=0.02 secs] 
2070.826: [GC [PSYoungGen: 680629K->7009K(687296K)] 1875323K->1203264K(2085440K), 0.0185050 secs] [Times: user=0.04 sys=0.00, real=0.02 secs] 
2073.439: [GC [PSYoungGen: 682197K->6849K(686912K)] 1878452K->1204705K(2085056K), 0.0158874 secs] [Times: user=0.03 sys=0.01, real=0.02 secs] 
2077.196: [GC [PSYoungGen: 682049K->5744K(687744K)] 1879905K->1205354K(2085888K), 0.0151212 secs] [Times: user=0.04 sys=0.00, real=0.02 secs] 
2079.483: [GC [PSYoungGen: 682083K->7009K(687616K)] 1881693K->1207387K(2085760K), 0.0151167 secs] [Times: user=0.04 sys=0.00, real=0.01 secs] 
2082.208: [GC [PSYoungGen: 683347K->6608K(688384K)] 1883725K->1208956K(2086528K), 0.0153047 secs] [Times: user=0.04 sys=0.01, real=0.02 secs] 
2084.410: [GC [PSYoungGen: 684097K->6544K(688128K)] 1886444K->1210308K(2086272K), 0.0146535 secs] [Times: user=0.04 sys=0.00, real=0.01 secs] 
2085.946: [GC [PSYoungGen: 684037K->7665K(688704K)] 1887801K->1212542K(2086848K), 0.0170629 secs] [Times: user=0.04 sys=0.00, real=0.02 secs] 
2089.094: [GC [PSYoungGen: 685992K->6480K(688640K)] 1890868K->1213478K(2086784K), 0.0172296 secs] [Times: user=0.04 sys=0.01, real=0.02 secs] 
2092.241: [GC [PSYoungGen: 684801K->7361K(689088K)] 1891799K->1215624K(2087232K), 0.0184490 secs] [Times: user=0.04 sys=0.00, real=0.01 secs] 
2095.274: [GC [PSYoungGen: 686337K->6192K(688896K)] 1894600K->1216624K(2087040K), 0.0157334 secs] [Times: user=0.03 sys=0.01, real=0.01 secs] 
2097.816: [GC [PSYoungGen: 685163K->6224K(689408K)] 1895595K->1217609K(2087552K), 0.0147976 secs] [Times: user=0.04 sys=0.00, real=0.02 secs] 
2099.859: [GC [PSYoungGen: 685812K->7569K(689216K)] 1897196K->1219762K(2087360K), 0.0190681 secs] [Times: user=0.04 sys=0.01, real=0.02 secs] 
2102.673: [GC [PSYoungGen: 687183K->6817K(689664K)] 1899376K->1221131K(2087808K), 0.0164364 secs] [Times: user=0.04 sys=0.00, real=0.01 secs] 
2105.131: [GC [PSYoungGen: 686879K->6512K(689408K)] 1901193K->1222236K(2087552K), 0.0185599 secs] [Times: user=0.04 sys=0.00, real=0.01 secs] 
2107.228: [GC [PSYoungGen: 686572K->6352K(689920K)] 1902295K->1223124K(2088064K), 0.0191896 secs] [Times: user=0.04 sys=0.00, real=0.02 secs] 
2109.087: [GC [PSYoungGen: 687047K->7393K(689792K)] 1903819K->1225077K(2087936K), 0.0150026 secs] [Times: user=0.04 sys=0.01, real=0.02 secs] 
2110.925: [GC [PSYoungGen: 688096K->7201K(690048K)] 1905780K->1226646K(2088192K), 0.0153813 secs] [Times: user=0.04 sys=0.00, real=0.01 secs] 
2113.095: [GC [PSYoungGen: 688155K->7153K(689920K)] 1907600K->1228359K(2088064K), 0.0166297 secs] [Times: user=0.04 sys=0.00, real=0.02 secs] 
2115.613: [GC [PSYoungGen: 688084K->6849K(690368K)] 1909291K->1229864K(2088512K), 0.0152083 secs] [Times: user=0.03 sys=0.00, real=0.01 secs] 
2117.713: [GC [PSYoungGen: 688359K->7617K(690176K)] 1911375K->1231889K(2088320K), 0.0151600 secs] [Times: user=0.04 sys=0.01, real=0.01 secs] 
2119.671: [GC [PSYoungGen: 689153K->7169K(690368K)] 1913425K->1233210K(2088512K), 0.0199574 secs] [Times: user=0.04 sys=0.00, real=0.02 secs] 
2123.039: [GC [PSYoungGen: 688740K->5824K(690240K)] 1914781K->1233939K(2088384K), 0.0162007 secs] [Times: user=0.04 sys=0.00, real=0.02 secs] 
2125.960: [GC [PSYoungGen: 687393K->7313K(690368K)] 1915508K->1236076K(2088512K), 0.0159931 secs] [Times: user=0.03 sys=0.00, real=0.02 secs] 
2128.045: [GC [PSYoungGen: 688964K->6560K(690304K)] 1917727K->1236988K(2088448K), 0.0140451 secs] [Times: user=0.03 sys=0.00, real=0.01 secs] 
2130.552: [GC [PSYoungGen: 688219K->6624K(690560K)] 1918647K->1238117K(2088704K), 0.0163987 secs] [Times: user=0.03 sys=0.01, real=0.01 secs] 
2132.792: [GC [PSYoungGen: 688604K->6400K(690432K)] 1920097K->1238998K(2088576K), 0.0157799 secs] [Times: user=0.03 sys=0.00, real=0.01 secs] 
2134.436: [GC [PSYoungGen: 688377K->7169K(690688K)] 1920974K->1240454K(2088832K), 0.0162549 secs] [Times: user=0.04 sys=0.00, real=0.02 secs] 
2136.211: [GC [PSYoungGen: 689465K->7329K(690624K)] 1922751K->1241871K(2088768K), 0.0154798 secs] [Times: user=0.04 sys=0.00, real=0.02 secs] 
2138.336: [GC [PSYoungGen: 689631K->7441K(690496K)] 1924174K->1243072K(2088640K), 0.0175685 secs] [Times: user=0.04 sys=0.00, real=0.02 secs] 
2140.370: [GC [PSYoungGen: 689536K->6464K(690560K)] 1925167K->1244017K(2088704K), 0.0151052 secs] [Times: user=0.03 sys=0.00, real=0.02 secs] 
2142.019: [GC [PSYoungGen: 688574K->6160K(690624K)] 1926126K->1244865K(2088768K), 0.0142040 secs] [Times: user=0.03 sys=0.01, real=0.02 secs] 
2143.775: [GC [PSYoungGen: 688382K->6833K(690624K)] 1927087K->1245890K(2088768K), 0.0167984 secs] [Times: user=0.04 sys=0.00, real=0.02 secs] 
2145.678: [GC [PSYoungGen: 689056K->6448K(690880K)] 1928113K->1246474K(2089024K), 0.0163364 secs] [Times: user=0.03 sys=0.00, real=0.02 secs] 
2147.441: [GC [PSYoungGen: 689130K->6224K(690816K)] 1929156K->1246714K(2088960K), 0.0142866 secs] [Times: user=0.03 sys=0.00, real=0.02 secs] 
2149.180: [GC [PSYoungGen: 688908K->5616K(690752K)] 1929398K->1246570K(2088896K), 0.0146186 secs] [Times: user=0.04 sys=0.00, real=0.02 secs] 
2150.250: [GC [PSYoungGen: 688228K->4992K(687680K)] 1929182K->1246018K(2085824K), 0.0144429 secs] [Times: user=0.04 sys=0.00, real=0.02 secs] 
2150.648: [GC [PSYoungGen: 687602K->8164K(689792K)] 1928628K->1249222K(2087936K), 0.0066701 secs] [Times: user=0.03 sys=0.01, real=0.01 secs] 
2151.045: [GC [PSYoungGen: 689634K->7123K(690240K)] 1930692K->1248974K(2088384K), 0.0052301 secs] [Times: user=0.03 sys=0.00, real=0.00 secs] 
2151.402: [GC [PSYoungGen: 688589K->6995K(690368K)] 1930440K->1249574K(2088512K), 0.0053657 secs] [Times: user=0.03 sys=0.00, real=0.01 secs] 
2151.780: [GC [PSYoungGen: 688654K->6995K(690304K)] 1931233K->1250311K(2088448K), 0.0055859 secs] [Times: user=0.03 sys=0.00, real=0.01 secs] 
2152.155: [GC [PSYoungGen: 688652K->6883K(690560K)] 1931967K->1251127K(2088704K), 0.0049649 secs] [Times: user=0.03 sys=0.00, real=0.00 secs] 
2152.526: [GC [PSYoungGen: 688856K->7075K(690432K)] 1933100K->1252048K(2088576K), 0.0055279 secs] [Times: user=0.03 sys=0.00, real=0.00 secs] 
2152.887: [GC [PSYoungGen: 689057K->7411K(690496K)] 1934030K->1252784K(2088640K), 0.0040121 secs] [Times: user=0.03 sys=0.00, real=0.00 secs] 
2153.241: [GC [PSYoungGen: 689512K->6707K(690560K)] 1934885K->1253112K(2088704K), 0.0053481 secs] [Times: user=0.03 sys=0.01, real=0.01 secs] 
2153.607: [GC [PSYoungGen: 688819K->7171K(690688K)] 1935224K->1254209K(2088832K), 0.0054478 secs] [Times: user=0.03 sys=0.00, real=0.01 secs] 
2153.983: [GC [PSYoungGen: 689539K->6979K(690688K)] 1936577K->1254801K(2088832K), 0.0056453 secs] [Times: user=0.03 sys=0.00, real=0.00 secs] 
2154.342: [GC [PSYoungGen: 689347K->7059K(690880K)] 1937169K->1255618K(2089024K), 0.0039337 secs] [Times: user=0.02 sys=0.00, real=0.01 secs] 
2154.695: [GC [PSYoungGen: 689736K->7123K(690816K)] 1938295K->1256274K(2088960K), 0.0050717 secs] [Times: user=0.03 sys=0.00, real=0.00 secs] 
2155.074: [GC [PSYoungGen: 689810K->7203K(690944K)] 1938961K->1256979K(2089088K), 0.0050931 secs] [Times: user=0.02 sys=0.00, real=0.00 secs] 
2156.077: [GC [PSYoungGen: 690019K->6963K(690880K)] 1939795K->1257523K(2089024K), 0.0038657 secs] [Times: user=0.02 sys=0.00, real=0.00 secs] 
2156.420: [GC [PSYoungGen: 689779K->7203K(691008K)] 1940339K->1258348K(2089152K), 0.0046893 secs] [Times: user=0.03 sys=0.01, real=0.01 secs] 
2156.769: [GC [PSYoungGen: 690208K->7107K(691008K)] 1941352K->1258988K(2089152K), 0.0038657 secs] [Times: user=0.03 sys=0.01, real=0.01 secs] 
2157.109: [GC [PSYoungGen: 690096K->6851K(691136K)] 1941977K->1259612K(2089280K), 0.0048948 secs] [Times: user=0.03 sys=0.00, real=0.01 secs] 
2157.519: [GC [PSYoungGen: 690051K->7267K(691072K)] 1942812K->1260445K(2089216K), 0.0051931 secs] [Times: user=0.03 sys=0.00, real=0.01 secs] 
2157.864: [GC [PSYoungGen: 690467K->6963K(691200K)] 1943645K->1260973K(2089344K), 0.0049207 secs] [Times: user=0.03 sys=0.00, real=0.00 secs] 
2158.234: [GC [PSYoungGen: 690289K->6787K(691136K)] 1944299K->1261637K(2089280K), 0.0051777 secs] [Times: user=0.03 sys=0.00, real=0.00 secs] 
2158.605: [GC [PSYoungGen: 690100K->7331K(691136K)] 1944950K->1262550K(2089280K), 0.0053119 secs] [Times: user=0.03 sys=0.00, real=0.00 secs] 
2158.965: [GC [PSYoungGen: 690722K->7043K(691200K)] 1945941K->1262942K(2089344K), 0.0045387 secs] [Times: user=0.03 sys=0.00, real=0.00 secs] 
2159.336: [GC [PSYoungGen: 690427K->7091K(691328K)] 1946326K->1263767K(2089472K), 0.0052744 secs] [Times: user=0.03 sys=0.01, real=0.00 secs] 
2159.709: [GC [PSYoungGen: 690661K->6867K(691264K)] 1947336K->1264319K(2089408K), 0.0053866 secs] [Times: user=0.03 sys=0.01, real=0.01 secs] 
2160.090: [GC [PSYoungGen: 690444K->7107K(691392K)] 1947896K->1265248K(2089536K), 0.0054518 secs] [Times: user=0.03 sys=0.00, real=0.01 secs] 
2160.455: [GC [PSYoungGen: 690819K->7139K(691328K)] 1948960K->1266000K(2089472K), 0.0040666 secs] [Times: user=0.03 sys=0.00, real=0.00 secs] 
2160.829: [GC [PSYoungGen: 690840K->6819K(691392K)] 1949701K->1266608K(2089536K), 0.0054184 secs] [Times: user=0.03 sys=0.00, real=0.01 secs] 
2161.213: [GC [PSYoungGen: 690590K->6851K(691392K)] 1950379K->1267529K(2089536K), 0.0054557 secs] [Times: user=0.03 sys=0.01, real=0.00 secs] 
2161.609: [GC [PSYoungGen: 690627K->7123K(691456K)] 1951305K->1268530K(2089600K), 0.0048346 secs] [Times: user=0.03 sys=0.00, real=0.01 secs] 
2162.002: [GC [PSYoungGen: 691027K->7043K(691456K)] 1952434K->1269122K(2089600K), 0.0051846 secs] [Times: user=0.02 sys=0.00, real=0.01 secs] 
2162.438: [GC [PSYoungGen: 690947K->7155K(691456K)] 1953026K->1269914K(2089600K), 0.0053405 secs] [Times: user=0.03 sys=0.00, real=0.01 secs] 
2162.825: [GC [PSYoungGen: 691055K->6979K(691456K)] 1953814K->1270515K(2089600K), 0.0052237 secs] [Times: user=0.03 sys=0.00, real=0.00 secs] 
2163.230: [GC [PSYoungGen: 690869K->6899K(691520K)] 1954404K->1271363K(2089664K), 0.0054035 secs] [Times: user=0.03 sys=0.01, real=0.01 secs] 
2163.619: [GC [PSYoungGen: 690930K->6883K(691520K)] 1955394K->1272140K(2089664K), 0.0051160 secs] [Times: user=0.03 sys=0.01, real=0.01 secs] 
2164.016: [GC [PSYoungGen: 690905K->6915K(691584K)] 1956161K->1273060K(2089728K), 0.0054764 secs] [Times: user=0.03 sys=0.00, real=0.00 secs] 
2164.405: [GC [PSYoungGen: 691075K->7203K(691392K)] 1957220K->1273829K(2089536K), 0.0052847 secs] [Times: user=0.03 sys=0.00, real=0.00 secs] 
2164.787: [GC [PSYoungGen: 691351K->7011K(691584K)] 1957976K->1274381K(2089728K), 0.0040285 secs] [Times: user=0.03 sys=0.00, real=0.00 secs] 
2165.179: [GC [PSYoungGen: 691105K->6723K(691520K)] 1958474K->1275086K(2089664K), 0.0054406 secs] [Times: user=0.03 sys=0.00, real=0.01 secs] 
2165.567: [GC [PSYoungGen: 690812K->7059K(691584K)] 1959174K->1276166K(2089728K), 0.0054897 secs] [Times: user=0.03 sys=0.00, real=0.00 secs] 
2165.974: [GC [PSYoungGen: 691207K->6851K(691584K)] 1960314K->1276630K(2089728K), 0.0055646 secs] [Times: user=0.03 sys=0.00, real=0.00 secs] 
2166.366: [GC [PSYoungGen: 691009K->7107K(691584K)] 1960788K->1277559K(2089728K), 0.0054277 secs] [Times: user=0.03 sys=0.00, real=0.00 secs] 
2166.760: [GC [PSYoungGen: 691251K->6835K(691584K)] 1961703K->1278119K(2089728K), 0.0055439 secs] [Times: user=0.03 sys=0.00, real=0.01 secs] 
2167.145: [GC [PSYoungGen: 690986K->6851K(691648K)] 1962270K->1278912K(2089792K), 0.0054746 secs] [Times: user=0.03 sys=0.00, real=0.00 secs] 
2167.530: [GC [PSYoungGen: 691066K->6755K(691584K)] 1963126K->1279800K(2089728K), 0.0057069 secs] [Times: user=0.03 sys=0.00, real=0.01 secs] 
2167.979: [GC [PSYoungGen: 690973K->6883K(691648K)] 1964018K->1280913K(2089792K), 0.0042935 secs] [Times: user=0.03 sys=0.01, real=0.01 secs] 
2168.368: [GC [PSYoungGen: 691153K->6627K(691648K)] 1965183K->1281802K(2089792K), 0.0054399 secs] [Times: user=0.03 sys=0.01, real=0.01 secs] 
2168.758: [GC [PSYoungGen: 690893K->7091K(691648K)] 1966067K->1282906K(2089792K), 0.0055583 secs] [Times: user=0.03 sys=0.00, real=0.01 secs] 
2169.163: [GC [PSYoungGen: 691368K->7011K(691648K)] 1967183K->1283659K(2089792K), 0.0042005 secs] [Times: user=0.03 sys=0.00, real=0.00 secs] 
2169.615: [GC [PSYoungGen: 691297K->6835K(691648K)] 1967945K->1284451K(2089792K), 0.0052426 secs] [Times: user=0.03 sys=0.00, real=0.00 secs] 
2169.999: [GC [PSYoungGen: 691123K->7027K(691648K)] 1968739K->1285268K(2089792K), 0.0056774 secs] [Times: user=0.04 sys=0.01, real=0.01 secs] 
2170.388: [GC [PSYoungGen: 691312K->6931K(691712K)] 1969553K->1285860K(2089856K), 0.0053465 secs] [Times: user=0.03 sys=0.01, real=0.01 secs] 
2170.775: [GC [PSYoungGen: 691280K->6723K(691648K)] 1970209K->1286580K(2089792K), 0.0051692 secs] [Times: user=0.03 sys=0.00, real=0.00 secs] 
2171.170: [GC [PSYoungGen: 691072K->7123K(691584K)] 1970929K->1287605K(2089728K), 0.0054019 secs] [Times: user=0.03 sys=0.00, real=0.01 secs] 
2171.545: [GC [PSYoungGen: 691397K->6483K(690816K)] 1971879K->1288149K(2088960K), 0.0039421 secs] [Times: user=0.02 sys=0.00, real=0.00 secs] 
2171.952: [GC [PSYoungGen: 690763K->6483K(691584K)] 1972430K->1289238K(2089728K), 0.0041977 secs] [Times: user=0.03 sys=0.00, real=0.01 secs] 
2172.338: [GC [PSYoungGen: 690620K->6851K(691584K)] 1973375K->1290343K(2089728K), 0.0058314 secs] [Times: user=0.03 sys=0.00, real=0.01 secs] 
2172.729: [GC [PSYoungGen: 690997K->6755K(691648K)] 1974488K->1291231K(2089792K), 0.0046997 secs] [Times: user=0.02 sys=0.00, real=0.01 secs] 
2173.126: [GC [PSYoungGen: 691040K->7011K(691648K)] 1975517K->1292272K(2089792K), 0.0052807 secs] [Times: user=0.02 sys=0.00, real=0.00 secs] 
2173.615: [GC [PSYoungGen: 691269K->6675K(691648K)] 1976530K->1292928K(2089792K), 0.0057123 secs] [Times: user=0.04 sys=0.00, real=0.00 secs] 
2174.005: [GC [PSYoungGen: 690963K->7187K(691520K)] 1977216K->1294065K(2089664K), 0.0062144 secs] [Times: user=0.03 sys=0.00, real=0.00 secs] 
2174.413: [GC [PSYoungGen: 691475K->6579K(691584K)] 1978353K->1294641K(2089728K), 0.0056109 secs] [Times: user=0.04 sys=0.01, real=0.00 secs] 
2174.817: [GC [PSYoungGen: 690731K->6675K(691584K)] 1978794K->1295778K(2089728K), 0.0038873 secs] [Times: user=0.02 sys=0.00, real=0.00 secs] 
2175.210: [GC [PSYoungGen: 690835K->6595K(691648K)] 1979938K->1296891K(2089792K), 0.0056630 secs] [Times: user=0.03 sys=0.00, real=0.01 secs] 
2175.592: [GC [PSYoungGen: 690883K->6883K(691648K)] 1981179K->1298019K(2089792K), 0.0056056 secs] [Times: user=0.04 sys=0.00, real=0.01 secs] 
2175.996: [GC [PSYoungGen: 691169K->6547K(691648K)] 1982305K->1298868K(2089792K), 0.0045158 secs] [Times: user=0.03 sys=0.00, real=0.00 secs] 
2176.395: [GC [PSYoungGen: 690830K->7011K(691648K)] 1983151K->1300077K(2089792K), 0.0056342 secs] [Times: user=0.03 sys=0.00, real=0.00 secs] 
2176.779: [GC [PSYoungGen: 691277K->7251K(691392K)] 1984342K->1300901K(2089536K), 0.0047512 secs] [Times: user=0.03 sys=0.01, real=0.01 secs] 
2177.178: [GC [PSYoungGen: 691283K->7315K(691392K)] 1984933K->1301485K(2089536K), 0.0055637 secs] [Times: user=0.02 sys=0.00, real=0.01 secs] 
2177.561: [GC [PSYoungGen: 691342K->6851K(691456K)] 1985512K->1301950K(2089600K), 0.0043009 secs] [Times: user=0.02 sys=0.01, real=0.01 secs] 
2177.948: [GC [PSYoungGen: 690684K->6579K(691392K)] 1985783K->1302902K(2089536K), 0.0055027 secs] [Times: user=0.03 sys=0.00, real=0.01 secs] 
2178.328: [GC [PSYoungGen: 690404K->7139K(691456K)] 1986727K->1303951K(2089600K), 0.0058104 secs] [Times: user=0.03 sys=0.01, real=0.01 secs] 
2178.753: [GC [PSYoungGen: 691033K->6643K(691456K)] 1987845K->1304647K(2089600K), 0.0042531 secs] [Times: user=0.03 sys=0.00, real=0.00 secs] 
2179.178: [GC [PSYoungGen: 690530K->7043K(691456K)] 1988534K->1305880K(2089600K), 0.0054243 secs] [Times: user=0.03 sys=0.00, real=0.01 secs] 
2179.609: [GC [PSYoungGen: 690944K->7075K(691456K)] 1989781K->1306504K(2089600K), 0.0038183 secs] [Times: user=0.02 sys=0.00, real=0.01 secs] 
2180.010: [GC [PSYoungGen: 690979K->6691K(691456K)] 1990408K->1307265K(2089600K), 0.0040561 secs] [Times: user=0.02 sys=0.01, real=0.01 secs] 
2180.398: [GC [PSYoungGen: 690587K->6979K(691456K)] 1991160K->1308145K(2089600K), 0.0055479 secs] [Times: user=0.03 sys=0.00, real=0.01 secs] 
2180.827: [GC [PSYoungGen: 690876K->6099K(691392K)] 1992042K->1307745K(2089536K), 0.0055684 secs] [Times: user=0.03 sys=0.01, real=0.00 secs] 
2181.224: [GC [PSYoungGen: 690001K->1584K(685504K)] 1991647K->1303279K(2083648K), 0.0050453 secs] [Times: user=0.03 sys=0.00, real=0.00 secs] 
2181.746: [GC [PSYoungGen: 685486K->8356K(679104K)] 1987180K->1324162K(2077248K), 0.0494893 secs] [Times: user=0.08 sys=0.01, real=0.05 secs] 
2182.316: [GC [PSYoungGen: 679061K->14144K(684864K)] 1994867K->1339851K(2083008K), 0.0448509 secs] [Times: user=0.07 sys=0.02, real=0.04 secs] 
2182.859: [GC [PSYoungGen: 684863K->14144K(670912K)] 2010571K->1342251K(2069056K), 0.0398319 secs] [Times: user=0.07 sys=0.00, real=0.04 secs] 
2183.412: [GC [PSYoungGen: 670911K->16096K(672896K)] 1999018K->1344403K(2071040K), 0.0388324 secs] [Times: user=0.06 sys=0.00, real=0.04 secs] 
2183.960: [GC [PSYoungGen: 672839K->16000K(675264K)] 2001146K->1344499K(2073408K), 0.0390796 secs] [Times: user=0.06 sys=0.01, real=0.04 secs] 
2184.500: [GC [PSYoungGen: 669043K->15984K(669056K)] 1997542K->1344691K(2067200K), 0.0398980 secs] [Times: user=0.07 sys=0.00, real=0.04 secs] 
2185.039: [GC [PSYoungGen: 669036K->15904K(674816K)] 1997743K->1344803K(2072960K), 0.0371931 secs] [Times: user=0.07 sys=0.01, real=0.04 secs] 
2185.561: [GC [PSYoungGen: 667168K->15840K(667136K)] 1996067K->1344931K(2065280K), 0.0369033 secs] [Times: user=0.06 sys=0.01, real=0.04 secs] 
2186.111: [GC [PSYoungGen: 667100K->15872K(674816K)] 1996191K->1345163K(2072960K), 0.0366084 secs] [Times: user=0.07 sys=0.00, real=0.04 secs] 
2186.644: [GC [PSYoungGen: 666623K->15904K(674880K)] 1995915K->1345403K(2073024K), 0.0388749 secs] [Times: user=0.06 sys=0.01, real=0.03 secs] 
2187.188: [GC [PSYoungGen: 666656K->15904K(674944K)] 1996155K->1345603K(2073088K), 0.0370388 secs] [Times: user=0.07 sys=0.01, real=0.04 secs] 
2187.727: [GC [PSYoungGen: 666707K->15840K(674880K)] 1996406K->1345739K(2073024K), 0.0442218 secs] [Times: user=0.07 sys=0.01, real=0.04 secs] 
2188.283: [GC [PSYoungGen: 666656K->15872K(675328K)] 1996555K->1345971K(2073472K), 0.0366779 secs] [Times: user=0.06 sys=0.00, real=0.04 secs] 
2188.820: [GC [PSYoungGen: 667304K->15872K(675136K)] 1997403K->1346187K(2073280K), 0.0373297 secs] [Times: user=0.07 sys=0.00, real=0.04 secs] 
2189.365: [GC [PSYoungGen: 667328K->15904K(675840K)] 1997643K->1346419K(2073984K), 0.0384872 secs] [Times: user=0.06 sys=0.00, real=0.04 secs] 
2189.919: [GC [PSYoungGen: 668320K->15904K(675584K)] 1998835K->1346611K(2073728K), 0.0370258 secs] [Times: user=0.06 sys=0.00, real=0.04 secs] 
2190.478: [GC [PSYoungGen: 668310K->15936K(676416K)] 1999018K->1346851K(2074560K), 0.0372377 secs] [Times: user=0.07 sys=0.00, real=0.04 secs] 
2191.014: [GC [PSYoungGen: 669489K->15936K(676160K)] 2000404K->1347059K(2074304K), 0.0373191 secs] [Times: user=0.07 sys=0.00, real=0.03 secs] 
2191.555: [GC [PSYoungGen: 669504K->15936K(677056K)] 2000627K->1347259K(2075200K), 0.0371893 secs] [Times: user=0.07 sys=0.00, real=0.03 secs] 
2192.114: [GC [PSYoungGen: 670712K->15968K(676736K)] 2002035K->1347515K(2074880K), 0.0363632 secs] [Times: user=0.07 sys=0.00, real=0.03 secs] 
2192.670: [GC [PSYoungGen: 670746K->15936K(677632K)] 2002294K->1347683K(2075776K), 0.0395008 secs] [Times: user=0.06 sys=0.00, real=0.04 secs] 
2193.214: [GC [PSYoungGen: 671866K->15968K(677312K)] 2003613K->1347907K(2075456K), 0.0395728 secs] [Times: user=0.07 sys=0.01, real=0.04 secs] 
2193.764: [GC [PSYoungGen: 671904K->16000K(678208K)] 2003843K->1348131K(2076352K), 0.0372597 secs] [Times: user=0.06 sys=0.00, real=0.03 secs] 
2194.310: [GC [PSYoungGen: 673137K->16032K(677952K)] 2005268K->1348355K(2076096K), 0.0400661 secs] [Times: user=0.06 sys=0.00, real=0.04 secs] 
2194.867: [GC [PSYoungGen: 673184K->16000K(678720K)] 2005507K->1348515K(2076864K), 0.0373086 secs] [Times: user=0.06 sys=0.00, real=0.04 secs] 
2195.411: [GC [PSYoungGen: 674176K->16000K(678464K)] 2006691K->1348715K(2076608K), 0.0376825 secs] [Times: user=0.06 sys=0.00, real=0.04 secs] 
2195.978: [GC [PSYoungGen: 674176K->16000K(679232K)] 2006891K->1348923K(2077376K), 0.0375083 secs] [Times: user=0.06 sys=0.00, real=0.04 secs] 
2196.535: [GC [PSYoungGen: 675191K->16096K(678976K)] 2008114K->1349219K(2077120K), 0.0377286 secs] [Times: user=0.07 sys=0.00, real=0.03 secs] 
2197.089: [GC [PSYoungGen: 675295K->16096K(679680K)] 2008418K->1349419K(2077824K), 0.0371775 secs] [Times: user=0.06 sys=0.00, real=0.04 secs] 
2197.654: [GC [PSYoungGen: 676176K->16160K(679424K)] 2009499K->1349675K(2077568K), 0.0387373 secs] [Times: user=0.06 sys=0.00, real=0.03 secs] 
2198.220: [GC [PSYoungGen: 676256K->16096K(680000K)] 2009771K->1349811K(2078144K), 0.0369967 secs] [Times: user=0.06 sys=0.00, real=0.04 secs] 
2198.768: [GC [PSYoungGen: 676896K->16128K(679808K)] 2010611K->1350043K(2077952K), 0.0352644 secs] [Times: user=0.06 sys=0.00, real=0.03 secs] 
2199.299: [GC [PSYoungGen: 676928K->16064K(680384K)] 2010843K->1350179K(2078528K), 0.0369869 secs] [Times: user=0.06 sys=0.00, real=0.04 secs] 
2199.877: [GC [PSYoungGen: 677632K->16128K(680192K)] 2011747K->1350435K(2078336K), 0.0421769 secs] [Times: user=0.07 sys=0.00, real=0.04 secs] 
2200.445: [GC [PSYoungGen: 677682K->16096K(680704K)] 2011989K->1350619K(2078848K), 0.0381780 secs] [Times: user=0.06 sys=0.01, real=0.04 secs] 
2201.007: [GC [PSYoungGen: 678297K->16128K(680512K)] 2012820K->1350851K(2078656K), 0.0379287 secs] [Times: user=0.06 sys=0.01, real=0.04 secs] 
2201.551: [GC [PSYoungGen: 678336K->16160K(680960K)] 2013059K->1351091K(2079104K), 0.0377539 secs] [Times: user=0.07 sys=0.00, real=0.04 secs] 
2202.131: [GC [PSYoungGen: 678935K->16128K(680832K)] 2013866K->1351243K(2078976K), 0.0390662 secs] [Times: user=0.06 sys=0.00, real=0.04 secs] 
2202.675: [GC [PSYoungGen: 678899K->16160K(681216K)] 2014014K->1351483K(2079360K), 0.0414106 secs] [Times: user=0.07 sys=0.00, real=0.04 secs] 
2203.228: [GC [PSYoungGen: 679456K->16128K(681088K)] 2014779K->1351659K(2079232K), 0.0373138 secs] [Times: user=0.07 sys=0.00, real=0.04 secs] 
2203.810: [GC [PSYoungGen: 679412K->16128K(681408K)] 2014943K->1351859K(2079552K), 0.0397010 secs] [Times: user=0.06 sys=0.00, real=0.04 secs] 
2204.372: [GC [PSYoungGen: 679792K->16192K(681280K)] 2015524K->1352123K(2079424K), 0.0375519 secs] [Times: user=0.06 sys=0.00, real=0.04 secs] 
2205.346: [GC [PSYoungGen: 679851K->16258K(681536K)] 2015782K->1352373K(2079680K), 0.0322862 secs] [Times: user=0.06 sys=0.01, real=0.03 secs] 
2207.206: [GC [PSYoungGen: 680247K->9570K(673600K)] 2016362K->1347606K(2071744K), 0.0145627 secs] [Times: user=0.03 sys=0.01, real=0.01 secs] 
2208.950: [GC [PSYoungGen: 673569K->8705K(678912K)] 2011605K->1348831K(2077056K), 0.0155746 secs] [Times: user=0.03 sys=0.01, real=0.02 secs] 
2210.897: [GC [PSYoungGen: 669185K->8241K(668736K)] 2009311K->1350271K(2066880K), 0.0156473 secs] [Times: user=0.04 sys=0.00, real=0.01 secs] 
2213.220: [GC [PSYoungGen: 668706K->8129K(678208K)] 2010736K->1351936K(2076352K), 0.0183813 secs] [Times: user=0.04 sys=0.01, real=0.02 secs] 
2214.909: [GC [PSYoungGen: 666429K->9313K(678656K)] 2010237K->1354594K(2076800K), 0.0144966 secs] [Times: user=0.03 sys=0.00, real=0.02 secs] 
2218.136: [GC [PSYoungGen: 667617K->8001K(678400K)] 2012898K->1355907K(2076544K), 0.0143202 secs] [Times: user=0.03 sys=0.00, real=0.01 secs] 
2219.873: [GC [PSYoungGen: 666041K->8305K(678528K)] 2013947K->1357684K(2076672K), 0.0170386 secs] [Times: user=0.04 sys=0.00, real=0.02 secs] 
2222.633: [GC [PSYoungGen: 666353K->7248K(678592K)] 2015732K->1358500K(2076736K), 0.0144172 secs] [Times: user=0.04 sys=0.01, real=0.02 secs] 
2224.259: [GC [PSYoungGen: 665422K->8609K(678592K)] 2016674K->1360886K(2076736K), 0.0158626 secs] [Times: user=0.04 sys=0.00, real=0.02 secs] 
2226.723: [GC [PSYoungGen: 666757K->7472K(679168K)] 2019034K->1362030K(2077312K), 0.0158886 secs] [Times: user=0.03 sys=0.00, real=0.02 secs] 
2228.165: [GC [PSYoungGen: 666608K->8129K(678976K)] 2021166K->1363896K(2077120K), 0.0148421 secs] [Times: user=0.04 sys=0.00, real=0.01 secs] 
2230.381: [GC [PSYoungGen: 667255K->8081K(680000K)] 2023021K->1365673K(2078144K), 0.0175803 secs] [Times: user=0.04 sys=0.00, real=0.02 secs] 
2232.355: [GC [PSYoungGen: 668623K->8497K(679552K)] 2026215K->1367362K(2077696K), 0.0162126 secs] [Times: user=0.04 sys=0.00, real=0.01 secs] 
2234.560: [GC [PSYoungGen: 669038K->8353K(681024K)] 2027902K->1369235K(2079168K), 0.0163703 secs] [Times: user=0.04 sys=0.00, real=0.02 secs] 
2236.343: [GC [PSYoungGen: 670869K->8529K(680512K)] 2031751K->1371172K(2078656K), 0.0144228 secs] [Times: user=0.04 sys=0.01, real=0.02 secs] 
2238.180: [GC [PSYoungGen: 671056K->8353K(682048K)] 2033699K->1372821K(2080192K), 0.0173566 secs] [Times: user=0.04 sys=0.01, real=0.02 secs] 
2240.313: [GC [PSYoungGen: 672981K->8273K(681600K)] 2037449K->1374726K(2079744K), 0.0160697 secs] [Times: user=0.04 sys=0.00, real=0.02 secs] 
2241.837: [GC [PSYoungGen: 672899K->9986K(683072K)] 2039352K->1377552K(2081216K), 0.0190188 secs] [Times: user=0.05 sys=0.01, real=0.02 secs] 
2243.786: [GC [PSYoungGen: 676588K->9297K(682560K)] 2044154K->1379441K(2080704K), 0.0180159 secs] [Times: user=0.04 sys=0.01, real=0.01 secs] 
2245.784: [GC [PSYoungGen: 675913K->8737K(684096K)] 2046057K->1381098K(2082240K), 0.0187600 secs] [Times: user=0.04 sys=0.01, real=0.02 secs] 
2247.577: [GC [PSYoungGen: 677458K->9121K(683648K)] 2049819K->1383107K(2081792K), 0.0185852 secs] [Times: user=0.04 sys=0.00, real=0.02 secs] 
2249.039: [GC [PSYoungGen: 677856K->9185K(684992K)] 2051841K->1384844K(2083136K), 0.0155170 secs] [Times: user=0.04 sys=0.00, real=0.01 secs] 
2250.761: [GC [PSYoungGen: 679708K->8737K(684544K)] 2055367K->1386581K(2082688K), 0.0203917 secs] [Times: user=0.05 sys=0.00, real=0.02 secs] 
2252.866: [GC [PSYoungGen: 679254K->8689K(685632K)] 2057098K->1388494K(2083776K), 0.0183861 secs] [Times: user=0.04 sys=0.01, real=0.01 secs] 
2255.027: [GC [PSYoungGen: 680598K->8337K(685312K)] 2060404K->1390271K(2083456K), 0.0190690 secs] [Times: user=0.04 sys=0.00, real=0.02 secs] 
2257.334: [GC [PSYoungGen: 680258K->8961K(686208K)] 2062192K->1392313K(2084352K), 0.0147583 secs] [Times: user=0.04 sys=0.01, real=0.02 secs] 
2259.028: [GC [PSYoungGen: 682032K->9601K(685888K)] 2065383K->1394714K(2084032K), 0.0190767 secs] [Times: user=0.04 sys=0.00, real=0.02 secs] 
2260.706: [GC [PSYoungGen: 682688K->9057K(686720K)] 2067800K->1396395K(2084864K), 0.0158336 secs] [Times: user=0.04 sys=0.00, real=0.01 secs] 
2262.978: [GC [PSYoungGen: 683157K->7905K(686400K)] 2070495K->1397828K(2084544K), 0.0154308 secs] [Times: user=0.04 sys=0.01, real=0.01 secs] 
2264.859: [GC [PSYoungGen: 681999K->8417K(687040K)] 2071922K->1399541K(2085184K), 0.0156954 secs] [Times: user=0.04 sys=0.01, real=0.01 secs] 
2267.279: [GC [PSYoungGen: 683282K->8193K(686848K)] 2074406K->1401182K(2084992K), 0.0173891 secs] [Times: user=0.04 sys=0.00, real=0.02 secs] 
2269.012: [GC [PSYoungGen: 683063K->8801K(687424K)] 2076052K->1403063K(2085568K), 0.0151855 secs] [Times: user=0.04 sys=0.00, real=0.02 secs] 
2271.454: [GC [PSYoungGen: 684359K->7889K(687168K)] 2078621K->1404128K(2085312K), 0.0180613 secs] [Times: user=0.04 sys=0.01, real=0.02 secs] 
2271.472: [Full GC [PSYoungGen: 7889K->0K(687168K)] [PSOldGen: 1396239K->85553K(1398144K)] 1404128K->85553K(2085312K) [PSPermGen: 7772K->7772K(21248K)], 0.1510627 secs] [Times: user=0.15 sys=0.00, real=0.15 secs] 
2273.287: [GC [PSYoungGen: 675582K->8849K(687744K)] 761136K->94403K(2085888K), 0.0133526 secs] [Times: user=0.02 sys=0.00, real=0.01 secs] 
2275.101: [GC [PSYoungGen: 685120K->8961K(687552K)] 770674K->96308K(2085696K), 0.0162259 secs] [Times: user=0.03 sys=0.00, real=0.02 secs] 
2277.009: [GC [PSYoungGen: 685233K->8929K(688128K)] 772580K->98245K(2086272K), 0.0144693 secs] [Times: user=0.03 sys=0.00, real=0.01 secs] 
2279.075: [GC [PSYoungGen: 685975K->8257K(687936K)] 775291K->99694K(2086080K), 0.0128908 secs] [Times: user=0.03 sys=0.00, real=0.02 secs] 
2280.603: [GC [PSYoungGen: 685283K->8385K(688384K)] 776720K->101687K(2086528K), 0.0129673 secs] [Times: user=0.03 sys=0.00, real=0.02 secs] 
2282.736: [GC [PSYoungGen: 686009K->8001K(688256K)] 779311K->102976K(2086400K), 0.0157429 secs] [Times: user=0.03 sys=0.00, real=0.01 secs] 
2285.101: [GC [PSYoungGen: 685606K->8145K(688512K)] 780582K->104449K(2086656K), 0.0141056 secs] [Times: user=0.02 sys=0.00, real=0.01 secs] 
2286.935: [GC [PSYoungGen: 686097K->8593K(688448K)] 782401K->106482K(2086592K), 0.0149700 secs] [Times: user=0.03 sys=0.00, real=0.02 secs] 
2288.709: [GC [PSYoungGen: 686543K->9025K(688704K)] 784432K->108235K(2086848K), 0.0161544 secs] [Times: user=0.03 sys=0.01, real=0.01 secs] 
2290.730: [GC [PSYoungGen: 687401K->8417K(688704K)] 786611K->109580K(2086848K), 0.0136341 secs] [Times: user=0.02 sys=0.00, real=0.01 secs] 
2292.781: [GC [PSYoungGen: 686811K->7921K(688896K)] 787974K->110637K(2087040K), 0.0171129 secs] [Times: user=0.03 sys=0.00, real=0.02 secs] 
2294.907: [GC [PSYoungGen: 686640K->7232K(686016K)] 789356K->111653K(2084160K), 0.0139263 secs] [Times: user=0.02 sys=0.00, real=0.01 secs] 
2296.883: [GC [PSYoungGen: 685947K->8017K(688896K)] 790368K->113350K(2087040K), 0.0136375 secs] [Times: user=0.03 sys=0.00, real=0.02 secs] 
2298.638: [GC [PSYoungGen: 686653K->8513K(688768K)] 791986K->115407K(2086912K), 0.0152491 secs] [Times: user=0.03 sys=0.01, real=0.01 secs] 
2300.659: [GC [PSYoungGen: 687169K->8209K(689152K)] 794063K->116720K(2087296K), 0.0137675 secs] [Times: user=0.02 sys=0.00, real=0.01 secs] 
2302.464: [GC [PSYoungGen: 687370K->8801K(689024K)] 795881K->118769K(2087168K), 0.0138324 secs] [Times: user=0.03 sys=0.00, real=0.02 secs] 
2304.749: [GC [PSYoungGen: 687962K->7280K(689024K)] 797930K->119434K(2087168K), 0.0131480 secs] [Times: user=0.02 sys=0.00, real=0.01 secs] 
2306.562: [GC [PSYoungGen: 686416K->7905K(689088K)] 798570K->120923K(2087232K), 0.0147429 secs] [Times: user=0.02 sys=0.00, real=0.01 secs] 
2308.565: [GC [PSYoungGen: 687062K->8113K(689280K)] 800080K->122196K(2087424K), 0.0155725 secs] [Times: user=0.03 sys=0.01, real=0.02 secs] 
2310.185: [GC [PSYoungGen: 687523K->8817K(689152K)] 801606K->123917K(2087296K), 0.0129330 secs] [Times: user=0.02 sys=0.01, real=0.02 secs] 
2312.245: [GC [PSYoungGen: 688223K->8161K(689344K)] 803322K->124429K(2087488K), 0.0128423 secs] [Times: user=0.02 sys=0.00, real=0.02 secs] 
2314.037: [GC [PSYoungGen: 687688K->7328K(689216K)] 803956K->124957K(2087360K), 0.0128062 secs] [Times: user=0.02 sys=0.00, real=0.01 secs] 
2315.738: [GC [PSYoungGen: 686866K->7921K(689408K)] 804495K->126358K(2087552K), 0.0136581 secs] [Times: user=0.02 sys=0.00, real=0.01 secs] 
2317.458: [GC [PSYoungGen: 687651K->7424K(689344K)] 806088K->126974K(2087488K), 0.0145147 secs] [Times: user=0.02 sys=0.00, real=0.01 secs] 
2319.029: [GC [PSYoungGen: 687144K->8145K(689536K)] 806695K->128007K(2087680K), 0.0144507 secs] [Times: user=0.02 sys=0.00, real=0.01 secs] 
2320.562: [GC [PSYoungGen: 688066K->7024K(689408K)] 807929K->127087K(2087552K), 0.0148755 secs] [Times: user=0.02 sys=0.00, real=0.02 secs] 
2321.553: [GC [PSYoungGen: 686960K->6096K(689152K)] 807023K->126222K(2087296K), 0.0128749 secs] [Times: user=0.02 sys=0.00, real=0.01 secs] 
2321.968: [GC [PSYoungGen: 685769K->8708K(688448K)] 805896K->128890K(2086592K), 0.0037331 secs] [Times: user=0.02 sys=0.00, real=0.00 secs] 
2322.331: [GC [PSYoungGen: 688381K->7571K(689344K)] 808563K->128098K(2087488K), 0.0026641 secs] [Times: user=0.02 sys=0.00, real=0.00 secs] 
2322.685: [GC [PSYoungGen: 687050K->7715K(689152K)] 807577K->128458K(2087296K), 0.0022853 secs] [Times: user=0.01 sys=0.00, real=0.01 secs] 
2323.024: [GC [PSYoungGen: 687191K->7860K(689664K)] 807933K->128714K(2087808K), 0.0025951 secs] [Times: user=0.02 sys=0.00, real=0.00 secs] 
2323.453: [GC [PSYoungGen: 687970K->7443K(689472K)] 808825K->128770K(2087616K), 0.0024440 secs] [Times: user=0.01 sys=0.00, real=0.00 secs] 
2323.827: [GC [PSYoungGen: 687563K->7715K(689856K)] 808890K->129259K(2088000K), 0.0023470 secs] [Times: user=0.02 sys=0.00, real=0.01 secs] 
2324.189: [GC [PSYoungGen: 688291K->7796K(689728K)] 809834K->129451K(2087872K), 0.0024488 secs] [Times: user=0.02 sys=0.00, real=0.00 secs] 
2324.564: [GC [PSYoungGen: 688367K->7715K(690112K)] 810023K->129603K(2088256K), 0.0023090 secs] [Times: user=0.02 sys=0.00, real=0.00 secs] 
2324.919: [GC [PSYoungGen: 688788K->7555K(689984K)] 810676K->129875K(2088128K), 0.0022226 secs] [Times: user=0.02 sys=0.00, real=0.00 secs] 
2325.269: [GC [PSYoungGen: 688633K->7475K(690240K)] 810952K->130267K(2088384K), 0.0022733 secs] [Times: user=0.01 sys=0.00, real=0.00 secs] 
2325.617: [GC [PSYoungGen: 688883K->7683K(690176K)] 811675K->130643K(2088320K), 0.0023425 secs] [Times: user=0.01 sys=0.00, real=0.00 secs] 
2325.988: [GC [PSYoungGen: 689079K->7619K(690368K)] 812039K->130916K(2088512K), 0.0022415 secs] [Times: user=0.02 sys=0.00, real=0.00 secs] 
2326.352: [GC [PSYoungGen: 689274K->7635K(690304K)] 812570K->131204K(2088448K), 0.0024520 secs] [Times: user=0.01 sys=0.00, real=0.00 secs] 
2326.656: [GC [PSYoungGen: 689290K->7812K(690496K)] 812858K->131556K(2088640K), 0.0023072 secs] [Times: user=0.01 sys=0.00, real=0.01 secs] 
2327.063: [GC [PSYoungGen: 689731K->7571K(690432K)] 813476K->131644K(2088576K), 0.0023865 secs] [Times: user=0.01 sys=0.00, real=0.00 secs] 
2327.425: [GC [PSYoungGen: 689460K->7555K(690624K)] 813532K->131956K(2088768K), 0.0022946 secs] [Times: user=0.01 sys=0.00, real=0.01 secs] 
2327.792: [GC [PSYoungGen: 689730K->7603K(690560K)] 814130K->132324K(2088704K), 0.0023792 secs] [Times: user=0.01 sys=0.00, real=0.00 secs] 
2328.105: [GC [PSYoungGen: 689774K->7475K(690688K)] 814495K->132685K(2088832K), 0.0022793 secs] [Times: user=0.01 sys=0.00, real=0.00 secs] 
2328.469: [GC [PSYoungGen: 689775K->7603K(690624K)] 814984K->133085K(2088768K), 0.0022312 secs] [Times: user=0.02 sys=0.00, real=0.00 secs] 
2328.882: [GC [PSYoungGen: 689892K->7619K(690752K)] 815373K->133429K(2088896K), 0.0024861 secs] [Times: user=0.01 sys=0.01, real=0.00 secs] 
2329.244: [GC [PSYoungGen: 690100K->7379K(690752K)] 815909K->133765K(2088896K), 0.0023127 secs] [Times: user=0.02 sys=0.00, real=0.00 secs] 
2329.546: [GC [PSYoungGen: 689875K->7812K(690688K)] 816261K->134310K(2088832K), 0.0023389 secs] [Times: user=0.01 sys=0.00, real=0.01 secs] 
2329.925: [GC [PSYoungGen: 690308K->7587K(690752K)] 816806K->134406K(2088896K), 0.0023928 secs] [Times: user=0.01 sys=0.00, real=0.00 secs] 
2330.284: [GC [PSYoungGen: 690083K->7587K(690880K)] 816902K->134718K(2089024K), 0.0022871 secs] [Times: user=0.02 sys=0.00, real=0.00 secs] 
2330.706: [GC [PSYoungGen: 690261K->7619K(690816K)] 817391K->135126K(2088960K), 0.0022495 secs] [Times: user=0.01 sys=0.00, real=0.01 secs] 
2331.004: [GC [PSYoungGen: 690301K->7619K(690944K)] 817807K->135406K(2089088K), 0.0024063 secs] [Times: user=0.02 sys=0.00, real=0.00 secs] 
2331.365: [GC [PSYoungGen: 690434K->7812K(690880K)] 818221K->135766K(2089024K), 0.0022352 secs] [Times: user=0.02 sys=0.00, real=0.01 secs] 
2331.745: [GC [PSYoungGen: 690618K->7667K(690944K)] 818573K->135886K(2089088K), 0.0026672 secs] [Times: user=0.02 sys=0.00, real=0.01 secs] 
2332.109: [GC [PSYoungGen: 690538K->7539K(690944K)] 818757K->136151K(2089088K), 0.0023025 secs] [Times: user=0.02 sys=0.00, real=0.00 secs] 
2332.498: [GC [PSYoungGen: 690415K->7683K(691008K)] 819026K->136583K(2089152K), 0.0021919 secs] [Times: user=0.02 sys=0.00, real=0.00 secs] 
2332.843: [GC [PSYoungGen: 690626K->7411K(690944K)] 819525K->136839K(2089088K), 0.0022418 secs] [Times: user=0.01 sys=0.00, real=0.00 secs] 
2333.234: [GC [PSYoungGen: 690350K->7651K(691008K)] 819778K->137351K(2089152K), 0.0022831 secs] [Times: user=0.01 sys=0.00, real=0.00 secs] 
2333.581: [GC [PSYoungGen: 690647K->7459K(691008K)] 820347K->137527K(2089152K), 0.0022245 secs] [Times: user=0.01 sys=0.00, real=0.00 secs] 
2333.938: [GC [PSYoungGen: 690467K->7283K(691008K)] 820535K->138032K(2089152K), 0.0022606 secs] [Times: user=0.02 sys=0.00, real=0.00 secs] 
2334.289: [GC [PSYoungGen: 690291K->7683K(691008K)] 821040K->138704K(2089152K), 0.0022838 secs] [Times: user=0.01 sys=0.00, real=0.00 secs] 
2334.647: [GC [PSYoungGen: 690689K->7603K(691008K)] 821710K->138856K(2089152K), 0.0021457 secs] [Times: user=0.01 sys=0.00, real=0.01 secs] 
2335.005: [GC [PSYoungGen: 690611K->7395K(691008K)] 821864K->139080K(2089152K), 0.0023958 secs] [Times: user=0.02 sys=0.00, real=0.00 secs] 
2335.371: [GC [PSYoungGen: 690391K->7523K(691072K)] 822076K->139649K(2089216K), 0.0024472 secs] [Times: user=0.02 sys=0.00, real=0.00 secs] 
2336.308: [GC [PSYoungGen: 690595K->7667K(691008K)] 822721K->140065K(2089152K), 0.0023465 secs] [Times: user=0.01 sys=0.00, real=0.00 secs] 
2336.736: [GC [PSYoungGen: 690738K->7587K(691072K)] 823136K->140313K(2089216K), 0.0023359 secs] [Times: user=0.01 sys=0.00, real=0.01 secs] 
2338.273: [GC [PSYoungGen: 690702K->7747K(691072K)] 823428K->140641K(2089216K), 0.0023134 secs] [Times: user=0.01 sys=0.01, real=0.00 secs] 
2338.686: [GC [PSYoungGen: 690875K->7427K(691072K)] 823769K->140761K(2089216K), 0.0022939 secs] [Times: user=0.02 sys=0.00, real=0.01 secs] 
2339.058: [GC [PSYoungGen: 690553K->7475K(691072K)] 823887K->141185K(2089216K), 0.0022408 secs] [Times: user=0.02 sys=0.00, real=0.00 secs] 
2339.421: [GC [PSYoungGen: 690611K->7635K(691072K)] 824321K->141618K(2089216K), 0.0022646 secs] [Times: user=0.02 sys=0.00, real=0.00 secs] 
2339.797: [GC [PSYoungGen: 690770K->7299K(691072K)] 824752K->141866K(2089216K), 0.0022558 secs] [Times: user=0.02 sys=0.00, real=0.01 secs] 
2340.165: [GC [PSYoungGen: 690435K->7715K(691072K)] 825002K->142634K(2089216K), 0.0022980 secs] [Times: user=0.02 sys=0.00, real=0.01 secs] 
2340.545: [GC [PSYoungGen: 690851K->7411K(691072K)] 825770K->142850K(2089216K), 0.0022570 secs] [Times: user=0.02 sys=0.01, real=0.00 secs] 
2340.918: [GC [PSYoungGen: 690545K->7507K(691072K)] 825984K->143379K(2089216K), 0.0023504 secs] [Times: user=0.01 sys=0.00, real=0.01 secs] 
2341.285: [GC [PSYoungGen: 690635K->7251K(691072K)] 826506K->143771K(2089216K), 0.0022615 secs] [Times: user=0.01 sys=0.00, real=0.01 secs] 
2341.646: [GC [PSYoungGen: 690378K->7555K(691072K)] 826898K->144451K(2089216K), 0.0022831 secs] [Times: user=0.01 sys=0.00, real=0.01 secs] 
2342.026: [GC [PSYoungGen: 690684K->7715K(691072K)] 827580K->144892K(2089216K), 0.0024738 secs] [Times: user=0.01 sys=0.00, real=0.01 secs] 
2342.402: [GC [PSYoungGen: 690849K->7475K(691072K)] 828025K->145068K(2089216K), 0.0022827 secs] [Times: user=0.01 sys=0.00, real=0.00 secs] 
2342.781: [GC [PSYoungGen: 690611K->7571K(691072K)] 828204K->145436K(2089216K), 0.0022221 secs] [Times: user=0.01 sys=0.00, real=0.00 secs] 
2343.078: [GC [PSYoungGen: 690707K->7235K(691008K)] 828571K->145780K(2089152K), 0.0021990 secs] [Times: user=0.02 sys=0.00, real=0.00 secs] 
2343.461: [GC [PSYoungGen: 690371K->7299K(691072K)] 828916K->146421K(2089216K), 0.0022683 secs] [Times: user=0.01 sys=0.00, real=0.00 secs] 
2343.931: [GC [PSYoungGen: 690421K->7555K(691136K)] 829542K->146941K(2089280K), 0.0023136 secs] [Times: user=0.02 sys=0.00, real=0.00 secs] 
2344.297: [GC [PSYoungGen: 690755K->7443K(691072K)] 830141K->147301K(2089216K), 0.0023671 secs] [Times: user=0.01 sys=0.00, real=0.01 secs] 
2344.667: [GC [PSYoungGen: 690643K->7603K(691136K)] 830501K->147781K(2089280K), 0.0022326 secs] [Times: user=0.01 sys=0.00, real=0.01 secs] 
2344.963: [GC [PSYoungGen: 690853K->7235K(691136K)] 831031K->148086K(2089280K), 0.0023734 secs] [Times: user=0.02 sys=0.00, real=0.00 secs] 
2345.332: [GC [PSYoungGen: 690483K->7635K(691008K)] 831333K->148822K(2089152K), 0.0023472 secs] [Times: user=0.01 sys=0.00, real=0.00 secs] 
2345.776: [GC [PSYoungGen: 690770K->7475K(691072K)] 831956K->149142K(2089216K), 0.0023173 secs] [Times: user=0.01 sys=0.00, real=0.01 secs] 
2346.075: [GC [PSYoungGen: 690610K->7587K(691136K)] 832277K->149574K(2089280K), 0.0022826 secs] [Times: user=0.02 sys=0.00, real=0.01 secs] 
2346.452: [GC [PSYoungGen: 690851K->7555K(691136K)] 832838K->149935K(2089280K), 0.0022970 secs] [Times: user=0.02 sys=0.00, real=0.00 secs] 
2346.824: [GC [PSYoungGen: 690819K->7443K(691136K)] 833199K->150191K(2089280K), 0.0022642 secs] [Times: user=0.01 sys=0.00, real=0.00 secs] 
2347.198: [GC [PSYoungGen: 690701K->7443K(691136K)] 833448K->150615K(2089280K), 0.0023908 secs] [Times: user=0.01 sys=0.00, real=0.00 secs] 
2347.568: [GC [PSYoungGen: 690699K->7603K(691200K)] 833871K->151055K(2089344K), 0.0022758 secs] [Times: user=0.01 sys=0.00, real=0.00 secs] 
2347.952: [GC [PSYoungGen: 690980K->7571K(691200K)] 834432K->151415K(2089344K), 0.0023352 secs] [Times: user=0.02 sys=0.00, real=0.00 secs] 
2348.326: [GC [PSYoungGen: 690963K->7748K(691072K)] 834807K->151768K(2089216K), 0.0022841 secs] [Times: user=0.01 sys=0.00, real=0.01 secs] 
2348.737: [GC [PSYoungGen: 691011K->7635K(691136K)] 835031K->151984K(2089280K), 0.0023176 secs] [Times: user=0.02 sys=0.00, real=0.01 secs] 
2349.116: [GC [PSYoungGen: 690893K->7571K(691136K)] 835241K->152248K(2089280K), 0.0023516 secs] [Times: user=0.02 sys=0.00, real=0.01 secs] 
2349.714: [GC [PSYoungGen: 690830K->7587K(691136K)] 835506K->152640K(2089280K), 0.0023412 secs] [Times: user=0.01 sys=0.00, real=0.00 secs] 
2350.015: [GC [PSYoungGen: 690843K->7459K(691136K)] 835896K->152936K(2089280K), 0.0022578 secs] [Times: user=0.02 sys=0.00, real=0.00 secs] 
2350.392: [GC [PSYoungGen: 690719K->7507K(691136K)] 836196K->153256K(2089280K), 0.0023711 secs] [Times: user=0.01 sys=0.00, real=0.00 secs] 
2350.851: [GC [PSYoungGen: 690770K->7379K(691200K)] 836519K->153713K(2089344K), 0.0023550 secs] [Times: user=0.02 sys=0.00, real=0.00 secs] 
2351.264: [GC [PSYoungGen: 690758K->7539K(691200K)] 837092K->154249K(2089344K), 0.0024067 secs] [Times: user=0.01 sys=0.00, real=0.00 secs] 
2351.634: [GC [PSYoungGen: 690906K->7411K(691200K)] 837615K->154609K(2089344K), 0.0024495 secs] [Times: user=0.01 sys=0.00, real=0.00 secs] 
2351.984: [GC [PSYoungGen: 690798K->7315K(691200K)] 837996K->154833K(2089344K), 0.0023946 secs] [Times: user=0.02 sys=0.00, real=0.00 secs] 
2352.379: [GC [PSYoungGen: 690704K->6083K(690816K)] 838222K->153721K(2088960K), 0.0020405 secs] [Times: user=0.01 sys=0.00, real=0.00 secs] 
2352.752: [GC [PSYoungGen: 689091K->368K(683392K)] 836729K->148054K(2081536K), 0.0011445 secs] [Times: user=0.01 sys=0.00, real=0.00 secs] 
2353.218: [GC [PSYoungGen: 683361K->9124K(673856K)] 831047K->176666K(2072000K), 0.0338052 secs] [Times: user=0.05 sys=0.00, real=0.03 secs] 
2353.694: [GC [PSYoungGen: 673825K->17152K(681856K)] 841367K->197186K(2080000K), 0.0347914 secs] [Times: user=0.06 sys=0.01, real=0.04 secs] 
2354.168: [GC [PSYoungGen: 681826K->17152K(662400K)] 861860K->202314K(2060544K), 0.0318016 secs] [Times: user=0.05 sys=0.01, real=0.04 secs] 
2354.621: [GC [PSYoungGen: 662400K->21440K(666688K)] 847562K->206874K(2064832K), 0.0306741 secs] [Times: user=0.04 sys=0.00, real=0.03 secs] 
2355.081: [GC [PSYoungGen: 666668K->21376K(667072K)] 852103K->207082K(2065216K), 0.0313247 secs] [Times: user=0.05 sys=0.00, real=0.03 secs] 
2355.536: [GC [PSYoungGen: 659555K->21184K(659392K)] 845262K->207154K(2057536K), 0.0302048 secs] [Times: user=0.05 sys=0.00, real=0.03 secs] 
2355.992: [GC [PSYoungGen: 659392K->21152K(666048K)] 845362K->207394K(2064192K), 0.0310800 secs] [Times: user=0.05 sys=0.00, real=0.03 secs] 
2356.441: [GC [PSYoungGen: 655772K->20960K(655616K)] 842015K->207482K(2053760K), 0.0301036 secs] [Times: user=0.05 sys=0.00, real=0.03 secs] 
2356.886: [GC [PSYoungGen: 655584K->21088K(665856K)] 842106K->207890K(2064000K), 0.0356263 secs] [Times: user=0.05 sys=0.01, real=0.04 secs] 
2357.336: [GC [PSYoungGen: 654296K->20992K(654208K)] 841099K->208066K(2052352K), 0.0351053 secs] [Times: user=0.05 sys=0.00, real=0.04 secs] 
2357.795: [GC [PSYoungGen: 654198K->20992K(666112K)] 841273K->208338K(2064256K), 0.0458042 secs] [Times: user=0.06 sys=0.00, real=0.05 secs] 
2358.314: [GC [PSYoungGen: 654144K->20992K(666048K)] 841490K->208618K(2064192K), 0.0308200 secs] [Times: user=0.05 sys=0.01, real=0.03 secs] 
2358.770: [GC [PSYoungGen: 654144K->20960K(666560K)] 841770K->208858K(2064704K), 0.0312096 secs] [Times: user=0.05 sys=0.00, real=0.03 secs] 
2359.231: [GC [PSYoungGen: 654816K->21024K(666304K)] 842714K->209194K(2064448K), 0.0305027 secs] [Times: user=0.04 sys=0.00, real=0.03 secs] 
2359.685: [GC [PSYoungGen: 654879K->21024K(667200K)] 843050K->209466K(2065344K), 0.0322235 secs] [Times: user=0.05 sys=0.00, real=0.03 secs] 
2360.148: [GC [PSYoungGen: 656096K->21056K(666880K)] 844538K->209778K(2065024K), 0.0308838 secs] [Times: user=0.04 sys=0.00, real=0.04 secs] 
2360.601: [GC [PSYoungGen: 656128K->21024K(668032K)] 844850K->210034K(2066176K), 0.0310292 secs] [Times: user=0.04 sys=0.00, real=0.03 secs] 
2361.052: [GC [PSYoungGen: 657616K->21088K(667584K)] 846627K->210378K(2065728K), 0.0307092 secs] [Times: user=0.05 sys=0.00, real=0.03 secs] 
2361.497: [GC [PSYoungGen: 657684K->21056K(668928K)] 846975K->210634K(2067072K), 0.0309103 secs] [Times: user=0.05 sys=0.00, real=0.03 secs] 
2361.972: [GC [PSYoungGen: 659456K->21120K(668480K)] 849034K->210978K(2066624K), 0.0310678 secs] [Times: user=0.05 sys=0.00, real=0.03 secs] 
2362.430: [GC [PSYoungGen: 659520K->21120K(669760K)] 849378K->211250K(2067904K), 0.0315097 secs] [Times: user=0.04 sys=0.00, real=0.03 secs] 
2362.887: [GC [PSYoungGen: 661173K->21216K(669312K)] 851304K->211626K(2067456K), 0.0315541 secs] [Times: user=0.05 sys=0.00, real=0.04 secs] 
2363.345: [GC [PSYoungGen: 661267K->21216K(670592K)] 851678K->211906K(2068736K), 0.0319290 secs] [Times: user=0.05 sys=0.00, real=0.03 secs] 
2363.814: [GC [PSYoungGen: 662929K->21280K(670144K)] 853620K->212242K(2068288K), 0.0365720 secs] [Times: user=0.05 sys=0.00, real=0.04 secs] 
2364.284: [GC [PSYoungGen: 663005K->21264K(671296K)] 853967K->212506K(2069440K), 0.0311708 secs] [Times: user=0.04 sys=0.00, real=0.03 secs] 
2364.748: [GC [PSYoungGen: 664459K->21312K(670912K)] 855702K->212826K(2069056K), 0.0332802 secs] [Times: user=0.05 sys=0.00, real=0.04 secs] 
2365.205: [GC [PSYoungGen: 664500K->21280K(672000K)] 856015K->213074K(2070144K), 0.0322803 secs] [Times: user=0.05 sys=0.01, real=0.03 secs] 
2365.677: [GC [PSYoungGen: 665952K->21344K(671680K)] 857746K->213402K(2069824K), 0.0344570 secs] [Times: user=0.05 sys=0.00, real=0.04 secs] 
2366.141: [GC [PSYoungGen: 666016K->21344K(672640K)] 858074K->213682K(2070784K), 0.0326064 secs] [Times: user=0.05 sys=0.00, real=0.03 secs] 
2366.605: [GC [PSYoungGen: 667296K->21376K(672320K)] 859634K->214002K(2070464K), 0.0367251 secs] [Times: user=0.05 sys=0.00, real=0.04 secs] 
2367.074: [GC [PSYoungGen: 667301K->21440K(673216K)] 859928K->214338K(2071360K), 0.0320685 secs] [Times: user=0.04 sys=0.01, real=0.03 secs] 
2367.553: [GC [PSYoungGen: 668595K->21440K(672960K)] 861494K->214618K(2071104K), 0.0328389 secs] [Times: user=0.05 sys=0.00, real=0.03 secs] 
2368.033: [GC [PSYoungGen: 668608K->21504K(673664K)] 861786K->214970K(2071808K), 0.0493105 secs] [Times: user=0.07 sys=0.00, real=0.05 secs] 
2368.564: [GC [PSYoungGen: 669620K->21536K(673472K)] 863087K->215274K(2071616K), 0.0319177 secs] [Times: user=0.05 sys=0.01, real=0.03 secs] 
2369.023: [GC [PSYoungGen: 669645K->21504K(674112K)] 863384K->215514K(2072256K), 0.0329081 secs] [Times: user=0.05 sys=0.00, real=0.03 secs] 
2369.503: [GC [PSYoungGen: 670444K->21536K(673856K)] 864455K->215818K(2072000K), 0.0330247 secs] [Times: user=0.05 sys=0.00, real=0.03 secs] 
2369.989: [GC [PSYoungGen: 670496K->21568K(674432K)] 864778K->216138K(2072576K), 0.0376576 secs] [Times: user=0.05 sys=0.01, real=0.03 secs] 
2370.496: [GC [PSYoungGen: 671296K->21536K(674304K)] 865866K->216386K(2072448K), 0.0375679 secs] [Times: user=0.06 sys=0.01, real=0.04 secs] 
2370.974: [GC [PSYoungGen: 671237K->21504K(674816K)] 866087K->216634K(2072960K), 0.0327637 secs] [Times: user=0.05 sys=0.00, real=0.03 secs] 
2371.475: [GC [PSYoungGen: 671936K->21536K(674624K)] 867066K->216946K(2072768K), 0.0354792 secs] [Times: user=0.06 sys=0.00, real=0.04 secs] 
2371.967: [GC [PSYoungGen: 671968K->21568K(675136K)] 867378K->217250K(2073280K), 0.0336545 secs] [Times: user=0.05 sys=0.00, real=0.04 secs] 
2372.453: [GC [PSYoungGen: 672693K->21568K(675008K)] 868376K->217522K(2073152K), 0.0401434 secs] [Times: user=0.06 sys=0.00, real=0.04 secs] 
2372.954: [GC [PSYoungGen: 672704K->21504K(675456K)] 868658K->217746K(2073600K), 0.0377266 secs] [Times: user=0.06 sys=0.00, real=0.04 secs] 
2373.433: [GC [PSYoungGen: 673273K->21600K(675328K)] 869515K->218130K(2073472K), 0.0333793 secs] [Times: user=0.05 sys=0.01, real=0.03 secs] 
2374.520: [GC [PSYoungGen: 673360K->20721K(675648K)] 869890K->217508K(2073792K), 0.0257245 secs] [Times: user=0.05 sys=0.00, real=0.02 secs] 
2379.590: [GC [PSYoungGen: 672932K->8480K(660736K)] 869719K->208829K(2058880K), 0.0133158 secs] [Times: user=0.03 sys=0.00, real=0.01 secs] 
2383.332: [GC [PSYoungGen: 660704K->8032K(670656K)] 861053K->209301K(2068800K), 0.0129659 secs] [Times: user=0.02 sys=0.00, real=0.01 secs] 
2387.273: [GC [PSYoungGen: 653399K->8048K(653440K)] 854668K->209741K(2051584K), 0.0118420 secs] [Times: user=0.02 sys=0.00, real=0.01 secs] 
2389.005: [GC [PSYoungGen: 653424K->8560K(670016K)] 855117K->210750K(2068160K), 0.0127353 secs] [Times: user=0.02 sys=0.00, real=0.01 secs] 
2394.060: [GC [PSYoungGen: 650736K->8192K(650432K)] 852926K->211246K(2048576K), 0.0119310 secs] [Times: user=0.02 sys=0.00, real=0.01 secs] 
2396.617: [GC [PSYoungGen: 650336K->8848K(670336K)] 853391K->212519K(2068480K), 0.0121132 secs] [Times: user=0.02 sys=0.00, real=0.02 secs] 
2401.720: [GC [PSYoungGen: 650443K->8240K(670272K)] 854113K->213023K(2068416K), 0.0133696 secs] [Times: user=0.03 sys=0.00, real=0.01 secs] 
2405.543: [GC [PSYoungGen: 649829K->8080K(670784K)] 854612K->213487K(2068928K), 0.0137087 secs] [Times: user=0.03 sys=0.00, real=0.01 secs] 
2408.133: [GC [PSYoungGen: 650380K->7872K(670528K)] 855787K->213911K(2068672K), 0.0118653 secs] [Times: user=0.02 sys=0.00, real=0.01 secs] 
2410.419: [GC [PSYoungGen: 650172K->8960K(671936K)] 856212K->215328K(2070080K), 0.0120675 secs] [Times: user=0.03 sys=0.00, real=0.02 secs] 
2413.993: [GC [PSYoungGen: 653116K->8368K(671232K)] 859484K->216113K(2069376K), 0.0125254 secs] [Times: user=0.03 sys=0.00, real=0.01 secs] 
2416.813: [GC [PSYoungGen: 652513K->8432K(673280K)] 860258K->217073K(2071424K), 0.0118910 secs] [Times: user=0.02 sys=0.00, real=0.01 secs] 
2418.238: [GC [PSYoungGen: 655279K->8944K(672576K)] 863921K->218330K(2070720K), 0.0118904 secs] [Times: user=0.02 sys=0.00, real=0.02 secs] 
2422.880: [GC [PSYoungGen: 655781K->8800K(674944K)] 865166K->219354K(2073088K), 0.0125354 secs] [Times: user=0.02 sys=0.00, real=0.01 secs] 
2426.238: [GC [PSYoungGen: 658911K->7968K(674176K)] 869465K->219714K(2072320K), 0.0126513 secs] [Times: user=0.02 sys=0.00, real=0.02 secs] 
2428.576: [GC [PSYoungGen: 658063K->8528K(676416K)] 869809K->220683K(2074560K), 0.0135248 secs] [Times: user=0.02 sys=0.00, real=0.01 secs] 
2433.578: [GC [PSYoungGen: 661576K->8176K(675648K)] 873731K->221147K(2073792K), 0.0162797 secs] [Times: user=0.03 sys=0.01, real=0.02 secs] 
2436.319: [GC [PSYoungGen: 661232K->8656K(677952K)] 874203K->222156K(2076096K), 0.0145096 secs] [Times: user=0.02 sys=0.00, real=0.02 secs] 
2437.770: [GC [PSYoungGen: 664772K->9264K(677184K)] 878272K->223500K(2075328K), 0.0122057 secs] [Times: user=0.02 sys=0.00, real=0.02 secs] 
2443.365: [GC [PSYoungGen: 665384K->8352K(679488K)] 879620K->224045K(2077632K), 0.0127880 secs] [Times: user=0.03 sys=0.00, real=0.01 secs] 
2448.216: [GC [PSYoungGen: 667657K->7776K(678848K)] 883350K->224205K(2076992K), 0.0135626 secs] [Times: user=0.02 sys=0.00, real=0.01 secs] 
2451.180: [GC [PSYoungGen: 667099K->8352K(680704K)] 883528K->224861K(2078848K), 0.0156192 secs] [Times: user=0.03 sys=0.00, real=0.02 secs] 
2454.216: [GC [PSYoungGen: 670110K->8080K(680064K)] 886620K->225229K(2078208K), 0.0159460 secs] [Times: user=0.02 sys=0.00, real=0.02 secs] 
2457.573: [GC [PSYoungGen: 669830K->8464K(681920K)] 886980K->225997K(2080064K), 0.0132785 secs] [Times: user=0.02 sys=0.00, real=0.01 secs] 
2460.710: [GC [PSYoungGen: 672656K->8320K(681280K)] 890189K->226518K(2079424K), 0.0140491 secs] [Times: user=0.02 sys=0.00, real=0.02 secs] 
2463.611: [GC [PSYoungGen: 672501K->8544K(683072K)] 890699K->227126K(2081216K), 0.0160033 secs] [Times: user=0.03 sys=0.00, real=0.02 secs] 
2466.614: [GC [PSYoungGen: 675101K->8384K(682496K)] 893683K->227750K(2080640K), 0.0147588 secs] [Times: user=0.03 sys=0.00, real=0.01 secs] 
2472.116: [GC [PSYoungGen: 674923K->8384K(684096K)] 894289K->228359K(2082240K), 0.0136898 secs] [Times: user=0.02 sys=0.01, real=0.01 secs] 
2476.880: [GC [PSYoungGen: 677055K->8064K(683584K)] 897030K->228679K(2081728K), 0.0139522 secs] [Times: user=0.02 sys=0.00, real=0.02 secs] 
2479.484: [GC [PSYoungGen: 676708K->8640K(684992K)] 897323K->229511K(2083136K), 0.0123500 secs] [Times: user=0.03 sys=0.00, real=0.01 secs] 
2481.961: [GC [PSYoungGen: 679168K->9536K(684544K)] 900039K->231200K(2082688K), 0.0134217 secs] [Times: user=0.02 sys=0.00, real=0.02 secs] 
2486.255: [GC [PSYoungGen: 680047K->8272K(685632K)] 901710K->231440K(2083776K), 0.0139583 secs] [Times: user=0.03 sys=0.00, real=0.01 secs] 
2488.993: [GC [PSYoungGen: 680208K->9312K(685312K)] 903376K->232857K(2083456K), 0.0149714 secs] [Times: user=0.02 sys=0.00, real=0.01 secs] 
2490.340: [GC [PSYoungGen: 681242K->11521K(684800K)] 904787K->235858K(2082944K), 0.0131469 secs] [Times: user=0.02 sys=0.00, real=0.02 secs] 
2492.345: [GC [PSYoungGen: 683258K->9792K(685376K)] 907595K->236779K(2083520K), 0.0145247 secs] [Times: user=0.02 sys=0.00, real=0.01 secs] 
2495.283: [GC [PSYoungGen: 681519K->10080K(685760K)] 908506K->238244K(2083904K), 0.0126223 secs] [Times: user=0.02 sys=0.00, real=0.01 secs] 
2497.008: [GC [PSYoungGen: 682464K->10241K(685632K)] 910628K->240029K(2083776K), 0.0141674 secs] [Times: user=0.02 sys=0.00, real=0.02 secs] 
2501.931: [GC [PSYoungGen: 682625K->8112K(685952K)] 912413K->240005K(2084096K), 0.0123551 secs] [Times: user=0.02 sys=0.00, real=0.02 secs] 
2504.198: [GC [PSYoungGen: 680800K->9056K(685760K)] 912694K->241086K(2083904K), 0.0123763 secs] [Times: user=0.02 sys=0.00, real=0.01 secs] 
2506.666: [GC [PSYoungGen: 681737K->10561K(686016K)] 913767K->243279K(2084160K), 0.0157553 secs] [Times: user=0.02 sys=0.00, real=0.01 secs] 
2508.360: [GC [PSYoungGen: 683810K->10913K(684224K)] 916527K->245168K(2082368K), 0.0129312 secs] [Times: user=0.03 sys=0.00, real=0.01 secs] 
2512.058: [GC [PSYoungGen: 684185K->9136K(686208K)] 918440K->245872K(2084352K), 0.0129626 secs] [Times: user=0.03 sys=0.01, real=0.01 secs] 
2513.530: [GC [PSYoungGen: 682280K->9664K(685952K)] 919016K->247113K(2084096K), 0.0135290 secs] [Times: user=0.03 sys=0.01, real=0.02 secs] 
2518.372: [GC [PSYoungGen: 682809K->8192K(686528K)] 920258K->247209K(2084672K), 0.0146073 secs] [Times: user=0.03 sys=0.00, real=0.02 secs] 
2519.977: [GC [PSYoungGen: 682153K->10081K(686464K)] 921171K->249330K(2084608K), 0.0172329 secs] [Times: user=0.03 sys=0.00, real=0.02 secs] 
2523.179: [GC [PSYoungGen: 684050K->9264K(686848K)] 923300K->250435K(2084992K), 0.0166774 secs] [Times: user=0.02 sys=0.00, real=0.02 secs] 
2525.360: [GC [PSYoungGen: 683685K->9312K(686592K)] 924856K->251524K(2084736K), 0.0148426 secs] [Times: user=0.03 sys=0.00, real=0.02 secs] 
2527.852: [GC [PSYoungGen: 683724K->9488K(687296K)] 925936K->252780K(2085440K), 0.0140147 secs] [Times: user=0.02 sys=0.00, real=0.02 secs] 
2530.288: [GC [PSYoungGen: 684880K->8816K(687104K)] 928172K->253485K(2085248K), 0.0134012 secs] [Times: user=0.03 sys=0.00, real=0.01 secs] 
2531.740: [GC [PSYoungGen: 684197K->9552K(687616K)] 928866K->254629K(2085760K), 0.0124466 secs] [Times: user=0.02 sys=0.00, real=0.01 secs] 
2533.551: [GC [PSYoungGen: 685578K->10129K(687424K)] 930655K->255822K(2085568K), 0.0175668 secs] [Times: user=0.03 sys=0.00, real=0.02 secs] 
2536.307: [GC [PSYoungGen: 686161K->8960K(687616K)] 931854K->256430K(2085760K), 0.0140996 secs] [Times: user=0.02 sys=0.00, real=0.01 secs] 
2539.328: [GC [PSYoungGen: 685041K->8608K(687488K)] 932511K->256943K(2085632K), 0.0125968 secs] [Times: user=0.02 sys=0.00, real=0.01 secs] 
2541.250: [GC [PSYoungGen: 684703K->9952K(687680K)] 933038K->258760K(2085824K), 0.0136124 secs] [Times: user=0.02 sys=0.00, real=0.02 secs] 
2542.827: [GC [PSYoungGen: 686300K->9392K(687680K)] 935107K->259432K(2085824K), 0.0128312 secs] [Times: user=0.03 sys=0.00, real=0.01 secs] 
2544.636: [GC [PSYoungGen: 685717K->9616K(687936K)] 935757K->260513K(2086080K), 0.0127476 secs] [Times: user=0.03 sys=0.00, real=0.01 secs] 
2546.302: [GC [PSYoungGen: 686391K->9873K(687872K)] 937287K->261193K(2086016K), 0.0128804 secs] [Times: user=0.02 sys=0.00, real=0.02 secs] 
2547.894: [GC [PSYoungGen: 686653K->9745K(688000K)] 937974K->261778K(2086144K), 0.0138705 secs] [Times: user=0.02 sys=0.00, real=0.01 secs] 
2549.475: [GC [PSYoungGen: 686673K->9408K(687936K)] 938706K->262010K(2086080K), 0.0129223 secs] [Times: user=0.02 sys=0.00, real=0.01 secs] 
2551.106: [GC [PSYoungGen: 686316K->8496K(688000K)] 938918K->261634K(2086144K), 0.0132795 secs] [Times: user=0.02 sys=0.00, real=0.01 secs] 
2552.614: [GC [PSYoungGen: 685616K->8672K(688064K)] 938754K->261890K(2086208K), 0.0118116 secs] [Times: user=0.02 sys=0.00, real=0.01 secs] 
2553.096: [GC [PSYoungGen: 685792K->10867K(684544K)] 939010K->267837K(2082688K), 0.0142280 secs] [Times: user=0.03 sys=0.00, real=0.01 secs] 
2553.493: [GC [PSYoungGen: 684531K->8051K(681728K)] 941501K->265101K(2079872K), 0.0024429 secs] [Times: user=0.01 sys=0.00, real=0.01 secs] 
2553.899: [GC [PSYoungGen: 681715K->8099K(686336K)] 938765K->265149K(2084480K), 0.0027123 secs] [Times: user=0.01 sys=0.00, real=0.00 secs] 
2554.246: [GC [PSYoungGen: 681694K->8019K(686272K)] 938744K->265125K(2084416K), 0.0026903 secs] [Times: user=0.01 sys=0.00, real=0.00 secs] 
2554.612: [GC [PSYoungGen: 681594K->8051K(686464K)] 938699K->265157K(2084608K), 0.0026756 secs] [Times: user=0.01 sys=0.00, real=0.01 secs] 
2554.953: [GC [PSYoungGen: 681900K->7971K(686400K)] 939005K->265133K(2084544K), 0.0025717 secs] [Times: user=0.02 sys=0.00, real=0.01 secs] 
2555.399: [GC [PSYoungGen: 681827K->8003K(686720K)] 938989K->265221K(2084864K), 0.0026014 secs] [Times: user=0.02 sys=0.00, real=0.00 secs] 
2555.749: [GC [PSYoungGen: 682307K->8051K(686592K)] 939525K->265325K(2084736K), 0.0029496 secs] [Times: user=0.02 sys=0.00, real=0.00 secs] 
2556.111: [GC [PSYoungGen: 682355K->8067K(687104K)] 939629K->265341K(2085248K), 0.0025592 secs] [Times: user=0.02 sys=0.00, real=0.00 secs] 
2556.477: [GC [PSYoungGen: 683062K->8003K(686912K)] 940336K->265333K(2085056K), 0.0024957 secs] [Times: user=0.01 sys=0.00, real=0.00 secs] 
2556.771: [GC [PSYoungGen: 683001K->8003K(687424K)] 940331K->265389K(2085568K), 0.0025400 secs] [Times: user=0.02 sys=0.00, real=0.00 secs] 
2557.182: [GC [PSYoungGen: 683651K->8051K(687232K)] 941037K->265437K(2085376K), 0.0026205 secs] [Times: user=0.02 sys=0.00, real=0.01 secs] 
2557.490: [GC [PSYoungGen: 683699K->8035K(687808K)] 941085K->265421K(2085952K), 0.0025292 secs] [Times: user=0.02 sys=0.00, real=0.00 secs] 
2557.872: [GC [PSYoungGen: 684451K->8019K(687616K)] 941837K->265405K(2085760K), 0.0026218 secs] [Times: user=0.01 sys=0.00, real=0.01 secs] 
2558.279: [GC [PSYoungGen: 684435K->8067K(688128K)] 941821K->265453K(2086272K), 0.0024810 secs] [Times: user=0.02 sys=0.00, real=0.00 secs] 
2558.663: [GC [PSYoungGen: 685123K->8115K(687936K)] 942509K->265557K(2086080K), 0.0025746 secs] [Times: user=0.02 sys=0.00, real=0.01 secs] 
2559.026: [GC [PSYoungGen: 685171K->8051K(688512K)] 942613K->265493K(2086656K), 0.0030205 secs] [Times: user=0.01 sys=0.00, real=0.00 secs] 
2559.411: [GC [PSYoungGen: 685862K->8067K(688320K)] 943304K->265509K(2086464K), 0.0024918 secs] [Times: user=0.02 sys=0.00, real=0.00 secs] 
2559.836: [GC [PSYoungGen: 685885K->7987K(688768K)] 943327K->265485K(2086912K), 0.0027276 secs] [Times: user=0.01 sys=0.01, real=0.00 secs] 
2560.236: [GC [PSYoungGen: 686382K->8019K(688640K)] 943880K->265573K(2086784K), 0.0025505 secs] [Times: user=0.01 sys=0.00, real=0.00 secs] 
2560.623: [GC [PSYoungGen: 686413K->8051K(689088K)] 943967K->265605K(2087232K), 0.0028587 secs] [Times: user=0.01 sys=0.00, real=0.01 secs] 
2561.001: [GC [PSYoungGen: 687012K->7987K(688896K)] 944566K->265597K(2087040K), 0.0024901 secs] [Times: user=0.02 sys=0.00, real=0.00 secs] 
2561.377: [GC [PSYoungGen: 686939K->8083K(689280K)] 944549K->265693K(2087424K), 0.0026050 secs] [Times: user=0.02 sys=0.00, real=0.00 secs] 
2561.795: [GC [PSYoungGen: 687507K->8099K(689152K)] 945117K->265709K(2087296K), 0.0024543 secs] [Times: user=0.02 sys=0.00, real=0.00 secs] 
2562.188: [GC [PSYoungGen: 687517K->7971K(689536K)] 945127K->265637K(2087680K), 0.0025977 secs] [Times: user=0.02 sys=0.00, real=0.00 secs] 
2562.578: [GC [PSYoungGen: 687899K->8003K(689408K)] 945565K->265669K(2087552K), 0.0027489 secs] [Times: user=0.02 sys=0.01, real=0.00 secs] 
2562.973: [GC [PSYoungGen: 687937K->7987K(689728K)] 945603K->265710K(2087872K), 0.0024132 secs] [Times: user=0.02 sys=0.00, real=0.01 secs] 
2563.372: [GC [PSYoungGen: 688307K->7907K(689600K)] 946029K->265798K(2087744K), 0.0025826 secs] [Times: user=0.01 sys=0.00, real=0.01 secs] 
2563.771: [GC [PSYoungGen: 688222K->8051K(689856K)] 946112K->265942K(2088000K), 0.0025731 secs] [Times: user=0.01 sys=0.00, real=0.00 secs] 
2564.164: [GC [PSYoungGen: 688686K->7987K(689792K)] 946576K->265934K(2087936K), 0.0024592 secs] [Times: user=0.01 sys=0.00, real=0.01 secs] 
2564.549: [GC [PSYoungGen: 688620K->8083K(690048K)] 946567K->266030K(2088192K), 0.0027126 secs] [Times: user=0.01 sys=0.00, real=0.00 secs] 
2564.940: [GC [PSYoungGen: 689107K->8035K(689984K)] 947054K->265982K(2088128K), 0.0024555 secs] [Times: user=0.01 sys=0.00, real=0.00 secs] 
2565.326: [GC [PSYoungGen: 689059K->8035K(690176K)] 947006K->266038K(2088320K), 0.0024946 secs] [Times: user=0.01 sys=0.00, real=0.00 secs] 
2565.711: [GC [PSYoungGen: 689314K->8099K(690112K)] 947316K->266102K(2088256K), 0.0029549 secs] [Times: user=0.02 sys=0.01, real=0.00 secs] 
2566.100: [GC [PSYoungGen: 689379K->7875K(690304K)] 947381K->266038K(2088448K), 0.0024518 secs] [Times: user=0.02 sys=0.00, real=0.00 secs] 
2566.469: [GC [PSYoungGen: 689408K->7987K(690240K)] 947570K->266206K(2088384K), 0.0025481 secs] [Times: user=0.01 sys=0.00, real=0.00 secs] 
2566.847: [GC [PSYoungGen: 689512K->8067K(690368K)] 947730K->266286K(2088512K), 0.0025988 secs] [Times: user=0.02 sys=0.00, real=0.00 secs] 
2567.216: [GC [PSYoungGen: 689729K->8051K(690304K)] 947948K->266270K(2088448K), 0.0026837 secs] [Times: user=0.01 sys=0.00, real=0.00 secs] 
2567.602: [GC [PSYoungGen: 689715K->8051K(690496K)] 947934K->266270K(2088640K), 0.0033688 secs] [Times: user=0.01 sys=0.00, real=0.01 secs] 
2568.087: [GC [PSYoungGen: 689964K->8067K(690432K)] 948182K->266286K(2088576K), 0.0025962 secs] [Times: user=0.02 sys=0.00, real=0.00 secs] 
2568.393: [GC [PSYoungGen: 689982K->8051K(690560K)] 948200K->266326K(2088704K), 0.0026858 secs] [Times: user=0.02 sys=0.00, real=0.01 secs] 
2568.789: [GC [PSYoungGen: 690091K->7987K(690496K)] 948365K->266374K(2088640K), 0.0024111 secs] [Times: user=0.01 sys=0.01, real=0.00 secs] 
2569.206: [GC [PSYoungGen: 690035K->8147K(690560K)] 948422K->266534K(2088704K), 0.0025066 secs] [Times: user=0.02 sys=0.00, real=0.00 secs] 
2569.599: [GC [PSYoungGen: 690252K->8099K(690560K)] 948639K->266486K(2088704K), 0.0028291 secs] [Times: user=0.01 sys=0.00, real=0.00 secs] 
2570.165: [GC [PSYoungGen: 690196K->8083K(690624K)] 948583K->266470K(2088768K), 0.0025014 secs] [Times: user=0.01 sys=0.01, real=0.00 secs] 
2570.468: [GC [PSYoungGen: 690323K->8067K(690624K)] 948710K->266454K(2088768K), 0.0024999 secs] [Times: user=0.02 sys=0.00, real=0.00 secs] 
2570.916: [GC [PSYoungGen: 690295K->8019K(690688K)] 948681K->266462K(2088832K), 0.0025235 secs] [Times: user=0.01 sys=0.00, real=0.00 secs] 
2571.291: [GC [PSYoungGen: 690317K->7971K(690624K)] 948760K->266582K(2088768K), 0.0024650 secs] [Times: user=0.02 sys=0.01, real=0.00 secs] 
2571.604: [GC [PSYoungGen: 690272K->8003K(690688K)] 948883K->266670K(2088832K), 0.0025625 secs] [Times: user=0.01 sys=0.00, real=0.01 secs] 
2572.069: [GC [PSYoungGen: 690371K->7955K(690688K)] 949038K->266734K(2088832K), 0.0026145 secs] [Times: user=0.01 sys=0.00, real=0.00 secs] 
2572.456: [GC [PSYoungGen: 690304K->8067K(690688K)] 949083K->266846K(2088832K), 0.0024136 secs] [Times: user=0.02 sys=0.00, real=0.00 secs] 
2572.762: [GC [PSYoungGen: 690428K->7923K(690688K)] 949206K->266814K(2088832K), 0.0026635 secs] [Times: user=0.02 sys=0.00, real=0.00 secs] 
2573.250: [GC [PSYoungGen: 690291K->8083K(690688K)] 949182K->266974K(2088832K), 0.0024371 secs] [Times: user=0.01 sys=0.00, real=0.00 secs] 
2573.725: [GC [PSYoungGen: 690451K->7987K(690688K)] 949342K->266934K(2088832K), 0.0026605 secs] [Times: user=0.02 sys=0.00, real=0.00 secs] 
2574.110: [GC [PSYoungGen: 690355K->7971K(690752K)] 949302K->266974K(2088896K), 0.0026305 secs] [Times: user=0.02 sys=0.00, real=0.00 secs] 
2574.489: [GC [PSYoungGen: 690467K->8051K(690752K)] 949470K->267054K(2088896K), 0.0025998 secs] [Times: user=0.01 sys=0.00, real=0.00 secs] 
2574.934: [GC [PSYoungGen: 690545K->8035K(690752K)] 949548K->267038K(2088896K), 0.0024465 secs] [Times: user=0.02 sys=0.00, real=0.01 secs] 
2575.242: [GC [PSYoungGen: 690520K->8035K(690752K)] 949523K->267038K(2088896K), 0.0024792 secs] [Times: user=0.02 sys=0.01, real=0.00 secs] 
2577.126: [GC [PSYoungGen: 690523K->8019K(690816K)] 949526K->267134K(2088960K), 0.0025572 secs] [Times: user=0.01 sys=0.00, real=0.00 secs] 
2577.562: [GC [PSYoungGen: 690627K->8067K(690816K)] 949742K->267182K(2088960K), 0.0025400 secs] [Times: user=0.02 sys=0.00, real=0.00 secs] 
2578.136: [GC [PSYoungGen: 690691K->7971K(690816K)] 949806K->267142K(2088960K), 0.0024760 secs] [Times: user=0.02 sys=0.00, real=0.00 secs] 
2578.557: [GC [PSYoungGen: 690595K->8083K(690816K)] 949766K->267254K(2088960K), 0.0025459 secs] [Times: user=0.02 sys=0.00, real=0.00 secs] 
2579.082: [GC [PSYoungGen: 690707K->8051K(690816K)] 949878K->267222K(2088960K), 0.0025838 secs] [Times: user=0.01 sys=0.01, real=0.00 secs] 
2579.533: [GC [PSYoungGen: 690671K->8131K(690816K)] 949842K->267302K(2088960K), 0.0026186 secs] [Times: user=0.02 sys=0.00, real=0.01 secs] 
2580.093: [GC [PSYoungGen: 690741K->7955K(690688K)] 949912K->267230K(2088832K), 0.0024435 secs] [Times: user=0.02 sys=0.00, real=0.01 secs] 
2580.506: [GC [PSYoungGen: 690440K->8051K(690752K)] 949715K->267326K(2088896K), 0.0027166 secs] [Times: user=0.02 sys=0.00, real=0.00 secs] 
2581.091: [GC [PSYoungGen: 690541K->8035K(690816K)] 949816K->267366K(2088960K), 0.0024800 secs] [Times: user=0.01 sys=0.00, real=0.00 secs] 
2581.543: [GC [PSYoungGen: 690653K->8019K(690816K)] 949984K->267406K(2088960K), 0.0025089 secs] [Times: user=0.02 sys=0.00, real=0.01 secs] 
2582.126: [GC [PSYoungGen: 690637K->7907K(690816K)] 950024K->267406K(2088960K), 0.0024712 secs] [Times: user=0.01 sys=0.00, real=0.00 secs] 
2582.576: [GC [PSYoungGen: 690531K->8067K(690816K)] 950030K->267567K(2088960K), 0.0026139 secs] [Times: user=0.01 sys=0.00, real=0.00 secs] 
2582.960: [GC [PSYoungGen: 690686K->7955K(690816K)] 950186K->267510K(2088960K), 0.0025956 secs] [Times: user=0.02 sys=0.00, real=0.00 secs] 
2583.335: [GC [PSYoungGen: 690578K->8019K(690816K)] 950133K->267575K(2088960K), 0.0025841 secs] [Times: user=0.02 sys=0.00, real=0.00 secs] 
2583.714: [GC [PSYoungGen: 690636K->8083K(690816K)] 950191K->267639K(2088960K), 0.0026581 secs] [Times: user=0.01 sys=0.00, real=0.01 secs] 
2584.083: [GC [PSYoungGen: 690691K->7987K(690816K)] 950246K->267655K(2088960K), 0.0024708 secs] [Times: user=0.02 sys=0.00, real=0.01 secs] 
2584.457: [GC [PSYoungGen: 690598K->8083K(690816K)] 950265K->267751K(2088960K), 0.0025812 secs] [Times: user=0.02 sys=0.00, real=0.00 secs] 
2584.835: [GC [PSYoungGen: 690704K->8019K(690816K)] 950371K->267743K(2088960K), 0.0025450 secs] [Times: user=0.01 sys=0.00, real=0.00 secs] 
2585.207: [GC [PSYoungGen: 690639K->8035K(690816K)] 950362K->267815K(2088960K), 0.0024598 secs] [Times: user=0.02 sys=0.00, real=0.00 secs] 
2585.602: [GC [PSYoungGen: 690657K->8019K(690816K)] 950436K->267855K(2088960K), 0.0029156 secs] [Times: user=0.01 sys=0.00, real=0.00 secs] 
2586.023: [GC [PSYoungGen: 690630K->7843K(690816K)] 950465K->267735K(2088960K), 0.0023789 secs] [Times: user=0.02 sys=0.00, real=0.01 secs] 
2586.326: [GC [PSYoungGen: 690462K->7123K(689792K)] 950353K->267086K(2087936K), 0.0023549 secs] [Times: user=0.02 sys=0.00, real=0.00 secs] 
2586.777: [GC [PSYoungGen: 689741K->4546K(689664K)] 949704K->264565K(2087808K), 0.0020504 secs] [Times: user=0.01 sys=0.00, real=0.00 secs] 
2587.156: [GC [PSYoungGen: 685890K->8804K(690176K)] 945909K->283783K(2088320K), 0.0225800 secs] [Times: user=0.04 sys=0.01, real=0.02 secs] 
2587.603: [GC [PSYoungGen: 690126K->8832K(655744K)] 965106K->316248K(2053888K), 0.0351916 secs] [Times: user=0.06 sys=0.00, real=0.04 secs] 
2588.048: [GC [PSYoungGen: 655744K->26048K(672960K)] 963160K->339672K(2071104K), 0.0360948 secs] [Times: user=0.05 sys=0.00, real=0.03 secs] 
2588.501: [GC [PSYoungGen: 672958K->26048K(651328K)] 986582K->345944K(2049472K), 0.0362599 secs] [Times: user=0.05 sys=0.00, real=0.04 secs] 
2588.928: [GC [PSYoungGen: 651328K->30752K(656064K)] 971224K->351080K(2054208K), 0.0305649 secs] [Times: user=0.05 sys=0.00, real=0.03 secs] 
2589.351: [GC [PSYoungGen: 656032K->30816K(653568K)] 976360K->351576K(2051712K), 0.0303880 secs] [Times: user=0.04 sys=0.01, real=0.03 secs] 
2589.767: [GC [PSYoungGen: 644168K->30272K(643648K)] 964928K->351464K(2041792K), 0.0358817 secs] [Times: user=0.05 sys=0.01, real=0.03 secs] 
2590.191: [GC [PSYoungGen: 643644K->30272K(651712K)] 964836K->351896K(2049856K), 0.0292788 secs] [Times: user=0.05 sys=0.00, real=0.03 secs] 
2590.597: [GC [PSYoungGen: 637376K->29952K(637056K)] 959000K->352008K(2035200K), 0.0287238 secs] [Times: user=0.04 sys=0.00, real=0.03 secs] 
2591.009: [GC [PSYoungGen: 637056K->29952K(651264K)] 959112K->352448K(2049408K), 0.0298083 secs] [Times: user=0.05 sys=0.00, real=0.03 secs] 
2591.422: [GC [PSYoungGen: 634496K->29856K(634432K)] 956992K->352784K(2032576K), 0.0303881 secs] [Times: user=0.04 sys=0.00, real=0.03 secs] 
2591.840: [GC [PSYoungGen: 634386K->29872K(651648K)] 957314K->353232K(2049792K), 0.0288000 secs] [Times: user=0.05 sys=0.00, real=0.03 secs] 
2592.249: [GC [PSYoungGen: 634075K->29824K(651584K)] 957435K->353616K(2049728K), 0.0292636 secs] [Times: user=0.04 sys=0.00, real=0.03 secs] 
2592.660: [GC [PSYoungGen: 634048K->29792K(652224K)] 957840K->354024K(2050368K), 0.0292668 secs] [Times: user=0.04 sys=0.00, real=0.03 secs] 
2593.069: [GC [PSYoungGen: 634846K->29824K(651840K)] 959078K->354488K(2049984K), 0.0286414 secs] [Times: user=0.05 sys=0.00, real=0.03 secs] 
2593.480: [GC [PSYoungGen: 634855K->29856K(653184K)] 959519K->354944K(2051328K), 0.0296319 secs] [Times: user=0.05 sys=0.00, real=0.03 secs] 
2593.892: [GC [PSYoungGen: 636701K->29920K(652672K)] 961789K->355432K(2050816K), 0.0538231 secs] [Times: user=0.07 sys=0.00, real=0.06 secs] 
2594.396: [GC [PSYoungGen: 636763K->29920K(654336K)] 962275K->355864K(2052480K), 0.0339643 secs] [Times: user=0.05 sys=0.00, real=0.03 secs] 
2594.815: [GC [PSYoungGen: 638994K->30048K(653760K)] 964938K->356432K(2051904K), 0.0302543 secs] [Times: user=0.05 sys=0.00, real=0.04 secs] 
2595.221: [GC [PSYoungGen: 639136K->29984K(655552K)] 965520K->356808K(2053696K), 0.0305467 secs] [Times: user=0.05 sys=0.00, real=0.03 secs] 
2595.644: [GC [PSYoungGen: 641439K->30112K(654912K)] 968263K->357368K(2053056K), 0.0297756 secs] [Times: user=0.04 sys=0.00, real=0.03 secs] 
2596.065: [GC [PSYoungGen: 641568K->30176K(656768K)] 968824K->357864K(2054912K), 0.0299055 secs] [Times: user=0.05 sys=0.00, real=0.03 secs] 
2596.482: [GC [PSYoungGen: 644121K->30304K(656192K)] 971809K->358416K(2054336K), 0.0352611 secs] [Times: user=0.05 sys=0.00, real=0.04 secs] 
2596.908: [GC [PSYoungGen: 644256K->30304K(657856K)] 972368K->358840K(2056000K), 0.0301547 secs] [Times: user=0.05 sys=0.01, real=0.03 secs] 
2597.324: [GC [PSYoungGen: 646496K->30400K(657344K)] 975032K->359376K(2055488K), 0.0309222 secs] [Times: user=0.05 sys=0.00, real=0.04 secs] 
2597.756: [GC [PSYoungGen: 646592K->30400K(658944K)] 975568K->359808K(2057088K), 0.0314425 secs] [Times: user=0.05 sys=0.00, real=0.03 secs] 
2598.181: [GC [PSYoungGen: 648768K->30528K(658432K)] 978176K->360368K(2056576K), 0.0302886 secs] [Times: user=0.04 sys=0.01, real=0.03 secs] 
2598.597: [GC [PSYoungGen: 648895K->30528K(659904K)] 978735K->360792K(2058048K), 0.0307619 secs] [Times: user=0.05 sys=0.01, real=0.03 secs] 
2599.018: [GC [PSYoungGen: 650816K->30592K(659392K)] 981080K->361288K(2057536K), 0.0360426 secs] [Times: user=0.05 sys=0.00, real=0.03 secs] 
2599.447: [GC [PSYoungGen: 650880K->30592K(660800K)] 981576K->361720K(2058944K), 0.0311357 secs] [Times: user=0.04 sys=0.01, real=0.03 secs] 
2599.886: [GC [PSYoungGen: 652723K->30720K(660352K)] 983852K->362280K(2058496K), 0.0306179 secs] [Times: user=0.05 sys=0.00, real=0.03 secs] 
2600.312: [GC [PSYoungGen: 652851K->30688K(661568K)] 984411K->362680K(2059712K), 0.0318629 secs] [Times: user=0.04 sys=0.01, real=0.03 secs] 
2600.730: [GC [PSYoungGen: 654432K->30816K(661184K)] 986424K->363248K(2059328K), 0.0307387 secs] [Times: user=0.04 sys=0.00, real=0.03 secs] 
2601.155: [GC [PSYoungGen: 654560K->30752K(662272K)] 986992K->363608K(2060416K), 0.0304287 secs] [Times: user=0.05 sys=0.00, real=0.04 secs] 
2601.589: [GC [PSYoungGen: 655904K->30848K(661888K)] 988760K->364160K(2060032K), 0.0320364 secs] [Times: user=0.05 sys=0.00, real=0.03 secs] 
2602.027: [GC [PSYoungGen: 656000K->30848K(662912K)] 989312K->364600K(2061056K), 0.0365816 secs] [Times: user=0.05 sys=0.00, real=0.03 secs] 
2602.457: [GC [PSYoungGen: 657343K->30912K(662592K)] 991095K->365096K(2060736K), 0.0324821 secs] [Times: user=0.05 sys=0.01, real=0.03 secs] 
2602.931: [GC [PSYoungGen: 657397K->30880K(663488K)] 991581K->365496K(2061632K), 0.0367055 secs] [Times: user=0.06 sys=0.00, real=0.04 secs] 
2603.367: [GC [PSYoungGen: 658513K->30976K(663168K)] 993129K->366024K(2061312K), 0.0322865 secs] [Times: user=0.05 sys=0.01, real=0.03 secs] 
2603.829: [GC [PSYoungGen: 658624K->30976K(663936K)] 993672K->366448K(2062080K), 0.0333201 secs] [Times: user=0.05 sys=0.00, real=0.03 secs] 
2604.269: [GC [PSYoungGen: 659646K->31040K(663744K)] 995118K->366952K(2061888K), 0.0370190 secs] [Times: user=0.06 sys=0.01, real=0.04 secs] 
2604.726: [GC [PSYoungGen: 659702K->30944K(664384K)] 995614K->367296K(2062528K), 0.0340386 secs] [Times: user=0.05 sys=0.00, real=0.03 secs] 
2605.166: [GC [PSYoungGen: 660504K->31072K(664192K)] 996856K->367848K(2062336K), 0.0317156 secs] [Times: user=0.05 sys=0.00, real=0.03 secs] 
2605.601: [GC [PSYoungGen: 660640K->30944K(664832K)] 997416K->368160K(2062976K), 0.0369910 secs] [Times: user=0.05 sys=0.00, real=0.04 secs] 
2606.056: [GC [PSYoungGen: 661316K->31072K(664576K)] 998532K->368720K(2062720K), 0.0322317 secs] [Times: user=0.05 sys=0.00, real=0.03 secs] 
2606.494: [GC [PSYoungGen: 661472K->31072K(665152K)] 999120K->369152K(2063296K), 0.0372568 secs] [Times: user=0.05 sys=0.00, real=0.04 secs] 
2606.958: [GC [PSYoungGen: 662239K->31104K(665024K)] 1000319K->369616K(2063168K), 0.0324692 secs] [Times: user=0.05 sys=0.01, real=0.03 secs] 
2607.396: [GC [PSYoungGen: 662272K->31104K(665472K)] 1000784K->370064K(2063616K), 0.0330499 secs] [Times: user=0.05 sys=0.00, real=0.03 secs] 
2607.838: [GC [PSYoungGen: 662912K->31200K(665344K)] 1001872K->370592K(2063488K), 0.0510513 secs] [Times: user=0.07 sys=0.00, real=0.05 secs] 
2608.489: [GC [PSYoungGen: 663002K->33377K(663168K)] 1002394K->374177K(2061312K), 0.0327488 secs] [Times: user=0.05 sys=0.00, real=0.03 secs] 
2613.434: [GC [PSYoungGen: 663123K->12160K(641984K)] 1003923K->357034K(2040128K), 0.0130880 secs] [Times: user=0.02 sys=0.01, real=0.02 secs] 
2617.419: [GC [PSYoungGen: 641902K->11696K(657152K)] 986776K->357506K(2055296K), 0.0157535 secs] [Times: user=0.03 sys=0.00, real=0.01 secs] 
2619.737: [GC [PSYoungGen: 631332K->12272K(631936K)] 977143K->358459K(2030080K), 0.0120384 secs] [Times: user=0.03 sys=0.00, real=0.01 secs] 
2621.051: [GC [PSYoungGen: 631893K->12896K(656512K)] 978080K->360059K(2054656K), 0.0125108 secs] [Times: user=0.03 sys=0.00, real=0.01 secs] 
2624.846: [GC [PSYoungGen: 628302K->12624K(628096K)] 975465K->361108K(2026240K), 0.0125118 secs] [Times: user=0.03 sys=0.00, real=0.01 secs] 
2627.623: [GC [PSYoungGen: 628034K->12224K(656832K)] 976518K->361981K(2054976K), 0.0120897 secs] [Times: user=0.02 sys=0.00, real=0.01 secs] 
2629.487: [GC [PSYoungGen: 626880K->12288K(656832K)] 976637K->363093K(2054976K), 0.0146366 secs] [Times: user=0.03 sys=0.00, real=0.01 secs] 
2633.627: [GC [PSYoungGen: 626929K->12256K(657600K)] 977734K->364022K(2055744K), 0.0167149 secs] [Times: user=0.03 sys=0.00, real=0.01 secs] 
2635.935: [GC [PSYoungGen: 627927K->12256K(657088K)] 979693K->365262K(2055232K), 0.0124153 secs] [Times: user=0.03 sys=0.00, real=0.02 secs] 
2639.338: [GC [PSYoungGen: 627935K->13408K(659328K)] 980942K->367327K(2057472K), 0.0120875 secs] [Times: user=0.02 sys=0.00, real=0.01 secs] 
2642.957: [GC [PSYoungGen: 632030K->11504K(658304K)] 985949K->367704K(2056448K), 0.0126372 secs] [Times: user=0.03 sys=0.00, real=0.02 secs] 
2645.501: [GC [PSYoungGen: 630121K->11920K(661120K)] 986321K->368584K(2059264K), 0.0128317 secs] [Times: user=0.03 sys=0.00, real=0.01 secs] 
2649.485: [GC [PSYoungGen: 634119K->11312K(660096K)] 990783K->368880K(2058240K), 0.0134517 secs] [Times: user=0.02 sys=0.00, real=0.02 secs] 
2653.268: [GC [PSYoungGen: 633509K->11536K(663104K)] 991078K->369360K(2061248K), 0.0123676 secs] [Times: user=0.02 sys=0.00, real=0.01 secs] 
2655.598: [GC [PSYoungGen: 637701K->12560K(662080K)] 995525K->370753K(2060224K), 0.0131677 secs] [Times: user=0.03 sys=0.00, real=0.01 secs] 
2660.464: [GC [PSYoungGen: 638732K->11856K(665536K)] 996925K->371193K(2063680K), 0.0160994 secs] [Times: user=0.03 sys=0.00, real=0.02 secs] 
2662.877: [GC [PSYoungGen: 642748K->12928K(664384K)] 1002085K->372826K(2062528K), 0.0124645 secs] [Times: user=0.02 sys=0.00, real=0.02 secs] 
2666.260: [GC [PSYoungGen: 643821K->12336K(668032K)] 1003719K->373786K(2066176K), 0.0126479 secs] [Times: user=0.03 sys=0.01, real=0.01 secs] 
2668.471: [GC [PSYoungGen: 648239K->12512K(666880K)] 1009689K->374827K(2065024K), 0.0129471 secs] [Times: user=0.03 sys=0.00, real=0.01 secs] 
2669.856: [GC [PSYoungGen: 648416K->13072K(670400K)] 1010731K->376364K(2068544K), 0.0130279 secs] [Times: user=0.03 sys=0.00, real=0.02 secs] 
2673.020: [GC [PSYoungGen: 653643K->12368K(669184K)] 1016934K->376940K(2067328K), 0.0162073 secs] [Times: user=0.03 sys=0.00, real=0.01 secs] 
2675.338: [GC [PSYoungGen: 652939K->12368K(672384K)] 1017511K->377836K(2070528K), 0.0144938 secs] [Times: user=0.02 sys=0.00, real=0.01 secs] 
2679.194: [GC [PSYoungGen: 657147K->13312K(671424K)] 1022616K->379437K(2069568K), 0.0132971 secs] [Times: user=0.03 sys=0.00, real=0.01 secs] 
2682.055: [GC [PSYoungGen: 658112K->11904K(674240K)] 1024237K->379741K(2072384K), 0.0162354 secs] [Times: user=0.03 sys=0.00, real=0.02 secs] 
2687.208: [GC [PSYoungGen: 660599K->12096K(673472K)] 1028437K->380318K(2071616K), 0.0161147 secs] [Times: user=0.02 sys=0.00, real=0.01 secs] 
2690.389: [GC [PSYoungGen: 660772K->12208K(675776K)] 1028994K->381086K(2073920K), 0.0131588 secs] [Times: user=0.02 sys=0.00, real=0.01 secs] 
2692.328: [GC [PSYoungGen: 663952K->13200K(675008K)] 1032830K->382735K(2073152K), 0.0129475 secs] [Times: user=0.02 sys=0.00, real=0.01 secs] 
2695.806: [GC [PSYoungGen: 664974K->12320K(677376K)] 1034508K->383239K(2075520K), 0.0128574 secs] [Times: user=0.03 sys=0.01, real=0.02 secs] 
2698.727: [GC [PSYoungGen: 667360K->12208K(676672K)] 1038279K->383879K(2074816K), 0.0150604 secs] [Times: user=0.03 sys=0.00, real=0.02 secs] 
2700.240: [GC [PSYoungGen: 667248K->13552K(678656K)] 1038919K->385552K(2076800K), 0.0125383 secs] [Times: user=0.02 sys=0.00, real=0.01 secs] 
2704.214: [GC [PSYoungGen: 671147K->13584K(677952K)] 1043146K->386745K(2076096K), 0.0140555 secs] [Times: user=0.03 sys=0.00, real=0.02 secs] 
2706.872: [GC [PSYoungGen: 671173K->12784K(679808K)] 1044334K->387417K(2077952K), 0.0138960 secs] [Times: user=0.02 sys=0.01, real=0.01 secs] 
2709.046: [GC [PSYoungGen: 672800K->12496K(679232K)] 1047433K->388041K(2077376K), 0.0128742 secs] [Times: user=0.03 sys=0.00, real=0.02 secs] 
2710.409: [GC [PSYoungGen: 672523K->13616K(680640K)] 1048069K->389650K(2078784K), 0.0146218 secs] [Times: user=0.02 sys=0.00, real=0.01 secs] 
2711.884: [GC [PSYoungGen: 675501K->14417K(680256K)] 1051534K->391611K(2078400K), 0.0139762 secs] [Times: user=0.02 sys=0.00, real=0.01 secs] 
2713.312: [GC [PSYoungGen: 676300K->13616K(681088K)] 1053494K->392636K(2079232K), 0.0130780 secs] [Times: user=0.03 sys=0.00, real=0.01 secs] 
2717.365: [GC [PSYoungGen: 676400K->13488K(680704K)] 1055420K->393684K(2078848K), 0.0163165 secs] [Times: user=0.03 sys=0.01, real=0.02 secs] 
2720.842: [GC [PSYoungGen: 676253K->12496K(681792K)] 1056449K->394197K(2079936K), 0.0136197 secs] [Times: user=0.03 sys=0.00, real=0.01 secs] 
2723.077: [GC [PSYoungGen: 676798K->13696K(681536K)] 1058499K->395973K(2079680K), 0.0129500 secs] [Times: user=0.03 sys=0.00, real=0.02 secs] 
2727.551: [GC [PSYoungGen: 677998K->12720K(682304K)] 1060275K->396382K(2080448K), 0.0136177 secs] [Times: user=0.03 sys=0.00, real=0.01 secs] 
2731.948: [GC [PSYoungGen: 678064K->11968K(682048K)] 1061726K->396486K(2080192K), 0.0132549 secs] [Times: user=0.03 sys=0.00, real=0.02 secs] 
2736.342: [GC [PSYoungGen: 677310K->12048K(682560K)] 1061828K->396694K(2080704K), 0.0127727 secs] [Times: user=0.02 sys=0.00, real=0.01 secs] 
2738.251: [GC [PSYoungGen: 677964K->13072K(682368K)] 1062610K->397934K(2080512K), 0.0129482 secs] [Times: user=0.03 sys=0.00, real=0.01 secs] 
2742.349: [GC [PSYoungGen: 678981K->12240K(683072K)] 1063843K->398223K(2081216K), 0.0166379 secs] [Times: user=0.03 sys=0.00, real=0.02 secs] 
2744.327: [GC [PSYoungGen: 679177K->13280K(682880K)] 1065159K->399591K(2081024K), 0.0142851 secs] [Times: user=0.03 sys=0.00, real=0.02 secs] 
2748.461: [GC [PSYoungGen: 680205K->12816K(683456K)] 1066516K->400191K(2081600K), 0.0147136 secs] [Times: user=0.03 sys=0.01, real=0.01 secs] 
2752.121: [GC [PSYoungGen: 680446K->12592K(683200K)] 1067821K->400848K(2081344K), 0.0151126 secs] [Times: user=0.03 sys=0.00, real=0.01 secs] 
2756.998: [GC [PSYoungGen: 680225K->12304K(683776K)] 1068481K->401104K(2081920K), 0.0132118 secs] [Times: user=0.03 sys=0.00, real=0.02 secs] 
2758.557: [GC [PSYoungGen: 680703K->13104K(683648K)] 1069504K->402152K(2081792K), 0.0124695 secs] [Times: user=0.02 sys=0.00, real=0.01 secs] 
2761.283: [GC [PSYoungGen: 681518K->13120K(684096K)] 1070567K->403065K(2082240K), 0.0129317 secs] [Times: user=0.02 sys=0.00, real=0.01 secs] 
2764.405: [GC [PSYoungGen: 682111K->12992K(683904K)] 1072056K->403697K(2082048K), 0.0133032 secs] [Times: user=0.02 sys=0.00, real=0.01 secs] 
2766.997: [GC [PSYoungGen: 681968K->13376K(684224K)] 1072674K->404938K(2082368K), 0.0140241 secs] [Times: user=0.03 sys=0.00, real=0.02 secs] 
2770.520: [GC [PSYoungGen: 682807K->12832K(684224K)] 1074368K->405402K(2082368K), 0.0149354 secs] [Times: user=0.03 sys=0.00, real=0.02 secs] 
2774.849: [GC [PSYoungGen: 682257K->12096K(684416K)] 1074827K->405594K(2082560K), 0.0130437 secs] [Times: user=0.03 sys=0.00, real=0.02 secs] 
2778.077: [GC [PSYoungGen: 681920K->12160K(684416K)] 1075418K->405834K(2082560K), 0.0141070 secs] [Times: user=0.03 sys=0.00, real=0.02 secs] 
2779.676: [GC [PSYoungGen: 681981K->13616K(684224K)] 1075656K->407531K(2082368K), 0.0132801 secs] [Times: user=0.02 sys=0.00, real=0.01 secs] 
2782.113: [GC [PSYoungGen: 683311K->12576K(684352K)] 1077226K->407987K(2082496K), 0.0133273 secs] [Times: user=0.03 sys=0.01, real=0.01 secs] 
2784.790: [GC [PSYoungGen: 682247K->12592K(684608K)] 1077659K->408444K(2082752K), 0.0132911 secs] [Times: user=0.03 sys=0.00, real=0.02 secs] 
2786.476: [GC [PSYoungGen: 682647K->12864K(684480K)] 1078499K->409196K(2082624K), 0.0148945 secs] [Times: user=0.03 sys=0.00, real=0.02 secs] 
2788.669: [GC [PSYoungGen: 682928K->12560K(684800K)] 1079260K->409452K(2082944K), 0.0134187 secs] [Times: user=0.03 sys=0.00, real=0.02 secs] 
2790.220: [GC [PSYoungGen: 683085K->12720K(684736K)] 1079978K->410004K(2082880K), 0.0133641 secs] [Times: user=0.03 sys=0.00, real=0.02 secs] 
2791.783: [GC [PSYoungGen: 683237K->12672K(685056K)] 1080522K->410493K(2083200K), 0.0132750 secs] [Times: user=0.03 sys=0.00, real=0.01 secs] 
2793.304: [GC [PSYoungGen: 683642K->12624K(684928K)] 1081463K->410981K(2083072K), 0.0123413 secs] [Times: user=0.03 sys=0.00, real=0.01 secs] 
2794.814: [GC [PSYoungGen: 683597K->12352K(685184K)] 1081954K->411037K(2083328K), 0.0122050 secs] [Times: user=0.03 sys=0.01, real=0.01 secs] 
2795.984: [GC [PSYoungGen: 683648K->12512K(685120K)] 1082333K->411269K(2083264K), 0.0125899 secs] [Times: user=0.02 sys=0.00, real=0.01 secs] 
2796.425: [GC [PSYoungGen: 683808K->13733K(680640K)] 1082565K->417987K(2078784K), 0.0121780 secs] [Times: user=0.03 sys=0.01, real=0.01 secs] 
2796.791: [GC [PSYoungGen: 680610K->8340K(675264K)] 1084864K->414595K(2073408K), 0.0029307 secs] [Times: user=0.02 sys=0.01, real=0.00 secs] 
2797.067: [GC [PSYoungGen: 675216K->7540K(681216K)] 1081470K->416212K(2079360K), 0.0029522 secs] [Times: user=0.02 sys=0.01, real=0.00 secs] 
2797.374: [GC [PSYoungGen: 672116K->7668K(672256K)] 1080788K->418341K(2070400K), 0.0028631 secs] [Times: user=0.02 sys=0.00, real=0.00 secs] 
2797.733: [GC [PSYoungGen: 672212K->7459K(681152K)] 1082886K->420022K(2079296K), 0.0033143 secs] [Times: user=0.02 sys=0.00, real=0.00 secs] 
2798.240: [GC [PSYoungGen: 671139K->6883K(670592K)] 1083702K->421903K(2068736K), 0.0028876 secs] [Times: user=0.02 sys=0.00, real=0.01 secs] 
2798.585: [GC [PSYoungGen: 670563K->7764K(681344K)] 1085583K->424625K(2079488K), 0.0029322 secs] [Times: user=0.02 sys=0.00, real=0.00 secs] 
2798.864: [GC [PSYoungGen: 671247K->8084K(681152K)] 1088108K->426650K(2079296K), 0.0029655 secs] [Times: user=0.02 sys=0.00, real=0.00 secs] 
2799.173: [GC [PSYoungGen: 671565K->7155K(681728K)] 1090131K->428083K(2079872K), 0.0030179 secs] [Times: user=0.02 sys=0.00, real=0.00 secs] 
2799.482: [GC [PSYoungGen: 671475K->7972K(681600K)] 1092403K->430380K(2079744K), 0.0029020 secs] [Times: user=0.02 sys=0.01, real=0.00 secs] 
2799.801: [GC [PSYoungGen: 672282K->6867K(682304K)] 1094691K->432029K(2080448K), 0.0029463 secs] [Times: user=0.02 sys=0.00, real=0.00 secs] 
2800.280: [GC [PSYoungGen: 672262K->7203K(682112K)] 1097424K->434375K(2080256K), 0.0029654 secs] [Times: user=0.02 sys=0.00, real=0.01 secs] 
2800.595: [GC [PSYoungGen: 672602K->7171K(682944K)] 1099774K->436544K(2081088K), 0.0028867 secs] [Times: user=0.02 sys=0.00, real=0.00 secs] 
2800.877: [GC [PSYoungGen: 673729K->7556K(682624K)] 1103101K->438785K(2080768K), 0.0029808 secs] [Times: user=0.02 sys=0.00, real=0.00 secs] 
2801.384: [GC [PSYoungGen: 674100K->7524K(683776K)] 1105330K->440843K(2081920K), 0.0030091 secs] [Times: user=0.03 sys=0.00, real=0.00 secs] 
2801.697: [GC [PSYoungGen: 675684K->7027K(683392K)] 1109003K->442732K(2081536K), 0.0030390 secs] [Times: user=0.02 sys=0.00, real=0.00 secs] 
2802.018: [GC [PSYoungGen: 675172K->7540K(684544K)] 1110877K->445053K(2082688K), 0.0030287 secs] [Times: user=0.02 sys=0.00, real=0.01 secs] 
2802.375: [GC [PSYoungGen: 677235K->6835K(684160K)] 1114749K->447151K(2082304K), 0.0030619 secs] [Times: user=0.02 sys=0.00, real=0.00 secs] 
2802.686: [GC [PSYoungGen: 676529K->7876K(685376K)] 1116844K->449984K(2083520K), 0.0031663 secs] [Times: user=0.02 sys=0.00, real=0.00 secs] 
2803.000: [GC [PSYoungGen: 679101K->7716K(684864K)] 1121209K->451817K(2083008K), 0.0030354 secs] [Times: user=0.02 sys=0.00, real=0.01 secs] 
2803.324: [GC [PSYoungGen: 678947K->7764K(686208K)] 1123049K->453658K(2084352K), 0.0029574 secs] [Times: user=0.03 sys=0.00, real=0.00 secs] 
2803.645: [GC [PSYoungGen: 680764K->7700K(685824K)] 1126659K->455596K(2083968K), 0.0029547 secs] [Times: user=0.02 sys=0.00, real=0.00 secs] 
2803.981: [GC [PSYoungGen: 680720K->7171K(686848K)] 1128616K->457317K(2084992K), 0.0030830 secs] [Times: user=0.02 sys=0.00, real=0.01 secs] 
2804.305: [GC [PSYoungGen: 681603K->7924K(686592K)] 1131749K->460078K(2084736K), 0.0030667 secs] [Times: user=0.02 sys=0.00, real=0.00 secs] 
2804.592: [GC [PSYoungGen: 682355K->8004K(687616K)] 1134509K->462024K(2085760K), 0.0029495 secs] [Times: user=0.02 sys=0.00, real=0.00 secs] 
2805.108: [GC [PSYoungGen: 683830K->7267K(687232K)] 1137850K->463633K(2085376K), 0.0030534 secs] [Times: user=0.02 sys=0.00, real=0.01 secs] 
2805.436: [GC [PSYoungGen: 683107K->7203K(688000K)] 1139472K->465866K(2086144K), 0.0030112 secs] [Times: user=0.02 sys=0.00, real=0.00 secs] 
2805.759: [GC [PSYoungGen: 684000K->7507K(687808K)] 1142663K->468315K(2085952K), 0.0030430 secs] [Times: user=0.02 sys=0.00, real=0.01 secs] 
2806.049: [GC [PSYoungGen: 684296K->7459K(688448K)] 1145104K->470621K(2086592K), 0.0030641 secs] [Times: user=0.02 sys=0.00, real=0.01 secs] 
2806.376: [GC [PSYoungGen: 685143K->7556K(688256K)] 1148304K->472806K(2086400K), 0.0030173 secs] [Times: user=0.02 sys=0.00, real=0.00 secs] 
2806.724: [GC [PSYoungGen: 685245K->7684K(688896K)] 1150496K->475088K(2087040K), 0.0032017 secs] [Times: user=0.02 sys=0.00, real=0.00 secs] 
2807.045: [GC [PSYoungGen: 686271K->7508K(688704K)] 1153675K->476913K(2086848K), 0.0029600 secs] [Times: user=0.02 sys=0.00, real=0.00 secs] 
2807.513: [GC [PSYoungGen: 686100K->7475K(689280K)] 1155505K->479090K(2087424K), 0.0029601 secs] [Times: user=0.02 sys=0.00, real=0.00 secs] 
2807.933: [GC [PSYoungGen: 686835K->7363K(689088K)] 1158450K->481171K(2087232K), 0.0033208 secs] [Times: user=0.02 sys=0.00, real=0.00 secs] 
2808.255: [GC [PSYoungGen: 686720K->7876K(689536K)] 1160528K->483541K(2087680K), 0.0030863 secs] [Times: user=0.02 sys=0.00, real=0.00 secs] 
2808.550: [GC [PSYoungGen: 687803K->7764K(689408K)] 1163468K->485678K(2087552K), 0.0031710 secs] [Times: user=0.02 sys=0.00, real=0.01 secs] 
2808.877: [GC [PSYoungGen: 687700K->7524K(689792K)] 1165614K->487439K(2087936K), 0.0030560 secs] [Times: user=0.02 sys=0.00, real=0.00 secs] 
2809.228: [GC [PSYoungGen: 687961K->7620K(689664K)] 1167877K->489688K(2087808K), 0.0032843 secs] [Times: user=0.02 sys=0.00, real=0.00 secs] 
2809.562: [GC [PSYoungGen: 688061K->7059K(689984K)] 1170130K->491530K(2088128K), 0.0030300 secs] [Times: user=0.02 sys=0.00, real=0.00 secs] 
2809.863: [GC [PSYoungGen: 687951K->7171K(689920K)] 1172422K->493795K(2088064K), 0.0030332 secs] [Times: user=0.02 sys=0.00, real=0.00 secs] 
2810.192: [GC [PSYoungGen: 688060K->6963K(690048K)] 1174683K->495932K(2088192K), 0.0030835 secs] [Times: user=0.02 sys=0.00, real=0.01 secs] 
2810.523: [GC [PSYoungGen: 688051K->6931K(690048K)] 1177020K->498302K(2088192K), 0.0032798 secs] [Times: user=0.02 sys=0.00, real=0.00 secs] 
2810.856: [GC [PSYoungGen: 688018K->7732K(690176K)] 1179389K->501143K(2088320K), 0.0032937 secs] [Times: user=0.02 sys=0.01, real=0.00 secs] 
2811.186: [GC [PSYoungGen: 689010K->8196K(689536K)] 1182422K->503209K(2087680K), 0.0032244 secs] [Times: user=0.02 sys=0.00, real=0.00 secs] 
2811.511: [GC [PSYoungGen: 689467K->7283K(690112K)] 1184480K->504594K(2088256K), 0.0031197 secs] [Times: user=0.02 sys=0.00, real=0.01 secs] 
2811.847: [GC [PSYoungGen: 688433K->7219K(690048K)] 1185743K->506627K(2088192K), 0.0030424 secs] [Times: user=0.03 sys=0.00, real=0.00 secs] 
2812.143: [GC [PSYoungGen: 688348K->7331K(690304K)] 1187755K->509004K(2088448K), 0.0031553 secs] [Times: user=0.02 sys=0.00, real=0.00 secs] 
2812.536: [GC [PSYoungGen: 688794K->7588K(690176K)] 1190467K->511013K(2088320K), 0.0031094 secs] [Times: user=0.02 sys=0.00, real=0.00 secs] 
2812.944: [GC [PSYoungGen: 689056K->7524K(690496K)] 1192482K->512743K(2088640K), 0.0030902 secs] [Times: user=0.02 sys=0.00, real=0.00 secs] 
2813.295: [GC [PSYoungGen: 689376K->7347K(690368K)] 1194595K->514872K(2088512K), 0.0030713 secs] [Times: user=0.02 sys=0.00, real=0.00 secs] 
2813.590: [GC [PSYoungGen: 689190K->7315K(690624K)] 1196715K->517137K(2088768K), 0.0030204 secs] [Times: user=0.02 sys=0.00, real=0.01 secs] 
2813.944: [GC [PSYoungGen: 689486K->7492K(690560K)] 1199308K->519267K(2088704K), 0.0031472 secs] [Times: user=0.03 sys=0.00, real=0.00 secs] 
2814.286: [GC [PSYoungGen: 689668K->7524K(690752K)] 1201443K->521652K(2088896K), 0.0030425 secs] [Times: user=0.02 sys=0.00, real=0.00 secs] 
2814.649: [GC [PSYoungGen: 689956K->7684K(690688K)] 1204084K->524013K(2088832K), 0.0032319 secs] [Times: user=0.02 sys=0.00, real=0.01 secs] 
2815.004: [GC [PSYoungGen: 690106K->7059K(690752K)] 1206435K->525895K(2088896K), 0.0032070 secs] [Times: user=0.02 sys=0.00, real=0.00 secs] 
2815.356: [GC [PSYoungGen: 689553K->7251K(690752K)] 1208389K->528392K(2088896K), 0.0032266 secs] [Times: user=0.02 sys=0.00, real=0.00 secs] 
2816.336: [GC [PSYoungGen: 689747K->7267K(690816K)] 1210887K->530457K(2088960K), 0.0033007 secs] [Times: user=0.02 sys=0.00, real=0.00 secs] 
2816.842: [GC [PSYoungGen: 689882K->7347K(690816K)] 1213072K->532587K(2088960K), 0.0031850 secs] [Times: user=0.02 sys=0.00, real=0.01 secs] 
2817.261: [GC [PSYoungGen: 689961K->7828K(690752K)] 1215201K->534956K(2088896K), 0.0031362 secs] [Times: user=0.02 sys=0.00, real=0.01 secs] 
2817.802: [GC [PSYoungGen: 690452K->7331K(690816K)] 1217580K->536661K(2088960K), 0.0030663 secs] [Times: user=0.02 sys=0.00, real=0.00 secs] 
2818.154: [GC [PSYoungGen: 689955K->8068K(690496K)] 1219285K->539207K(2088640K), 0.0033907 secs] [Times: user=0.03 sys=0.00, real=0.00 secs] 
2818.453: [GC [PSYoungGen: 690424K->7524K(690688K)] 1221563K->541064K(2088832K), 0.0032377 secs] [Times: user=0.02 sys=0.00, real=0.00 secs] 
2818.807: [GC [PSYoungGen: 689889K->7411K(690816K)] 1223430K->543249K(2088960K), 0.0031269 secs] [Times: user=0.02 sys=0.00, real=0.00 secs] 
2819.215: [GC [PSYoungGen: 689969K->7043K(690752K)] 1225807K->545378K(2088896K), 0.0031556 secs] [Times: user=0.02 sys=0.01, real=0.00 secs] 
2819.509: [GC [PSYoungGen: 689598K->7331K(690880K)] 1227933K->547764K(2089024K), 0.0031386 secs] [Times: user=0.02 sys=0.00, real=0.01 secs] 
2819.872: [GC [PSYoungGen: 690006K->6723K(690816K)] 1230439K->549613K(2088960K), 0.0031225 secs] [Times: user=0.02 sys=0.00, real=0.01 secs] 
2820.227: [GC [PSYoungGen: 689410K->7748K(690688K)] 1232300K->552375K(2088832K), 0.0032307 secs] [Times: user=0.02 sys=0.00, real=0.00 secs] 
2820.573: [GC [PSYoungGen: 690221K->7540K(690752K)] 1234848K->554264K(2088896K), 0.0031630 secs] [Times: user=0.03 sys=0.00, real=0.00 secs] 
2820.934: [GC [PSYoungGen: 690023K->7508K(690816K)] 1236748K->556369K(2088960K), 0.0033770 secs] [Times: user=0.02 sys=0.00, real=0.00 secs] 
2821.286: [GC [PSYoungGen: 690053K->7171K(690752K)] 1238915K->558643K(2088896K), 0.0032400 secs] [Times: user=0.02 sys=0.00, real=0.00 secs] 
2821.633: [GC [PSYoungGen: 689731K->7235K(690880K)] 1241203K->560900K(2089024K), 0.0031411 secs] [Times: user=0.02 sys=0.00, real=0.00 secs] 
2821.995: [GC [PSYoungGen: 689973K->7572K(690880K)] 1243638K->563341K(2089024K), 0.0031203 secs] [Times: user=0.03 sys=0.00, real=0.00 secs] 
2822.339: [GC [PSYoungGen: 690319K->7524K(690944K)] 1246089K->565495K(2089088K), 0.0031085 secs] [Times: user=0.02 sys=0.00, real=0.01 secs] 
2822.687: [GC [PSYoungGen: 690334K->7844K(690688K)] 1248305K->567408K(2088832K), 0.0030913 secs] [Times: user=0.02 sys=0.01, real=0.00 secs] 
2823.199: [GC [PSYoungGen: 690652K->8180K(689152K)] 1250216K->569481K(2087296K), 0.0034034 secs] [Times: user=0.02 sys=0.00, real=0.01 secs] 
2823.555: [GC [PSYoungGen: 689134K->6883K(689984K)] 1250435K->570810K(2088128K), 0.0032360 secs] [Times: user=0.02 sys=0.00, real=0.00 secs] 
2823.855: [GC [PSYoungGen: 687841K->7043K(689984K)] 1251768K->572707K(2088128K), 0.0030382 secs] [Times: user=0.02 sys=0.00, real=0.00 secs] 
2824.211: [GC [PSYoungGen: 688003K->5955K(686976K)] 1253667K->572851K(2085120K), 0.0028929 secs] [Times: user=0.02 sys=0.00, real=0.01 secs] 
2824.565: [GC [PSYoungGen: 686906K->5411K(689600K)] 1253802K->572307K(2087744K), 0.0025940 secs] [Times: user=0.02 sys=0.00, real=0.00 secs] 
2825.034: [GC [PSYoungGen: 685859K->9250K(689728K)] 1252755K->589190K(2087872K), 0.0357412 secs] [Times: user=0.06 sys=0.00, real=0.03 secs] 
2825.547: [GC [PSYoungGen: 689684K->9264K(673728K)] 1269624K->597222K(2071872K), 0.0340885 secs] [Times: user=0.06 sys=0.00, real=0.03 secs] 
2826.057: [GC [PSYoungGen: 673711K->12032K(676544K)] 1261670K->600014K(2074688K), 0.0386501 secs] [Times: user=0.06 sys=0.00, real=0.04 secs] 
2826.562: [GC [PSYoungGen: 676480K->11968K(681600K)] 1264462K->600118K(2079744K), 0.0325867 secs] [Times: user=0.05 sys=0.00, real=0.03 secs] 
2827.057: [GC [PSYoungGen: 676141K->11968K(681600K)] 1264292K->600302K(2079744K), 0.0339703 secs] [Times: user=0.06 sys=0.00, real=0.03 secs] 
2827.562: [GC [PSYoungGen: 676149K->11936K(681664K)] 1264484K->600446K(2079808K), 0.0336496 secs] [Times: user=0.05 sys=0.01, real=0.03 secs] 
2828.061: [GC [PSYoungGen: 676181K->12000K(681600K)] 1264692K->600686K(2079744K), 0.0342470 secs] [Times: user=0.06 sys=0.00, real=0.04 secs] 
2828.566: [GC [PSYoungGen: 676256K->11936K(681920K)] 1264942K->600790K(2080064K), 0.0392830 secs] [Times: user=0.06 sys=0.01, real=0.04 secs] 
2829.072: [GC [PSYoungGen: 676627K->11968K(681792K)] 1265482K->601006K(2079936K), 0.0341429 secs] [Times: user=0.05 sys=0.00, real=0.04 secs] 
2829.564: [GC [PSYoungGen: 676657K->11968K(682240K)] 1265696K->601182K(2080384K), 0.0389983 secs] [Times: user=0.06 sys=0.01, real=0.04 secs] 
2830.081: [GC [PSYoungGen: 677312K->12000K(682112K)] 1266526K->601390K(2080256K), 0.0392637 secs] [Times: user=0.06 sys=0.00, real=0.04 secs] 
2830.582: [GC [PSYoungGen: 677344K->11968K(682688K)] 1266734K->601542K(2080832K), 0.0346122 secs] [Times: user=0.06 sys=0.01, real=0.03 secs] 
2831.089: [GC [PSYoungGen: 678078K->12000K(682432K)] 1267653K->601766K(2080576K), 0.0345092 secs] [Times: user=0.05 sys=0.00, real=0.04 secs] 
2831.585: [GC [PSYoungGen: 678112K->12032K(683072K)] 1267878K->601974K(2081216K), 0.0390847 secs] [Times: user=0.06 sys=0.00, real=0.04 secs] 
2832.099: [GC [PSYoungGen: 678968K->12064K(682880K)] 1268911K->602182K(2081024K), 0.0336784 secs] [Times: user=0.05 sys=0.00, real=0.04 secs] 
2832.599: [GC [PSYoungGen: 679000K->12032K(683456K)] 1269119K->602334K(2081600K), 0.0367046 secs] [Times: user=0.06 sys=0.00, real=0.04 secs] 
2833.110: [GC [PSYoungGen: 679672K->12032K(683200K)] 1269975K->602502K(2081344K), 0.0356259 secs] [Times: user=0.06 sys=0.00, real=0.04 secs] 
2833.616: [GC [PSYoungGen: 679675K->12064K(683776K)] 1270146K->602702K(2081920K), 0.0340163 secs] [Times: user=0.06 sys=0.00, real=0.03 secs] 
2834.123: [GC [PSYoungGen: 680452K->12000K(683648K)] 1271091K->602814K(2081792K), 0.0348354 secs] [Times: user=0.06 sys=0.01, real=0.03 secs] 
2834.624: [GC [PSYoungGen: 680391K->12032K(684160K)] 1271206K->603022K(2082304K), 0.0394320 secs] [Times: user=0.07 sys=0.00, real=0.04 secs] 
2835.128: [GC [PSYoungGen: 681144K->12096K(683968K)] 1272135K->603262K(2082112K), 0.0361134 secs] [Times: user=0.06 sys=0.01, real=0.04 secs] 
2835.632: [GC [PSYoungGen: 681216K->12064K(684480K)] 1272382K->603406K(2082624K), 0.0347211 secs] [Times: user=0.06 sys=0.00, real=0.04 secs] 
2836.148: [GC [PSYoungGen: 681863K->12064K(684352K)] 1273206K->603582K(2082496K), 0.0353210 secs] [Times: user=0.06 sys=0.00, real=0.04 secs] 
2836.654: [GC [PSYoungGen: 681888K->12032K(684800K)] 1273406K->603726K(2082944K), 0.0354687 secs] [Times: user=0.06 sys=0.00, real=0.03 secs] 
2837.170: [GC [PSYoungGen: 682429K->12064K(684608K)] 1274124K->603934K(2082752K), 0.0399113 secs] [Times: user=0.06 sys=0.01, real=0.04 secs] 
2837.676: [GC [PSYoungGen: 682448K->12064K(685056K)] 1274319K->604118K(2083200K), 0.0385663 secs] [Times: user=0.06 sys=0.01, real=0.04 secs] 
2838.190: [GC [PSYoungGen: 683040K->12160K(684928K)] 1275094K->604390K(2083072K), 0.0351060 secs] [Times: user=0.05 sys=0.00, real=0.04 secs] 
2838.712: [GC [PSYoungGen: 683133K->12096K(685248K)] 1275364K->604510K(2083392K), 0.0357545 secs] [Times: user=0.06 sys=0.00, real=0.04 secs] 
2839.222: [GC [PSYoungGen: 683450K->12112K(685120K)] 1275864K->604702K(2083264K), 0.0370424 secs] [Times: user=0.06 sys=0.00, real=0.04 secs] 
2839.741: [GC [PSYoungGen: 683472K->12096K(685440K)] 1276062K->604862K(2083584K), 0.0366793 secs] [Times: user=0.06 sys=0.00, real=0.04 secs] 
2840.249: [GC [PSYoungGen: 683903K->12112K(685376K)] 1276670K->605070K(2083520K), 0.0358939 secs] [Times: user=0.06 sys=0.00, real=0.04 secs] 
2840.764: [GC [PSYoungGen: 683911K->12128K(685632K)] 1276870K->605262K(2083776K), 0.0351613 secs] [Times: user=0.06 sys=0.00, real=0.03 secs] 
2841.308: [GC [PSYoungGen: 684317K->12128K(685568K)] 1277452K->605446K(2083712K), 0.0360520 secs] [Times: user=0.06 sys=0.00, real=0.04 secs] 
2841.833: [GC [PSYoungGen: 684306K->12064K(685824K)] 1277625K->605558K(2083968K), 0.0357407 secs] [Times: user=0.05 sys=0.00, real=0.03 secs] 
2842.488: [GC [PSYoungGen: 684576K->12064K(685696K)] 1278070K->605742K(2083840K), 0.0358790 secs] [Times: user=0.06 sys=0.00, real=0.04 secs] 
2842.998: [GC [PSYoungGen: 684575K->12096K(685952K)] 1278254K->605942K(2084096K), 0.0367469 secs] [Times: user=0.05 sys=0.00, real=0.04 secs] 
2843.519: [GC [PSYoungGen: 684914K->12064K(685888K)] 1278761K->606078K(2084032K), 0.0358621 secs] [Times: user=0.06 sys=0.00, real=0.04 secs] 
2844.051: [GC [PSYoungGen: 684896K->12160K(686080K)] 1278910K->606358K(2084224K), 0.0368897 secs] [Times: user=0.06 sys=0.00, real=0.04 secs] 
2844.582: [GC [PSYoungGen: 685312K->12160K(686080K)] 1279510K->606534K(2084224K), 0.0358345 secs] [Times: user=0.06 sys=0.01, real=0.04 secs] 
2845.107: [GC [PSYoungGen: 685312K->12096K(686208K)] 1279686K->606646K(2084352K), 0.0353755 secs] [Times: user=0.06 sys=0.00, real=0.04 secs] 
2845.775: [GC [PSYoungGen: 685421K->12770K(686144K)] 1279972K->611217K(2084288K), 0.0315383 secs] [Times: user=0.06 sys=0.00, real=0.03 secs] 
2851.477: [GC [PSYoungGen: 686103K->5488K(681024K)] 1284550K->609018K(2079168K), 0.0141604 secs] [Times: user=0.04 sys=0.00, real=0.01 secs] 
2855.699: [GC [PSYoungGen: 673634K->4288K(672512K)] 1277164K->609154K(2070656K), 0.0165877 secs] [Times: user=0.03 sys=0.00, real=0.02 secs] 
2859.394: [GC [PSYoungGen: 672437K->4672K(681600K)] 1277304K->609658K(2079744K), 0.0159340 secs] [Times: user=0.03 sys=0.00, real=0.01 secs] 
2862.850: [GC [PSYoungGen: 669870K->4432K(669696K)] 1274857K->609971K(2067840K), 0.0158820 secs] [Times: user=0.03 sys=0.00, real=0.02 secs] 
2864.957: [GC [PSYoungGen: 669640K->4896K(681472K)] 1275179K->610707K(2079616K), 0.0126993 secs] [Times: user=0.02 sys=0.00, real=0.01 secs] 
2869.521: [GC [PSYoungGen: 669084K->4720K(681600K)] 1274895K->611291K(2079744K), 0.0160267 secs] [Times: user=0.03 sys=0.00, real=0.02 secs] 
2873.548: [GC [PSYoungGen: 668900K->4288K(681728K)] 1275471K->611395K(2079872K), 0.0160602 secs] [Times: user=0.03 sys=0.00, real=0.02 secs] 
2877.915: [GC [PSYoungGen: 668652K->4336K(681664K)] 1275760K->611619K(2079808K), 0.0130837 secs] [Times: user=0.03 sys=0.00, real=0.01 secs] 
2880.603: [GC [PSYoungGen: 668689K->5168K(682304K)] 1275973K->612636K(2080448K), 0.0130143 secs] [Times: user=0.02 sys=0.00, real=0.02 secs] 
2885.533: [GC [PSYoungGen: 670375K->5536K(681920K)] 1277843K->613820K(2080064K), 0.0144823 secs] [Times: user=0.03 sys=0.01, real=0.02 secs] 
2888.246: [GC [PSYoungGen: 670737K->5632K(683392K)] 1279021K->615125K(2081536K), 0.0148236 secs] [Times: user=0.03 sys=0.00, real=0.01 secs] 
2893.115: [GC [PSYoungGen: 672882K->5568K(682880K)] 1282375K->616118K(2081024K), 0.0163521 secs] [Times: user=0.03 sys=0.00, real=0.01 secs] 
2897.411: [GC [PSYoungGen: 672823K->4256K(684224K)] 1283373K->616206K(2082368K), 0.0139203 secs] [Times: user=0.03 sys=0.00, real=0.02 secs] 
2900.558: [GC [PSYoungGen: 673374K->4576K(683904K)] 1285324K->616638K(2082048K), 0.0128196 secs] [Times: user=0.03 sys=0.00, real=0.01 secs] 
2902.019: [GC [PSYoungGen: 673694K->5424K(685184K)] 1285756K->617831K(2083328K), 0.0141223 secs] [Times: user=0.03 sys=0.00, real=0.01 secs] 
2907.633: [GC [PSYoungGen: 676201K->4640K(684608K)] 1288608K->618167K(2082752K), 0.0136990 secs] [Times: user=0.03 sys=0.01, real=0.02 secs] 
2912.095: [GC [PSYoungGen: 675416K->4224K(685952K)] 1288943K->618199K(2084096K), 0.0128939 secs] [Times: user=0.03 sys=0.00, real=0.01 secs] 
2915.808: [GC [PSYoungGen: 676800K->4352K(685632K)] 1290775K->618415K(2083776K), 0.0133695 secs] [Times: user=0.03 sys=0.00, real=0.01 secs] 
2917.911: [GC [PSYoungGen: 676928K->5072K(686848K)] 1290991K->619223K(2084992K), 0.0124554 secs] [Times: user=0.02 sys=0.00, real=0.01 secs] 
2919.494: [GC [PSYoungGen: 679247K->5680K(686336K)] 1293398K->620616K(2084480K), 0.0130075 secs] [Times: user=0.02 sys=0.00, real=0.02 secs] 
2924.302: [GC [PSYoungGen: 679841K->5392K(687936K)] 1294777K->621689K(2086080K), 0.0180296 secs] [Times: user=0.04 sys=0.00, real=0.02 secs] 
2927.262: [GC [PSYoungGen: 681798K->4784K(687488K)] 1298094K->622257K(2085632K), 0.0126735 secs] [Times: user=0.03 sys=0.00, real=0.01 secs] 
2928.710: [GC [PSYoungGen: 681191K->5600K(688768K)] 1298664K->623569K(2086912K), 0.0145115 secs] [Times: user=0.03 sys=0.00, real=0.01 secs] 
2931.137: [GC [PSYoungGen: 683680K->5200K(688320K)] 1301649K->624426K(2086464K), 0.0131304 secs] [Times: user=0.03 sys=0.00, real=0.01 secs] 
2937.799: [GC [PSYoungGen: 683280K->5072K(689472K)] 1302506K->625226K(2087616K), 0.0139188 secs] [Times: user=0.03 sys=0.00, real=0.01 secs] 
2941.869: [GC [PSYoungGen: 684658K->4720K(689152K)] 1304813K->625739K(2087296K), 0.0135997 secs] [Times: user=0.02 sys=0.00, real=0.01 secs] 
2944.308: [GC [PSYoungGen: 684324K->4736K(689984K)] 1305343K->626275K(2088128K), 0.0144151 secs] [Times: user=0.03 sys=0.01, real=0.01 secs] 
2948.650: [GC [PSYoungGen: 685439K->4848K(689728K)] 1306978K->626939K(2087872K), 0.0178206 secs] [Times: user=0.03 sys=0.00, real=0.02 secs] 
2952.646: [GC [PSYoungGen: 685541K->4528K(690432K)] 1307632K->627259K(2088576K), 0.0137913 secs] [Times: user=0.03 sys=0.00, real=0.01 secs] 
2957.376: [GC [PSYoungGen: 686178K->4352K(690240K)] 1308910K->627372K(2088384K), 0.0164359 secs] [Times: user=0.03 sys=0.00, real=0.02 secs] 
2961.713: [GC [PSYoungGen: 685997K->4544K(690816K)] 1309017K->627652K(2088960K), 0.0140355 secs] [Times: user=0.03 sys=0.00, real=0.02 secs] 
2966.232: [GC [PSYoungGen: 686971K->4432K(690624K)] 1310079K->627852K(2088768K), 0.0143747 secs] [Times: user=0.03 sys=0.00, real=0.01 secs] 
2968.181: [GC [PSYoungGen: 686852K->4672K(691264K)] 1310273K->628292K(2089408K), 0.0127239 secs] [Times: user=0.02 sys=0.00, real=0.01 secs] 
2969.674: [GC [PSYoungGen: 687930K->4512K(691008K)] 1311551K->628540K(2089152K), 0.0154114 secs] [Times: user=0.03 sys=0.00, real=0.02 secs] 
2973.233: [GC [PSYoungGen: 687763K->5168K(691584K)] 1311792K->629412K(2089728K), 0.0141449 secs] [Times: user=0.02 sys=0.00, real=0.02 secs] 
2976.564: [GC [PSYoungGen: 689190K->4768K(691456K)] 1313435K->629917K(2089600K), 0.0130053 secs] [Times: user=0.03 sys=0.00, real=0.02 secs] 
2978.651: [GC [PSYoungGen: 688798K->4736K(691968K)] 1313947K->630381K(2090112K), 0.0158336 secs] [Times: user=0.03 sys=0.00, real=0.01 secs] 
2984.476: [GC [PSYoungGen: 689535K->5168K(691840K)] 1315180K->631245K(2089984K), 0.0145774 secs] [Times: user=0.04 sys=0.00, real=0.02 secs] 
2989.452: [GC [PSYoungGen: 689967K->4448K(692224K)] 1316044K->631381K(2090368K), 0.0134033 secs] [Times: user=0.03 sys=0.00, real=0.01 secs] 
2993.460: [GC [PSYoungGen: 689747K->4432K(692096K)] 1316681K->631501K(2090240K), 0.0134520 secs] [Times: user=0.02 sys=0.00, real=0.01 secs] 
2996.780: [GC [PSYoungGen: 689726K->4624K(692480K)] 1316796K->631878K(2090624K), 0.0127426 secs] [Times: user=0.03 sys=0.00, real=0.01 secs] 
3001.053: [GC [PSYoungGen: 690382K->4864K(692288K)] 1317636K->632462K(2090432K), 0.0135868 secs] [Times: user=0.02 sys=0.01, real=0.01 secs] 
3005.208: [GC [PSYoungGen: 690610K->4624K(692736K)] 1318208K->632798K(2090880K), 0.0133888 secs] [Times: user=0.02 sys=0.00, real=0.01 secs] 
3008.378: [GC [PSYoungGen: 690960K->4800K(692608K)] 1319134K->633286K(2090752K), 0.0127865 secs] [Times: user=0.02 sys=0.00, real=0.01 secs] 
3011.540: [GC [PSYoungGen: 691119K->4672K(692992K)] 1319605K->633630K(2091136K), 0.0136070 secs] [Times: user=0.03 sys=0.00, real=0.01 secs] 
3014.489: [GC [PSYoungGen: 691502K->5008K(692864K)] 1320460K->634359K(2091008K), 0.0129615 secs] [Times: user=0.03 sys=0.00, real=0.01 secs] 
3019.025: [GC [PSYoungGen: 691840K->5040K(693056K)] 1321190K->634943K(2091200K), 0.0169648 secs] [Times: user=0.04 sys=0.00, real=0.02 secs] 
3020.960: [GC [PSYoungGen: 692055K->5200K(692992K)] 1321958K->635783K(2091136K), 0.0164488 secs] [Times: user=0.03 sys=0.01, real=0.01 secs] 
3023.566: [GC [PSYoungGen: 692240K->5568K(692672K)] 1322823K->636928K(2090816K), 0.0143863 secs] [Times: user=0.03 sys=0.01, real=0.02 secs] 
3026.699: [GC [PSYoungGen: 692276K->5328K(692864K)] 1323636K->637705K(2091008K), 0.0141507 secs] [Times: user=0.03 sys=0.01, real=0.01 secs] 
3029.912: [GC [PSYoungGen: 692043K->5264K(692864K)] 1324420K->638185K(2091008K), 0.0140803 secs] [Times: user=0.03 sys=0.00, real=0.01 secs] 
3032.131: [GC [PSYoungGen: 691984K->4944K(692864K)] 1324905K->638569K(2091008K), 0.0130343 secs] [Times: user=0.03 sys=0.00, real=0.01 secs] 
3034.572: [GC [PSYoungGen: 691638K->4512K(692992K)] 1325263K->638817K(2091136K), 0.0128163 secs] [Times: user=0.02 sys=0.00, real=0.01 secs] 
3036.172: [GC [PSYoungGen: 691457K->4448K(692992K)] 1325763K->638857K(2091136K), 0.0129586 secs] [Times: user=0.03 sys=0.01, real=0.01 secs] 
3037.969: [GC [PSYoungGen: 691424K->5104K(693056K)] 1325833K->639634K(2091200K), 0.0126523 secs] [Times: user=0.03 sys=0.00, real=0.01 secs] 
3039.543: [GC [PSYoungGen: 692136K->4800K(692992K)] 1326666K->639842K(2091136K), 0.0130236 secs] [Times: user=0.03 sys=0.00, real=0.01 secs] 
3041.141: [GC [PSYoungGen: 691810K->5248K(692992K)] 1326852K->640498K(2091136K), 0.0134799 secs] [Times: user=0.03 sys=0.00, real=0.01 secs] 
3042.758: [GC [PSYoungGen: 692352K->4720K(693056K)] 1327602K->640394K(2091200K), 0.0124526 secs] [Times: user=0.03 sys=0.01, real=0.02 secs] 
3043.629: [GC [PSYoungGen: 691823K->4496K(693184K)] 1327497K->640242K(2091328K), 0.0125557 secs] [Times: user=0.02 sys=0.01, real=0.01 secs] 
3043.958: [GC [PSYoungGen: 691792K->5811K(693120K)] 1327538K->646320K(2091264K), 0.0037030 secs] [Times: user=0.03 sys=0.00, real=0.01 secs] 
3044.315: [GC [PSYoungGen: 693107K->5875K(686720K)] 1333616K->649866K(2084864K), 0.0032773 secs] [Times: user=0.02 sys=0.00, real=0.01 secs] 
3044.633: [GC [PSYoungGen: 686697K->7908K(688768K)] 1330688K->653180K(2086912K), 0.0032505 secs] [Times: user=0.02 sys=0.00, real=0.00 secs] 
3044.953: [GC [PSYoungGen: 688738K->8196K(688576K)] 1334010K->655309K(2086720K), 0.0033724 secs] [Times: user=0.03 sys=0.00, real=0.00 secs] 
3045.237: [GC [PSYoungGen: 687231K->7940K(687040K)] 1334344K->656910K(2085184K), 0.0033768 secs] [Times: user=0.03 sys=0.00, real=0.01 secs] 
3045.562: [GC [PSYoungGen: 686980K->8660K(687872K)] 1335950K->659023K(2086016K), 0.0033679 secs] [Times: user=0.02 sys=0.00, real=0.00 secs] 
3045.889: [GC [PSYoungGen: 686285K->7972K(685632K)] 1336648K->660184K(2083776K), 0.0034319 secs] [Times: user=0.02 sys=0.00, real=0.00 secs] 
3046.205: [GC [PSYoungGen: 685598K->7940K(688128K)] 1337810K->662041K(2086272K), 0.0034958 secs] [Times: user=0.02 sys=0.00, real=0.00 secs] 
3046.526: [GC [PSYoungGen: 685315K->8004K(688192K)] 1339416K->663906K(2086336K), 0.0034037 secs] [Times: user=0.03 sys=0.00, real=0.01 secs] 
3046.852: [GC [PSYoungGen: 685375K->7652K(688320K)] 1341278K->665763K(2086464K), 0.0036047 secs] [Times: user=0.03 sys=0.00, real=0.00 secs] 
3047.171: [GC [PSYoungGen: 685155K->7828K(688192K)] 1343266K->667837K(2086336K), 0.0032971 secs] [Times: user=0.03 sys=0.00, real=0.00 secs] 
3047.494: [GC [PSYoungGen: 685330K->8180K(688384K)] 1345339K->669934K(2086528K), 0.0034431 secs] [Times: user=0.03 sys=0.00, real=0.00 secs] 
3047.842: [GC [PSYoungGen: 685932K->7764K(688384K)] 1347686K->671471K(2086528K), 0.0035196 secs] [Times: user=0.02 sys=0.00, real=0.00 secs] 
3048.164: [GC [PSYoungGen: 685517K->8308K(688384K)] 1349224K->673664K(2086528K), 0.0034302 secs] [Times: user=0.02 sys=0.01, real=0.00 secs] 
3048.551: [GC [PSYoungGen: 686181K->7812K(688448K)] 1351537K->675313K(2086592K), 0.0034543 secs] [Times: user=0.03 sys=0.00, real=0.00 secs] 
3048.875: [GC [PSYoungGen: 685700K->8244K(688640K)] 1353201K->677595K(2086784K), 0.0035400 secs] [Times: user=0.03 sys=0.00, real=0.00 secs] 
3049.168: [GC [PSYoungGen: 686502K->8068K(688640K)] 1355853K->679268K(2086784K), 0.0034835 secs] [Times: user=0.02 sys=0.00, real=0.01 secs] 
3049.526: [GC [PSYoungGen: 686323K->8148K(688768K)] 1357522K->681253K(2086912K), 0.0034622 secs] [Times: user=0.03 sys=0.00, real=0.01 secs] 
3049.827: [GC [PSYoungGen: 686612K->7684K(688704K)] 1359717K->682942K(2086848K), 0.0035804 secs] [Times: user=0.02 sys=0.00, real=0.01 secs] 
3050.178: [GC [PSYoungGen: 686140K->7475K(689216K)] 1361398K->684831K(2087360K), 0.0033512 secs] [Times: user=0.03 sys=0.00, real=0.01 secs] 
3050.509: [GC [PSYoungGen: 686702K->8116K(689024K)] 1364058K->687160K(2087168K), 0.0034848 secs] [Times: user=0.02 sys=0.00, real=0.00 secs] 
3050.842: [GC [PSYoungGen: 687348K->7507K(689408K)] 1366392K->688593K(2087552K), 0.0032994 secs] [Times: user=0.02 sys=0.00, real=0.00 secs] 
3051.172: [GC [PSYoungGen: 687115K->7972K(689216K)] 1368201K->690851K(2087360K), 0.0038170 secs] [Times: user=0.02 sys=0.00, real=0.00 secs] 
3051.493: [GC [PSYoungGen: 687583K->8052K(689536K)] 1370461K->692876K(2087680K), 0.0033974 secs] [Times: user=0.02 sys=0.00, real=0.00 secs] 
3051.821: [GC [PSYoungGen: 688050K->8164K(689472K)] 1372874K->694741K(2087616K), 0.0037954 secs] [Times: user=0.02 sys=0.00, real=0.00 secs] 
3052.208: [GC [PSYoungGen: 688164K->7475K(689664K)] 1374741K->696414K(2087808K), 0.0046104 secs] [Times: user=0.03 sys=0.00, real=0.01 secs] 
3052.567: [GC [PSYoungGen: 687663K->7780K(689536K)] 1376602K->698551K(2087680K), 0.0033615 secs] [Times: user=0.02 sys=0.00, real=0.01 secs] 
3052.860: [GC [PSYoungGen: 687972K->7908K(689856K)] 1378743K->700625K(2088000K), 0.0032950 secs] [Times: user=0.02 sys=0.00, real=0.00 secs] 
3053.260: [GC [PSYoungGen: 688529K->7892K(689792K)] 1381246K->702410K(2087936K), 0.0034212 secs] [Times: user=0.03 sys=0.00, real=0.00 secs] 
3053.558: [GC [PSYoungGen: 688524K->7652K(690048K)] 1383042K->704315K(2088192K), 0.0034079 secs] [Times: user=0.02 sys=0.00, real=0.01 secs] 
3053.917: [GC [PSYoungGen: 688662K->8116K(689984K)] 1385325K->706580K(2088128K), 0.0033846 secs] [Times: user=0.02 sys=0.01, real=0.01 secs] 
3054.266: [GC [PSYoungGen: 689140K->7523K(690112K)] 1387604K->708253K(2088256K), 0.0036345 secs] [Times: user=0.02 sys=0.00, real=0.01 secs] 
3054.620: [GC [PSYoungGen: 688669K->7395K(690048K)] 1389398K->710471K(2088192K), 0.0034418 secs] [Times: user=0.02 sys=0.00, real=0.00 secs] 
3054.974: [GC [PSYoungGen: 688522K->7844K(690240K)] 1391598K->712816K(2088384K), 0.0033782 secs] [Times: user=0.03 sys=0.00, real=0.00 secs] 
3055.348: [GC [PSYoungGen: 689245K->7459K(690176K)] 1394217K->714785K(2088320K), 0.0038871 secs] [Times: user=0.02 sys=0.00, real=0.01 secs] 
3056.235: [GC [PSYoungGen: 688867K->7555K(690368K)] 1396193K->716939K(2088512K), 0.0035911 secs] [Times: user=0.02 sys=0.00, real=0.01 secs] 
3056.578: [GC [PSYoungGen: 689219K->7267K(690304K)] 1398602K->718708K(2088448K), 0.0032816 secs] [Times: user=0.02 sys=0.00, real=0.01 secs] 
3056.932: [GC [PSYoungGen: 688926K->7764K(690432K)] 1400366K->721165K(2088576K), 0.0034225 secs] [Times: user=0.02 sys=0.00, real=0.00 secs] 
3057.291: [GC [PSYoungGen: 689552K->7187K(690368K)] 1402953K->722742K(2088512K), 0.0033931 secs] [Times: user=0.02 sys=0.00, real=0.00 secs] 
3057.646: [GC [PSYoungGen: 688978K->7459K(690496K)] 1404533K->724759K(2088640K), 0.0041966 secs] [Times: user=0.03 sys=0.00, real=0.01 secs] 
3058.016: [GC [PSYoungGen: 689366K->7668K(690432K)] 1406666K->727073K(2088576K), 0.0035855 secs] [Times: user=0.02 sys=0.00, real=0.01 secs] 
3058.366: [GC [PSYoungGen: 689588K->7556K(690624K)] 1408993K->728810K(2088768K), 0.0035574 secs] [Times: user=0.02 sys=0.00, real=0.01 secs] 
3058.725: [GC [PSYoungGen: 689732K->7507K(690560K)] 1410986K->730755K(2088704K), 0.0033911 secs] [Times: user=0.02 sys=0.00, real=0.00 secs] 
3059.072: [GC [PSYoungGen: 689678K->8164K(690432K)] 1412925K->732900K(2088576K), 0.0037279 secs] [Times: user=0.03 sys=0.00, real=0.00 secs] 
3059.419: [GC [PSYoungGen: 690275K->7604K(690560K)] 1415012K->734389K(2088704K), 0.0033657 secs] [Times: user=0.02 sys=0.00, real=0.01 secs] 
3059.783: [GC [PSYoungGen: 689708K->8372K(690240K)] 1416494K->736591K(2088384K), 0.0035065 secs] [Times: user=0.02 sys=0.01, real=0.00 secs] 
3060.132: [GC [PSYoungGen: 690213K->7524K(690432K)] 1418432K->737839K(2088576K), 0.0036655 secs] [Times: user=0.02 sys=0.00, real=0.00 secs] 
3060.487: [GC [PSYoungGen: 689375K->8036K(690368K)] 1419690K->740081K(2088512K), 0.0035474 secs] [Times: user=0.03 sys=0.00, real=0.01 secs] 
3060.840: [GC [PSYoungGen: 689885K->7988K(690432K)] 1421929K->741882K(2088576K), 0.0034701 secs] [Times: user=0.03 sys=0.00, real=0.00 secs] 
3061.195: [GC [PSYoungGen: 689834K->7908K(690432K)] 1423728K->743635K(2088576K), 0.0036053 secs] [Times: user=0.02 sys=0.00, real=0.00 secs] 
3061.549: [GC [PSYoungGen: 689764K->7908K(690432K)] 1425491K->745436K(2088576K), 0.0036073 secs] [Times: user=0.03 sys=0.00, real=0.01 secs] 
3061.913: [GC [PSYoungGen: 689761K->7684K(690496K)] 1427290K->747261K(2088640K), 0.0033858 secs] [Times: user=0.02 sys=0.00, real=0.00 secs] 
3062.213: [GC [PSYoungGen: 689662K->7587K(690496K)] 1429239K->749166K(2088640K), 0.0036476 secs] [Times: user=0.03 sys=0.00, real=0.00 secs] 
3062.569: [GC [PSYoungGen: 689559K->7716K(690624K)] 1431137K->751344K(2088768K), 0.0037653 secs] [Times: user=0.02 sys=0.01, real=0.01 secs] 
3063.130: [GC [PSYoungGen: 689885K->7732K(690560K)] 1433513K->753161K(2088704K), 0.0034321 secs] [Times: user=0.02 sys=0.00, real=0.00 secs] 
3063.638: [GC [PSYoungGen: 689894K->7748K(690752K)] 1435323K->755018K(2088896K), 0.0042254 secs] [Times: user=0.03 sys=0.00, real=0.01 secs] 
3063.959: [GC [PSYoungGen: 690180K->7283K(690688K)] 1437450K->757011K(2088832K), 0.0035463 secs] [Times: user=0.03 sys=0.00, real=0.00 secs] 
3064.316: [GC [PSYoungGen: 689701K->7844K(690688K)] 1439429K->759268K(2088832K), 0.0035806 secs] [Times: user=0.02 sys=0.00, real=0.00 secs] 
3064.677: [GC [PSYoungGen: 690209K->8180K(690560K)] 1441634K->761254K(2088704K), 0.0036544 secs] [Times: user=0.02 sys=0.00, real=0.01 secs] 
3065.059: [GC [PSYoungGen: 690548K->8100K(690432K)] 1443622K->763071K(2088576K), 0.0034674 secs] [Times: user=0.03 sys=0.00, real=0.01 secs] 
3065.406: [GC [PSYoungGen: 690061K->7587K(690496K)] 1445032K->764608K(2088640K), 0.0034658 secs] [Times: user=0.03 sys=0.00, real=0.01 secs] 
3065.709: [GC [PSYoungGen: 689570K->7572K(690560K)] 1446590K->766529K(2088704K), 0.0041455 secs] [Times: user=0.03 sys=0.00, real=0.01 secs] 
3066.062: [GC [PSYoungGen: 689653K->7860K(690560K)] 1448611K->768618K(2088704K), 0.0034251 secs] [Times: user=0.03 sys=0.00, real=0.00 secs] 
3066.414: [GC [PSYoungGen: 689950K->7155K(690496K)] 1450709K->770163K(2088640K), 0.0039027 secs] [Times: user=0.03 sys=0.00, real=0.00 secs] 
3066.769: [GC [PSYoungGen: 689252K->7940K(690560K)] 1452260K->772837K(2088704K), 0.0035322 secs] [Times: user=0.02 sys=0.00, real=0.01 secs] 
3067.128: [GC [PSYoungGen: 690039K->7379K(690560K)] 1454936K->774534K(2088704K), 0.0035880 secs] [Times: user=0.02 sys=0.00, real=0.01 secs] 
3067.485: [GC [PSYoungGen: 689491K->7716K(690560K)] 1456645K->776607K(2088704K), 0.0035226 secs] [Times: user=0.02 sys=0.00, real=0.00 secs] 
3067.850: [GC [PSYoungGen: 689828K->7796K(690624K)] 1458719K->778480K(2088768K), 0.0036745 secs] [Times: user=0.02 sys=0.00, real=0.00 secs] 
3068.205: [GC [PSYoungGen: 690022K->8308K(690560K)] 1460706K->780481K(2088704K), 0.0036126 secs] [Times: user=0.02 sys=0.00, real=0.00 secs] 
3068.561: [GC [PSYoungGen: 690541K->7828K(690560K)] 1462715K->782002K(2088704K), 0.0035867 secs] [Times: user=0.03 sys=0.00, real=0.00 secs] 
3068.917: [GC [PSYoungGen: 689923K->7411K(690560K)] 1464098K->783635K(2088704K), 0.0036278 secs] [Times: user=0.02 sys=0.00, real=0.01 secs] 
3069.271: [GC [PSYoungGen: 689510K->7700K(690624K)] 1465734K->785821K(2088768K), 0.0035781 secs] [Times: user=0.02 sys=0.00, real=0.00 secs] 
3069.629: [GC [PSYoungGen: 689868K->7443K(690560K)] 1467989K->787614K(2088704K), 0.0039222 secs] [Times: user=0.03 sys=0.00, real=0.01 secs] 
3070.081: [GC [PSYoungGen: 689619K->8148K(690368K)] 1469790K->789871K(2088512K), 0.0037591 secs] [Times: user=0.03 sys=0.00, real=0.00 secs] 
3070.439: [GC [PSYoungGen: 690120K->7267K(690496K)] 1471843K->791232K(2088640K), 0.0034486 secs] [Times: user=0.02 sys=0.00, real=0.01 secs] 
3070.796: [GC [PSYoungGen: 689247K->7524K(690560K)] 1473211K->793081K(2088704K), 0.0039165 secs] [Times: user=0.02 sys=0.00, real=0.01 secs] 
3071.151: [GC [PSYoungGen: 689571K->6515K(688576K)] 1475129K->793257K(2086720K), 0.0034506 secs] [Times: user=0.02 sys=0.00, real=0.00 secs] 
3071.503: [GC [PSYoungGen: 688543K->288K(688128K)] 1475285K->787086K(2086272K), 0.0021096 secs] [Times: user=0.01 sys=0.00, real=0.00 secs] 
3072.002: [GC [PSYoungGen: 679827K->9717K(689280K)] 1466625K->810363K(2087424K), 0.0135015 secs] [Times: user=0.09 sys=0.00, real=0.01 secs] 
3072.481: [GC [PSYoungGen: 689268K->9728K(667776K)] 1489915K->824124K(2065920K), 0.0380250 secs] [Times: user=0.07 sys=0.00, real=0.04 secs] 
3072.977: [GC [PSYoungGen: 667768K->13280K(671360K)] 1482165K->827708K(2069504K), 0.0341369 secs] [Times: user=0.06 sys=0.00, real=0.04 secs] 
3073.477: [GC [PSYoungGen: 671318K->13248K(678272K)] 1485747K->827884K(2076416K), 0.0337491 secs] [Times: user=0.05 sys=0.01, real=0.04 secs] 
3073.990: [GC [PSYoungGen: 670907K->13248K(678336K)] 1485543K->828084K(2076480K), 0.0401571 secs] [Times: user=0.07 sys=0.00, real=0.04 secs] 
3074.494: [GC [PSYoungGen: 670912K->13216K(678464K)] 1485748K->828260K(2076608K), 0.0339211 secs] [Times: user=0.06 sys=0.00, real=0.03 secs] 
3074.985: [GC [PSYoungGen: 670999K->13248K(678336K)] 1486044K->828484K(2076480K), 0.0383751 secs] [Times: user=0.06 sys=0.00, real=0.04 secs] 
3075.492: [GC [PSYoungGen: 671024K->13248K(678848K)] 1486260K->828676K(2076992K), 0.0363443 secs] [Times: user=0.06 sys=0.00, real=0.03 secs] 
3076.002: [GC [PSYoungGen: 671744K->13248K(678656K)] 1487172K->828884K(2076800K), 0.0350858 secs] [Times: user=0.06 sys=0.00, real=0.03 secs] 
3076.502: [GC [PSYoungGen: 671743K->13248K(679296K)] 1487379K->829084K(2077440K), 0.0349723 secs] [Times: user=0.06 sys=0.00, real=0.03 secs] 
3077.003: [GC [PSYoungGen: 672576K->13344K(679040K)] 1488412K->829388K(2077184K), 0.0361982 secs] [Times: user=0.06 sys=0.00, real=0.03 secs] 
3077.495: [GC [PSYoungGen: 672671K->13312K(679808K)] 1488715K->829548K(2077952K), 0.0355827 secs] [Times: user=0.06 sys=0.00, real=0.04 secs] 
3078.006: [GC [PSYoungGen: 673657K->13280K(679552K)] 1489894K->829708K(2077696K), 0.0356686 secs] [Times: user=0.05 sys=0.00, real=0.04 secs] 
3078.508: [GC [PSYoungGen: 673621K->13280K(680384K)] 1490049K->829900K(2078528K), 0.0343509 secs] [Times: user=0.06 sys=0.00, real=0.04 secs] 
3079.009: [GC [PSYoungGen: 674708K->13376K(680064K)] 1491328K->830196K(2078208K), 0.0347011 secs] [Times: user=0.06 sys=0.01, real=0.04 secs] 
3079.514: [GC [PSYoungGen: 674811K->13344K(680832K)] 1491631K->830372K(2078976K), 0.0366546 secs] [Times: user=0.06 sys=0.00, real=0.04 secs] 
3080.034: [GC [PSYoungGen: 675730K->13344K(680576K)] 1492758K->830572K(2078720K), 0.0354310 secs] [Times: user=0.06 sys=0.00, real=0.03 secs] 
3080.539: [GC [PSYoungGen: 675712K->13344K(681408K)] 1492941K->830772K(2079552K), 0.0362899 secs] [Times: user=0.06 sys=0.00, real=0.04 secs] 
3081.038: [GC [PSYoungGen: 676885K->13344K(681152K)] 1494314K->830980K(2079296K), 0.0401056 secs] [Times: user=0.06 sys=0.01, real=0.04 secs] 
3081.558: [GC [PSYoungGen: 676893K->13376K(681856K)] 1494530K->831212K(2080000K), 0.0358496 secs] [Times: user=0.06 sys=0.00, real=0.04 secs] 
3082.062: [GC [PSYoungGen: 677808K->13376K(681600K)] 1495644K->831420K(2079744K), 0.0364736 secs] [Times: user=0.06 sys=0.00, real=0.03 secs] 
3082.579: [GC [PSYoungGen: 677811K->13440K(682304K)] 1495856K->831692K(2080448K), 0.0358727 secs] [Times: user=0.06 sys=0.00, real=0.04 secs] 
3083.116: [GC [PSYoungGen: 678822K->13440K(682112K)] 1497074K->831892K(2080256K), 0.0366934 secs] [Times: user=0.06 sys=0.00, real=0.04 secs] 
3083.621: [GC [PSYoungGen: 678840K->13440K(682624K)] 1497292K->832092K(2080768K), 0.0358608 secs] [Times: user=0.06 sys=0.00, real=0.03 secs] 
3084.168: [GC [PSYoungGen: 679548K->13408K(682496K)] 1498200K->832260K(2080640K), 0.0375178 secs] [Times: user=0.06 sys=0.00, real=0.04 secs] 
3084.682: [GC [PSYoungGen: 679519K->13408K(683008K)] 1498371K->832460K(2081152K), 0.0365926 secs] [Times: user=0.06 sys=0.00, real=0.03 secs] 
3085.336: [GC [PSYoungGen: 680198K->13440K(682816K)] 1499251K->832708K(2080960K), 0.0405074 secs] [Times: user=0.07 sys=0.01, real=0.04 secs] 
3085.869: [GC [PSYoungGen: 680255K->13472K(683328K)] 1499523K->832940K(2081472K), 0.0359264 secs] [Times: user=0.06 sys=0.00, real=0.04 secs] 
3086.399: [GC [PSYoungGen: 680986K->13440K(683200K)] 1500455K->833092K(2081344K), 0.0363332 secs] [Times: user=0.06 sys=0.01, real=0.04 secs] 
3086.925: [GC [PSYoungGen: 680960K->13472K(683584K)] 1500612K->833332K(2081728K), 0.0357466 secs] [Times: user=0.06 sys=0.00, real=0.04 secs] 
3087.467: [GC [PSYoungGen: 681504K->13440K(683456K)] 1501364K->833492K(2081600K), 0.0356261 secs] [Times: user=0.06 sys=0.00, real=0.04 secs] 
3088.002: [GC [PSYoungGen: 681462K->13440K(683840K)] 1501514K->833684K(2081984K), 0.0371060 secs] [Times: user=0.06 sys=0.00, real=0.03 secs] 
3088.540: [GC [PSYoungGen: 681979K->13504K(683712K)] 1502224K->833956K(2081856K), 0.0361402 secs] [Times: user=0.06 sys=0.00, real=0.04 secs] 
3089.073: [GC [PSYoungGen: 682039K->13504K(684032K)] 1502491K->834148K(2082176K), 0.0360382 secs] [Times: user=0.06 sys=0.00, real=0.03 secs] 
3089.614: [GC [PSYoungGen: 682487K->13536K(683968K)] 1503132K->834380K(2082112K), 0.0358346 secs] [Times: user=0.06 sys=0.00, real=0.04 secs] 
3090.151: [GC [PSYoungGen: 682525K->13472K(684224K)] 1503369K->834516K(2082368K), 0.0362640 secs] [Times: user=0.06 sys=0.00, real=0.03 secs] 
3090.692: [GC [PSYoungGen: 682838K->13472K(684160K)] 1503882K->834708K(2082304K), 0.0366499 secs] [Times: user=0.06 sys=0.00, real=0.03 secs] 
3091.224: [GC [PSYoungGen: 682843K->13472K(684416K)] 1504080K->834908K(2082560K), 0.0362850 secs] [Times: user=0.06 sys=0.01, real=0.04 secs] 
3091.749: [GC [PSYoungGen: 683232K->13472K(684352K)] 1504668K->835108K(2082496K), 0.0374674 secs] [Times: user=0.06 sys=0.01, real=0.04 secs] 
3092.284: [GC [PSYoungGen: 683232K->13472K(684544K)] 1504868K->835308K(2082688K), 0.0375699 secs] [Times: user=0.07 sys=0.01, real=0.04 secs] 
3092.825: [GC [PSYoungGen: 683480K->13504K(684480K)] 1505317K->835540K(2082624K), 0.0366091 secs] [Times: user=0.06 sys=0.00, real=0.04 secs] 
3093.857: [GC [PSYoungGen: 683500K->14371K(683968K)] 1505537K->836631K(2082112K), 0.0251289 secs] [Times: user=0.05 sys=0.00, real=0.03 secs] 
3098.928: [GC [PSYoungGen: 683939K->6192K(675776K)] 1506199K->833568K(2073920K), 0.0143769 secs] [Times: user=0.04 sys=0.00, real=0.02 secs] 
3100.511: [GC [PSYoungGen: 675758K->6480K(681600K)] 1503134K->835249K(2079744K), 0.0134009 secs] [Times: user=0.03 sys=0.00, real=0.01 secs] 
3106.533: [GC [PSYoungGen: 672206K->5872K(671616K)] 1500974K->836177K(2069760K), 0.0137765 secs] [Times: user=0.03 sys=0.00, real=0.01 secs] 
3109.334: [GC [PSYoungGen: 671600K->5184K(680832K)] 1501905K->836602K(2078976K), 0.0132917 secs] [Times: user=0.03 sys=0.00, real=0.01 secs] 
3113.547: [GC [PSYoungGen: 668734K->6128K(669696K)] 1500152K->837978K(2067840K), 0.0133665 secs] [Times: user=0.03 sys=0.00, real=0.01 secs] 
3114.925: [GC [PSYoungGen: 669665K->6448K(681216K)] 1501515K->839579K(2079360K), 0.0133414 secs] [Times: user=0.03 sys=0.01, real=0.01 secs] 
3121.116: [GC [PSYoungGen: 669791K->5408K(681152K)] 1502921K->840172K(2079296K), 0.0140610 secs] [Times: user=0.04 sys=0.00, real=0.01 secs] 
3123.792: [GC [PSYoungGen: 668761K->5392K(681280K)] 1503525K->840748K(2079424K), 0.0136474 secs] [Times: user=0.03 sys=0.00, real=0.01 secs] 
3125.255: [GC [PSYoungGen: 668802K->5600K(681152K)] 1504158K->841668K(2079296K), 0.0162590 secs] [Times: user=0.03 sys=0.00, real=0.01 secs] 
3130.818: [GC [PSYoungGen: 669019K->5968K(681920K)] 1505087K->842885K(2080064K), 0.0169981 secs] [Times: user=0.04 sys=0.00, real=0.02 secs] 
3134.917: [GC [PSYoungGen: 670396K->5088K(681536K)] 1507313K->843237K(2079680K), 0.0166932 secs] [Times: user=0.04 sys=0.00, real=0.02 secs] 
3136.750: [GC [PSYoungGen: 669528K->5456K(682624K)] 1507677K->844046K(2080768K), 0.0142887 secs] [Times: user=0.03 sys=0.00, real=0.02 secs] 
3143.461: [GC [PSYoungGen: 671242K->5696K(682176K)] 1509831K->845054K(2080320K), 0.0138975 secs] [Times: user=0.04 sys=0.00, real=0.02 secs] 
3146.412: [GC [PSYoungGen: 671459K->5568K(683520K)] 1510817K->845950K(2081664K), 0.0135798 secs] [Times: user=0.03 sys=0.00, real=0.02 secs] 
3152.191: [GC [PSYoungGen: 673148K->5552K(683072K)] 1513531K->846703K(2081216K), 0.0147290 secs] [Times: user=0.03 sys=0.00, real=0.02 secs] 
3155.695: [GC [PSYoungGen: 673134K->5408K(684480K)] 1514285K->847311K(2082624K), 0.0168332 secs] [Times: user=0.04 sys=0.00, real=0.01 secs] 
3158.458: [GC [PSYoungGen: 674908K->5040K(684032K)] 1516811K->847743K(2082176K), 0.0137751 secs] [Times: user=0.03 sys=0.01, real=0.01 secs] 
3163.332: [GC [PSYoungGen: 674540K->5952K(685440K)] 1517244K->849008K(2083584K), 0.0167542 secs] [Times: user=0.03 sys=0.00, real=0.02 secs] 
3166.720: [GC [PSYoungGen: 677248K->4912K(684864K)] 1520304K->849200K(2083008K), 0.0169010 secs] [Times: user=0.03 sys=0.00, real=0.02 secs] 
3168.916: [GC [PSYoungGen: 676180K->5840K(686336K)] 1520469K->850313K(2084480K), 0.0132356 secs] [Times: user=0.04 sys=0.00, real=0.01 secs] 
3170.352: [GC [PSYoungGen: 678918K->6032K(685760K)] 1523391K->851505K(2083904K), 0.0160519 secs] [Times: user=0.04 sys=0.00, real=0.02 secs] 
3175.068: [GC [PSYoungGen: 679107K->6208K(687360K)] 1524580K->852666K(2085504K), 0.0140934 secs] [Times: user=0.04 sys=0.00, real=0.01 secs] 
3177.372: [GC [PSYoungGen: 681396K->5968K(686848K)] 1527854K->853923K(2084992K), 0.0157636 secs] [Times: user=0.03 sys=0.00, real=0.02 secs] 
3180.244: [GC [PSYoungGen: 681140K->5584K(688128K)] 1529095K->854659K(2086272K), 0.0169309 secs] [Times: user=0.03 sys=0.00, real=0.01 secs] 
3185.304: [GC [PSYoungGen: 682490K->5392K(687808K)] 1531565K->855339K(2085952K), 0.0150645 secs] [Times: user=0.03 sys=0.00, real=0.01 secs] 
3188.659: [GC [PSYoungGen: 682301K->5296K(688704K)] 1532248K->855836K(2086848K), 0.0135240 secs] [Times: user=0.03 sys=0.01, real=0.01 secs] 
3190.359: [GC [PSYoungGen: 683428K->5760K(688448K)] 1533968K->856748K(2086592K), 0.0134473 secs] [Times: user=0.03 sys=0.00, real=0.01 secs] 
3191.836: [GC [PSYoungGen: 683877K->6336K(689344K)] 1534865K->858301K(2087488K), 0.0156083 secs] [Times: user=0.03 sys=0.00, real=0.01 secs] 
3198.958: [GC [PSYoungGen: 685758K->5232K(689088K)] 1537723K->858701K(2087232K), 0.0144771 secs] [Times: user=0.03 sys=0.00, real=0.01 secs] 
3202.275: [GC [PSYoungGen: 684652K->5472K(689792K)] 1538122K->859350K(2087936K), 0.0136358 secs] [Times: user=0.03 sys=0.00, real=0.01 secs] 
3205.571: [GC [PSYoungGen: 685772K->5536K(689536K)] 1539650K->860046K(2087680K), 0.0171896 secs] [Times: user=0.03 sys=0.00, real=0.02 secs] 
3210.645: [GC [PSYoungGen: 685824K->6272K(690240K)] 1540334K->861359K(2088384K), 0.0145546 secs] [Times: user=0.03 sys=0.00, real=0.01 secs] 
3212.894: [GC [PSYoungGen: 687539K->5312K(690048K)] 1542626K->861711K(2088192K), 0.0146302 secs] [Times: user=0.03 sys=0.00, real=0.01 secs] 
3218.496: [GC [PSYoungGen: 686592K->5664K(690624K)] 1542991K->862591K(2088768K), 0.0141871 secs] [Times: user=0.03 sys=0.00, real=0.01 secs] 
3222.654: [GC [PSYoungGen: 687646K->5168K(690368K)] 1544573K->862936K(2088512K), 0.0171506 secs] [Times: user=0.04 sys=0.00, real=0.01 secs] 
3226.503: [GC [PSYoungGen: 687138K->5104K(690880K)] 1544905K->863312K(2089024K), 0.0137112 secs] [Times: user=0.03 sys=0.00, real=0.02 secs] 
3228.786: [GC [PSYoungGen: 687716K->6208K(690752K)] 1545924K->864728K(2088896K), 0.0149669 secs] [Times: user=0.03 sys=0.00, real=0.01 secs] 
3233.147: [GC [PSYoungGen: 688827K->5072K(691008K)] 1547347K->864921K(2089152K), 0.0143378 secs] [Times: user=0.03 sys=0.00, real=0.01 secs] 
3235.041: [GC [PSYoungGen: 687988K->5776K(690944K)] 1547837K->865905K(2089088K), 0.0145681 secs] [Times: user=0.03 sys=0.01, real=0.02 secs] 
3236.618: [GC [PSYoungGen: 688720K->5920K(691328K)] 1548849K->866946K(2089472K), 0.0160675 secs] [Times: user=0.04 sys=0.00, real=0.01 secs] 
3239.400: [GC [PSYoungGen: 689439K->6848K(690432K)] 1550465K->868803K(2088576K), 0.0142896 secs] [Times: user=0.03 sys=0.00, real=0.01 secs] 
3243.765: [GC [PSYoungGen: 690367K->5040K(691200K)] 1552321K->868987K(2089344K), 0.0141929 secs] [Times: user=0.04 sys=0.00, real=0.01 secs] 
3246.229: [GC [PSYoungGen: 688351K->5776K(691136K)] 1552298K->870003K(2089280K), 0.0159778 secs] [Times: user=0.03 sys=0.00, real=0.02 secs] 
3248.221: [GC [PSYoungGen: 689104K->7329K(690624K)] 1553331K->872308K(2088768K), 0.0141852 secs] [Times: user=0.03 sys=0.01, real=0.02 secs] 
3251.150: [GC [PSYoungGen: 690308K->6128K(691008K)] 1555288K->873005K(2089152K), 0.0138893 secs] [Times: user=0.03 sys=0.01, real=0.01 secs] 
3256.114: [GC [PSYoungGen: 689120K->5616K(691264K)] 1555997K->873541K(2089408K), 0.0142311 secs] [Times: user=0.04 sys=0.00, real=0.02 secs] 
3258.338: [GC [PSYoungGen: 688999K->5856K(691136K)] 1556924K->874390K(2089280K), 0.0136308 secs] [Times: user=0.03 sys=0.00, real=0.01 secs] 
3260.652: [GC [PSYoungGen: 689223K->6096K(691520K)] 1557756K->875358K(2089664K), 0.0137677 secs] [Times: user=0.03 sys=0.00, real=0.02 secs] 
3263.397: [GC [PSYoungGen: 690060K->6176K(691456K)] 1559322K->876303K(2089600K), 0.0145666 secs] [Times: user=0.04 sys=0.01, real=0.01 secs] 
3266.457: [GC [PSYoungGen: 690140K->6128K(691648K)] 1560267K->877295K(2089792K), 0.0138104 secs] [Times: user=0.03 sys=0.00, real=0.01 secs] 
3267.972: [GC [PSYoungGen: 690352K->6016K(691584K)] 1561519K->878336K(2089728K), 0.0149134 secs] [Times: user=0.03 sys=0.00, real=0.02 secs] 
3270.393: [GC [PSYoungGen: 690217K->5504K(691840K)] 1562537K->878784K(2089984K), 0.0148395 secs] [Times: user=0.04 sys=0.01, real=0.02 secs] 
3273.463: [GC [PSYoungGen: 690096K->5408K(691776K)] 1563376K->879385K(2089920K), 0.0149282 secs] [Times: user=0.04 sys=0.00, real=0.02 secs] 
3275.630: [GC [PSYoungGen: 690013K->5456K(691904K)] 1563990K->879889K(2090048K), 0.0138892 secs] [Times: user=0.03 sys=0.00, real=0.01 secs] 
3277.957: [GC [PSYoungGen: 690180K->5440K(691840K)] 1564613K->880329K(2089984K), 0.0136556 secs] [Times: user=0.03 sys=0.00, real=0.01 secs] 
3279.602: [GC [PSYoungGen: 690147K->5760K(692096K)] 1565037K->881114K(2090240K), 0.0147544 secs] [Times: user=0.03 sys=0.00, real=0.02 secs] 
3281.268: [GC [PSYoungGen: 690810K->5584K(691968K)] 1566164K->881490K(2090112K), 0.0140111 secs] [Times: user=0.03 sys=0.00, real=0.01 secs] 
3283.000: [GC [PSYoungGen: 690615K->5072K(692160K)] 1566521K->881450K(2090304K), 0.0134664 secs] [Times: user=0.03 sys=0.01, real=0.01 secs] 
3284.017: [GC [PSYoungGen: 690376K->4992K(692160K)] 1566755K->881442K(2090304K), 0.0143481 secs] [Times: user=0.03 sys=0.01, real=0.01 secs] 
3284.407: [GC [PSYoungGen: 690304K->6835K(688576K)] 1566754K->887136K(2086720K), 0.0048076 secs] [Times: user=0.03 sys=0.00, real=0.00 secs] 
3284.707: [GC [PSYoungGen: 688562K->8196K(689984K)] 1568862K->889921K(2088128K), 0.0039034 secs] [Times: user=0.03 sys=0.00, real=0.00 secs] 
3285.066: [GC [PSYoungGen: 689924K->8276K(688832K)] 1571649K->891650K(2086976K), 0.0039936 secs] [Times: user=0.03 sys=0.00, real=0.00 secs] 
3285.429: [GC [PSYoungGen: 688081K->8948K(688768K)] 1571455K->893563K(2086912K), 0.0045913 secs] [Times: user=0.03 sys=0.00, real=0.00 secs] 
3285.780: [GC [PSYoungGen: 688748K->8756K(688064K)] 1573363K->894708K(2086208K), 0.0043451 secs] [Times: user=0.03 sys=0.00, real=0.00 secs] 
3286.115: [GC [PSYoungGen: 686644K->8772K(686720K)] 1572596K->896205K(2084864K), 0.0040860 secs] [Times: user=0.03 sys=0.00, real=0.01 secs] 
3286.459: [GC [PSYoungGen: 686654K->8484K(687872K)] 1574086K->897518K(2086016K), 0.0038019 secs] [Times: user=0.02 sys=0.00, real=0.00 secs] 
3286.802: [GC [PSYoungGen: 685461K->8196K(688000K)] 1574494K->899023K(2086144K), 0.0039388 secs] [Times: user=0.03 sys=0.00, real=0.01 secs] 
3287.141: [GC [PSYoungGen: 685185K->8388K(687936K)] 1576012K->900952K(2086080K), 0.0044584 secs] [Times: user=0.02 sys=0.00, real=0.00 secs] 
3287.480: [GC [PSYoungGen: 685375K->8516K(688000K)] 1577938K->902569K(2086144K), 0.0037895 secs] [Times: user=0.03 sys=0.00, real=0.00 secs] 
3287.808: [GC [PSYoungGen: 685508K->9172K(687488K)] 1579561K->904346K(2085632K), 0.0039336 secs] [Times: user=0.03 sys=0.00, real=0.00 secs] 
3288.159: [GC [PSYoungGen: 685652K->8500K(687744K)] 1580826K->905218K(2085888K), 0.0038608 secs] [Times: user=0.03 sys=0.00, real=0.00 secs] 
3288.469: [GC [PSYoungGen: 684980K->8260K(688000K)] 1581698K->906771K(2086144K), 0.0040007 secs] [Times: user=0.03 sys=0.00, real=0.00 secs] 
3288.825: [GC [PSYoungGen: 685060K->8740K(687808K)] 1583571K->908284K(2085952K), 0.0038330 secs] [Times: user=0.03 sys=0.00, real=0.01 secs] 
3289.163: [GC [PSYoungGen: 685532K->9156K(687680K)] 1585076K->909685K(2085824K), 0.0039404 secs] [Times: user=0.03 sys=0.00, real=0.01 secs] 
3289.515: [GC [PSYoungGen: 685764K->8772K(687808K)] 1586293K->910790K(2085952K), 0.0040800 secs] [Times: user=0.03 sys=0.00, real=0.01 secs] 
3289.866: [GC [PSYoungGen: 685380K->8708K(687936K)] 1587398K->912111K(2086080K), 0.0038197 secs] [Times: user=0.03 sys=0.01, real=0.01 secs] 
3290.209: [GC [PSYoungGen: 685508K->8788K(687872K)] 1588911K->913687K(2086016K), 0.0040962 secs] [Times: user=0.03 sys=0.00, real=0.00 secs] 
3290.557: [GC [PSYoungGen: 685579K->8372K(688256K)] 1590478K->915008K(2086400K), 0.0042825 secs] [Times: user=0.02 sys=0.00, real=0.00 secs] 
3290.925: [GC [PSYoungGen: 685610K->8500K(688000K)] 1592247K->916777K(2086144K), 0.0039227 secs] [Times: user=0.03 sys=0.00, real=0.01 secs] 
3291.365: [GC [PSYoungGen: 685743K->8724K(688448K)] 1594021K->918330K(2086592K), 0.0044329 secs] [Times: user=0.03 sys=0.00, real=0.01 secs] 
3291.724: [GC [PSYoungGen: 686537K->8564K(688384K)] 1596143K->919611K(2086528K), 0.0044519 secs] [Times: user=0.03 sys=0.00, real=0.01 secs] 
3292.246: [GC [PSYoungGen: 686373K->8244K(688768K)] 1597420K->921036K(2086912K), 0.0037845 secs] [Times: user=0.03 sys=0.00, real=0.00 secs] 
3292.609: [GC [PSYoungGen: 686630K->8452K(688640K)] 1599422K->923085K(2086784K), 0.0039466 secs] [Times: user=0.03 sys=0.00, real=0.00 secs] 
3293.126: [GC [PSYoungGen: 686852K->8868K(688832K)] 1601485K->924734K(2086976K), 0.0046258 secs] [Times: user=0.03 sys=0.00, real=0.01 secs] 
3293.436: [GC [PSYoungGen: 687647K->8548K(688896K)] 1603513K->925903K(2087040K), 0.0038403 secs] [Times: user=0.03 sys=0.00, real=0.00 secs] 
3293.799: [GC [PSYoungGen: 687328K->8372K(689152K)] 1604683K->927576K(2087296K), 0.0039722 secs] [Times: user=0.03 sys=0.00, real=0.00 secs] 
3294.171: [GC [PSYoungGen: 687533K->8708K(689024K)] 1606737K->929201K(2087168K), 0.0044836 secs] [Times: user=0.02 sys=0.00, real=0.00 secs] 
3294.522: [GC [PSYoungGen: 687871K->8308K(689280K)] 1608364K->930538K(2087424K), 0.0047069 secs] [Times: user=0.03 sys=0.00, real=0.01 secs] 
3295.074: [GC [PSYoungGen: 687796K->8260K(689216K)] 1610026K->931891K(2087360K), 0.0037305 secs] [Times: user=0.03 sys=0.00, real=0.01 secs] 
3295.374: [GC [PSYoungGen: 687747K->8484K(689472K)] 1611378K->933412K(2087616K), 0.0039808 secs] [Times: user=0.02 sys=0.00, real=0.01 secs] 
3296.618: [GC [PSYoungGen: 688350K->8084K(689408K)] 1613278K->934852K(2087552K), 0.0038967 secs] [Times: user=0.03 sys=0.00, real=0.00 secs] 
3296.919: [GC [PSYoungGen: 687955K->8196K(689600K)] 1614724K->936549K(2087744K), 0.0038943 secs] [Times: user=0.02 sys=0.00, real=0.00 secs] 
3297.276: [GC [PSYoungGen: 688322K->7924K(689536K)] 1616676K->938126K(2087680K), 0.0043370 secs] [Times: user=0.03 sys=0.01, real=0.01 secs] 
3297.662: [GC [PSYoungGen: 688028K->8292K(689728K)] 1618231K->940192K(2087872K), 0.0045484 secs] [Times: user=0.03 sys=0.01, real=0.01 secs] 
3298.015: [GC [PSYoungGen: 688676K->8772K(689664K)] 1620576K->941913K(2087808K), 0.0038640 secs] [Times: user=0.03 sys=0.00, real=0.01 secs] 
3298.371: [GC [PSYoungGen: 689156K->8420K(689728K)] 1622297K->943258K(2087872K), 0.0037942 secs] [Times: user=0.03 sys=0.01, real=0.00 secs] 
3298.669: [GC [PSYoungGen: 688800K->8132K(689664K)] 1623637K->944722K(2087808K), 0.0038275 secs] [Times: user=0.03 sys=0.00, real=0.00 secs] 
3299.030: [GC [PSYoungGen: 688516K->8884K(689536K)] 1625106K->946652K(2087680K), 0.0045204 secs] [Times: user=0.03 sys=0.00, real=0.00 secs] 
3299.437: [GC [PSYoungGen: 689194K->8148K(689664K)] 1626961K->947860K(2087808K), 0.0038250 secs] [Times: user=0.03 sys=0.00, real=0.00 secs] 
3299.744: [GC [PSYoungGen: 688456K->8516K(689728K)] 1628168K->949773K(2087872K), 0.0045830 secs] [Times: user=0.04 sys=0.00, real=0.01 secs] 
3300.108: [GC [PSYoungGen: 688949K->8564K(689728K)] 1630206K->951358K(2087872K), 0.0040311 secs] [Times: user=0.02 sys=0.00, real=0.00 secs] 
3300.469: [GC [PSYoungGen: 689004K->7988K(689792K)] 1631798K->952831K(2087936K), 0.0038741 secs] [Times: user=0.03 sys=0.00, real=0.00 secs] 
3300.823: [GC [PSYoungGen: 688558K->8164K(689792K)] 1633401K->954544K(2087936K), 0.0046752 secs] [Times: user=0.03 sys=0.00, real=0.01 secs] 
3301.179: [GC [PSYoungGen: 688712K->8532K(689856K)] 1635093K->956361K(2088000K), 0.0038678 secs] [Times: user=0.02 sys=0.01, real=0.00 secs] 
3301.537: [GC [PSYoungGen: 689228K->8756K(689472K)] 1637057K->957818K(2087616K), 0.0038110 secs] [Times: user=0.03 sys=0.00, real=0.00 secs] 
3301.889: [GC [PSYoungGen: 689450K->8628K(689792K)] 1638512K->959083K(2087936K), 0.0046111 secs] [Times: user=0.03 sys=0.00, real=0.00 secs] 
3302.248: [GC [PSYoungGen: 689195K->8596K(689792K)] 1639650K->960636K(2087936K), 0.0038645 secs] [Times: user=0.03 sys=0.00, real=0.00 secs] 
3302.766: [GC [PSYoungGen: 689169K->8228K(689792K)] 1641209K->962205K(2087936K), 0.0040947 secs] [Times: user=0.03 sys=0.00, real=0.01 secs] 
3303.129: [GC [PSYoungGen: 688804K->8500K(689792K)] 1642781K->963974K(2087936K), 0.0047445 secs] [Times: user=0.03 sys=0.00, real=0.00 secs] 
3303.462: [GC [PSYoungGen: 689071K->8772K(689728K)] 1644545K->965695K(2087872K), 0.0039025 secs] [Times: user=0.03 sys=0.00, real=0.00 secs] 
3303.912: [GC [PSYoungGen: 689341K->8372K(689792K)] 1646264K->966944K(2087936K), 0.0045337 secs] [Times: user=0.03 sys=0.00, real=0.01 secs] 
3304.267: [GC [PSYoungGen: 688942K->8340K(689920K)] 1647514K->968649K(2088064K), 0.0046764 secs] [Times: user=0.03 sys=0.00, real=0.00 secs] 
3304.617: [GC [PSYoungGen: 689100K->7700K(689856K)] 1649409K->970314K(2088000K), 0.0039510 secs] [Times: user=0.03 sys=0.00, real=0.00 secs] 
3304.914: [GC [PSYoungGen: 688456K->8292K(689920K)] 1651071K->972603K(2088064K), 0.0039395 secs] [Times: user=0.03 sys=0.00, real=0.01 secs] 
3305.305: [GC [PSYoungGen: 689048K->8484K(689856K)] 1653359K->974284K(2088000K), 0.0046370 secs] [Times: user=0.03 sys=0.00, real=0.01 secs] 
3305.659: [GC [PSYoungGen: 689252K->8468K(689984K)] 1655052K->975853K(2088128K), 0.0046725 secs] [Times: user=0.03 sys=0.00, real=0.00 secs] 
3306.024: [GC [PSYoungGen: 689364K->8340K(689920K)] 1656749K->977678K(2088064K), 0.0040193 secs] [Times: user=0.03 sys=0.00, real=0.01 secs] 
3306.385: [GC [PSYoungGen: 689229K->8148K(690048K)] 1658568K->979087K(2088192K), 0.0045624 secs] [Times: user=0.03 sys=0.01, real=0.01 secs] 
3306.775: [GC [PSYoungGen: 689226K->8868K(689984K)] 1660166K->981097K(2088128K), 0.0053034 secs] [Times: user=0.03 sys=0.00, real=0.01 secs] 
3307.125: [GC [PSYoungGen: 689934K->7571K(689728K)] 1662163K->982249K(2087872K), 0.0043509 secs] [Times: user=0.03 sys=0.00, real=0.01 secs] 
3307.485: [GC [PSYoungGen: 688265K->8516K(689856K)] 1662943K->984747K(2088000K), 0.0040106 secs] [Times: user=0.02 sys=0.00, real=0.01 secs] 
3307.845: [GC [PSYoungGen: 689220K->8644K(689728K)] 1665451K->986260K(2087872K), 0.0047938 secs] [Times: user=0.03 sys=0.00, real=0.01 secs] 
3308.202: [GC [PSYoungGen: 689220K->8308K(689792K)] 1666836K->987572K(2087936K), 0.0038648 secs] [Times: user=0.02 sys=0.00, real=0.00 secs] 
3308.567: [GC [PSYoungGen: 688883K->8404K(689920K)] 1668148K->989310K(2088064K), 0.0039825 secs] [Times: user=0.03 sys=0.00, real=0.01 secs] 
3308.926: [GC [PSYoungGen: 689159K->8324K(689856K)] 1670065K->990518K(2088000K), 0.0037998 secs] [Times: user=0.03 sys=0.00, real=0.01 secs] 
3309.284: [GC [PSYoungGen: 689092K->8868K(689728K)] 1671286K->992399K(2087872K), 0.0040210 secs] [Times: user=0.03 sys=0.00, real=0.01 secs] 
3309.641: [GC [PSYoungGen: 689558K->8420K(689856K)] 1673089K->993792K(2088000K), 0.0040735 secs] [Times: user=0.03 sys=0.00, real=0.00 secs] 
3309.950: [GC [PSYoungGen: 689123K->8500K(689984K)] 1674495K->995409K(2088128K), 0.0040309 secs] [Times: user=0.02 sys=0.00, real=0.00 secs] 
3310.313: [GC [PSYoungGen: 689394K->8756K(689920K)] 1676303K->997066K(2088064K), 0.0039832 secs] [Times: user=0.02 sys=0.00, real=0.01 secs] 
3310.721: [GC [PSYoungGen: 689636K->8660K(689920K)] 1677946K->998659K(2088064K), 0.0040531 secs] [Times: user=0.03 sys=0.00, real=0.00 secs] 
3311.020: [GC [PSYoungGen: 689480K->8164K(689920K)] 1679479K->999956K(2088064K), 0.0040880 secs] [Times: user=0.03 sys=0.00, real=0.00 secs] 
3311.377: [GC [PSYoungGen: 688992K->7924K(689792K)] 1680784K->1001757K(2087936K), 0.0040681 secs] [Times: user=0.03 sys=0.00, real=0.00 secs] 
3311.748: [GC [PSYoungGen: 688621K->8388K(689856K)] 1682454K->1003750K(2088000K), 0.0048435 secs] [Times: user=0.03 sys=0.00, real=0.00 secs] 
3312.316: [GC [PSYoungGen: 689087K->8548K(689920K)] 1684450K->1005399K(2088064K), 0.0038920 secs] [Times: user=0.03 sys=0.00, real=0.01 secs] 
3312.861: [GC [PSYoungGen: 689379K->8020K(689920K)] 1686230K->1006504K(2088064K), 0.0048246 secs] [Times: user=0.03 sys=0.00, real=0.00 secs] 
3313.235: [GC [PSYoungGen: 688852K->7940K(689920K)] 1687336K->1007505K(2088064K), 0.0037269 secs] [Times: user=0.03 sys=0.00, real=0.01 secs] 
3313.608: [GC [PSYoungGen: 688759K->4754K(685632K)] 1688324K->1004807K(2083776K), 0.0043307 secs] [Times: user=0.03 sys=0.00, real=0.00 secs] 
3314.014: [GC [PSYoungGen: 685579K->9589K(682368K)] 1685633K->1018027K(2080512K), 0.0099510 secs] [Times: user=0.06 sys=0.00, real=0.01 secs] 
3314.480: [GC [PSYoungGen: 682353K->13120K(685888K)] 1690791K->1034523K(2084032K), 0.0383456 secs] [Times: user=0.07 sys=0.00, real=0.04 secs] 
3314.991: [GC [PSYoungGen: 685874K->13120K(671296K)] 1707278K->1038067K(2069440K), 0.0358334 secs] [Times: user=0.06 sys=0.00, real=0.03 secs] 
3315.485: [GC [PSYoungGen: 671283K->16096K(674304K)] 1696230K->1041283K(2072448K), 0.0416342 secs] [Times: user=0.07 sys=0.00, real=0.05 secs] 
3315.994: [GC [PSYoungGen: 674269K->16144K(676416K)] 1699456K->1041587K(2074560K), 0.0357031 secs] [Times: user=0.06 sys=0.00, real=0.04 secs] 
3316.488: [GC [PSYoungGen: 671238K->16032K(671168K)] 1696682K->1041747K(2069312K), 0.0359405 secs] [Times: user=0.06 sys=0.00, real=0.03 secs] 
3316.978: [GC [PSYoungGen: 671133K->15968K(675968K)] 1696849K->1041939K(2074112K), 0.0362935 secs] [Times: user=0.06 sys=0.00, real=0.03 secs] 
3317.493: [GC [PSYoungGen: 669505K->15936K(669504K)] 1695476K->1042155K(2067648K), 0.0356354 secs] [Times: user=0.07 sys=0.01, real=0.04 secs] 
3318.019: [GC [PSYoungGen: 669500K->15904K(676160K)] 1695720K->1042371K(2074304K), 0.0363179 secs] [Times: user=0.06 sys=0.00, real=0.03 secs] 
3318.542: [GC [PSYoungGen: 669215K->15968K(676160K)] 1695682K->1042683K(2074304K), 0.0355285 secs] [Times: user=0.06 sys=0.01, real=0.04 secs] 
3319.058: [GC [PSYoungGen: 669270K->15968K(676224K)] 1695985K->1042931K(2074368K), 0.0352992 secs] [Times: user=0.06 sys=0.00, real=0.03 secs] 
3319.702: [GC [PSYoungGen: 669336K->15904K(676160K)] 1696300K->1043123K(2074304K), 0.0466332 secs] [Times: user=0.08 sys=0.00, real=0.05 secs] 
3320.241: [GC [PSYoungGen: 669270K->15936K(676608K)] 1696490K->1043403K(2074752K), 0.0448791 secs] [Times: user=0.07 sys=0.01, real=0.05 secs] 
3320.746: [GC [PSYoungGen: 669936K->15936K(676416K)] 1697404K->1043659K(2074560K), 0.0375042 secs] [Times: user=0.07 sys=0.00, real=0.04 secs] 
3321.269: [GC [PSYoungGen: 669922K->15936K(677056K)] 1697646K->1043923K(2075200K), 0.0367181 secs] [Times: user=0.06 sys=0.00, real=0.03 secs] 
3321.797: [GC [PSYoungGen: 670784K->16000K(676800K)] 1698771K->1044251K(2074944K), 0.0372029 secs] [Times: user=0.07 sys=0.00, real=0.03 secs] 
3322.318: [GC [PSYoungGen: 670840K->15936K(677504K)] 1699091K->1044443K(2075648K), 0.0366598 secs] [Times: user=0.06 sys=0.01, real=0.03 secs] 
3322.833: [GC [PSYoungGen: 671660K->16000K(677248K)] 1700168K->1044747K(2075392K), 0.0361280 secs] [Times: user=0.06 sys=0.00, real=0.04 secs] 
3323.355: [GC [PSYoungGen: 671737K->16000K(678016K)] 1700485K->1045003K(2076160K), 0.0363898 secs] [Times: user=0.06 sys=0.00, real=0.04 secs] 
3323.886: [GC [PSYoungGen: 672762K->16016K(677760K)] 1701765K->1045291K(2075904K), 0.0360483 secs] [Times: user=0.06 sys=0.00, real=0.04 secs] 
3324.408: [GC [PSYoungGen: 672784K->16032K(678528K)] 1702059K->1045563K(2076672K), 0.0360296 secs] [Times: user=0.06 sys=0.00, real=0.03 secs] 
3324.920: [GC [PSYoungGen: 673822K->16000K(678272K)] 1703354K->1045779K(2076416K), 0.0377552 secs] [Times: user=0.07 sys=0.00, real=0.04 secs] 
3325.438: [GC [PSYoungGen: 673776K->16064K(678976K)] 1703556K->1046107K(2077120K), 0.0372731 secs] [Times: user=0.06 sys=0.01, real=0.03 secs] 
3325.960: [GC [PSYoungGen: 674816K->16064K(678784K)] 1704859K->1046347K(2076928K), 0.0366185 secs] [Times: user=0.06 sys=0.00, real=0.03 secs] 
3326.492: [GC [PSYoungGen: 674814K->16064K(679424K)] 1705098K->1046603K(2077568K), 0.0411222 secs] [Times: user=0.07 sys=0.00, real=0.04 secs] 
3327.016: [GC [PSYoungGen: 675699K->16080K(679232K)] 1706239K->1046867K(2077376K), 0.0375785 secs] [Times: user=0.06 sys=0.00, real=0.04 secs] 
3327.552: [GC [PSYoungGen: 675717K->16096K(679808K)] 1706505K->1047139K(2077952K), 0.0416431 secs] [Times: user=0.07 sys=0.00, real=0.04 secs] 
3328.078: [GC [PSYoungGen: 676506K->16128K(679616K)] 1707550K->1047427K(2077760K), 0.0366535 secs] [Times: user=0.06 sys=0.01, real=0.03 secs] 
3328.600: [GC [PSYoungGen: 676544K->16096K(680192K)] 1707843K->1047659K(2078336K), 0.0361405 secs] [Times: user=0.06 sys=0.00, real=0.03 secs] 
3329.116: [GC [PSYoungGen: 677272K->16192K(680000K)] 1708836K->1048003K(2078144K), 0.0375656 secs] [Times: user=0.07 sys=0.01, real=0.04 secs] 
3329.630: [GC [PSYoungGen: 677367K->16128K(680448K)] 1709178K->1048187K(2078592K), 0.0383664 secs] [Times: user=0.07 sys=0.00, real=0.04 secs] 
3330.148: [GC [PSYoungGen: 677873K->16128K(680320K)] 1709932K->1048443K(2078464K), 0.0345221 secs] [Times: user=0.06 sys=0.01, real=0.03 secs] 
3330.659: [GC [PSYoungGen: 677884K->16128K(680768K)] 1710199K->1048691K(2078912K), 0.0365959 secs] [Times: user=0.07 sys=0.01, real=0.03 secs] 
3331.195: [GC [PSYoungGen: 678513K->16160K(680640K)] 1711077K->1048971K(2078784K), 0.0380522 secs] [Times: user=0.07 sys=0.00, real=0.04 secs] 
3331.724: [GC [PSYoungGen: 678552K->16160K(681024K)] 1711364K->1049219K(2079168K), 0.0380721 secs] [Times: user=0.06 sys=0.00, real=0.04 secs] 
3332.260: [GC [PSYoungGen: 679069K->16224K(680896K)] 1712129K->1049547K(2079040K), 0.0345162 secs] [Times: user=0.06 sys=0.00, real=0.03 secs] 
3332.785: [GC [PSYoungGen: 679112K->16160K(681216K)] 1712435K->1049739K(2079360K), 0.0363109 secs] [Times: user=0.06 sys=0.00, real=0.04 secs] 
3333.308: [GC [PSYoungGen: 679448K->16128K(681088K)] 1713028K->1049963K(2079232K), 0.0374967 secs] [Times: user=0.06 sys=0.00, real=0.03 secs] 
3333.838: [GC [PSYoungGen: 679412K->16224K(681408K)] 1713248K->1050315K(2079552K), 0.0368601 secs] [Times: user=0.06 sys=0.01, real=0.03 secs] 
3334.355: [GC [PSYoungGen: 679968K->16160K(681344K)] 1714059K->1050515K(2079488K), 0.0378452 secs] [Times: user=0.07 sys=0.00, real=0.04 secs] 
3334.889: [GC [PSYoungGen: 679898K->16256K(681600K)] 1714254K->1050867K(2079744K), 0.0368233 secs] [Times: user=0.07 sys=0.00, real=0.03 secs] 
3335.413: [GC [PSYoungGen: 680379K->16192K(681536K)] 1714990K->1051059K(2079680K), 0.0356438 secs] [Times: user=0.06 sys=0.00, real=0.04 secs] 
3336.057: [GC [PSYoungGen: 680294K->17315K(678080K)] 1715161K->1056206K(2076224K), 0.0331196 secs] [Times: user=0.06 sys=0.00, real=0.04 secs] 
3339.273: [GC [PSYoungGen: 678040K->7920K(668672K)] 1716932K->1051671K(2066816K), 0.0141689 secs] [Times: user=0.04 sys=0.00, real=0.02 secs] 
3343.411: [GC [PSYoungGen: 668625K->6656K(676544K)] 1712376K->1052279K(2074688K), 0.0143160 secs] [Times: user=0.04 sys=0.00, real=0.01 secs] 
3347.384: [GC [PSYoungGen: 662771K->6736K(662912K)] 1708394K->1053408K(2061056K), 0.0136528 secs] [Times: user=0.03 sys=0.00, real=0.02 secs] 
3351.840: [GC [PSYoungGen: 662838K->6688K(676032K)] 1709511K->1054393K(2074176K), 0.0148019 secs] [Times: user=0.03 sys=0.00, real=0.01 secs] 
3354.147: [GC [PSYoungGen: 660480K->6112K(659968K)] 1708185K->1054961K(2058112K), 0.0139625 secs] [Times: user=0.03 sys=0.00, real=0.02 secs] 
3357.429: [GC [PSYoungGen: 659936K->5936K(675968K)] 1708785K->1055385K(2074112K), 0.0168824 secs] [Times: user=0.03 sys=0.00, real=0.01 secs] 
3359.085: [GC [PSYoungGen: 658992K->6800K(676032K)] 1708441K->1056618K(2074176K), 0.0133618 secs] [Times: user=0.03 sys=0.00, real=0.02 secs] 
3364.017: [GC [PSYoungGen: 659844K->6800K(676608K)] 1709661K->1057682K(2074752K), 0.0141943 secs] [Times: user=0.03 sys=0.00, real=0.02 secs] 
3368.164: [GC [PSYoungGen: 660621K->5872K(676224K)] 1711503K->1057946K(2074368K), 0.0140978 secs] [Times: user=0.04 sys=0.00, real=0.01 secs] 
3370.119: [GC [PSYoungGen: 659682K->6928K(677440K)] 1711757K->1059275K(2075584K), 0.0155369 secs] [Times: user=0.03 sys=0.01, real=0.01 secs] 
3374.918: [GC [PSYoungGen: 662222K->7088K(676864K)] 1714569K->1060532K(2075008K), 0.0172950 secs] [Times: user=0.04 sys=0.00, real=0.02 secs] 
3378.499: [GC [PSYoungGen: 662355K->5920K(678528K)] 1715799K->1060956K(2076672K), 0.0171512 secs] [Times: user=0.03 sys=0.00, real=0.01 secs] 
3382.411: [GC [PSYoungGen: 663520K->5696K(678080K)] 1718556K->1061148K(2076224K), 0.0140578 secs] [Times: user=0.04 sys=0.00, real=0.01 secs] 
3386.059: [GC [PSYoungGen: 663284K->5984K(679616K)] 1718737K->1061580K(2077760K), 0.0150996 secs] [Times: user=0.03 sys=0.00, real=0.01 secs] 
3390.257: [GC [PSYoungGen: 665625K->6000K(679040K)] 1721222K->1061980K(2077184K), 0.0137434 secs] [Times: user=0.04 sys=0.00, real=0.02 secs] 
3394.450: [GC [PSYoungGen: 665639K->5888K(680832K)] 1721619K->1062301K(2078976K), 0.0148334 secs] [Times: user=0.03 sys=0.00, real=0.01 secs] 
3396.326: [GC [PSYoungGen: 667889K->7008K(680192K)] 1724302K->1063765K(2078336K), 0.0134300 secs] [Times: user=0.04 sys=0.01, real=0.02 secs] 
3399.977: [GC [PSYoungGen: 669015K->7696K(682496K)] 1725772K->1065566K(2080640K), 0.0143845 secs] [Times: user=0.03 sys=0.00, real=0.02 secs] 
3404.372: [GC [PSYoungGen: 672759K->6784K(681600K)] 1730628K->1066431K(2079744K), 0.0136516 secs] [Times: user=0.03 sys=0.00, real=0.01 secs] 
3408.331: [GC [PSYoungGen: 671858K->6400K(683648K)] 1731505K->1067167K(2081792K), 0.0182733 secs] [Times: user=0.04 sys=0.00, real=0.01 secs] 
3410.217: [GC [PSYoungGen: 674107K->6544K(683072K)] 1734875K->1067951K(2081216K), 0.0137036 secs] [Times: user=0.04 sys=0.00, real=0.02 secs] 
3415.532: [GC [PSYoungGen: 674235K->6608K(684736K)] 1735643K->1068680K(2082880K), 0.0171872 secs] [Times: user=0.04 sys=0.01, real=0.01 secs] 
3419.654: [GC [PSYoungGen: 676533K->6048K(684224K)] 1738605K->1069080K(2082368K), 0.0179570 secs] [Times: user=0.04 sys=0.00, real=0.02 secs] 
3423.853: [GC [PSYoungGen: 675994K->5888K(685568K)] 1739027K->1069272K(2083712K), 0.0138286 secs] [Times: user=0.04 sys=0.00, real=0.01 secs] 
3427.723: [GC [PSYoungGen: 677537K->6160K(685120K)] 1740922K->1069752K(2083264K), 0.0139959 secs] [Times: user=0.03 sys=0.00, real=0.01 secs] 
3430.190: [GC [PSYoungGen: 677840K->6368K(686464K)] 1741432K->1070417K(2084608K), 0.0160172 secs] [Times: user=0.03 sys=0.00, real=0.02 secs] 
3436.625: [GC [PSYoungGen: 679775K->6736K(685952K)] 1743824K->1071297K(2084096K), 0.0146170 secs] [Times: user=0.03 sys=0.00, real=0.01 secs] 
3440.113: [GC [PSYoungGen: 680136K->6688K(687360K)] 1744697K->1072314K(2085504K), 0.0142360 secs] [Times: user=0.03 sys=0.01, real=0.01 secs] 
3441.849: [GC [PSYoungGen: 681935K->6640K(686912K)] 1747560K->1073202K(2085056K), 0.0137345 secs] [Times: user=0.04 sys=0.00, real=0.02 secs] 
3444.475: [GC [PSYoungGen: 681878K->6416K(688128K)] 1748440K->1073786K(2086272K), 0.0137640 secs] [Times: user=0.04 sys=0.00, real=0.01 secs] 
3448.060: [GC [PSYoungGen: 683337K->6016K(687808K)] 1750708K->1074139K(2085952K), 0.0140325 secs] [Times: user=0.03 sys=0.00, real=0.02 secs] 
3450.676: [GC [PSYoungGen: 682927K->6816K(688768K)] 1751050K->1075243K(2086912K), 0.0151917 secs] [Times: user=0.03 sys=0.01, real=0.02 secs] 
3454.782: [GC [PSYoungGen: 684943K->6176K(688384K)] 1753370K->1075683K(2086528K), 0.0145596 secs] [Times: user=0.04 sys=0.00, real=0.01 secs] 
3456.916: [GC [PSYoungGen: 684317K->7392K(689088K)] 1753825K->1077212K(2087232K), 0.0142326 secs] [Times: user=0.03 sys=0.00, real=0.01 secs] 
3460.847: [GC [PSYoungGen: 686409K->7424K(688960K)] 1756229K->1078525K(2087104K), 0.0144497 secs] [Times: user=0.04 sys=0.00, real=0.02 secs] 
3463.078: [GC [PSYoungGen: 686439K->6704K(689408K)] 1757540K->1079269K(2087552K), 0.0145150 secs] [Times: user=0.04 sys=0.00, real=0.02 secs] 
3465.431: [GC [PSYoungGen: 686225K->6576K(689152K)] 1758791K->1080030K(2087296K), 0.0166236 secs] [Times: user=0.04 sys=0.00, real=0.02 secs] 
3469.870: [GC [PSYoungGen: 686117K->6384K(689792K)] 1759571K->1080494K(2087936K), 0.0147059 secs] [Times: user=0.03 sys=0.01, real=0.02 secs] 
3473.572: [GC [PSYoungGen: 686806K->6336K(689664K)] 1760916K->1081086K(2087808K), 0.0147715 secs] [Times: user=0.04 sys=0.00, real=0.01 secs] 
3477.921: [GC [PSYoungGen: 686778K->6064K(690112K)] 1761529K->1081358K(2088256K), 0.0139676 secs] [Times: user=0.03 sys=0.00, real=0.02 secs] 
3479.533: [GC [PSYoungGen: 687152K->6448K(689984K)] 1762446K->1082047K(2088128K), 0.0160402 secs] [Times: user=0.04 sys=0.01, real=0.01 secs] 
3483.725: [GC [PSYoungGen: 687536K->7264K(690240K)] 1763135K->1083375K(2088384K), 0.0141666 secs] [Times: user=0.03 sys=0.00, real=0.01 secs] 
3489.519: [GC [PSYoungGen: 688726K->6304K(690240K)] 1764838K->1083399K(2088384K), 0.0191234 secs] [Times: user=0.04 sys=0.00, real=0.02 secs] 
3493.983: [GC [PSYoungGen: 687773K->6064K(690496K)] 1764869K->1083736K(2088640K), 0.0146675 secs] [Times: user=0.03 sys=0.01, real=0.01 secs] 
3496.664: [GC [PSYoungGen: 687913K->7216K(690368K)] 1765585K->1085168K(2088512K), 0.0157345 secs] [Times: user=0.03 sys=0.00, real=0.01 secs] 
3502.114: [GC [PSYoungGen: 689041K->6480K(690560K)] 1766993K->1085673K(2088704K), 0.0145620 secs] [Times: user=0.04 sys=0.00, real=0.01 secs] 
3506.047: [GC [PSYoungGen: 688450K->6272K(690432K)] 1767643K->1086041K(2088576K), 0.0135412 secs] [Times: user=0.03 sys=0.00, real=0.01 secs] 
3507.546: [GC [PSYoungGen: 688232K->7008K(690688K)] 1768001K->1087153K(2088832K), 0.0144219 secs] [Times: user=0.03 sys=0.00, real=0.01 secs] 
3510.170: [GC [PSYoungGen: 689371K->6768K(690688K)] 1769516K->1088010K(2088832K), 0.0153313 secs] [Times: user=0.04 sys=0.00, real=0.02 secs] 
3514.866: [GC [PSYoungGen: 689106K->6016K(690880K)] 1770348K->1088210K(2089024K), 0.0174727 secs] [Times: user=0.04 sys=0.00, real=0.02 secs] 
3519.376: [GC [PSYoungGen: 688701K->5968K(690816K)] 1770896K->1088378K(2088960K), 0.0189500 secs] [Times: user=0.04 sys=0.00, real=0.02 secs] 
3523.365: [GC [PSYoungGen: 688642K->6176K(691008K)] 1771053K->1088810K(2089152K), 0.0152466 secs] [Times: user=0.03 sys=0.00, real=0.01 secs] 
3525.793: [GC [PSYoungGen: 689120K->6160K(690944K)] 1771754K->1089138K(2089088K), 0.0152109 secs] [Times: user=0.03 sys=0.00, real=0.02 secs] 
3529.269: [GC [PSYoungGen: 689102K->6128K(691200K)] 1772081K->1089362K(2089344K), 0.0148854 secs] [Times: user=0.03 sys=0.00, real=0.02 secs] 
3530.791: [GC [PSYoungGen: 689373K->7584K(690880K)] 1772607K->1091035K(2089024K), 0.0133064 secs] [Times: user=0.04 sys=0.00, real=0.02 secs] 
3533.804: [GC [PSYoungGen: 690817K->6064K(690944K)] 1774268K->1090915K(2089088K), 0.0163209 secs] [Times: user=0.04 sys=0.00, real=0.01 secs] 
3536.523: [GC [PSYoungGen: 688864K->6400K(690880K)] 1773715K->1091364K(2089024K), 0.0143872 secs] [Times: user=0.04 sys=0.00, real=0.02 secs] 
3538.041: [GC [PSYoungGen: 689201K->6400K(691200K)] 1774165K->1091700K(2089344K), 0.0166327 secs] [Times: user=0.03 sys=0.00, real=0.02 secs] 
3539.674: [GC [PSYoungGen: 689646K->6272K(691072K)] 1774946K->1091828K(2089216K), 0.0173393 secs] [Times: user=0.04 sys=0.01, real=0.01 secs] 
3540.903: [GC [PSYoungGen: 689527K->6384K(691392K)] 1775083K->1092012K(2089536K), 0.0130982 secs] [Times: user=0.04 sys=0.00, real=0.02 secs] 
3541.272: [GC [PSYoungGen: 690085K->7603K(691328K)] 1775713K->1098329K(2089472K), 0.0057336 secs] [Times: user=0.04 sys=0.00, real=0.01 secs] 
3541.615: [GC [PSYoungGen: 691313K->7667K(685184K)] 1782039K->1101091K(2083328K), 0.0042156 secs] [Times: user=0.03 sys=0.00, real=0.00 secs] 
3541.944: [GC [PSYoungGen: 685171K->9540K(687104K)] 1778595K->1103796K(2085248K), 0.0052231 secs] [Times: user=0.03 sys=0.01, real=0.01 secs] 
3542.305: [GC [PSYoungGen: 687044K->9188K(687296K)] 1781300K->1104589K(2085440K), 0.0041081 secs] [Times: user=0.03 sys=0.00, real=0.00 secs] 
3542.595: [GC [PSYoungGen: 685269K->9540K(685696K)] 1780670K->1105838K(2083840K), 0.0040606 secs] [Times: user=0.03 sys=0.00, real=0.00 secs] 
3542.973: [GC [PSYoungGen: 685629K->9348K(687040K)] 1781926K->1106686K(2085184K), 0.0041723 secs] [Times: user=0.03 sys=0.01, real=0.01 secs] 
3543.267: [GC [PSYoungGen: 684661K->9636K(684992K)] 1781999K->1107695K(2083136K), 0.0041754 secs] [Times: user=0.03 sys=0.00, real=0.00 secs] 
3543.594: [GC [PSYoungGen: 684955K->9588K(686720K)] 1783013K->1108535K(2084864K), 0.0041505 secs] [Times: user=0.03 sys=0.00, real=0.00 secs] 
3543.939: [GC [PSYoungGen: 684276K->9781K(684480K)] 1783223K->1109352K(2082624K), 0.0053695 secs] [Times: user=0.04 sys=0.00, real=0.01 secs] 
3544.289: [GC [PSYoungGen: 684462K->9716K(686592K)] 1784033K->1110128K(2084736K), 0.0042860 secs] [Times: user=0.03 sys=0.00, real=0.01 secs] 
3544.630: [GC [PSYoungGen: 684006K->9764K(684096K)] 1784417K->1110856K(2082240K), 0.0041522 secs] [Times: user=0.03 sys=0.00, real=0.01 secs] 
3544.984: [GC [PSYoungGen: 684064K->9348K(686720K)] 1785156K->1111585K(2084864K), 0.0043104 secs] [Times: user=0.03 sys=0.00, real=0.00 secs] 
3545.343: [GC [PSYoungGen: 683647K->9508K(686592K)] 1785883K->1112530K(2084736K), 0.0050067 secs] [Times: user=0.03 sys=0.00, real=0.01 secs] 
3545.693: [GC [PSYoungGen: 683803K->9524K(686912K)] 1786824K->1113362K(2085056K), 0.0048814 secs] [Times: user=0.03 sys=0.00, real=0.01 secs] 
3546.060: [GC [PSYoungGen: 684211K->8980K(686784K)] 1788048K->1114315K(2084928K), 0.0041359 secs] [Times: user=0.03 sys=0.00, real=0.01 secs] 
3546.356: [GC [PSYoungGen: 683667K->9636K(687232K)] 1789002K->1115755K(2085376K), 0.0042111 secs] [Times: user=0.03 sys=0.00, real=0.00 secs] 
3546.776: [GC [PSYoungGen: 685092K->9188K(687232K)] 1791211K->1116596K(2085376K), 0.0042043 secs] [Times: user=0.03 sys=0.00, real=0.00 secs] 
3547.074: [GC [PSYoungGen: 684633K->9460K(687552K)] 1792041K->1117901K(2085696K), 0.0041946 secs] [Times: user=0.03 sys=0.00, real=0.00 secs] 
3547.423: [GC [PSYoungGen: 685404K->9476K(687424K)] 1793845K->1118741K(2085568K), 0.0041703 secs] [Times: user=0.03 sys=0.00, real=0.01 secs] 
3547.786: [GC [PSYoungGen: 685426K->9845K(687488K)] 1794691K->1119742K(2085632K), 0.0052725 secs] [Times: user=0.04 sys=0.00, real=0.00 secs] 
3548.136: [GC [PSYoungGen: 685941K->9412K(687552K)] 1795838K->1120342K(2085696K), 0.0041899 secs] [Times: user=0.03 sys=0.00, real=0.00 secs] 
3548.492: [GC [PSYoungGen: 685503K->9172K(687936K)] 1796433K->1121327K(2086080K), 0.0053227 secs] [Times: user=0.03 sys=0.00, real=0.01 secs] 
3548.845: [GC [PSYoungGen: 685816K->9300K(687744K)] 1797970K->1122488K(2085888K), 0.0043769 secs] [Times: user=0.03 sys=0.00, real=0.00 secs] 
3549.204: [GC [PSYoungGen: 685952K->9556K(688128K)] 1799139K->1123584K(2086272K), 0.0042071 secs] [Times: user=0.03 sys=0.00, real=0.01 secs] 
3549.567: [GC [PSYoungGen: 686727K->9684K(688064K)] 1800755K->1124433K(2086208K), 0.0051330 secs] [Times: user=0.03 sys=0.00, real=0.00 secs] 
3549.929: [GC [PSYoungGen: 686847K->9604K(688128K)] 1801596K->1125241K(2086272K), 0.0042348 secs] [Times: user=0.03 sys=0.00, real=0.00 secs] 
3550.311: [GC [PSYoungGen: 686851K->9236K(688128K)] 1802488K->1126058K(2086272K), 0.0041217 secs] [Times: user=0.03 sys=0.00, real=0.01 secs] 
3550.676: [GC [PSYoungGen: 686471K->9652K(688320K)] 1803293K->1127162K(2086464K), 0.0041867 secs] [Times: user=0.03 sys=0.00, real=0.00 secs] 
3551.032: [GC [PSYoungGen: 687219K->9604K(688256K)] 1804728K->1128011K(2086400K), 0.0042068 secs] [Times: user=0.03 sys=0.00, real=0.01 secs] 
3551.443: [GC [PSYoungGen: 687171K->9620K(688384K)] 1805577K->1128811K(2086528K), 0.0042263 secs] [Times: user=0.03 sys=0.00, real=0.01 secs] 
3551.805: [GC [PSYoungGen: 687312K->9412K(688320K)] 1806503K->1129748K(2086464K), 0.0042335 secs] [Times: user=0.03 sys=0.00, real=0.00 secs] 
3552.102: [GC [PSYoungGen: 687108K->9700K(688512K)] 1807444K->1130765K(2086656K), 0.0041245 secs] [Times: user=0.03 sys=0.00, real=0.01 secs] 
3552.518: [GC [PSYoungGen: 687716K->9460K(688512K)] 1808780K->1131461K(2086656K), 0.0042405 secs] [Times: user=0.03 sys=0.00, real=0.00 secs] 
3552.885: [GC [PSYoungGen: 687474K->9540K(688640K)] 1809475K->1132421K(2086784K), 0.0040683 secs] [Times: user=0.03 sys=0.00, real=0.00 secs] 
3553.184: [GC [PSYoungGen: 687738K->9428K(688576K)] 1810619K->1133182K(2086720K), 0.0043038 secs] [Times: user=0.03 sys=0.00, real=0.01 secs] 
3553.545: [GC [PSYoungGen: 687627K->9412K(688832K)] 1811380K->1134199K(2086976K), 0.0047812 secs] [Times: user=0.04 sys=0.01, real=0.00 secs] 
3553.911: [GC [PSYoungGen: 687929K->9797K(688704K)] 1812715K->1135255K(2086848K), 0.0044458 secs] [Times: user=0.03 sys=0.00, real=0.01 secs] 
3554.272: [GC [PSYoungGen: 688324K->9044K(688768K)] 1813783K->1135888K(2086912K), 0.0042725 secs] [Times: user=0.03 sys=0.00, real=0.01 secs] 
3554.668: [GC [PSYoungGen: 687570K->9845K(688384K)] 1814414K->1137416K(2086528K), 0.0042326 secs] [Times: user=0.04 sys=0.00, real=0.00 secs] 
3555.048: [GC [PSYoungGen: 688372K->9300K(688704K)] 1815944K->1138049K(2086848K), 0.0043804 secs] [Times: user=0.04 sys=0.00, real=0.00 secs] 
3555.427: [GC [PSYoungGen: 687694K->9172K(688704K)] 1816443K->1139098K(2086848K), 0.0048145 secs] [Times: user=0.03 sys=0.00, real=0.00 secs] 
3555.812: [GC [PSYoungGen: 687558K->9444K(688832K)] 1817483K->1140298K(2086976K), 0.0042286 secs] [Times: user=0.03 sys=0.00, real=0.01 secs] 
3556.286: [GC [PSYoungGen: 688030K->9108K(688768K)] 1818884K->1141355K(2086912K), 0.0042020 secs] [Times: user=0.03 sys=0.00, real=0.00 secs] 
3556.588: [GC [PSYoungGen: 687699K->9668K(688832K)] 1819946K->1142644K(2086976K), 0.0041547 secs] [Times: user=0.03 sys=0.00, real=0.00 secs] 
3557.033: [GC [PSYoungGen: 688318K->9364K(688832K)] 1821293K->1143364K(2086976K), 0.0054462 secs] [Times: user=0.04 sys=0.00, real=0.01 secs] 
3557.333: [GC [PSYoungGen: 688013K->9749K(688768K)] 1822013K->1144477K(2086912K), 0.0043127 secs] [Times: user=0.03 sys=0.00, real=0.01 secs] 
3557.710: [GC [PSYoungGen: 688403K->9316K(688832K)] 1823132K->1145165K(2086976K), 0.0049745 secs] [Times: user=0.02 sys=0.00, real=0.01 secs] 
3558.102: [GC [PSYoungGen: 687965K->9524K(688896K)] 1823814K->1146198K(2087040K), 0.0057307 secs] [Times: user=0.04 sys=0.01, real=0.01 secs] 
3558.485: [GC [PSYoungGen: 688308K->9380K(688896K)] 1824982K->1147046K(2087040K), 0.0042810 secs] [Times: user=0.03 sys=0.00, real=0.00 secs] 
3558.860: [GC [PSYoungGen: 688154K->9300K(689024K)] 1825820K->1148143K(2087168K), 0.0043527 secs] [Times: user=0.03 sys=0.00, real=0.01 secs] 
3559.234: [GC [PSYoungGen: 688274K->9396K(688960K)] 1827117K->1149272K(2087104K), 0.0042309 secs] [Times: user=0.03 sys=0.00, real=0.01 secs] 
3559.623: [GC [PSYoungGen: 688360K->9588K(689024K)] 1828235K->1150344K(2087168K), 0.0042526 secs] [Times: user=0.03 sys=0.00, real=0.01 secs] 
3560.009: [GC [PSYoungGen: 688613K->9348K(689024K)] 1829369K->1151233K(2087168K), 0.0044998 secs] [Times: user=0.03 sys=0.00, real=0.00 secs] 
3560.390: [GC [PSYoungGen: 688378K->9300K(689088K)] 1830263K->1152378K(2087232K), 0.0042281 secs] [Times: user=0.03 sys=0.00, real=0.01 secs] 
3560.760: [GC [PSYoungGen: 688457K->9492K(689088K)] 1831534K->1153394K(2087232K), 0.0042048 secs] [Times: user=0.03 sys=0.00, real=0.01 secs] 
3561.143: [GC [PSYoungGen: 688647K->9492K(689152K)] 1832549K->1154371K(2087296K), 0.0054432 secs] [Times: user=0.03 sys=0.00, real=0.01 secs] 
3561.523: [GC [PSYoungGen: 688721K->9829K(689088K)] 1833600K->1155371K(2087232K), 0.0055288 secs] [Times: user=0.04 sys=0.00, real=0.01 secs] 
3561.901: [GC [PSYoungGen: 689056K->9316K(688960K)] 1834599K->1155900K(2087104K), 0.0043551 secs] [Times: user=0.03 sys=0.00, real=0.01 secs] 
3562.278: [GC [PSYoungGen: 688345K->9444K(689024K)] 1834928K->1157012K(2087168K), 0.0053150 secs] [Times: user=0.03 sys=0.00, real=0.00 secs] 
3562.659: [GC [PSYoungGen: 688484K->9652K(689088K)] 1836052K->1157949K(2087232K), 0.0042135 secs] [Times: user=0.03 sys=0.00, real=0.00 secs] 
3563.043: [GC [PSYoungGen: 688813K->9076K(688256K)] 1837109K->1158709K(2086400K), 0.0055046 secs] [Times: user=0.03 sys=0.00, real=0.01 secs] 
3563.427: [GC [PSYoungGen: 688240K->9396K(689088K)] 1837873K->1160006K(2087232K), 0.0052970 secs] [Times: user=0.03 sys=0.00, real=0.00 secs] 
3563.800: [GC [PSYoungGen: 688495K->9092K(689024K)] 1839105K->1161151K(2087168K), 0.0043792 secs] [Times: user=0.03 sys=0.00, real=0.01 secs] 
3564.182: [GC [PSYoungGen: 688196K->9284K(689088K)] 1840255K->1162432K(2087232K), 0.0041814 secs] [Times: user=0.03 sys=0.01, real=0.01 secs] 
3564.566: [GC [PSYoungGen: 688440K->8852K(689088K)] 1841588K->1163240K(2087232K), 0.0043387 secs] [Times: user=0.03 sys=0.00, real=0.00 secs] 
3564.932: [GC [PSYoungGen: 688018K->9412K(689088K)] 1842406K->1164841K(2087232K), 0.0043080 secs] [Times: user=0.03 sys=0.00, real=0.01 secs] 
3565.305: [GC [PSYoungGen: 688574K->9268K(689088K)] 1844003K->1165882K(2087232K), 0.0055761 secs] [Times: user=0.03 sys=0.00, real=0.00 secs] 
3565.680: [GC [PSYoungGen: 688428K->9108K(689152K)] 1845042K->1166946K(2087296K), 0.0053001 secs] [Times: user=0.03 sys=0.00, real=0.01 secs] 
3566.133: [GC [PSYoungGen: 688391K->8788K(688128K)] 1846229K->1168171K(2086272K), 0.0042991 secs] [Times: user=0.03 sys=0.00, real=0.01 secs] 
3566.435: [GC [PSYoungGen: 688078K->9364K(689152K)] 1847461K->1169892K(2087296K), 0.0043876 secs] [Times: user=0.03 sys=0.00, real=0.00 secs] 
3566.808: [GC [PSYoungGen: 688592K->9684K(688960K)] 1849120K->1170989K(2087104K), 0.0044387 secs] [Times: user=0.04 sys=0.00, real=0.00 secs] 
3567.199: [GC [PSYoungGen: 688904K->8996K(689024K)] 1850208K->1171581K(2087168K), 0.0053472 secs] [Times: user=0.04 sys=0.00, real=0.01 secs] 
3567.578: [GC [PSYoungGen: 688024K->9604K(688704K)] 1850610K->1172926K(2086848K), 0.0042565 secs] [Times: user=0.03 sys=0.00, real=0.00 secs] 
3567.960: [GC [PSYoungGen: 688642K->8964K(689024K)] 1851964K->1173615K(2087168K), 0.0052897 secs] [Times: user=0.03 sys=0.00, real=0.01 secs] 
3568.332: [GC [PSYoungGen: 687940K->9412K(688960K)] 1852591K->1175055K(2087104K), 0.0042791 secs] [Times: user=0.03 sys=0.00, real=0.01 secs] 
3568.750: [GC [PSYoungGen: 688388K->9124K(689024K)] 1854031K->1176152K(2087168K), 0.0042475 secs] [Times: user=0.03 sys=0.01, real=0.00 secs] 
3569.126: [GC [PSYoungGen: 688160K->9300K(689024K)] 1855188K->1177305K(2087168K), 0.0054979 secs] [Times: user=0.03 sys=0.00, real=0.00 secs] 
3569.524: [GC [PSYoungGen: 688329K->8340K(688960K)] 1856334K->1177241K(2087104K), 0.0041511 secs] [Times: user=0.03 sys=0.00, real=0.01 secs] 
3569.918: [GC [PSYoungGen: 687371K->6387K(685440K)] 1856272K->1175728K(2083584K), 0.0052298 secs] [Times: user=0.04 sys=0.00, real=0.00 secs] 
3570.327: [GC [PSYoungGen: 685427K->10341K(684800K)] 1854768K->1183690K(2082944K), 0.0112788 secs] [Times: user=0.04 sys=0.00, real=0.01 secs] 
3570.797: [GC [PSYoungGen: 684773K->12288K(686720K)] 1858122K->1205875K(2084864K), 0.0366714 secs] [Times: user=0.07 sys=0.00, real=0.03 secs] 
3571.284: [GC [PSYoungGen: 686702K->12288K(663936K)] 1880290K->1216283K(2062080K), 0.0347876 secs] [Times: user=0.07 sys=0.01, real=0.04 secs] 
3571.777: [GC [PSYoungGen: 663936K->21632K(673280K)] 1867931K->1225923K(2071424K), 0.0332302 secs] [Times: user=0.06 sys=0.00, real=0.03 secs] 
3572.251: [GC [PSYoungGen: 673280K->21632K(669568K)] 1877571K->1226267K(2067712K), 0.0387678 secs] [Times: user=0.06 sys=0.00, real=0.04 secs] 
3572.726: [GC [PSYoungGen: 665470K->21344K(665216K)] 1870105K->1226323K(2063360K), 0.0388934 secs] [Times: user=0.07 sys=0.00, real=0.04 secs] 
3573.201: [GC [PSYoungGen: 665170K->21376K(668288K)] 1870149K->1226707K(2066432K), 0.0325285 secs] [Times: user=0.06 sys=0.00, real=0.03 secs] 
3573.665: [GC [PSYoungGen: 660850K->21248K(660736K)] 1866182K->1226923K(2058880K), 0.0333768 secs] [Times: user=0.06 sys=0.01, real=0.03 secs] 
3574.136: [GC [PSYoungGen: 660729K->21216K(667904K)] 1866404K->1227251K(2066048K), 0.0331542 secs] [Times: user=0.06 sys=0.01, real=0.03 secs] 
3574.603: [GC [PSYoungGen: 658784K->21120K(658688K)] 1864819K->1227515K(2056832K), 0.0323358 secs] [Times: user=0.06 sys=0.00, real=0.04 secs] 
3575.070: [GC [PSYoungGen: 658688K->21152K(667904K)] 1865083K->1227907K(2066048K), 0.0327070 secs] [Times: user=0.05 sys=0.00, real=0.03 secs] 
3575.532: [GC [PSYoungGen: 658079K->21120K(667968K)] 1864834K->1228235K(2066112K), 0.0324291 secs] [Times: user=0.06 sys=0.00, real=0.03 secs] 
3576.001: [GC [PSYoungGen: 658047K->21120K(668160K)] 1865162K->1228595K(2066304K), 0.0328724 secs] [Times: user=0.06 sys=0.00, real=0.03 secs] 
3576.466: [GC [PSYoungGen: 658304K->21120K(668032K)] 1865779K->1228955K(2066176K), 0.0323385 secs] [Times: user=0.06 sys=0.00, real=0.03 secs] 
3576.935: [GC [PSYoungGen: 658304K->21152K(668672K)] 1866139K->1229339K(2066816K), 0.0328331 secs] [Times: user=0.06 sys=0.00, real=0.03 secs] 
3577.406: [GC [PSYoungGen: 659201K->21152K(668416K)] 1867388K->1229691K(2066560K), 0.0316831 secs] [Times: user=0.06 sys=0.00, real=0.03 secs] 
3577.884: [GC [PSYoungGen: 659223K->21152K(669248K)] 1867762K->1230051K(2067392K), 0.0326593 secs] [Times: user=0.06 sys=0.00, real=0.04 secs] 
3578.349: [GC [PSYoungGen: 660304K->21184K(668928K)] 1869203K->1230427K(2067072K), 0.0324340 secs] [Times: user=0.06 sys=0.00, real=0.03 secs] 
3578.813: [GC [PSYoungGen: 660337K->21184K(669952K)] 1869581K->1230779K(2068096K), 0.0366266 secs] [Times: user=0.06 sys=0.01, real=0.04 secs] 
3579.283: [GC [PSYoungGen: 661756K->21248K(669632K)] 1871352K->1231187K(2067776K), 0.0327198 secs] [Times: user=0.06 sys=0.01, real=0.04 secs] 
3579.756: [GC [PSYoungGen: 661824K->21280K(670656K)] 1871763K->1231579K(2068800K), 0.0331669 secs] [Times: user=0.06 sys=0.01, real=0.03 secs] 
3580.224: [GC [PSYoungGen: 663264K->21344K(670336K)] 1873563K->1232003K(2068480K), 0.0336219 secs] [Times: user=0.06 sys=0.00, real=0.04 secs] 
3580.691: [GC [PSYoungGen: 663328K->21312K(671296K)] 1873987K->1232331K(2069440K), 0.0323602 secs] [Times: user=0.06 sys=0.00, real=0.03 secs] 
3581.155: [GC [PSYoungGen: 664576K->21344K(670976K)] 1875595K->1232715K(2069120K), 0.0321597 secs] [Times: user=0.06 sys=0.01, real=0.03 secs] 
3581.625: [GC [PSYoungGen: 664594K->21312K(672000K)] 1875965K->1233035K(2070144K), 0.0390316 secs] [Times: user=0.07 sys=0.01, real=0.03 secs] 
3582.112: [GC [PSYoungGen: 665983K->21408K(671680K)] 1877707K->1233491K(2069824K), 0.0333189 secs] [Times: user=0.06 sys=0.00, real=0.04 secs] 
3582.575: [GC [PSYoungGen: 666065K->21376K(672576K)] 1878148K->1233827K(2070720K), 0.0384636 secs] [Times: user=0.07 sys=0.01, real=0.04 secs] 
3583.052: [GC [PSYoungGen: 667185K->21440K(672256K)] 1879636K->1234235K(2070400K), 0.0323734 secs] [Times: user=0.06 sys=0.00, real=0.03 secs] 
3583.523: [GC [PSYoungGen: 667257K->21440K(673152K)] 1880052K->1234603K(2071296K), 0.0331206 secs] [Times: user=0.06 sys=0.00, real=0.04 secs] 
3583.998: [GC [PSYoungGen: 668410K->21504K(672832K)] 1881574K->1235035K(2070976K), 0.0337644 secs] [Times: user=0.06 sys=0.00, real=0.03 secs] 
3584.462: [GC [PSYoungGen: 668478K->21504K(673600K)] 1882010K->1235387K(2071744K), 0.0335971 secs] [Times: user=0.06 sys=0.00, real=0.04 secs] 
3584.932: [GC [PSYoungGen: 669420K->21504K(673344K)] 1883304K->1235747K(2071488K), 0.0333913 secs] [Times: user=0.06 sys=0.00, real=0.04 secs] 
3585.416: [GC [PSYoungGen: 669440K->21536K(674048K)] 1883683K->1236131K(2072192K), 0.0349759 secs] [Times: user=0.07 sys=0.01, real=0.03 secs] 
3585.900: [GC [PSYoungGen: 670357K->21584K(673792K)] 1884952K->1236531K(2071936K), 0.0339066 secs] [Times: user=0.06 sys=0.00, real=0.03 secs] 
3586.371: [GC [PSYoungGen: 670415K->21536K(674432K)] 1885362K->1236851K(2072576K), 0.0350224 secs] [Times: user=0.06 sys=0.00, real=0.04 secs] 
3586.849: [GC [PSYoungGen: 671200K->21568K(674240K)] 1886515K->1237243K(2072384K), 0.0346602 secs] [Times: user=0.06 sys=0.00, real=0.03 secs] 
3587.325: [GC [PSYoungGen: 671228K->21600K(674752K)] 1886904K->1237635K(2072896K), 0.0395942 secs] [Times: user=0.07 sys=0.00, real=0.04 secs] 
3587.815: [GC [PSYoungGen: 671968K->21536K(674624K)] 1888003K->1237939K(2072768K), 0.0346350 secs] [Times: user=0.07 sys=0.00, real=0.04 secs] 
3588.300: [GC [PSYoungGen: 671904K->21568K(675072K)] 1888307K->1238331K(2073216K), 0.0358977 secs] [Times: user=0.07 sys=0.00, real=0.04 secs] 
3588.794: [GC [PSYoungGen: 672569K->21568K(674944K)] 1889332K->1238691K(2073088K), 0.0396094 secs] [Times: user=0.07 sys=0.01, real=0.04 secs] 
3589.279: [GC [PSYoungGen: 672576K->21600K(675392K)] 1889699K->1239091K(2073536K), 0.0396295 secs] [Times: user=0.07 sys=0.00, real=0.04 secs] 
3589.775: [GC [PSYoungGen: 673248K->21680K(675264K)] 1890739K->1239539K(2073408K), 0.0352454 secs] [Times: user=0.07 sys=0.00, real=0.04 secs] 
3590.268: [GC [PSYoungGen: 673328K->21632K(675584K)] 1891187K->1239843K(2073728K), 0.0350552 secs] [Times: user=0.06 sys=0.00, real=0.03 secs] 
3590.755: [GC [PSYoungGen: 673663K->21664K(675456K)] 1891875K->1240227K(2073600K), 0.0346133 secs] [Times: user=0.07 sys=0.01, real=0.04 secs] 
3591.244: [GC [PSYoungGen: 673696K->21600K(675840K)] 1892259K->1240523K(2073984K), 0.0345926 secs] [Times: user=0.06 sys=0.00, real=0.04 secs] 
3592.549: [GC [PSYoungGen: 674142K->16146K(668736K)] 1893065K->1235422K(2066880K), 0.0198899 secs] [Times: user=0.05 sys=0.00, real=0.02 secs] 
3599.077: [GC [PSYoungGen: 668685K->9168K(671744K)] 1887961K->1233487K(2069888K), 0.0159305 secs] [Times: user=0.04 sys=0.00, real=0.01 secs] 
3601.707: [GC [PSYoungGen: 656976K->8672K(656512K)] 1881294K->1234335K(2054656K), 0.0150911 secs] [Times: user=0.04 sys=0.00, real=0.01 secs] 
3607.884: [GC [PSYoungGen: 656476K->8000K(670144K)] 1882139K->1234783K(2068288K), 0.0174423 secs] [Times: user=0.04 sys=0.00, real=0.02 secs] 
3610.892: [GC [PSYoungGen: 651200K->8512K(651776K)] 1877983K->1235824K(2049920K), 0.0157244 secs] [Times: user=0.04 sys=0.00, real=0.02 secs] 
3616.701: [GC [PSYoungGen: 651711K->8032K(670080K)] 1879023K->1236256K(2068224K), 0.0147672 secs] [Times: user=0.03 sys=0.01, real=0.01 secs] 
3622.136: [GC [PSYoungGen: 649678K->7600K(649280K)] 1877902K->1236392K(2047424K), 0.0140148 secs] [Times: user=0.04 sys=0.00, real=0.01 secs] 
3623.912: [GC [PSYoungGen: 649264K->9680K(670656K)] 1878056K->1238617K(2068800K), 0.0152187 secs] [Times: user=0.03 sys=0.01, real=0.02 secs] 
3627.964: [GC [PSYoungGen: 651536K->7872K(670208K)] 1880472K->1239001K(2068352K), 0.0172999 secs] [Times: user=0.04 sys=0.00, real=0.02 secs] 
3631.574: [GC [PSYoungGen: 649716K->7968K(671360K)] 1880846K->1239554K(2069504K), 0.0136458 secs] [Times: user=0.03 sys=0.00, real=0.02 secs] 
3633.124: [GC [PSYoungGen: 651296K->9552K(670976K)] 1882882K->1241514K(2069120K), 0.0139230 secs] [Times: user=0.04 sys=0.00, real=0.02 secs] 
3639.421: [GC [PSYoungGen: 652880K->8544K(672832K)] 1884842K->1242171K(2070976K), 0.0154051 secs] [Times: user=0.04 sys=0.00, real=0.02 secs] 
3641.342: [GC [PSYoungGen: 654551K->9776K(672192K)] 1888178K->1244444K(2070336K), 0.0146726 secs] [Times: user=0.04 sys=0.01, real=0.02 secs] 
3642.763: [GC [PSYoungGen: 655788K->8672K(674496K)] 1890455K->1245397K(2072640K), 0.0141455 secs] [Times: user=0.04 sys=0.00, real=0.02 secs] 
3648.413: [GC [PSYoungGen: 657939K->9072K(673792K)] 1894663K->1246677K(2071936K), 0.0149739 secs] [Times: user=0.03 sys=0.00, real=0.02 secs] 
3652.910: [GC [PSYoungGen: 658343K->8096K(675904K)] 1895948K->1247166K(2074048K), 0.0146106 secs] [Times: user=0.04 sys=0.00, real=0.01 secs] 
3656.155: [GC [PSYoungGen: 660306K->8240K(675328K)] 1899376K->1247838K(2073472K), 0.0170297 secs] [Times: user=0.04 sys=0.00, real=0.02 secs] 
3658.097: [GC [PSYoungGen: 660442K->8608K(677376K)] 1900040K->1248950K(2075520K), 0.0136524 secs] [Times: user=0.04 sys=0.00, real=0.01 secs] 
3661.322: [GC [PSYoungGen: 663572K->8576K(676608K)] 1903914K->1249823K(2074752K), 0.0138242 secs] [Times: user=0.04 sys=0.00, real=0.01 secs] 
3666.048: [GC [PSYoungGen: 663533K->8208K(678784K)] 1904780K->1250351K(2076928K), 0.0173671 secs] [Times: user=0.04 sys=0.00, real=0.01 secs] 
3669.269: [GC [PSYoungGen: 666114K->8288K(678144K)] 1908258K->1251079K(2076288K), 0.0172586 secs] [Times: user=0.04 sys=0.00, real=0.01 secs] 
3675.399: [GC [PSYoungGen: 666184K->8976K(680192K)] 1908976K->1252296K(2078336K), 0.0145358 secs] [Times: user=0.04 sys=0.00, real=0.01 secs] 
3678.788: [GC [PSYoungGen: 669579K->8400K(679424K)] 1912899K->1252872K(2077568K), 0.0173332 secs] [Times: user=0.04 sys=0.00, real=0.01 secs] 
3681.731: [GC [PSYoungGen: 669008K->9056K(681536K)] 1913480K->1254281K(2079680K), 0.0138026 secs] [Times: user=0.04 sys=0.00, real=0.01 secs] 
3687.752: [GC [PSYoungGen: 672390K->8704K(680832K)] 1917615K->1255225K(2078976K), 0.0145031 secs] [Times: user=0.04 sys=0.00, real=0.01 secs] 
3691.298: [GC [PSYoungGen: 672064K->8528K(682688K)] 1918585K->1256034K(2080832K), 0.0139901 secs] [Times: user=0.04 sys=0.01, real=0.01 secs] 
3696.529: [GC [PSYoungGen: 674355K->8464K(682176K)] 1921861K->1256762K(2080320K), 0.0155483 secs] [Times: user=0.04 sys=0.00, real=0.01 secs] 
3699.742: [GC [PSYoungGen: 674291K->8560K(683712K)] 1922590K->1257611K(2081856K), 0.0155018 secs] [Times: user=0.04 sys=0.00, real=0.01 secs] 
3704.194: [GC [PSYoungGen: 676464K->7968K(683200K)] 1925515K->1257883K(2081344K), 0.0149913 secs] [Times: user=0.04 sys=0.00, real=0.02 secs] 
3707.959: [GC [PSYoungGen: 675853K->8304K(684480K)] 1925768K->1258475K(2082624K), 0.0185042 secs] [Times: user=0.04 sys=0.00, real=0.01 secs] 
3710.569: [GC [PSYoungGen: 677808K->9056K(684032K)] 1927979K->1259699K(2082176K), 0.0173936 secs] [Times: user=0.04 sys=0.00, real=0.01 secs] 
3712.335: [GC [PSYoungGen: 678549K->8544K(685440K)] 1929192K->1260276K(2083584K), 0.0139778 secs] [Times: user=0.03 sys=0.00, real=0.02 secs] 
3715.130: [GC [PSYoungGen: 679966K->8864K(684992K)] 1931698K->1261188K(2083136K), 0.0148831 secs] [Times: user=0.04 sys=0.01, real=0.01 secs] 
3718.026: [GC [PSYoungGen: 680283K->8080K(686080K)] 1932608K->1261436K(2084224K), 0.0143294 secs] [Times: user=0.04 sys=0.00, real=0.02 secs] 
3721.427: [GC [PSYoungGen: 680961K->7920K(685824K)] 1934318K->1261556K(2083968K), 0.0139996 secs] [Times: user=0.03 sys=0.00, real=0.02 secs] 
3722.904: [GC [PSYoungGen: 680807K->9520K(686464K)] 1934444K->1263245K(2084608K), 0.0146093 secs] [Times: user=0.04 sys=0.00, real=0.01 secs] 
3727.146: [GC [PSYoungGen: 683312K->8272K(686336K)] 1937037K->1263517K(2084480K), 0.0147608 secs] [Times: user=0.03 sys=0.00, real=0.02 secs] 
3730.667: [GC [PSYoungGen: 682049K->8000K(686912K)] 1937294K->1263757K(2085056K), 0.0181731 secs] [Times: user=0.04 sys=0.01, real=0.02 secs] 
3734.075: [GC [PSYoungGen: 682605K->9200K(686720K)] 1938363K->1265070K(2084864K), 0.0148952 secs] [Times: user=0.04 sys=0.00, real=0.02 secs] 
3738.622: [GC [PSYoungGen: 683813K->9088K(687296K)] 1939683K->1266110K(2085440K), 0.0149055 secs] [Times: user=0.03 sys=0.00, real=0.01 secs] 
3742.730: [GC [PSYoungGen: 684404K->8032K(687040K)] 1941427K->1266223K(2085184K), 0.0155193 secs] [Times: user=0.04 sys=0.00, real=0.01 secs] 
3745.679: [GC [PSYoungGen: 683353K->8512K(687680K)] 1941544K->1266863K(2085824K), 0.0155377 secs] [Times: user=0.04 sys=0.00, real=0.02 secs] 
3750.461: [GC [PSYoungGen: 684586K->8480K(687424K)] 1942937K->1267423K(2085568K), 0.0155818 secs] [Times: user=0.04 sys=0.00, real=0.01 secs] 
3753.524: [GC [PSYoungGen: 684551K->8640K(688128K)] 1943494K->1268127K(2086272K), 0.0140837 secs] [Times: user=0.04 sys=0.00, real=0.01 secs] 
3757.977: [GC [PSYoungGen: 685630K->8992K(687872K)] 1945117K->1269088K(2086016K), 0.0158203 secs] [Times: user=0.04 sys=0.00, real=0.02 secs] 
3760.221: [GC [PSYoungGen: 685952K->9232K(688256K)] 1946048K->1270312K(2086400K), 0.0141658 secs] [Times: user=0.04 sys=0.00, real=0.01 secs] 
3761.812: [GC [PSYoungGen: 686671K->9264K(688192K)] 1947752K->1271385K(2086336K), 0.0169765 secs] [Times: user=0.04 sys=0.00, real=0.01 secs] 
3766.610: [GC [PSYoungGen: 686694K->8640K(688384K)] 1948815K->1271905K(2086528K), 0.0147119 secs] [Times: user=0.04 sys=0.00, real=0.02 secs] 
3770.030: [GC [PSYoungGen: 686256K->8336K(688256K)] 1949521K->1272258K(2086400K), 0.0148021 secs] [Times: user=0.03 sys=0.01, real=0.02 secs] 
3772.147: [GC [PSYoungGen: 685966K->9152K(688512K)] 1949888K->1273530K(2086656K), 0.0158663 secs] [Times: user=0.05 sys=0.00, real=0.02 secs] 
3775.888: [GC [PSYoungGen: 687141K->9024K(688512K)] 1951519K->1274275K(2086656K), 0.0142620 secs] [Times: user=0.04 sys=0.00, real=0.02 secs] 
3779.279: [GC [PSYoungGen: 687040K->8944K(688704K)] 1952291K->1274875K(2086848K), 0.0140706 secs] [Times: user=0.04 sys=0.00, real=0.02 secs] 
3782.222: [GC [PSYoungGen: 687267K->8144K(688640K)] 1953198K->1274955K(2086784K), 0.0150363 secs] [Times: user=0.04 sys=0.00, real=0.01 secs] 
3784.883: [GC [PSYoungGen: 686463K->8512K(688832K)] 1953274K->1275611K(2086976K), 0.0139311 secs] [Times: user=0.04 sys=0.00, real=0.01 secs] 
3787.092: [GC [PSYoungGen: 687103K->8704K(688768K)] 1954203K->1276268K(2086912K), 0.0141727 secs] [Times: user=0.04 sys=0.00, real=0.01 secs] 
3788.657: [GC [PSYoungGen: 687286K->8704K(689088K)] 1954850K->1276660K(2087232K), 0.0138930 secs] [Times: user=0.03 sys=0.00, real=0.02 secs] 
3791.322: [GC [PSYoungGen: 687733K->8384K(688960K)] 1955689K->1277108K(2087104K), 0.0143511 secs] [Times: user=0.04 sys=0.00, real=0.01 secs] 
3792.876: [GC [PSYoungGen: 687405K->8800K(689216K)] 1956130K->1277869K(2087360K), 0.0141919 secs] [Times: user=0.04 sys=0.00, real=0.01 secs] 
3795.360: [GC [PSYoungGen: 688144K->8000K(689152K)] 1957212K->1277749K(2087296K), 0.0150282 secs] [Times: user=0.04 sys=0.00, real=0.02 secs] 
3796.865: [GC [PSYoungGen: 687350K->8528K(689280K)] 1957099K->1278397K(2087424K), 0.0142635 secs] [Times: user=0.03 sys=0.00, real=0.01 secs] 
3798.492: [GC [PSYoungGen: 688015K->8432K(689216K)] 1957884K->1278589K(2087360K), 0.0134440 secs] [Times: user=0.03 sys=0.00, real=0.01 secs] 
3799.193: [GC [PSYoungGen: 687907K->8288K(689408K)] 1958064K->1278525K(2087552K), 0.0134285 secs] [Times: user=0.03 sys=0.00, real=0.01 secs] 
3799.594: [GC [PSYoungGen: 688096K->9588K(689408K)] 1958333K->1283090K(2087552K), 0.0054757 secs] [Times: user=0.04 sys=0.00, real=0.00 secs] 
3799.994: [GC [PSYoungGen: 689396K->9588K(685696K)] 1962898K->1284075K(2083840K), 0.0059147 secs] [Times: user=0.04 sys=0.00, real=0.00 secs] 
3800.339: [GC [PSYoungGen: 685684K->10709K(686848K)] 1960171K->1285211K(2084992K), 0.0044972 secs] [Times: user=0.03 sys=0.00, real=0.01 secs] 
3800.634: [GC [PSYoungGen: 686800K->10453K(686848K)] 1961302K->1285219K(2084992K), 0.0044976 secs] [Times: user=0.03 sys=0.01, real=0.00 secs] 
3801.023: [GC [PSYoungGen: 685525K->10437K(685568K)] 1960291K->1285531K(2083712K), 0.0046398 secs] [Times: user=0.03 sys=0.00, real=0.00 secs] 
3801.352: [GC [PSYoungGen: 685500K->10389K(686784K)] 1960595K->1285803K(2084928K), 0.0044887 secs] [Times: user=0.03 sys=0.00, real=0.00 secs] 
3801.706: [GC [PSYoungGen: 685069K->10437K(685184K)] 1960484K->1286172K(2083328K), 0.0059042 secs] [Times: user=0.04 sys=0.00, real=0.01 secs] 
3802.087: [GC [PSYoungGen: 685125K->10549K(686656K)] 1960860K->1286452K(2084800K), 0.0045804 secs] [Times: user=0.04 sys=0.00, real=0.00 secs] 
3802.382: [GC [PSYoungGen: 684981K->10501K(686720K)] 1960884K->1286628K(2084864K), 0.0059330 secs] [Times: user=0.04 sys=0.00, real=0.00 secs] 
3802.788: [GC [PSYoungGen: 684930K->10533K(686720K)] 1961057K->1286820K(2084864K), 0.0046090 secs] [Times: user=0.03 sys=0.00, real=0.01 secs] 
3803.146: [GC [PSYoungGen: 684957K->10373K(686720K)] 1961244K->1287036K(2084864K), 0.0059086 secs] [Times: user=0.03 sys=0.00, real=0.01 secs] 
3803.499: [GC [PSYoungGen: 684802K->10308K(686848K)] 1961465K->1287412K(2084992K), 0.0044392 secs] [Times: user=0.04 sys=0.00, real=0.01 secs] 
3803.863: [GC [PSYoungGen: 684927K->10325K(686784K)] 1962031K->1287749K(2084928K), 0.0044250 secs] [Times: user=0.03 sys=0.00, real=0.00 secs] 
3804.314: [GC [PSYoungGen: 684928K->10565K(686976K)] 1962352K->1288157K(2085120K), 0.0045495 secs] [Times: user=0.03 sys=0.00, real=0.00 secs] 
3804.676: [GC [PSYoungGen: 685509K->10517K(686976K)] 1963101K->1288333K(2085120K), 0.0044781 secs] [Times: user=0.03 sys=0.00, real=0.00 secs] 
3804.977: [GC [PSYoungGen: 685451K->10309K(687104K)] 1963267K->1288549K(2085248K), 0.0057343 secs] [Times: user=0.03 sys=0.00, real=0.01 secs] 
3805.391: [GC [PSYoungGen: 685380K->10357K(686976K)] 1963620K->1289021K(2085120K), 0.0058986 secs] [Times: user=0.03 sys=0.00, real=0.01 secs] 
3805.759: [GC [PSYoungGen: 685425K->10645K(687104K)] 1964090K->1289366K(2085248K), 0.0060294 secs] [Times: user=0.04 sys=0.00, real=0.01 secs] 
3806.154: [GC [PSYoungGen: 685964K->10533K(687168K)] 1964685K->1289438K(2085312K), 0.0045804 secs] [Times: user=0.03 sys=0.00, real=0.00 secs] 
3806.521: [GC [PSYoungGen: 685846K->10501K(687296K)] 1964751K->1289686K(2085440K), 0.0044635 secs] [Times: user=0.03 sys=0.00, real=0.01 secs] 
3806.878: [GC [PSYoungGen: 686011K->10277K(687232K)] 1965196K->1289838K(2085376K), 0.0064524 secs] [Times: user=0.04 sys=0.00, real=0.01 secs] 
3807.232: [GC [PSYoungGen: 685796K->10581K(687424K)] 1965358K->1290310K(2085568K), 0.0044367 secs] [Times: user=0.03 sys=0.00, real=0.00 secs] 
3807.636: [GC [PSYoungGen: 686419K->10533K(687424K)] 1966149K->1290430K(2085568K), 0.0057522 secs] [Times: user=0.04 sys=0.00, real=0.01 secs] 
3808.023: [GC [PSYoungGen: 686369K->10405K(687552K)] 1966266K->1290622K(2085696K), 0.0045923 secs] [Times: user=0.03 sys=0.00, real=0.00 secs] 
3808.402: [GC [PSYoungGen: 686434K->10517K(687488K)] 1966652K->1290894K(2085632K), 0.0059636 secs] [Times: user=0.03 sys=0.00, real=0.00 secs] 
3808.781: [GC [PSYoungGen: 686533K->10517K(687680K)] 1966910K->1291127K(2085824K), 0.0044940 secs] [Times: user=0.03 sys=0.00, real=0.01 secs] 
3809.196: [GC [PSYoungGen: 686802K->10549K(687616K)] 1967412K->1291319K(2085760K), 0.0059308 secs] [Times: user=0.03 sys=0.00, real=0.01 secs] 
3809.564: [GC [PSYoungGen: 686837K->10405K(687744K)] 1967607K->1291503K(2085888K), 0.0045035 secs] [Times: user=0.03 sys=0.00, real=0.00 secs] 
3809.941: [GC [PSYoungGen: 686815K->10501K(687680K)] 1967913K->1291887K(2085824K), 0.0044891 secs] [Times: user=0.03 sys=0.00, real=0.01 secs] 
3810.311: [GC [PSYoungGen: 686904K->10389K(687872K)] 1968290K->1292103K(2086016K), 0.0046259 secs] [Times: user=0.03 sys=0.00, real=0.01 secs] 
3810.613: [GC [PSYoungGen: 687054K->10549K(687808K)] 1968768K->1292543K(2085952K), 0.0045259 secs] [Times: user=0.03 sys=0.00, real=0.00 secs] 
3811.049: [GC [PSYoungGen: 687221K->10261K(687936K)] 1969215K->1292727K(2086080K), 0.0048081 secs] [Times: user=0.03 sys=0.00, real=0.01 secs] 
3811.422: [GC [PSYoungGen: 687061K->10276K(687872K)] 1969527K->1293232K(2086016K), 0.0045484 secs] [Times: user=0.03 sys=0.00, real=0.00 secs] 
3811.814: [GC [PSYoungGen: 687076K->10501K(688000K)] 1970032K->1293688K(2086144K), 0.0045064 secs] [Times: user=0.03 sys=0.00, real=0.00 secs] 
3812.191: [GC [PSYoungGen: 687480K->10645K(687680K)] 1970667K->1293944K(2085824K), 0.0045097 secs] [Times: user=0.03 sys=0.00, real=0.01 secs] 
3812.496: [GC [PSYoungGen: 687636K->10421K(688000K)] 1970935K->1294080K(2086144K), 0.0044371 secs] [Times: user=0.04 sys=0.00, real=0.00 secs] 
3812.934: [GC [PSYoungGen: 687347K->10565K(687936K)] 1971006K->1294392K(2086080K), 0.0045269 secs] [Times: user=0.03 sys=0.00, real=0.00 secs] 
3813.304: [GC [PSYoungGen: 687493K->10597K(688000K)] 1971320K->1294536K(2086144K), 0.0046693 secs] [Times: user=0.03 sys=0.00, real=0.00 secs] 
3813.682: [GC [PSYoungGen: 687575K->10309K(688000K)] 1971515K->1294665K(2086144K), 0.0055123 secs] [Times: user=0.03 sys=0.00, real=0.01 secs] 
3814.068: [GC [PSYoungGen: 687291K->10469K(688064K)] 1971647K->1295089K(2086208K), 0.0045740 secs] [Times: user=0.04 sys=0.00, real=0.01 secs] 
3814.456: [GC [PSYoungGen: 687579K->10533K(688064K)] 1972199K->1295369K(2086208K), 0.0060836 secs] [Times: user=0.04 sys=0.00, real=0.01 secs] 
3814.834: [GC [PSYoungGen: 687639K->10244K(688128K)] 1972475K->1295609K(2086272K), 0.0045157 secs] [Times: user=0.03 sys=0.00, real=0.00 secs] 
3815.213: [GC [PSYoungGen: 687428K->10453K(688064K)] 1972793K->1296153K(2086208K), 0.0044693 secs] [Times: user=0.03 sys=0.00, real=0.00 secs] 
3815.597: [GC [PSYoungGen: 687625K->10693K(688000K)] 1973326K->1296450K(2086144K), 0.0046437 secs] [Times: user=0.03 sys=0.00, real=0.00 secs] 
3815.999: [GC [PSYoungGen: 687782K->10341K(688064K)] 1973539K->1296522K(2086208K), 0.0061048 secs] [Times: user=0.04 sys=0.00, real=0.01 secs] 
3816.382: [GC [PSYoungGen: 687429K->10517K(688128K)] 1973610K->1296810K(2086272K), 0.0045335 secs] [Times: user=0.04 sys=0.00, real=0.00 secs] 
3816.760: [GC [PSYoungGen: 687749K->10437K(688128K)] 1974042K->1297066K(2086272K), 0.0045035 secs] [Times: user=0.04 sys=0.00, real=0.01 secs] 
3817.065: [GC [PSYoungGen: 687682K->10277K(688192K)] 1974312K->1297346K(2086336K), 0.0045270 secs] [Times: user=0.03 sys=0.00, real=0.00 secs] 
3817.471: [GC [PSYoungGen: 687587K->10501K(688128K)] 1974657K->1297842K(2086272K), 0.0046555 secs] [Times: user=0.03 sys=0.01, real=0.01 secs] 
3817.850: [GC [PSYoungGen: 687813K->10373K(688192K)] 1975154K->1298091K(2086336K), 0.0045418 secs] [Times: user=0.04 sys=0.00, real=0.01 secs] 
3818.316: [GC [PSYoungGen: 687733K->10453K(688192K)] 1975451K->1298491K(2086336K), 0.0046118 secs] [Times: user=0.03 sys=0.00, real=0.00 secs] 
3818.726: [GC [PSYoungGen: 687825K->10533K(688256K)] 1975863K->1298731K(2086400K), 0.0060994 secs] [Times: user=0.04 sys=0.00, real=0.01 secs] 
3819.035: [GC [PSYoungGen: 688018K->10293K(688256K)] 1976216K->1298907K(2086400K), 0.0059498 secs] [Times: user=0.04 sys=0.00, real=0.00 secs] 
3819.424: [GC [PSYoungGen: 687784K->10437K(688256K)] 1976399K->1299323K(2086400K), 0.0044982 secs] [Times: user=0.03 sys=0.00, real=0.00 secs] 
3819.891: [GC [PSYoungGen: 687930K->10373K(688256K)] 1976816K->1299635K(2086400K), 0.0046101 secs] [Times: user=0.03 sys=0.00, real=0.01 secs] 
3820.274: [GC [PSYoungGen: 687875K->10421K(688320K)] 1977138K->1299956K(2086464K), 0.0045009 secs] [Times: user=0.03 sys=0.00, real=0.00 secs] 
3820.655: [GC [PSYoungGen: 687986K->10389K(688256K)] 1977521K->1300260K(2086400K), 0.0044106 secs] [Times: user=0.03 sys=0.00, real=0.00 secs] 
3821.032: [GC [PSYoungGen: 687957K->10437K(688320K)] 1977828K->1300604K(2086464K), 0.0045196 secs] [Times: user=0.04 sys=0.00, real=0.01 secs] 
3821.408: [GC [PSYoungGen: 688066K->10405K(688320K)] 1978234K->1300908K(2086464K), 0.0044974 secs] [Times: user=0.03 sys=0.00, real=0.01 secs] 
3821.793: [GC [PSYoungGen: 688037K->10565K(688256K)] 1978540K->1301180K(2086400K), 0.0044939 secs] [Times: user=0.04 sys=0.00, real=0.00 secs] 
3822.180: [GC [PSYoungGen: 688187K->10485K(688320K)] 1978803K->1301380K(2086464K), 0.0058906 secs] [Times: user=0.04 sys=0.00, real=0.01 secs] 
3822.564: [GC [PSYoungGen: 688111K->10661K(688192K)] 1979006K->1301613K(2086336K), 0.0045497 secs] [Times: user=0.04 sys=0.01, real=0.00 secs] 
3822.943: [GC [PSYoungGen: 688163K->10228K(688256K)] 1979115K->1301661K(2086400K), 0.0044621 secs] [Times: user=0.03 sys=0.00, real=0.00 secs] 
3823.332: [GC [PSYoungGen: 687732K->10613K(688128K)] 1979165K->1302157K(2086272K), 0.0065878 secs] [Times: user=0.04 sys=0.01, real=0.01 secs] 
3823.718: [GC [PSYoungGen: 687984K->10565K(688192K)] 1979528K->1302277K(2086336K), 0.0045151 secs] [Times: user=0.03 sys=0.00, real=0.01 secs] 
3824.103: [GC [PSYoungGen: 687941K->10549K(688192K)] 1979653K->1302485K(2086336K), 0.0045221 secs] [Times: user=0.03 sys=0.00, real=0.00 secs] 
3824.486: [GC [PSYoungGen: 687923K->10421K(688192K)] 1979860K->1302733K(2086336K), 0.0045266 secs] [Times: user=0.03 sys=0.00, real=0.00 secs] 
3824.866: [GC [PSYoungGen: 687788K->10581K(688128K)] 1980101K->1303005K(2086272K), 0.0045450 secs] [Times: user=0.04 sys=0.00, real=0.00 secs] 
3825.345: [GC [PSYoungGen: 687957K->10405K(688192K)] 1980381K->1303173K(2086336K), 0.0059814 secs] [Times: user=0.04 sys=0.00, real=0.00 secs] 
3825.724: [GC [PSYoungGen: 687772K->10533K(688256K)] 1980541K->1303502K(2086400K), 0.0060053 secs] [Times: user=0.04 sys=0.01, real=0.00 secs] 
3826.034: [GC [PSYoungGen: 688029K->10405K(688256K)] 1980998K->1303694K(2086400K), 0.0045651 secs] [Times: user=0.03 sys=0.00, real=0.00 secs] 
3826.531: [GC [PSYoungGen: 687909K->10581K(688256K)] 1981198K->1303982K(2086400K), 0.0060447 secs] [Times: user=0.04 sys=0.00, real=0.01 secs] 
3826.920: [GC [PSYoungGen: 688080K->10629K(688192K)] 1981481K->1304086K(2086336K), 0.0045175 secs] [Times: user=0.03 sys=0.00, real=0.01 secs] 
3827.292: [GC [PSYoungGen: 688130K->10196K(688192K)] 1981587K->1304182K(2086336K), 0.0044509 secs] [Times: user=0.03 sys=0.00, real=0.00 secs] 
3827.676: [GC [PSYoungGen: 687560K->10453K(688192K)] 1981546K->1304646K(2086336K), 0.0059885 secs] [Times: user=0.04 sys=0.00, real=0.00 secs] 
3828.059: [GC [PSYoungGen: 687829K->10485K(688256K)] 1982022K->1304886K(2086400K), 0.0060621 secs] [Times: user=0.04 sys=0.00, real=0.01 secs] 
3828.364: [GC [PSYoungGen: 687925K->10389K(688192K)] 1982326K->1305047K(2086336K), 0.0056300 secs] [Times: user=0.03 sys=0.00, real=0.00 secs] 
3828.841: [GC [PSYoungGen: 687820K->10597K(688256K)] 1982478K->1305359K(2086400K), 0.0045680 secs] [Times: user=0.03 sys=0.00, real=0.01 secs] 
3829.215: [GC [PSYoungGen: 688095K->9972K(687488K)] 1982857K->1305015K(2085632K), 0.0045311 secs] [Times: user=0.03 sys=0.00, real=0.00 secs] 
3829.598: [GC [PSYoungGen: 687476K->8356K(687552K)] 1982519K->1303486K(2085696K), 0.0041120 secs] [Times: user=0.03 sys=0.00, real=0.00 secs] 
3829.982: [GC [PSYoungGen: 685078K->4322K(681088K)] 1980208K->1299500K(2079232K), 0.0036747 secs] [Times: user=0.03 sys=0.00, real=0.00 secs] 
3830.407: [GC [PSYoungGen: 681053K->12069K(670528K)] 1976231K->1327679K(2068672K), 0.0260368 secs] [Times: user=0.07 sys=0.00, real=0.03 secs] 
3830.850: [GC [PSYoungGen: 670491K->20288K(678720K)] 1986101K->1358312K(2076864K), 0.0350872 secs] [Times: user=0.07 sys=0.00, real=0.04 secs] 
3831.310: [GC [PSYoungGen: 678719K->20288K(647360K)] 2016744K->1371088K(2045504K), 0.0337441 secs] [Times: user=0.06 sys=0.01, real=0.04 secs] 
3831.749: [GC [PSYoungGen: 647337K->30976K(658048K)] 1998137K->1382336K(2056192K), 0.0329444 secs] [Times: user=0.06 sys=0.00, real=0.04 secs] 
3832.186: [GC [PSYoungGen: 658048K->30976K(654464K)] 2009408K->1382896K(2052608K), 0.0325754 secs] [Times: user=0.06 sys=0.00, real=0.03 secs] 
3832.608: [GC [PSYoungGen: 646140K->30368K(645568K)] 1998061K->1382848K(2043712K), 0.0318989 secs] [Times: user=0.06 sys=0.00, real=0.03 secs] 
3833.038: [GC [PSYoungGen: 645528K->30336K(652736K)] 1998009K->1383384K(2050880K), 0.0370731 secs] [Times: user=0.07 sys=0.00, real=0.04 secs] 
3833.458: [GC [PSYoungGen: 639335K->30080K(639104K)] 1992384K->1383704K(2037248K), 0.0370643 secs] [Times: user=0.07 sys=0.00, real=0.04 secs] 
3833.894: [GC [PSYoungGen: 639101K->30048K(652288K)] 1992726K->1384240K(2050432K), 0.0321114 secs] [Times: user=0.06 sys=0.00, real=0.03 secs] 
3834.312: [GC [PSYoungGen: 636512K->29984K(636480K)] 1990704K->1384736K(2034624K), 0.0368851 secs] [Times: user=0.07 sys=0.00, real=0.04 secs] 
3834.736: [GC [PSYoungGen: 636441K->29952K(652480K)] 1991193K->1385264K(2050624K), 0.0362433 secs] [Times: user=0.06 sys=0.00, real=0.03 secs] 
3835.160: [GC [PSYoungGen: 635894K->29856K(652480K)] 1991206K->1385744K(2050624K), 0.0364913 secs] [Times: user=0.07 sys=0.00, real=0.04 secs] 
3835.582: [GC [PSYoungGen: 635803K->29888K(653056K)] 1991692K->1386336K(2051200K), 0.0324658 secs] [Times: user=0.06 sys=0.00, real=0.04 secs] 
3836.022: [GC [PSYoungGen: 636657K->29984K(652736K)] 1993106K->1386992K(2050880K), 0.0317270 secs] [Times: user=0.06 sys=0.00, real=0.04 secs] 
3836.449: [GC [PSYoungGen: 636753K->29952K(653888K)] 1993762K->1387528K(2052032K), 0.0308748 secs] [Times: user=0.06 sys=0.01, real=0.03 secs] 
3836.881: [GC [PSYoungGen: 638264K->30016K(653440K)] 1995841K->1388160K(2051584K), 0.0310224 secs] [Times: user=0.06 sys=0.00, real=0.03 secs] 
3837.304: [GC [PSYoungGen: 638320K->29984K(654976K)] 1996465K->1388696K(2053120K), 0.0319453 secs] [Times: user=0.06 sys=0.00, real=0.03 secs] 
3837.748: [GC [PSYoungGen: 640351K->30112K(654400K)] 1999064K->1389392K(2052544K), 0.0328498 secs] [Times: user=0.06 sys=0.00, real=0.03 secs] 
3838.182: [GC [PSYoungGen: 640475K->30112K(656128K)] 1999755K->1389960K(2054272K), 0.0371689 secs] [Times: user=0.07 sys=0.01, real=0.04 secs] 
3838.629: [GC [PSYoungGen: 642779K->30272K(655552K)] 2002628K->1390680K(2053696K), 0.0313718 secs] [Times: user=0.06 sys=0.00, real=0.03 secs] 
3839.064: [GC [PSYoungGen: 642943K->30304K(657216K)] 2003351K->1391272K(2055360K), 0.0315329 secs] [Times: user=0.06 sys=0.00, real=0.03 secs] 
3839.513: [GC [PSYoungGen: 645148K->30368K(656640K)] 2006116K->1391912K(2054784K), 0.0317325 secs] [Times: user=0.06 sys=0.00, real=0.03 secs] 
3839.969: [GC [PSYoungGen: 645214K->30368K(658304K)] 2006759K->1392472K(2056448K), 0.0323857 secs] [Times: user=0.06 sys=0.00, real=0.03 secs] 
3840.416: [GC [PSYoungGen: 647383K->30496K(657728K)] 2009487K->1393152K(2055872K), 0.0319775 secs] [Times: user=0.06 sys=0.00, real=0.03 secs] 
3840.853: [GC [PSYoungGen: 647520K->30496K(659264K)] 2010176K->1393704K(2057408K), 0.0370476 secs] [Times: user=0.06 sys=0.00, real=0.03 secs] 
3841.306: [GC [PSYoungGen: 649542K->30560K(658816K)] 2012750K->1394336K(2056960K), 0.0316254 secs] [Times: user=0.05 sys=0.00, real=0.03 secs] 
3841.760: [GC [PSYoungGen: 649632K->30528K(660224K)] 2013408K->1394880K(2058368K), 0.0315535 secs] [Times: user=0.06 sys=0.00, real=0.03 secs] 
3842.210: [GC [PSYoungGen: 651507K->30688K(659776K)] 2015860K->1395608K(2057920K), 0.0312793 secs] [Times: user=0.06 sys=0.00, real=0.03 secs] 
3842.663: [GC [PSYoungGen: 651680K->30656K(661056K)] 2016600K->1396136K(2059200K), 0.0317378 secs] [Times: user=0.06 sys=0.00, real=0.03 secs] 
3843.108: [GC [PSYoungGen: 653376K->30656K(660672K)] 2018856K->1396696K(2058816K), 0.0315406 secs] [Times: user=0.06 sys=0.00, real=0.03 secs] 
3843.539: [GC [PSYoungGen: 653376K->30816K(661824K)] 2019416K->1397424K(2059968K), 0.0323302 secs] [Times: user=0.06 sys=0.00, real=0.03 secs] 
3843.973: [GC [PSYoungGen: 655133K->30784K(661504K)] 2021742K->1397952K(2059648K), 0.0319444 secs] [Times: user=0.06 sys=0.01, real=0.03 secs] 
3844.408: [GC [PSYoungGen: 655101K->30816K(662528K)] 2022269K->1398552K(2060672K), 0.0322388 secs] [Times: user=0.06 sys=0.00, real=0.03 secs] 
3844.844: [GC [PSYoungGen: 656544K->30880K(662208K)] 2024280K->1399184K(2060352K), 0.0378920 secs] [Times: user=0.06 sys=0.00, real=0.03 secs] 
3845.278: [GC [PSYoungGen: 656608K->30880K(663104K)] 2024912K->1399752K(2061248K), 0.0325517 secs] [Times: user=0.06 sys=0.00, real=0.03 secs] 
3845.713: [GC [PSYoungGen: 657823K->30976K(662848K)] 2026695K->1400400K(2060992K), 0.0345403 secs] [Times: user=0.06 sys=0.00, real=0.04 secs] 
3846.147: [GC [PSYoungGen: 657920K->30880K(663680K)] 2027344K->1400872K(2061824K), 0.0328083 secs] [Times: user=0.07 sys=0.00, real=0.03 secs] 
3846.573: [GC [PSYoungGen: 658903K->31008K(663360K)] 2028895K->1401560K(2061504K), 0.0333276 secs] [Times: user=0.06 sys=0.01, real=0.03 secs] 
3847.007: [GC [PSYoungGen: 659032K->30976K(664128K)] 2029585K->1402104K(2062272K), 0.0348272 secs] [Times: user=0.07 sys=0.01, real=0.03 secs] 
3847.442: [GC [PSYoungGen: 659968K->31040K(663872K)] 2031096K->1402736K(2062016K), 0.0331741 secs] [Times: user=0.06 sys=0.00, real=0.04 secs] 
3847.886: [GC [PSYoungGen: 660027K->31008K(664576K)] 2031724K->1403264K(2062720K), 0.0343121 secs] [Times: user=0.06 sys=0.01, real=0.03 secs] 
3848.330: [GC [PSYoungGen: 660885K->31104K(664320K)] 2033142K->1403936K(2062464K), 0.0391733 secs] [Times: user=0.07 sys=0.00, real=0.04 secs] 
3848.778: [GC [PSYoungGen: 660992K->31040K(664960K)] 2033824K->1404432K(2063104K), 0.0336537 secs] [Times: user=0.06 sys=0.00, real=0.03 secs] 
3849.224: [GC [PSYoungGen: 661745K->31136K(664768K)] 2035138K->1405088K(2062912K), 0.0354382 secs] [Times: user=0.06 sys=0.01, real=0.03 secs] 
3849.673: [GC [PSYoungGen: 661843K->31136K(665216K)] 2035796K->1405648K(2063360K), 0.0353337 secs] [Times: user=0.06 sys=0.00, real=0.03 secs] 
3850.129: [GC [PSYoungGen: 662424K->31136K(665088K)] 2036936K->1406216K(2063232K), 0.0338747 secs] [Times: user=0.06 sys=0.00, real=0.04 secs] 
3850.577: [GC [PSYoungGen: 662432K->31168K(665536K)] 2037512K->1406808K(2063680K), 0.0337430 secs] [Times: user=0.06 sys=0.00, real=0.03 secs] 
3851.025: [GC [PSYoungGen: 663100K->31216K(665408K)] 2038740K->1407432K(2063552K), 0.0336404 secs] [Times: user=0.06 sys=0.00, real=0.03 secs] 
3851.470: [GC [PSYoungGen: 663148K->31168K(665792K)] 2039365K->1407960K(2063936K), 0.0334244 secs] [Times: user=0.06 sys=0.00, real=0.04 secs] 
3852.296: [GC [PSYoungGen: 663615K->30546K(665664K)] 2040408K->1407906K(2063808K), 0.0282301 secs] [Times: user=0.06 sys=0.00, real=0.03 secs] 
3856.997: [GC [PSYoungGen: 662967K->13120K(660416K)] 2040328K->1395099K(2058560K), 0.0153672 secs] [Times: user=0.05 sys=0.00, real=0.01 secs] 
3860.224: [GC [PSYoungGen: 640419K->12016K(639360K)] 2022398K->1395852K(2037504K), 0.0137395 secs] [Times: user=0.04 sys=0.00, real=0.01 secs] 
3861.550: [GC [PSYoungGen: 639344K->13200K(658240K)] 2023180K->1397804K(2056384K), 0.0143156 secs] [Times: user=0.04 sys=0.00, real=0.02 secs] 
3862.828: [GC [PSYoungGen: 633360K->12880K(633088K)] 2017964K->1398901K(2031232K), 0.0138234 secs] [Times: user=0.04 sys=0.01, real=0.01 secs] 
3866.670: [GC [PSYoungGen: 633031K->13937K(658176K)] 2019052K->1401158K(2056320K), 0.0173804 secs] [Times: user=0.04 sys=0.00, real=0.02 secs] 
3869.866: [GC [PSYoungGen: 631790K->11280K(629184K)] 2019011K->1401335K(2027328K), 0.0144949 secs] [Times: user=0.04 sys=0.00, real=0.01 secs] 
3871.854: [GC [PSYoungGen: 629136K->12240K(658176K)] 2019191K->1402567K(2056320K), 0.0174798 secs] [Times: user=0.05 sys=0.00, real=0.01 secs] 
3877.805: [GC [PSYoungGen: 629426K->12480K(658048K)] 2019754K->1403656K(2056192K), 0.0162270 secs] [Times: user=0.04 sys=0.00, real=0.01 secs] 
3879.164: [GC [PSYoungGen: 629683K->13120K(659392K)] 2020859K->1405441K(2057536K), 0.0142606 secs] [Times: user=0.04 sys=0.00, real=0.01 secs] 
3882.516: [GC [PSYoungGen: 632116K->11888K(658624K)] 2024436K->1406249K(2056768K), 0.0145511 secs] [Times: user=0.04 sys=0.00, real=0.01 secs] 
3884.214: [GC [PSYoungGen: 630882K->12880K(660992K)] 2025243K->1407890K(2059136K), 0.0139803 secs] [Times: user=0.04 sys=0.00, real=0.01 secs] 
3887.828: [GC [PSYoungGen: 634894K->13584K(660032K)] 2029904K->1409723K(2058176K), 0.0151459 secs] [Times: user=0.04 sys=0.00, real=0.01 secs] 
3887.843: [Full GC [PSYoungGen: 13584K->0K(660032K)] [PSOldGen: 1396138K->110482K(1398144K)] 1409723K->110482K(2058176K) [PSPermGen: 7774K->7774K(21248K)], 0.1483427 secs] [Times: user=0.15 sys=0.00, real=0.15 secs] 
3892.525: [GC [PSYoungGen: 622003K->13248K(663296K)] 732485K->123731K(2061440K), 0.0127610 secs] [Times: user=0.03 sys=0.00, real=0.01 secs] 
3895.589: [GC [PSYoungGen: 639680K->11920K(662144K)] 750163K->124555K(2060288K), 0.0127988 secs] [Times: user=0.02 sys=0.00, real=0.01 secs] 
3897.049: [GC [PSYoungGen: 638352K->14305K(665536K)] 750987K->127332K(2063680K), 0.0143339 secs] [Times: user=0.03 sys=0.00, real=0.01 secs] 
3900.250: [GC [PSYoungGen: 645009K->12208K(664192K)] 758036K->128021K(2062336K), 0.0124026 secs] [Times: user=0.02 sys=0.00, real=0.01 secs] 
3903.323: [GC [PSYoungGen: 642924K->11696K(667328K)] 758737K->128469K(2065472K), 0.0122842 secs] [Times: user=0.02 sys=0.00, real=0.02 secs] 
3906.041: [GC [PSYoungGen: 646485K->12880K(666496K)] 763258K->130158K(2064640K), 0.0125104 secs] [Times: user=0.02 sys=0.00, real=0.01 secs] 
3908.238: [GC [PSYoungGen: 647694K->12512K(669504K)] 764972K->131310K(2067648K), 0.0143257 secs] [Times: user=0.02 sys=0.00, real=0.01 secs] 
3913.357: [GC [PSYoungGen: 651484K->11936K(668480K)] 770283K->131799K(2066624K), 0.0131481 secs] [Times: user=0.03 sys=0.00, real=0.01 secs] 
3917.667: [GC [PSYoungGen: 650903K->11680K(671232K)] 770766K->132127K(2069376K), 0.0132624 secs] [Times: user=0.03 sys=0.00, real=0.01 secs] 
3921.414: [GC [PSYoungGen: 654299K->11856K(670400K)] 774746K->132663K(2068544K), 0.0158676 secs] [Times: user=0.02 sys=0.00, real=0.02 secs] 
3924.967: [GC [PSYoungGen: 654479K->11920K(672960K)] 775286K->133151K(2071104K), 0.0125523 secs] [Times: user=0.02 sys=0.00, real=0.01 secs] 
3927.414: [GC [PSYoungGen: 657915K->13568K(672064K)] 779146K->135176K(2070208K), 0.0122833 secs] [Times: user=0.03 sys=0.00, real=0.02 secs] 
3932.043: [GC [PSYoungGen: 659566K->13968K(675200K)] 781174K->136865K(2073344K), 0.0175669 secs] [Times: user=0.03 sys=0.00, real=0.02 secs] 
3934.630: [GC [PSYoungGen: 664271K->12816K(674112K)] 787167K->137761K(2072256K), 0.0146608 secs] [Times: user=0.03 sys=0.01, real=0.01 secs] 
3939.302: [GC [PSYoungGen: 663111K->12000K(676544K)] 788056K->138113K(2074688K), 0.0159845 secs] [Times: user=0.03 sys=0.00, real=0.02 secs] 
3943.930: [GC [PSYoungGen: 665488K->11968K(675968K)] 791602K->138649K(2074112K), 0.0161402 secs] [Times: user=0.03 sys=0.00, real=0.02 secs] 
3947.009: [GC [PSYoungGen: 665472K->12560K(677824K)] 792153K->139618K(2075968K), 0.0139004 secs] [Times: user=0.02 sys=0.00, real=0.01 secs] 
3949.865: [GC [PSYoungGen: 668559K->13168K(677184K)] 795617K->140978K(2075328K), 0.0126029 secs] [Times: user=0.02 sys=0.01, real=0.02 secs] 
3954.876: [GC [PSYoungGen: 669163K->12704K(679168K)] 796973K->141771K(2077312K), 0.0129883 secs] [Times: user=0.03 sys=0.00, real=0.01 secs] 
3957.376: [GC [PSYoungGen: 671456K->12976K(678592K)] 800523K->143123K(2076736K), 0.0139742 secs] [Times: user=0.02 sys=0.00, real=0.02 secs] 
3961.385: [GC [PSYoungGen: 671709K->12256K(680192K)] 801856K->143732K(2078336K), 0.0132958 secs] [Times: user=0.02 sys=0.00, real=0.02 secs] 
3965.514: [GC [PSYoungGen: 673153K->12304K(679744K)] 804629K->144324K(2077888K), 0.0159916 secs] [Times: user=0.02 sys=0.00, real=0.02 secs] 
3969.570: [GC [PSYoungGen: 673224K->12224K(680960K)] 805244K->144780K(2079104K), 0.0129199 secs] [Times: user=0.03 sys=0.00, real=0.01 secs] 
3971.584: [GC [PSYoungGen: 674745K->13760K(680576K)] 807301K->146821K(2078720K), 0.0129936 secs] [Times: user=0.02 sys=0.00, real=0.02 secs] 
3977.476: [GC [PSYoungGen: 676262K->12192K(681536K)] 809323K->147037K(2079680K), 0.0162874 secs] [Times: user=0.03 sys=0.00, real=0.02 secs] 
3981.452: [GC [PSYoungGen: 675922K->12256K(681216K)] 810768K->147589K(2079360K), 0.0162799 secs] [Times: user=0.03 sys=0.00, real=0.02 secs] 
3984.634: [GC [PSYoungGen: 675990K->12352K(682176K)] 811323K->148174K(2080320K), 0.0126743 secs] [Times: user=0.02 sys=0.00, real=0.01 secs] 
3990.005: [GC [PSYoungGen: 677351K->12640K(681856K)] 813173K->148902K(2080000K), 0.0143413 secs] [Times: user=0.03 sys=0.00, real=0.02 secs] 
3995.084: [GC [PSYoungGen: 677644K->11936K(682752K)] 813906K->149110K(2080896K), 0.0133672 secs] [Times: user=0.02 sys=0.00, real=0.01 secs] 
3999.602: [GC [PSYoungGen: 678163K->12176K(682496K)] 815337K->149494K(2080640K), 0.0158064 secs] [Times: user=0.02 sys=0.00, real=0.02 secs] 
4003.120: [GC [PSYoungGen: 678393K->12352K(683264K)] 815712K->149966K(2081408K), 0.0126673 secs] [Times: user=0.02 sys=0.00, real=0.01 secs] 
4005.962: [GC [PSYoungGen: 679615K->12240K(683008K)] 817229K->150342K(2081152K), 0.0129649 secs] [Times: user=0.03 sys=0.00, real=0.01 secs] 
4009.038: [GC [PSYoungGen: 679481K->13392K(683520K)] 817584K->151847K(2081664K), 0.0167236 secs] [Times: user=0.03 sys=0.00, real=0.01 secs] 
4012.558: [GC [PSYoungGen: 681413K->12816K(683520K)] 819868K->152535K(2081664K), 0.0155098 secs] [Times: user=0.03 sys=0.00, real=0.01 secs] 
4017.375: [GC [PSYoungGen: 680842K->13552K(683584K)] 820561K->153904K(2081728K), 0.0151447 secs] [Times: user=0.02 sys=0.00, real=0.02 secs] 
4020.295: [GC [PSYoungGen: 681829K->12880K(683648K)] 822180K->154680K(2081792K), 0.0125032 secs] [Times: user=0.02 sys=0.00, real=0.01 secs] 
4025.323: [GC [PSYoungGen: 681168K->13136K(683968K)] 822968K->155713K(2082112K), 0.0132172 secs] [Times: user=0.02 sys=0.00, real=0.01 secs] 
4028.725: [GC [PSYoungGen: 681979K->12752K(683904K)] 824556K->156561K(2082048K), 0.0128343 secs] [Times: user=0.02 sys=0.00, real=0.01 secs] 
4031.036: [GC [PSYoungGen: 681593K->12704K(684352K)] 825402K->157282K(2082496K), 0.0133826 secs] [Times: user=0.03 sys=0.00, real=0.02 secs] 
4033.517: [GC [PSYoungGen: 682208K->13168K(684160K)] 826786K->158354K(2082304K), 0.0128692 secs] [Times: user=0.02 sys=0.00, real=0.02 secs] 
4037.184: [GC [PSYoungGen: 682642K->12560K(684544K)] 827828K->158794K(2082688K), 0.0158884 secs] [Times: user=0.02 sys=0.00, real=0.02 secs] 
4039.314: [GC [PSYoungGen: 682509K->12400K(684416K)] 828744K->159315K(2082560K), 0.0126349 secs] [Times: user=0.03 sys=0.00, real=0.01 secs] 
4041.566: [GC [PSYoungGen: 682344K->13808K(684224K)] 829258K->160963K(2082368K), 0.0125706 secs] [Times: user=0.03 sys=0.00, real=0.02 secs] 
4044.025: [GC [PSYoungGen: 683615K->13584K(683456K)] 830770K->161764K(2081600K), 0.0128825 secs] [Times: user=0.03 sys=0.01, real=0.01 secs] 
4046.333: [GC [PSYoungGen: 683397K->13904K(684032K)] 831577K->162828K(2082176K), 0.0135465 secs] [Times: user=0.03 sys=0.00, real=0.01 secs] 
4048.226: [GC [PSYoungGen: 683194K->13936K(683264K)] 832118K->164005K(2081408K), 0.0128772 secs] [Times: user=0.02 sys=0.01, real=0.02 secs] 
4050.705: [GC [PSYoungGen: 683243K->12560K(684096K)] 833312K->164117K(2082240K), 0.0129618 secs] [Times: user=0.02 sys=0.00, real=0.01 secs] 
4052.209: [GC [PSYoungGen: 681587K->12736K(683968K)] 833145K->164726K(2082112K), 0.0126670 secs] [Times: user=0.02 sys=0.00, real=0.02 secs] 
4054.342: [GC [PSYoungGen: 681787K->12496K(684288K)] 833776K->165198K(2082432K), 0.0127452 secs] [Times: user=0.03 sys=0.01, real=0.01 secs] 
4055.815: [GC [PSYoungGen: 681971K->12752K(684224K)] 834673K->165790K(2082368K), 0.0129011 secs] [Times: user=0.02 sys=0.00, real=0.01 secs] 
4057.402: [GC [PSYoungGen: 682225K->12784K(684544K)] 835263K->166366K(2082688K), 0.0124781 secs] [Times: user=0.02 sys=0.00, real=0.01 secs] 
4058.938: [GC [PSYoungGen: 682736K->12288K(684416K)] 836318K->166262K(2082560K), 0.0118844 secs] [Times: user=0.02 sys=0.00, real=0.02 secs] 
4059.569: [GC [PSYoungGen: 682240K->12336K(684608K)] 836214K->166406K(2082752K), 0.0117679 secs] [Times: user=0.02 sys=0.00, real=0.02 secs] 
Heap
 PSYoungGen      total 684608K, used 292629K [7d5560000, 800000000, 800000000)
  eden space 670144K, 41% used [7d5560000,7e67195a0,7fe3d0000)
  from space 14464K, 85% used [7ff1e0000,7ffdec0a0,800000000)
  to   space 14400K, 0% used [7fe3d0000,7fe3d0000,7ff1e0000)
 PSOldGen        total 1398144K, used 154070K [780000000, 7d5560000, 7d5560000)
  object space 1398144K, 11% used [780000000,789675ad0,7d5560000)
 PSPermGen       total 21248K, used 7806K [77ae00000, 77c2c0000, 780000000)
  object space 21248K, 36% used [77ae00000,77b59fb38,77c2c0000)
