1.318: [GC [PSYoungGen: 131072K->1280K(152896K)] 131072K->1280K(502464K), 0.0019833 secs] [Times: user=0.01 sys=0.00, real=0.00 secs] 
2.218: [GC [PSYoungGen: 132352K->1536K(152896K)] 132352K->1536K(502464K), 0.0010302 secs] [Times: user=0.00 sys=0.00, real=0.00 secs] 
3.168: [GC [PSYoungGen: 132608K->1568K(152896K)] 132608K->1568K(502464K), 0.0008141 secs] [Times: user=0.00 sys=0.00, real=0.00 secs] 
4.401: [GC [PSYoungGen: 132640K->1552K(152896K)] 132640K->1552K(502464K), 0.0010432 secs] [Times: user=0.01 sys=0.00, real=0.01 secs] 
5.672: [GC [PSYoungGen: 132624K->1600K(152896K)] 132624K->1600K(502464K), 0.0010087 secs] [Times: user=0.01 sys=0.00, real=0.00 secs] 
7.012: [GC [PSYoungGen: 132672K->1600K(172928K)] 132672K->1600K(522496K), 0.0011587 secs] [Times: user=0.01 sys=0.01, real=0.01 secs] 
8.793: [GC [PSYoungGen: 172736K->224K(171392K)] 172736K->1517K(520960K), 0.0011789 secs] [Times: user=0.01 sys=0.00, real=0.00 secs] 
10.868: [GC [PSYoungGen: 171360K->256K(172416K)] 172653K->1549K(521984K), 0.0006609 secs] [Times: user=0.00 sys=0.00, real=0.00 secs] 
13.366: [GC [PSYoungGen: 170624K->256K(170624K)] 171917K->1597K(520192K), 0.0003904 secs] [Times: user=0.00 sys=0.00, real=0.00 secs] 
15.883: [GC [PSYoungGen: 170624K->0K(172352K)] 171965K->1437K(521920K), 0.0004248 secs] [Times: user=0.00 sys=0.00, real=0.00 secs] 
18.360: [GC [PSYoungGen: 170112K->32K(170176K)] 171549K->1469K(519744K), 0.0003642 secs] [Times: user=0.00 sys=0.00, real=0.00 secs] 
20.857: [GC [PSYoungGen: 170144K->256K(172416K)] 171581K->1693K(521984K), 0.0005802 secs] [Times: user=0.00 sys=0.00, real=0.00 secs] 
22.940: [GC [PSYoungGen: 170304K->96K(172352K)] 171741K->1613K(521920K), 0.0005498 secs] [Times: user=0.00 sys=0.00, real=0.00 secs] 
25.008: [GC [PSYoungGen: 170144K->32K(172416K)] 171661K->1549K(521984K), 0.0005635 secs] [Times: user=0.00 sys=0.00, real=0.00 secs] 
27.107: [GC [PSYoungGen: 170144K->64K(172416K)] 171661K->1581K(521984K), 0.0005243 secs] [Times: user=0.01 sys=0.00, real=0.00 secs] 
28.726: [GC [PSYoungGen: 170176K->224K(172608K)] 171693K->1741K(522176K), 0.0004922 secs] [Times: user=0.00 sys=0.00, real=0.00 secs] 
30.042: [GC [PSYoungGen: 170592K->64K(172480K)] 172109K->1677K(522048K), 0.0005496 secs] [Times: user=0.00 sys=0.00, real=0.01 secs] 
31.368: [GC [PSYoungGen: 170432K->96K(172736K)] 172045K->1709K(522304K), 0.0005432 secs] [Times: user=0.00 sys=0.00, real=0.00 secs] 
32.692: [GC [PSYoungGen: 170784K->64K(172672K)] 172397K->1677K(522240K), 0.0004399 secs] [Times: user=0.00 sys=0.00, real=0.00 secs] 
33.994: [GC [PSYoungGen: 170752K->64K(172864K)] 172365K->1677K(522432K), 0.0004362 secs] [Times: user=0.00 sys=0.00, real=0.00 secs] 
35.283: [GC [PSYoungGen: 171008K->64K(172800K)] 172621K->1677K(522368K), 0.0004454 secs] [Times: user=0.00 sys=0.00, real=0.00 secs] 
36.863: [GC [PSYoungGen: 171008K->256K(173056K)] 172621K->1869K(522624K), 0.0004690 secs] [Times: user=0.01 sys=0.00, real=0.00 secs] 
38.677: [GC [PSYoungGen: 171520K->32K(172928K)] 173133K->1709K(522496K), 0.0005350 secs] [Times: user=0.00 sys=0.00, real=0.00 secs] 
40.500: [GC [PSYoungGen: 171296K->32K(173184K)] 172973K->1709K(522752K), 0.0005729 secs] [Times: user=0.00 sys=0.00, real=0.00 secs] 
42.331: [GC [PSYoungGen: 171616K->32K(173120K)] 173293K->1709K(522688K), 0.0004101 secs] [Times: user=0.01 sys=0.00, real=0.00 secs] 
44.131: [GC [PSYoungGen: 171616K->96K(173376K)] 173293K->1773K(522944K), 0.0004657 secs] [Times: user=0.01 sys=0.00, real=0.00 secs] 
46.204: [GC [PSYoungGen: 172064K->160K(173312K)] 173741K->1837K(522880K), 0.0005114 secs] [Times: user=0.00 sys=0.00, real=0.00 secs] 
47.756: [GC [PSYoungGen: 172128K->32K(173504K)] 173805K->1773K(523072K), 0.0005174 secs] [Times: user=0.00 sys=0.00, real=0.00 secs] 
49.292: [GC [PSYoungGen: 172256K->160K(173440K)] 173997K->1901K(523008K), 0.0004787 secs] [Times: user=0.00 sys=0.00, real=0.00 secs] 
50.855: [GC [PSYoungGen: 172384K->32K(173632K)] 174125K->1773K(523200K), 0.0004766 secs] [Times: user=0.00 sys=0.00, real=0.00 secs] 
52.416: [GC [PSYoungGen: 172576K->32K(173632K)] 174317K->1773K(523200K), 0.0004853 secs] [Times: user=0.00 sys=0.00, real=0.00 secs] 
53.976: [GC [PSYoungGen: 172576K->256K(173760K)] 174317K->1997K(523328K), 0.0005569 secs] [Times: user=0.00 sys=0.00, real=0.00 secs] 
54.857: [GC [PSYoungGen: 172992K->64K(173696K)] 174733K->1861K(523264K), 0.0004800 secs] [Times: user=0.00 sys=0.00, real=0.00 secs] 
55.727: [GC [PSYoungGen: 172800K->32K(173888K)] 174597K->1829K(523456K), 0.0004548 secs] [Times: user=0.00 sys=0.00, real=0.00 secs] 
56.603: [GC [PSYoungGen: 173024K->160K(173824K)] 174821K->1957K(523392K), 0.0004865 secs] [Times: user=0.00 sys=0.00, real=0.01 secs] 
57.470: [GC [PSYoungGen: 173152K->32K(173952K)] 174949K->1829K(523520K), 0.0004895 secs] [Times: user=0.00 sys=0.00, real=0.00 secs] 
58.337: [GC [PSYoungGen: 173216K->64K(173952K)] 175013K->1861K(523520K), 0.0004694 secs] [Times: user=0.01 sys=0.00, real=0.00 secs] 
59.196: [GC [PSYoungGen: 173248K->64K(174080K)] 175045K->1861K(523648K), 0.0005306 secs] [Times: user=0.01 sys=0.00, real=0.00 secs] 
60.075: [GC [PSYoungGen: 173440K->96K(174016K)] 175237K->1893K(523584K), 0.0004072 secs] [Times: user=0.00 sys=0.00, real=0.00 secs] 
60.951: [GC [PSYoungGen: 173472K->32K(174144K)] 175269K->1829K(523712K), 0.0004941 secs] [Times: user=0.00 sys=0.00, real=0.00 secs] 
61.815: [GC [PSYoungGen: 173535K->32K(174080K)] 175332K->1829K(523648K), 0.0005602 secs] [Times: user=0.00 sys=0.00, real=0.00 secs] 
62.953: [GC [PSYoungGen: 173536K->256K(174144K)] 175333K->2053K(523712K), 0.0006318 secs] [Times: user=0.00 sys=0.00, real=0.01 secs] 
64.149: [GC [PSYoungGen: 173824K->96K(174144K)] 175621K->1957K(523712K), 0.0005102 secs] [Times: user=0.00 sys=0.00, real=0.00 secs] 
65.340: [GC [PSYoungGen: 173664K->64K(174208K)] 175525K->1925K(523776K), 0.0005357 secs] [Times: user=0.00 sys=0.00, real=0.00 secs] 
66.515: [GC [PSYoungGen: 173760K->96K(174208K)] 175621K->1957K(523776K), 0.0006590 secs] [Times: user=0.00 sys=0.00, real=0.00 secs] 
67.718: [GC [PSYoungGen: 173792K->32K(174272K)] 175653K->1893K(523840K), 0.0004746 secs] [Times: user=0.00 sys=0.00, real=0.00 secs] 
68.907: [GC [PSYoungGen: 173856K->96K(174272K)] 175717K->1957K(523840K), 0.0005036 secs] [Times: user=0.00 sys=0.00, real=0.00 secs] 
70.111: [GC [PSYoungGen: 173920K->96K(174336K)] 175781K->1957K(523904K), 0.0004963 secs] [Times: user=0.00 sys=0.00, real=0.00 secs] 
71.740: [GC [PSYoungGen: 173984K->256K(174272K)] 175845K->2117K(523840K), 0.0005945 secs] [Times: user=0.01 sys=0.00, real=0.00 secs] 
72.738: [GC [PSYoungGen: 174144K->32K(174272K)] 176005K->1957K(523840K), 0.0004486 secs] [Times: user=0.00 sys=0.00, real=0.00 secs] 
73.728: [GC [PSYoungGen: 173856K->32K(174272K)] 175781K->1957K(523840K), 0.0004834 secs] [Times: user=0.00 sys=0.00, real=0.00 secs] 
74.734: [GC [PSYoungGen: 173856K->64K(174336K)] 175781K->1989K(523904K), 0.0004901 secs] [Times: user=0.01 sys=0.00, real=0.01 secs] 
75.724: [GC [PSYoungGen: 174016K->64K(174336K)] 175941K->1989K(523904K), 0.0004528 secs] [Times: user=0.00 sys=0.00, real=0.00 secs] 
76.721: [GC [PSYoungGen: 174016K->0K(174336K)] 175941K->1925K(523904K), 0.0005092 secs] [Times: user=0.00 sys=0.00, real=0.00 secs] 
77.721: [GC [PSYoungGen: 173952K->64K(174336K)] 175877K->1989K(523904K), 0.0004754 secs] [Times: user=0.00 sys=0.00, real=0.00 secs] 
78.731: [GC [PSYoungGen: 174016K->96K(174400K)] 175941K->2021K(523968K), 0.0004832 secs] [Times: user=0.00 sys=0.00, real=0.00 secs] 
79.910: [GC [PSYoungGen: 174176K->256K(174336K)] 176101K->2181K(523904K), 0.0006708 secs] [Times: user=0.00 sys=0.00, real=0.00 secs] 
80.455: [GC [PSYoungGen: 174336K->32K(174400K)] 176261K->2013K(523968K), 0.0005817 secs] [Times: user=0.00 sys=0.00, real=0.00 secs] 
80.988: [GC [PSYoungGen: 174048K->32K(174336K)] 176029K->2013K(523904K), 0.0004212 secs] [Times: user=0.00 sys=0.00, real=0.00 secs] 
81.511: [GC [PSYoungGen: 174048K->128K(174400K)] 176029K->2109K(523968K), 0.0004184 secs] [Times: user=0.00 sys=0.00, real=0.00 secs] 
82.052: [GC [PSYoungGen: 174208K->64K(174400K)] 176189K->2045K(523968K), 0.0004574 secs] [Times: user=0.00 sys=0.00, real=0.00 secs] 
82.584: [GC [PSYoungGen: 174144K->64K(174400K)] 176125K->2045K(523968K), 0.0005163 secs] [Times: user=0.01 sys=0.01, real=0.01 secs] 
83.113: [GC [PSYoungGen: 174144K->64K(174400K)] 176125K->2045K(523968K), 0.0004427 secs] [Times: user=0.00 sys=0.00, real=0.00 secs] 
83.647: [GC [PSYoungGen: 174144K->32K(174464K)] 176125K->2013K(524032K), 0.0004633 secs] [Times: user=0.00 sys=0.00, real=0.00 secs] 
84.176: [GC [PSYoungGen: 174240K->96K(174464K)] 176221K->2077K(524032K), 0.0004978 secs] [Times: user=0.00 sys=0.00, real=0.00 secs] 
84.709: [GC [PSYoungGen: 174304K->64K(174464K)] 176285K->2045K(524032K), 0.0004817 secs] [Times: user=0.00 sys=0.00, real=0.00 secs] 
85.235: [GC [PSYoungGen: 174272K->32K(174464K)] 176253K->2013K(524032K), 0.0005234 secs] [Times: user=0.01 sys=0.00, real=0.00 secs] 
85.763: [GC [PSYoungGen: 174240K->32K(174464K)] 176221K->2013K(524032K), 0.0006270 secs] [Times: user=0.00 sys=0.00, real=0.00 secs] 
86.293: [GC [PSYoungGen: 174240K->64K(174464K)] 176221K->2045K(524032K), 0.0004803 secs] [Times: user=0.00 sys=0.00, real=0.00 secs] 
86.806: [GC [PSYoungGen: 174272K->160K(174464K)] 176253K->2141K(524032K), 0.0004341 secs] [Times: user=0.01 sys=0.00, real=0.00 secs] 
87.336: [GC [PSYoungGen: 174368K->160K(174464K)] 176349K->2141K(524032K), 0.0004526 secs] [Times: user=0.00 sys=0.00, real=0.00 secs] 
87.865: [GC [PSYoungGen: 174368K->128K(174464K)] 176349K->2109K(524032K), 0.0004645 secs] [Times: user=0.00 sys=0.00, real=0.00 secs] 
88.419: [GC [PSYoungGen: 174336K->256K(174464K)] 176317K->2237K(524032K), 0.0005296 secs] [Times: user=0.01 sys=0.00, real=0.00 secs] 
89.122: [GC [PSYoungGen: 174464K->0K(174336K)] 176445K->2037K(523904K), 0.0004424 secs] [Times: user=0.01 sys=0.00, real=0.00 secs] 
89.831: [GC [PSYoungGen: 174080K->0K(174400K)] 176117K->2037K(523968K), 0.0004267 secs] [Times: user=0.00 sys=0.00, real=0.00 secs] 
90.542: [GC [PSYoungGen: 174080K->32K(174400K)] 176117K->2069K(523968K), 0.0006817 secs] [Times: user=0.00 sys=0.00, real=0.00 secs] 
91.245: [GC [PSYoungGen: 174112K->32K(174400K)] 176149K->2069K(523968K), 0.0004714 secs] [Times: user=0.00 sys=0.00, real=0.00 secs] 
91.959: [GC [PSYoungGen: 174112K->64K(174464K)] 176149K->2101K(524032K), 0.0004661 secs] [Times: user=0.01 sys=0.00, real=0.00 secs] 
92.655: [GC [PSYoungGen: 174208K->64K(174400K)] 176245K->2101K(523968K), 0.0004709 secs] [Times: user=0.01 sys=0.00, real=0.00 secs] 
93.359: [GC [PSYoungGen: 174208K->64K(174464K)] 176245K->2101K(524032K), 0.0004434 secs] [Times: user=0.00 sys=0.00, real=0.00 secs] 
94.072: [GC [PSYoungGen: 174272K->96K(174464K)] 176309K->2133K(524032K), 0.0004987 secs] [Times: user=0.01 sys=0.01, real=0.00 secs] 
94.770: [GC [PSYoungGen: 174304K->96K(174464K)] 176341K->2133K(524032K), 0.0005000 secs] [Times: user=0.00 sys=0.00, real=0.00 secs] 
95.474: [GC [PSYoungGen: 174304K->32K(174464K)] 176341K->2069K(524032K), 0.0004582 secs] [Times: user=0.00 sys=0.00, real=0.01 secs] 
96.180: [GC [PSYoungGen: 174240K->96K(174464K)] 176277K->2133K(524032K), 0.0007284 secs] [Times: user=0.01 sys=0.00, real=0.00 secs] 
96.890: [GC [PSYoungGen: 174304K->64K(174464K)] 176341K->2101K(524032K), 0.0004287 secs] [Times: user=0.01 sys=0.00, real=0.00 secs] 
98.138: [GC [PSYoungGen: 174272K->192K(174400K)] 176309K->2245K(523968K), 0.0005331 secs] [Times: user=0.00 sys=0.00, real=0.00 secs] 
98.727: [GC [PSYoungGen: 174400K->32K(174464K)] 176453K->2149K(524032K), 0.0006461 secs] [Times: user=0.00 sys=0.00, real=0.00 secs] 
99.323: [GC [PSYoungGen: 174240K->160K(174464K)] 176357K->2277K(524032K), 0.0004861 secs] [Times: user=0.00 sys=0.00, real=0.00 secs] 
99.908: [GC [PSYoungGen: 174368K->64K(174464K)] 176485K->2181K(524032K), 0.0004384 secs] [Times: user=0.00 sys=0.00, real=0.00 secs] 
100.504: [GC [PSYoungGen: 174272K->0K(174464K)] 176389K->2117K(524032K), 0.0006452 secs] [Times: user=0.00 sys=0.00, real=0.01 secs] 
101.103: [GC [PSYoungGen: 174208K->32K(174464K)] 176325K->2149K(524032K), 0.0005239 secs] [Times: user=0.00 sys=0.00, real=0.00 secs] 
101.687: [GC [PSYoungGen: 174240K->64K(174464K)] 176357K->2181K(524032K), 0.0004597 secs] [Times: user=0.01 sys=0.00, real=0.00 secs] 
102.269: [GC [PSYoungGen: 174272K->32K(174464K)] 176389K->2149K(524032K), 0.0004843 secs] [Times: user=0.00 sys=0.00, real=0.00 secs] 
102.847: [GC [PSYoungGen: 174240K->96K(174464K)] 176357K->2213K(524032K), 0.0005299 secs] [Times: user=0.00 sys=0.00, real=0.00 secs] 
103.439: [GC [PSYoungGen: 174304K->160K(174464K)] 176421K->2277K(524032K), 0.0005782 secs] [Times: user=0.00 sys=0.00, real=0.00 secs] 
104.041: [GC [PSYoungGen: 174368K->96K(174464K)] 176485K->2213K(524032K), 0.0004531 secs] [Times: user=0.00 sys=0.00, real=0.00 secs] 
104.637: [GC [PSYoungGen: 174304K->64K(174464K)] 176421K->2181K(524032K), 0.0004617 secs] [Times: user=0.00 sys=0.00, real=0.00 secs] 
105.230: [GC [PSYoungGen: 174272K->32K(174464K)] 176389K->2149K(524032K), 0.0004994 secs] [Times: user=0.01 sys=0.00, real=0.00 secs] 
105.818: [GC [PSYoungGen: 174240K->32K(174464K)] 176357K->2149K(524032K), 0.0005083 secs] [Times: user=0.00 sys=0.01, real=0.00 secs] 
106.542: [GC [PSYoungGen: 174240K->192K(174400K)] 176357K->2325K(523968K), 0.0005273 secs] [Times: user=0.00 sys=0.01, real=0.00 secs] 
106.841: [GC [PSYoungGen: 174400K->64K(174464K)] 176533K->2261K(524032K), 0.0004887 secs] [Times: user=0.00 sys=0.00, real=0.00 secs] 
107.133: [GC [PSYoungGen: 174272K->32K(174464K)] 176469K->2229K(524032K), 0.0004833 secs] [Times: user=0.00 sys=0.01, real=0.00 secs] 
107.426: [GC [PSYoungGen: 174240K->160K(174464K)] 176437K->2357K(524032K), 0.0004321 secs] [Times: user=0.00 sys=0.00, real=0.00 secs] 
107.716: [GC [PSYoungGen: 174368K->64K(174464K)] 176565K->2261K(524032K), 0.0004658 secs] [Times: user=0.00 sys=0.00, real=0.00 secs] 
107.995: [GC [PSYoungGen: 174272K->64K(174464K)] 176469K->2261K(524032K), 0.0005091 secs] [Times: user=0.00 sys=0.00, real=0.00 secs] 
108.284: [GC [PSYoungGen: 174272K->96K(174464K)] 176469K->2293K(524032K), 0.0005138 secs] [Times: user=0.00 sys=0.00, real=0.00 secs] 
108.594: [GC [PSYoungGen: 174304K->64K(174464K)] 176501K->2261K(524032K), 0.0004546 secs] [Times: user=0.00 sys=0.00, real=0.00 secs] 
108.915: [GC [PSYoungGen: 174272K->64K(174528K)] 176469K->2261K(524096K), 0.0004785 secs] [Times: user=0.00 sys=0.00, real=0.00 secs] 
109.210: [GC [PSYoungGen: 174336K->128K(174464K)] 176533K->2325K(524032K), 0.0004897 secs] [Times: user=0.00 sys=0.00, real=0.00 secs] 
109.496: [GC [PSYoungGen: 174400K->64K(174528K)] 176597K->2261K(524096K), 0.0004390 secs] [Times: user=0.00 sys=0.00, real=0.00 secs] 
109.763: [GC [PSYoungGen: 174336K->32K(174464K)] 176533K->2229K(524032K), 0.0004794 secs] [Times: user=0.00 sys=0.00, real=0.00 secs] 
110.068: [GC [PSYoungGen: 174304K->64K(174528K)] 176501K->2261K(524096K), 0.0004778 secs] [Times: user=0.00 sys=0.00, real=0.00 secs] 
110.357: [GC [PSYoungGen: 174400K->128K(174528K)] 176597K->2325K(524096K), 0.0004420 secs] [Times: user=0.00 sys=0.00, real=0.00 secs] 
110.660: [GC [PSYoungGen: 174464K->96K(174528K)] 176661K->2293K(524096K), 0.0004472 secs] [Times: user=0.00 sys=0.00, real=0.00 secs] 
110.959: [GC [PSYoungGen: 174428K->64K(174528K)] 176625K->2261K(524096K), 0.0004517 secs] [Times: user=0.00 sys=0.00, real=0.00 secs] 
111.263: [GC [PSYoungGen: 174400K->160K(174400K)] 176597K->2357K(523968K), 0.0005405 secs] [Times: user=0.00 sys=0.00, real=0.00 secs] 
111.558: [GC [PSYoungGen: 174368K->64K(174464K)] 176565K->2261K(524032K), 0.0004115 secs] [Times: user=0.00 sys=0.00, real=0.00 secs] 
111.858: [GC [PSYoungGen: 174272K->160K(174400K)] 176469K->2357K(523968K), 0.0005056 secs] [Times: user=0.00 sys=0.01, real=0.00 secs] 
112.162: [GC [PSYoungGen: 174368K->160K(174464K)] 176565K->2357K(524032K), 0.0004764 secs] [Times: user=0.00 sys=0.00, real=0.00 secs] 
112.453: [GC [PSYoungGen: 174368K->96K(174464K)] 176565K->2293K(524032K), 0.0004916 secs] [Times: user=0.00 sys=0.00, real=0.00 secs] 
112.727: [GC [PSYoungGen: 174304K->192K(174464K)] 176501K->2389K(524032K), 0.0005513 secs] [Times: user=0.00 sys=0.00, real=0.00 secs] 
112.996: [GC [PSYoungGen: 174398K->160K(174464K)] 176595K->2357K(524032K), 0.0004119 secs] [Times: user=0.01 sys=0.00, real=0.00 secs] 
113.295: [GC [PSYoungGen: 174368K->96K(174464K)] 176565K->2293K(524032K), 0.0004072 secs] [Times: user=0.00 sys=0.01, real=0.01 secs] 
113.601: [GC [PSYoungGen: 174304K->128K(174464K)] 176501K->2325K(524032K), 0.0005559 secs] [Times: user=0.00 sys=0.00, real=0.00 secs] 
113.883: [GC [PSYoungGen: 174336K->96K(174464K)] 176533K->2293K(524032K), 0.0004341 secs] [Times: user=0.01 sys=0.00, real=0.00 secs] 
114.167: [GC [PSYoungGen: 174304K->64K(174464K)] 176501K->2261K(524032K), 0.0004587 secs] [Times: user=0.00 sys=0.00, real=0.00 secs] 
114.455: [GC [PSYoungGen: 174272K->96K(174464K)] 176469K->2293K(524032K), 0.0005334 secs] [Times: user=0.00 sys=0.00, real=0.01 secs] 
114.737: [GC [PSYoungGen: 174304K->96K(174464K)] 176501K->2293K(524032K), 0.0006120 secs] [Times: user=0.01 sys=0.00, real=0.00 secs] 
115.058: [GC [PSYoungGen: 174304K->256K(174464K)] 176501K->2453K(524032K), 0.0004424 secs] [Times: user=0.00 sys=0.00, real=0.00 secs] 
115.437: [GC [PSYoungGen: 174464K->0K(174464K)] 176661K->2253K(524032K), 0.0004642 secs] [Times: user=0.00 sys=0.00, real=0.00 secs] 
115.815: [GC [PSYoungGen: 174208K->32K(174464K)] 176461K->2285K(524032K), 0.0004394 secs] [Times: user=0.01 sys=0.00, real=0.00 secs] 
116.195: [GC [PSYoungGen: 174240K->0K(174464K)] 176493K->2253K(524032K), 0.0004943 secs] [Times: user=0.00 sys=0.00, real=0.01 secs] 
116.571: [GC [PSYoungGen: 174208K->32K(174464K)] 176461K->2285K(524032K), 0.0005003 secs] [Times: user=0.01 sys=0.00, real=0.00 secs] 
116.955: [GC [PSYoungGen: 174240K->32K(174464K)] 176493K->2285K(524032K), 0.0004442 secs] [Times: user=0.00 sys=0.00, real=0.01 secs] 
117.330: [GC [PSYoungGen: 174240K->32K(174464K)] 176493K->2285K(524032K), 0.0005694 secs] [Times: user=0.00 sys=0.00, real=0.00 secs] 
117.708: [GC [PSYoungGen: 174240K->0K(174464K)] 176493K->2253K(524032K), 0.0004854 secs] [Times: user=0.00 sys=0.00, real=0.00 secs] 
118.086: [GC [PSYoungGen: 174208K->32K(174464K)] 176461K->2285K(524032K), 0.0004764 secs] [Times: user=0.01 sys=0.00, real=0.00 secs] 
118.453: [GC [PSYoungGen: 174240K->32K(174464K)] 176493K->2285K(524032K), 0.0004410 secs] [Times: user=0.00 sys=0.00, real=0.00 secs] 
118.829: [GC [PSYoungGen: 174240K->64K(174464K)] 176493K->2317K(524032K), 0.0004783 secs] [Times: user=0.01 sys=0.00, real=0.00 secs] 
119.194: [GC [PSYoungGen: 174272K->32K(174528K)] 176525K->2285K(524096K), 0.0004569 secs] [Times: user=0.00 sys=0.00, real=0.00 secs] 
119.560: [GC [PSYoungGen: 174304K->96K(174464K)] 176557K->2349K(524032K), 0.0004350 secs] [Times: user=0.01 sys=0.00, real=0.00 secs] 
119.934: [GC [PSYoungGen: 174368K->64K(174528K)] 176621K->2317K(524096K), 0.0004920 secs] [Times: user=0.01 sys=0.00, real=0.00 secs] 
120.313: [GC [PSYoungGen: 174400K->192K(174528K)] 176653K->2461K(524096K), 0.0003939 secs] [Times: user=0.00 sys=0.00, real=0.00 secs] 
120.707: [GC [PSYoungGen: 174528K->32K(174400K)] 176797K->2333K(523968K), 0.0004434 secs] [Times: user=0.01 sys=0.00, real=0.00 secs] 
121.101: [GC [PSYoungGen: 174240K->64K(174464K)] 176541K->2365K(524032K), 0.0004988 secs] [Times: user=0.00 sys=0.00, real=0.00 secs] 
121.487: [GC [PSYoungGen: 174272K->128K(174464K)] 176573K->2429K(524032K), 0.0004610 secs] [Times: user=0.01 sys=0.00, real=0.00 secs] 
121.884: [GC [PSYoungGen: 174334K->96K(174464K)] 176635K->2397K(524032K), 0.0004610 secs] [Times: user=0.00 sys=0.00, real=0.00 secs] 
122.271: [GC [PSYoungGen: 174304K->64K(174528K)] 176605K->2365K(524096K), 0.0005934 secs] [Times: user=0.00 sys=0.00, real=0.00 secs] 
122.648: [GC [PSYoungGen: 174336K->96K(174464K)] 176637K->2397K(524032K), 0.0004269 secs] [Times: user=0.00 sys=0.00, real=0.00 secs] 
123.027: [GC [PSYoungGen: 174368K->96K(174528K)] 176669K->2397K(524096K), 0.0004488 secs] [Times: user=0.01 sys=0.00, real=0.00 secs] 
123.405: [GC [PSYoungGen: 174430K->64K(174528K)] 176732K->2365K(524096K), 0.0004492 secs] [Times: user=0.01 sys=0.00, real=0.00 secs] 
124.560: [GC [PSYoungGen: 174400K->192K(174400K)] 176701K->2509K(523968K), 0.0004982 secs] [Times: user=0.00 sys=0.01, real=0.00 secs] 
124.871: [GC [PSYoungGen: 174400K->64K(174464K)] 176717K->2445K(524032K), 0.0004967 secs] [Times: user=0.00 sys=0.01, real=0.00 secs] 
125.176: [GC [PSYoungGen: 174272K->128K(174464K)] 176653K->2517K(524032K), 0.0006463 secs] [Times: user=0.00 sys=0.00, real=0.00 secs] 
125.481: [GC [PSYoungGen: 174336K->64K(174464K)] 176725K->2453K(524032K), 0.0005118 secs] [Times: user=0.00 sys=0.00, real=0.00 secs] 
125.790: [GC [PSYoungGen: 174272K->0K(174464K)] 176661K->2389K(524032K), 0.0004464 secs] [Times: user=0.00 sys=0.00, real=0.00 secs] 
126.116: [GC [PSYoungGen: 174208K->64K(174464K)] 176597K->2453K(524032K), 0.0004440 secs] [Times: user=0.00 sys=0.00, real=0.00 secs] 
126.418: [GC [PSYoungGen: 174272K->32K(174464K)] 176661K->2421K(524032K), 0.0005338 secs] [Times: user=0.00 sys=0.00, real=0.00 secs] 
126.744: [GC [PSYoungGen: 174240K->64K(174464K)] 176629K->2453K(524032K), 0.0004836 secs] [Times: user=0.00 sys=0.00, real=0.00 secs] 
127.055: [GC [PSYoungGen: 174272K->64K(174528K)] 176661K->2453K(524096K), 0.0004295 secs] [Times: user=0.00 sys=0.00, real=0.00 secs] 
127.362: [GC [PSYoungGen: 174400K->64K(174528K)] 176789K->2453K(524096K), 0.0004609 secs] [Times: user=0.00 sys=0.00, real=0.00 secs] 
127.665: [GC [PSYoungGen: 174400K->32K(174528K)] 176789K->2421K(524096K), 0.0004891 secs] [Times: user=0.01 sys=0.00, real=0.00 secs] 
127.966: [GC [PSYoungGen: 174368K->64K(174528K)] 176757K->2453K(524096K), 0.0004664 secs] [Times: user=0.00 sys=0.00, real=0.01 secs] 
128.275: [GC [PSYoungGen: 174400K->64K(174528K)] 176789K->2453K(524096K), 0.0004913 secs] [Times: user=0.00 sys=0.00, real=0.01 secs] 
128.606: [GC [PSYoungGen: 174400K->96K(174528K)] 176789K->2485K(524096K), 0.0004956 secs] [Times: user=0.00 sys=0.00, real=0.00 secs] 
128.927: [GC [PSYoungGen: 174432K->64K(174528K)] 176821K->2453K(524096K), 0.0006067 secs] [Times: user=0.00 sys=0.00, real=0.00 secs] 
129.237: [GC [PSYoungGen: 174400K->128K(174528K)] 176789K->2517K(524096K), 0.0004189 secs] [Times: user=0.00 sys=0.00, real=0.00 secs] 
129.543: [GC [PSYoungGen: 174464K->64K(174528K)] 176853K->2453K(524096K), 0.0004631 secs] [Times: user=0.00 sys=0.00, real=0.00 secs] 
129.850: [GC [PSYoungGen: 174400K->128K(174528K)] 176789K->2517K(524096K), 0.0005446 secs] [Times: user=0.00 sys=0.00, real=0.00 secs] 
130.156: [GC [PSYoungGen: 174462K->128K(174528K)] 176852K->2517K(524096K), 0.0004793 secs] [Times: user=0.00 sys=0.00, real=0.01 secs] 
130.474: [GC [PSYoungGen: 174464K->64K(174528K)] 176853K->2453K(524096K), 0.0004775 secs] [Times: user=0.00 sys=0.00, real=0.00 secs] 
130.784: [GC [PSYoungGen: 174400K->32K(174528K)] 176789K->2421K(524096K), 0.0005569 secs] [Times: user=0.00 sys=0.00, real=0.00 secs] 
131.097: [GC [PSYoungGen: 174368K->96K(174528K)] 176757K->2485K(524096K), 0.0005512 secs] [Times: user=0.00 sys=0.00, real=0.00 secs] 
131.423: [GC [PSYoungGen: 174432K->96K(174528K)] 176821K->2485K(524096K), 0.0005405 secs] [Times: user=0.00 sys=0.00, real=0.00 secs] 
131.725: [GC [PSYoungGen: 174431K->96K(174528K)] 176820K->2485K(524096K), 0.0004732 secs] [Times: user=0.01 sys=0.00, real=0.00 secs] 
132.047: [GC [PSYoungGen: 174432K->64K(174528K)] 176821K->2453K(524096K), 0.0004778 secs] [Times: user=0.00 sys=0.00, real=0.00 secs] 
133.247: [GC [PSYoungGen: 174400K->192K(174528K)] 176789K->3302K(524096K), 0.0009744 secs] [Times: user=0.00 sys=0.00, real=0.00 secs] 
135.216: [GC [PSYoungGen: 174528K->64K(174016K)] 177638K->3383K(523584K), 0.0006431 secs] [Times: user=0.00 sys=0.01, real=0.00 secs] 
137.183: [GC [PSYoungGen: 173888K->32K(174272K)] 177207K->3351K(523840K), 0.0004681 secs] [Times: user=0.00 sys=0.00, real=0.00 secs] 
139.139: [GC [PSYoungGen: 173856K->32K(174272K)] 177175K->3351K(523840K), 0.0006054 secs] [Times: user=0.01 sys=0.00, real=0.00 secs] 
141.105: [GC [PSYoungGen: 173856K->64K(174272K)] 177175K->3383K(523840K), 0.0004700 secs] [Times: user=0.00 sys=0.00, real=0.00 secs] 
143.740: [GC [PSYoungGen: 173888K->256K(174272K)] 177207K->3575K(523840K), 0.0005286 secs] [Times: user=0.01 sys=0.00, real=0.00 secs] 
146.445: [GC [PSYoungGen: 174080K->32K(174272K)] 177399K->3407K(523840K), 0.0006013 secs] [Times: user=0.00 sys=0.00, real=0.00 secs] 
149.120: [GC [PSYoungGen: 173856K->64K(174272K)] 177231K->3439K(523840K), 0.0004782 secs] [Times: user=0.00 sys=0.00, real=0.00 secs] 
151.934: [GC [PSYoungGen: 173888K->256K(174272K)] 177263K->3631K(523840K), 0.0004932 secs] [Times: user=0.00 sys=0.00, real=0.00 secs] 
154.248: [GC [PSYoungGen: 174080K->32K(174272K)] 177455K->3487K(523840K), 0.0005222 secs] [Times: user=0.00 sys=0.00, real=0.00 secs] 
156.555: [GC [PSYoungGen: 173856K->32K(174272K)] 177311K->3487K(523840K), 0.0004983 secs] [Times: user=0.00 sys=0.00, real=0.00 secs] 
158.845: [GC [PSYoungGen: 173856K->64K(174336K)] 177311K->3519K(523904K), 0.0004566 secs] [Times: user=0.00 sys=0.00, real=0.00 secs] 
160.593: [GC [PSYoungGen: 173952K->256K(174272K)] 177407K->3711K(523840K), 0.0005002 secs] [Times: user=0.00 sys=0.00, real=0.00 secs] 
162.047: [GC [PSYoungGen: 174144K->32K(174272K)] 177599K->3551K(523840K), 0.0006138 secs] [Times: user=0.00 sys=0.00, real=0.00 secs] 
163.469: [GC [PSYoungGen: 173856K->128K(174272K)] 177375K->3647K(523840K), 0.0004489 secs] [Times: user=0.00 sys=0.00, real=0.00 secs] 
164.886: [GC [PSYoungGen: 173952K->96K(174336K)] 177471K->3615K(523904K), 0.0005219 secs] [Times: user=0.01 sys=0.00, real=0.00 secs] 
166.337: [GC [PSYoungGen: 174048K->128K(174336K)] 177567K->3647K(523904K), 0.0005358 secs] [Times: user=0.00 sys=0.00, real=0.00 secs] 
167.757: [GC [PSYoungGen: 174080K->64K(174400K)] 177599K->3583K(523968K), 0.0004435 secs] [Times: user=0.00 sys=0.00, real=0.00 secs] 
169.596: [GC [PSYoungGen: 174080K->256K(174336K)] 177599K->3775K(523904K), 0.0005026 secs] [Times: user=0.00 sys=0.00, real=0.01 secs] 
171.541: [GC [PSYoungGen: 174272K->64K(174336K)] 177791K->3647K(523904K), 0.0004840 secs] [Times: user=0.00 sys=0.00, real=0.00 secs] 
173.429: [GC [PSYoungGen: 174016K->32K(174336K)] 177599K->3615K(523904K), 0.0005838 secs] [Times: user=0.00 sys=0.00, real=0.00 secs] 
175.328: [GC [PSYoungGen: 173984K->32K(174336K)] 177567K->3615K(523904K), 0.0004536 secs] [Times: user=0.00 sys=0.00, real=0.00 secs] 
177.664: [GC [PSYoungGen: 173984K->256K(174336K)] 177567K->3839K(523904K), 0.0005463 secs] [Times: user=0.00 sys=0.00, real=0.00 secs] 
179.335: [GC [PSYoungGen: 174208K->128K(174336K)] 177791K->3775K(523904K), 0.0004962 secs] [Times: user=0.00 sys=0.00, real=0.00 secs] 
181.024: [GC [PSYoungGen: 174080K->64K(174336K)] 177727K->3711K(523904K), 0.0004747 secs] [Times: user=0.00 sys=0.00, real=0.00 secs] 
182.696: [GC [PSYoungGen: 174016K->64K(174400K)] 177663K->3743K(523968K), 0.0004378 secs] [Times: user=0.00 sys=0.00, real=0.00 secs] 
184.390: [GC [PSYoungGen: 174080K->64K(174336K)] 177759K->3743K(523904K), 0.0004904 secs] [Times: user=0.00 sys=0.00, real=0.00 secs] 
186.277: [GC [PSYoungGen: 174080K->256K(174272K)] 177759K->3935K(523840K), 0.0005377 secs] [Times: user=0.00 sys=0.00, real=0.00 secs] 
187.204: [GC [PSYoungGen: 174208K->32K(174336K)] 177887K->3775K(523904K), 0.0004583 secs] [Times: user=0.00 sys=0.00, real=0.00 secs] 
188.118: [GC [PSYoungGen: 173984K->0K(174336K)] 177727K->3743K(523904K), 0.0004480 secs] [Times: user=0.00 sys=0.00, real=0.00 secs] 
189.048: [GC [PSYoungGen: 173952K->32K(174336K)] 177695K->3775K(523904K), 0.0004873 secs] [Times: user=0.00 sys=0.00, real=0.00 secs] 
189.952: [GC [PSYoungGen: 173984K->160K(174400K)] 177727K->3903K(523968K), 0.0004243 secs] [Times: user=0.00 sys=0.00, real=0.00 secs] 
190.883: [GC [PSYoungGen: 174240K->64K(174400K)] 177983K->3807K(523968K), 0.0004631 secs] [Times: user=0.00 sys=0.00, real=0.00 secs] 
191.802: [GC [PSYoungGen: 174144K->32K(174400K)] 177887K->3775K(523968K), 0.0004878 secs] [Times: user=0.00 sys=0.00, real=0.00 secs] 
192.727: [GC [PSYoungGen: 174112K->128K(174400K)] 177855K->3871K(523968K), 0.0004877 secs] [Times: user=0.00 sys=0.00, real=0.01 secs] 
193.625: [GC [PSYoungGen: 174208K->96K(174400K)] 177951K->3839K(523968K), 0.0004207 secs] [Times: user=0.01 sys=0.00, real=0.00 secs] 
194.533: [GC [PSYoungGen: 174176K->64K(174400K)] 177919K->3807K(523968K), 0.0004208 secs] [Times: user=0.00 sys=0.00, real=0.00 secs] 
195.659: [GC [PSYoungGen: 174144K->256K(174336K)] 177887K->3999K(523904K), 0.0004937 secs] [Times: user=0.00 sys=0.00, real=0.00 secs] 
196.918: [GC [PSYoungGen: 174336K->32K(174400K)] 178079K->3839K(523968K), 0.0004894 secs] [Times: user=0.00 sys=0.00, real=0.00 secs] 
198.173: [GC [PSYoungGen: 174112K->32K(174400K)] 177919K->3839K(523968K), 0.0004404 secs] [Times: user=0.00 sys=0.00, real=0.00 secs] 
199.396: [GC [PSYoungGen: 174112K->64K(174400K)] 177919K->3871K(523968K), 0.0004731 secs] [Times: user=0.00 sys=0.00, real=0.00 secs] 
200.654: [GC [PSYoungGen: 174144K->32K(174400K)] 177951K->3839K(523968K), 0.0004466 secs] [Times: user=0.00 sys=0.00, real=0.00 secs] 
201.903: [GC [PSYoungGen: 174112K->64K(174400K)] 177919K->3871K(523968K), 0.0004594 secs] [Times: user=0.00 sys=0.00, real=0.00 secs] 
203.169: [GC [PSYoungGen: 174144K->64K(174464K)] 177951K->3871K(524032K), 0.0004269 secs] [Times: user=0.00 sys=0.00, real=0.00 secs] 
204.814: [GC [PSYoungGen: 174272K->224K(174464K)] 178079K->4031K(524032K), 0.0005772 secs] [Times: user=0.00 sys=0.00, real=0.00 secs] 
205.873: [GC [PSYoungGen: 174432K->128K(174336K)] 178239K->3999K(523904K), 0.0005278 secs] [Times: user=0.00 sys=0.00, real=0.00 secs] 
206.930: [GC [PSYoungGen: 174208K->128K(174400K)] 178079K->3999K(523968K), 0.0004753 secs] [Times: user=0.00 sys=0.01, real=0.00 secs] 
208.007: [GC [PSYoungGen: 174208K->64K(174464K)] 178079K->3935K(524032K), 0.0004294 secs] [Times: user=0.01 sys=0.00, real=0.00 secs] 
209.057: [GC [PSYoungGen: 174208K->128K(174400K)] 178079K->3999K(523968K), 0.0004123 secs] [Times: user=0.00 sys=0.00, real=0.00 secs] 
210.108: [GC [PSYoungGen: 174272K->64K(174464K)] 178143K->3935K(524032K), 0.0006657 secs] [Times: user=0.00 sys=0.00, real=0.01 secs] 
211.184: [GC [PSYoungGen: 174272K->96K(174464K)] 178143K->3967K(524032K), 0.0004381 secs] [Times: user=0.00 sys=0.00, real=0.00 secs] 
212.251: [GC [PSYoungGen: 174304K->64K(174464K)] 178175K->3975K(524032K), 0.0005045 secs] [Times: user=0.01 sys=0.00, real=0.00 secs] 
213.296: [GC [PSYoungGen: 174272K->256K(174464K)] 178183K->4167K(524032K), 0.0005204 secs] [Times: user=0.00 sys=0.00, real=0.00 secs] 
213.836: [GC [PSYoungGen: 174464K->96K(174464K)] 178375K->4071K(524032K), 0.0004900 secs] [Times: user=0.01 sys=0.00, real=0.00 secs] 
214.370: [GC [PSYoungGen: 174304K->160K(174400K)] 178279K->4135K(523968K), 0.0005788 secs] [Times: user=0.01 sys=0.00, real=0.00 secs] 
214.904: [GC [PSYoungGen: 174368K->96K(174464K)] 178343K->4071K(524032K), 0.0005117 secs] [Times: user=0.00 sys=0.00, real=0.00 secs] 
215.433: [GC [PSYoungGen: 174240K->32K(174400K)] 178215K->4007K(523968K), 0.0003777 secs] [Times: user=0.00 sys=0.00, real=0.00 secs] 
215.975: [GC [PSYoungGen: 174176K->32K(174464K)] 178151K->4007K(524032K), 0.0005070 secs] [Times: user=0.00 sys=0.00, real=0.00 secs] 
216.524: [GC [PSYoungGen: 174240K->32K(174464K)] 178215K->4007K(524032K), 0.0005355 secs] [Times: user=0.00 sys=0.00, real=0.00 secs] 
217.062: [GC [PSYoungGen: 174240K->32K(174464K)] 178215K->4007K(524032K), 0.0005426 secs] [Times: user=0.00 sys=0.00, real=0.00 secs] 
217.595: [GC [PSYoungGen: 174240K->64K(174464K)] 178215K->4039K(524032K), 0.0004419 secs] [Times: user=0.00 sys=0.00, real=0.00 secs] 
218.117: [GC [PSYoungGen: 174272K->64K(174464K)] 178247K->4039K(524032K), 0.0004276 secs] [Times: user=0.00 sys=0.00, real=0.00 secs] 
218.652: [GC [PSYoungGen: 174272K->96K(174464K)] 178247K->4071K(524032K), 0.0006331 secs] [Times: user=0.00 sys=0.00, real=0.00 secs] 
219.188: [GC [PSYoungGen: 174304K->64K(174464K)] 178279K->4039K(524032K), 0.0006454 secs] [Times: user=0.00 sys=0.00, real=0.01 secs] 
219.718: [GC [PSYoungGen: 174272K->32K(174464K)] 178247K->4007K(524032K), 0.0007386 secs] [Times: user=0.00 sys=0.00, real=0.01 secs] 
220.249: [GC [PSYoungGen: 174240K->64K(174528K)] 178215K->4039K(524096K), 0.0004817 secs] [Times: user=0.00 sys=0.00, real=0.00 secs] 
220.791: [GC [PSYoungGen: 174336K->64K(174464K)] 178311K->4039K(524032K), 0.0005440 secs] [Times: user=0.00 sys=0.00, real=0.00 secs] 
221.333: [GC [PSYoungGen: 174336K->96K(174528K)] 178311K->4071K(524096K), 0.0004570 secs] [Times: user=0.01 sys=0.00, real=0.00 secs] 
222.002: [GC [PSYoungGen: 174431K->192K(174528K)] 178406K->4183K(524096K), 0.0005596 secs] [Times: user=0.00 sys=0.00, real=0.00 secs] 
222.714: [GC [PSYoungGen: 174528K->32K(174400K)] 178519K->4087K(523968K), 0.0005146 secs] [Times: user=0.00 sys=0.00, real=0.00 secs] 
223.445: [GC [PSYoungGen: 174240K->96K(174464K)] 178295K->4151K(524032K), 0.0003992 secs] [Times: user=0.00 sys=0.00, real=0.00 secs] 
224.176: [GC [PSYoungGen: 174304K->32K(174464K)] 178359K->4087K(524032K), 0.0004405 secs] [Times: user=0.00 sys=0.00, real=0.00 secs] 
224.910: [GC [PSYoungGen: 174240K->96K(174464K)] 178295K->4151K(524032K), 0.0005390 secs] [Times: user=0.00 sys=0.00, real=0.00 secs] 
225.606: [GC [PSYoungGen: 174304K->0K(174464K)] 178359K->4055K(524032K), 0.0004556 secs] [Times: user=0.01 sys=0.00, real=0.00 secs] 
226.323: [GC [PSYoungGen: 174208K->64K(174464K)] 178263K->4119K(524032K), 0.0004686 secs] [Times: user=0.00 sys=0.00, real=0.00 secs] 
227.044: [GC [PSYoungGen: 174272K->32K(174528K)] 178327K->4087K(524096K), 0.0004849 secs] [Times: user=0.01 sys=0.00, real=0.00 secs] 
227.768: [GC [PSYoungGen: 174368K->96K(174528K)] 178423K->4151K(524096K), 0.0004127 secs] [Times: user=0.00 sys=0.00, real=0.00 secs] 
228.502: [GC [PSYoungGen: 174432K->32K(174528K)] 178487K->4087K(524096K), 0.0004584 secs] [Times: user=0.01 sys=0.00, real=0.00 secs] 
229.198: [GC [PSYoungGen: 174368K->96K(174528K)] 178423K->4151K(524096K), 0.0005747 secs] [Times: user=0.00 sys=0.00, real=0.00 secs] 
229.930: [GC [PSYoungGen: 174432K->32K(174528K)] 178487K->4087K(524096K), 0.0005106 secs] [Times: user=0.00 sys=0.00, real=0.00 secs] 
231.268: [GC [PSYoungGen: 174368K->192K(174528K)] 178423K->4263K(524096K), 0.0004840 secs] [Times: user=0.00 sys=0.00, real=0.00 secs] 
231.897: [GC [PSYoungGen: 174528K->64K(174400K)] 178599K->4199K(523968K), 0.0004037 secs] [Times: user=0.00 sys=0.00, real=0.00 secs] 
232.543: [GC [PSYoungGen: 174272K->32K(174464K)] 178407K->4167K(524032K), 0.0004581 secs] [Times: user=0.00 sys=0.00, real=0.00 secs] 
233.168: [GC [PSYoungGen: 174240K->32K(174464K)] 178375K->4167K(524032K), 0.0005057 secs] [Times: user=0.00 sys=0.00, real=0.01 secs] 
233.789: [GC [PSYoungGen: 174240K->32K(174464K)] 178375K->4167K(524032K), 0.0005002 secs] [Times: user=0.00 sys=0.00, real=0.01 secs] 
234.409: [GC [PSYoungGen: 174240K->0K(174528K)] 178375K->4135K(524096K), 0.0005397 secs] [Times: user=0.00 sys=0.00, real=0.00 secs] 
235.025: [GC [PSYoungGen: 174336K->0K(174528K)] 178471K->4135K(524096K), 0.0004846 secs] [Times: user=0.00 sys=0.00, real=0.00 secs] 
235.634: [GC [PSYoungGen: 174336K->96K(174528K)] 178471K->4231K(524096K), 0.0004314 secs] [Times: user=0.00 sys=0.00, real=0.00 secs] 
236.248: [GC [PSYoungGen: 174432K->64K(174528K)] 178567K->4199K(524096K), 0.0004184 secs] [Times: user=0.01 sys=0.00, real=0.00 secs] 
236.859: [GC [PSYoungGen: 174400K->32K(174528K)] 178535K->4167K(524096K), 0.0004295 secs] [Times: user=0.00 sys=0.00, real=0.01 secs] 
237.481: [GC [PSYoungGen: 174368K->32K(174528K)] 178503K->4167K(524096K), 0.0004888 secs] [Times: user=0.00 sys=0.00, real=0.00 secs] 
238.086: [GC [PSYoungGen: 174368K->128K(174528K)] 178503K->4263K(524096K), 0.0004645 secs] [Times: user=0.00 sys=0.00, real=0.00 secs] 
238.704: [GC [PSYoungGen: 174464K->96K(174528K)] 178599K->4231K(524096K), 0.0004996 secs] [Times: user=0.00 sys=0.00, real=0.00 secs] 
239.308: [GC [PSYoungGen: 174432K->64K(174528K)] 178567K->4199K(524096K), 0.0004373 secs] [Times: user=0.00 sys=0.00, real=0.01 secs] 
240.078: [GC [PSYoungGen: 174400K->192K(174528K)] 178535K->4343K(524096K), 0.0004643 secs] [Times: user=0.00 sys=0.00, real=0.00 secs] 
240.365: [GC [PSYoungGen: 174526K->192K(174400K)] 178677K->4407K(523968K), 0.0004995 secs] [Times: user=0.00 sys=0.00, real=0.00 secs] 
240.656: [GC [PSYoungGen: 174400K->128K(174464K)] 178615K->4359K(524032K), 0.0004883 secs] [Times: user=0.00 sys=0.00, real=0.00 secs] 
240.935: [GC [PSYoungGen: 174333K->32K(174464K)] 178564K->4263K(524032K), 0.0004151 secs] [Times: user=0.00 sys=0.00, real=0.00 secs] 
241.217: [GC [PSYoungGen: 174239K->64K(174464K)] 178470K->4295K(524032K), 0.0004915 secs] [Times: user=0.00 sys=0.00, real=0.00 secs] 
241.500: [GC [PSYoungGen: 174272K->192K(174464K)] 178503K->4423K(524032K), 0.0004661 secs] [Times: user=0.00 sys=0.00, real=0.00 secs] 
241.782: [GC [PSYoungGen: 174400K->32K(174464K)] 178631K->4263K(524032K), 0.0005788 secs] [Times: user=0.01 sys=0.00, real=0.00 secs] 
242.071: [GC [PSYoungGen: 174239K->96K(174464K)] 178471K->4327K(524032K), 0.0004551 secs] [Times: user=0.01 sys=0.00, real=0.00 secs] 
242.389: [GC [PSYoungGen: 174304K->32K(174464K)] 178535K->4263K(524032K), 0.0003607 secs] [Times: user=0.01 sys=0.00, real=0.00 secs] 
242.690: [GC [PSYoungGen: 174240K->96K(174464K)] 178471K->4327K(524032K), 0.0004215 secs] [Times: user=0.00 sys=0.00, real=0.00 secs] 
242.988: [GC [PSYoungGen: 174304K->64K(174464K)] 178535K->4295K(524032K), 0.0003897 secs] [Times: user=0.00 sys=0.00, real=0.00 secs] 
243.285: [GC [PSYoungGen: 174272K->64K(174464K)] 178503K->4295K(524032K), 0.0004914 secs] [Times: user=0.00 sys=0.00, real=0.00 secs] 
243.569: [GC [PSYoungGen: 174272K->96K(174464K)] 178503K->4327K(524032K), 0.0004796 secs] [Times: user=0.00 sys=0.00, real=0.01 secs] 
243.870: [GC [PSYoungGen: 174304K->128K(174464K)] 178535K->4359K(524032K), 0.0003812 secs] [Times: user=0.00 sys=0.00, real=0.00 secs] 
244.161: [GC [PSYoungGen: 174336K->64K(174464K)] 178567K->4295K(524032K), 0.0004924 secs] [Times: user=0.01 sys=0.00, real=0.00 secs] 
244.451: [GC [PSYoungGen: 174272K->64K(174528K)] 178503K->4295K(524096K), 0.0004847 secs] [Times: user=0.00 sys=0.00, real=0.00 secs] 
244.751: [GC [PSYoungGen: 174400K->128K(174528K)] 178631K->4359K(524096K), 0.0004740 secs] [Times: user=0.01 sys=0.00, real=0.00 secs] 
245.063: [GC [PSYoungGen: 174464K->160K(174400K)] 178695K->4391K(523968K), 0.0005012 secs] [Times: user=0.01 sys=0.00, real=0.00 secs] 
245.351: [GC [PSYoungGen: 174368K->192K(174464K)] 178599K->4423K(524032K), 0.0004397 secs] [Times: user=0.00 sys=0.00, real=0.00 secs] 
245.627: [GC [PSYoungGen: 174400K->64K(174464K)] 178631K->4295K(524032K), 0.0004620 secs] [Times: user=0.00 sys=0.00, real=0.00 secs] 
245.919: [GC [PSYoungGen: 174272K->96K(174464K)] 178503K->4327K(524032K), 0.0004538 secs] [Times: user=0.00 sys=0.00, real=0.00 secs] 
246.212: [GC [PSYoungGen: 174304K->160K(174464K)] 178535K->4391K(524032K), 0.0005178 secs] [Times: user=0.00 sys=0.00, real=0.00 secs] 
246.512: [GC [PSYoungGen: 174368K->64K(174464K)] 178599K->4295K(524032K), 0.0004112 secs] [Times: user=0.01 sys=0.00, real=0.00 secs] 
246.792: [GC [PSYoungGen: 174272K->32K(174464K)] 178503K->4263K(524032K), 0.0004317 secs] [Times: user=0.00 sys=0.00, real=0.00 secs] 
247.087: [GC [PSYoungGen: 174240K->32K(174464K)] 178471K->4263K(524032K), 0.0004507 secs] [Times: user=0.00 sys=0.00, real=0.00 secs] 
247.374: [GC [PSYoungGen: 174239K->64K(174464K)] 178470K->4295K(524032K), 0.0004613 secs] [Times: user=0.00 sys=0.00, real=0.00 secs] 
247.674: [GC [PSYoungGen: 174272K->128K(174464K)] 178503K->4359K(524032K), 0.0004606 secs] [Times: user=0.00 sys=0.00, real=0.00 secs] 
247.979: [GC [PSYoungGen: 174336K->64K(174464K)] 178567K->4295K(524032K), 0.0004604 secs] [Times: user=0.00 sys=0.00, real=0.00 secs] 
248.287: [GC [PSYoungGen: 174272K->64K(174464K)] 178503K->4295K(524032K), 0.0004125 secs] [Times: user=0.00 sys=0.00, real=0.00 secs] 
248.661: [GC [PSYoungGen: 174272K->256K(174464K)] 178503K->4487K(524032K), 0.0005230 secs] [Times: user=0.00 sys=0.00, real=0.00 secs] 
249.058: [GC [PSYoungGen: 174464K->32K(174464K)] 178695K->4327K(524032K), 0.0004687 secs] [Times: user=0.00 sys=0.01, real=0.00 secs] 
249.456: [GC [PSYoungGen: 174238K->32K(174464K)] 178534K->4327K(524032K), 0.0004269 secs] [Times: user=0.01 sys=0.00, real=0.00 secs] 
249.850: [GC [PSYoungGen: 174240K->96K(174464K)] 178535K->4391K(524032K), 0.0003963 secs] [Times: user=0.00 sys=0.01, real=0.00 secs] 
250.248: [GC [PSYoungGen: 174302K->64K(174464K)] 178597K->4359K(524032K), 0.0004813 secs] [Times: user=0.00 sys=0.00, real=0.00 secs] 
250.649: [GC [PSYoungGen: 174272K->64K(174464K)] 178567K->4359K(524032K), 0.0004714 secs] [Times: user=0.00 sys=0.00, real=0.01 secs] 
251.030: [GC [PSYoungGen: 174272K->64K(174464K)] 178567K->4359K(524032K), 0.0004982 secs] [Times: user=0.00 sys=0.00, real=0.00 secs] 
251.431: [GC [PSYoungGen: 174272K->0K(174464K)] 178567K->4295K(524032K), 0.0004995 secs] [Times: user=0.00 sys=0.00, real=0.00 secs] 
251.828: [GC [PSYoungGen: 174208K->64K(174464K)] 178503K->4359K(524032K), 0.0005577 secs] [Times: user=0.00 sys=0.00, real=0.00 secs] 
252.223: [GC [PSYoungGen: 174272K->96K(174464K)] 178567K->4391K(524032K), 0.0004910 secs] [Times: user=0.00 sys=0.00, real=0.00 secs] 
252.626: [GC [PSYoungGen: 174304K->64K(174528K)] 178599K->4359K(524096K), 0.0004612 secs] [Times: user=0.00 sys=0.00, real=0.00 secs] 
253.021: [GC [PSYoungGen: 174400K->0K(174528K)] 178695K->4295K(524096K), 0.0005418 secs] [Times: user=0.00 sys=0.00, real=0.00 secs] 
253.422: [GC [PSYoungGen: 174336K->128K(174400K)] 178631K->4423K(523968K), 0.0004735 secs] [Times: user=0.00 sys=0.00, real=0.00 secs] 
253.816: [GC [PSYoungGen: 174336K->32K(174464K)] 178631K->4327K(524032K), 0.0004847 secs] [Times: user=0.00 sys=0.00, real=0.00 secs] 
254.217: [GC [PSYoungGen: 174240K->128K(174400K)] 178535K->4423K(523968K), 0.0004635 secs] [Times: user=0.00 sys=0.00, real=0.00 secs] 
254.605: [GC [PSYoungGen: 174336K->32K(174464K)] 178631K->4327K(524032K), 0.0004356 secs] [Times: user=0.00 sys=0.01, real=0.00 secs] 
255.003: [GC [PSYoungGen: 174240K->96K(174528K)] 178535K->4391K(524096K), 0.0004352 secs] [Times: user=0.00 sys=0.00, real=0.00 secs] 
255.369: [GC [PSYoungGen: 174368K->0K(174464K)] 178663K->4295K(524032K), 0.0005121 secs] [Times: user=0.00 sys=0.00, real=0.01 secs] 
255.753: [GC [PSYoungGen: 174271K->128K(174400K)] 178566K->4423K(523968K), 0.0004264 secs] [Times: user=0.01 sys=0.00, real=0.00 secs] 
256.153: [GC [PSYoungGen: 174336K->64K(174464K)] 178631K->4359K(524032K), 0.0005544 secs] [Times: user=0.01 sys=0.00, real=0.00 secs] 
256.551: [GC [PSYoungGen: 174272K->64K(174528K)] 178567K->4359K(524096K), 0.0004532 secs] [Times: user=0.00 sys=0.00, real=0.00 secs] 
256.940: [GC [PSYoungGen: 174400K->32K(174528K)] 178695K->4327K(524096K), 0.0005203 secs] [Times: user=0.00 sys=0.00, real=0.00 secs] 
258.156: [GC [PSYoungGen: 174367K->192K(174400K)] 178663K->4503K(523968K), 0.0005584 secs] [Times: user=0.00 sys=0.00, real=0.00 secs] 
258.469: [GC [PSYoungGen: 174400K->64K(174464K)] 178711K->4431K(524032K), 0.0006075 secs] [Times: user=0.00 sys=0.00, real=0.01 secs] 
258.788: [GC [PSYoungGen: 174272K->128K(174464K)] 178639K->4495K(524032K), 0.0005163 secs] [Times: user=0.00 sys=0.00, real=0.00 secs] 
259.108: [GC [PSYoungGen: 174336K->64K(174464K)] 178703K->4431K(524032K), 0.0005585 secs] [Times: user=0.00 sys=0.00, real=0.00 secs] 
259.432: [GC [PSYoungGen: 174272K->96K(174464K)] 178639K->4463K(524032K), 0.0004108 secs] [Times: user=0.00 sys=0.00, real=0.00 secs] 
259.735: [GC [PSYoungGen: 174304K->128K(174464K)] 178671K->4495K(524032K), 0.0004266 secs] [Times: user=0.00 sys=0.00, real=0.00 secs] 
260.063: [GC [PSYoungGen: 174336K->32K(174464K)] 178703K->4399K(524032K), 0.0004648 secs] [Times: user=0.00 sys=0.00, real=0.00 secs] 
260.413: [GC [PSYoungGen: 174237K->96K(174464K)] 178604K->4463K(524032K), 0.0005113 secs] [Times: user=0.00 sys=0.00, real=0.00 secs] 
260.745: [GC [PSYoungGen: 174304K->32K(174528K)] 178671K->4399K(524096K), 0.0005738 secs] [Times: user=0.00 sys=0.01, real=0.00 secs] 
261.059: [GC [PSYoungGen: 174368K->64K(174528K)] 178735K->4431K(524096K), 0.0004489 secs] [Times: user=0.00 sys=0.00, real=0.00 secs] 
261.375: [GC [PSYoungGen: 174400K->160K(174400K)] 178767K->4527K(523968K), 0.0004705 secs] [Times: user=0.00 sys=0.00, real=0.00 secs] 
261.685: [GC [PSYoungGen: 174368K->32K(174464K)] 178735K->4399K(524032K), 0.0005299 secs] [Times: user=0.00 sys=0.00, real=0.00 secs] 
261.993: [GC [PSYoungGen: 174240K->96K(174464K)] 178607K->4463K(524032K), 0.0005122 secs] [Times: user=0.00 sys=0.00, real=0.00 secs] 
262.301: [GC [PSYoungGen: 174304K->96K(174464K)] 178671K->4463K(524032K), 0.0004975 secs] [Times: user=0.01 sys=0.00, real=0.00 secs] 
262.635: [GC [PSYoungGen: 174302K->64K(174528K)] 178670K->4431K(524096K), 0.0004945 secs] [Times: user=0.01 sys=0.00, real=0.00 secs] 
262.941: [GC [PSYoungGen: 174400K->64K(174528K)] 178767K->4431K(524096K), 0.0005058 secs] [Times: user=0.00 sys=0.01, real=0.00 secs] 
263.245: [GC [PSYoungGen: 174400K->32K(174528K)] 178767K->4399K(524096K), 0.0005482 secs] [Times: user=0.00 sys=0.01, real=0.00 secs] 
263.559: [GC [PSYoungGen: 174368K->96K(174528K)] 178735K->4463K(524096K), 0.0005073 secs] [Times: user=0.00 sys=0.00, real=0.00 secs] 
263.871: [GC [PSYoungGen: 174432K->96K(174528K)] 178799K->4463K(524096K), 0.0005003 secs] [Times: user=0.00 sys=0.00, real=0.00 secs] 
264.182: [GC [PSYoungGen: 174432K->64K(174528K)] 178799K->4431K(524096K), 0.0004482 secs] [Times: user=0.00 sys=0.00, real=0.00 secs] 
264.488: [GC [PSYoungGen: 174400K->128K(174528K)] 178767K->4495K(524096K), 0.0006017 secs] [Times: user=0.00 sys=0.00, real=0.00 secs] 
264.794: [GC [PSYoungGen: 174464K->32K(174528K)] 178831K->4399K(524096K), 0.0004940 secs] [Times: user=0.00 sys=0.00, real=0.00 secs] 
265.113: [GC [PSYoungGen: 174368K->160K(174400K)] 178735K->4527K(523968K), 0.0004806 secs] [Times: user=0.00 sys=0.00, real=0.00 secs] 
265.429: [GC [PSYoungGen: 174367K->128K(174464K)] 178735K->4495K(524032K), 0.0004885 secs] [Times: user=0.00 sys=0.00, real=0.00 secs] 
265.726: [GC [PSYoungGen: 174334K->32K(174464K)] 178701K->4399K(524032K), 0.0004322 secs] [Times: user=0.00 sys=0.00, real=0.00 secs] 
266.042: [GC [PSYoungGen: 174240K->64K(174464K)] 178607K->4431K(524032K), 0.0005289 secs] [Times: user=0.00 sys=0.00, real=0.00 secs] 
268.152: [GC [PSYoungGen: 174272K->192K(173888K)] 178639K->5280K(523456K), 0.0009498 secs] [Times: user=0.00 sys=0.01, real=0.00 secs] 
270.194: [GC [PSYoungGen: 173888K->32K(174208K)] 178976K->5320K(523776K), 0.0005758 secs] [Times: user=0.00 sys=0.00, real=0.00 secs] 
272.185: [GC [PSYoungGen: 173728K->96K(174208K)] 179016K->5384K(523776K), 0.0004294 secs] [Times: user=0.00 sys=0.00, real=0.00 secs] 
274.262: [GC [PSYoungGen: 173792K->32K(174208K)] 179080K->5320K(523776K), 0.0004047 secs] [Times: user=0.00 sys=0.00, real=0.00 secs] 
276.603: [GC [PSYoungGen: 173728K->256K(174144K)] 179016K->5544K(523712K), 0.0005792 secs] [Times: user=0.00 sys=0.00, real=0.00 secs] 
279.293: [GC [PSYoungGen: 173952K->32K(174208K)] 179240K->5384K(523776K), 0.0005167 secs] [Times: user=0.01 sys=0.00, real=0.00 secs] 
281.949: [GC [PSYoungGen: 173728K->0K(174272K)] 179080K->5352K(523840K), 0.0004481 secs] [Times: user=0.00 sys=0.00, real=0.00 secs] 
284.939: [GC [PSYoungGen: 173824K->256K(174080K)] 179176K->5608K(523648K), 0.0006085 secs] [Times: user=0.00 sys=0.00, real=0.00 secs] 
287.250: [GC [PSYoungGen: 174080K->128K(174272K)] 179432K->5544K(523840K), 0.0006007 secs] [Times: user=0.00 sys=0.00, real=0.01 secs] 
289.547: [GC [PSYoungGen: 173888K->32K(174208K)] 179304K->5448K(523776K), 0.0004475 secs] [Times: user=0.01 sys=0.00, real=0.00 secs] 
291.789: [GC [PSYoungGen: 173792K->32K(174272K)] 179208K->5448K(523840K), 0.0006183 secs] [Times: user=0.00 sys=0.00, real=0.00 secs] 
294.028: [GC [PSYoungGen: 173856K->256K(174272K)] 179272K->5672K(523840K), 0.0005881 secs] [Times: user=0.00 sys=0.00, real=0.00 secs] 
295.506: [GC [PSYoungGen: 174080K->64K(174272K)] 179496K->5544K(523840K), 0.0005952 secs] [Times: user=0.00 sys=0.01, real=0.00 secs] 
296.901: [GC [PSYoungGen: 173888K->64K(174272K)] 179368K->5544K(523840K), 0.0005005 secs] [Times: user=0.01 sys=0.00, real=0.01 secs] 
298.379: [GC [PSYoungGen: 173888K->32K(174336K)] 179368K->5512K(523904K), 0.0004535 secs] [Times: user=0.00 sys=0.00, real=0.00 secs] 
299.887: [GC [PSYoungGen: 173920K->32K(174272K)] 179400K->5512K(523840K), 0.0005411 secs] [Times: user=0.00 sys=0.00, real=0.00 secs] 
301.412: [GC [PSYoungGen: 173920K->64K(174336K)] 179400K->5544K(523904K), 0.0004683 secs] [Times: user=0.00 sys=0.00, real=0.00 secs] 
303.038: [GC [PSYoungGen: 174016K->256K(174336K)] 179496K->5736K(523904K), 0.0005769 secs] [Times: user=0.00 sys=0.00, real=0.00 secs] 
304.922: [GC [PSYoungGen: 174208K->32K(174336K)] 179688K->5576K(523904K), 0.0005398 secs] [Times: user=0.01 sys=0.00, real=0.00 secs] 
306.890: [GC [PSYoungGen: 173984K->64K(174336K)] 179528K->5608K(523904K), 0.0004720 secs] [Times: user=0.00 sys=0.00, real=0.00 secs] 
308.767: [GC [PSYoungGen: 174016K->64K(174336K)] 179560K->5608K(523904K), 0.0005693 secs] [Times: user=0.00 sys=0.00, real=0.00 secs] 
310.598: [GC [PSYoungGen: 174016K->32K(174336K)] 179560K->5576K(523904K), 0.0005443 secs] [Times: user=0.00 sys=0.00, real=0.00 secs] 
312.764: [GC [PSYoungGen: 173984K->256K(174272K)] 179528K->5800K(523840K), 0.0005461 secs] [Times: user=0.00 sys=0.00, real=0.00 secs] 
314.445: [GC [PSYoungGen: 174208K->96K(174336K)] 179752K->5704K(523904K), 0.0005503 secs] [Times: user=0.00 sys=0.00, real=0.00 secs] 
316.152: [GC [PSYoungGen: 174048K->32K(174336K)] 179656K->5640K(523904K), 0.0005134 secs] [Times: user=0.00 sys=0.00, real=0.00 secs] 
317.819: [GC [PSYoungGen: 173984K->32K(174336K)] 179592K->5640K(523904K), 0.0006247 secs] [Times: user=0.00 sys=0.00, real=0.00 secs] 
319.532: [GC [PSYoungGen: 173984K->32K(174400K)] 179592K->5640K(523968K), 0.0004960 secs] [Times: user=0.01 sys=0.00, real=0.00 secs] 
321.055: [GC [PSYoungGen: 174112K->256K(174336K)] 179720K->5864K(523904K), 0.0004860 secs] [Times: user=0.00 sys=0.00, real=0.00 secs] 
321.993: [GC [PSYoungGen: 174336K->96K(174400K)] 179944K->5768K(523968K), 0.0005500 secs] [Times: user=0.00 sys=0.00, real=0.00 secs] 
322.950: [GC [PSYoungGen: 174112K->32K(174336K)] 179784K->5704K(523904K), 0.0004885 secs] [Times: user=0.00 sys=0.00, real=0.00 secs] 
323.910: [GC [PSYoungGen: 174048K->96K(174400K)] 179720K->5768K(523968K), 0.0004795 secs] [Times: user=0.01 sys=0.00, real=0.00 secs] 
324.842: [GC [PSYoungGen: 174176K->64K(174400K)] 179848K->5736K(523968K), 0.0005178 secs] [Times: user=0.00 sys=0.00, real=0.00 secs] 
325.779: [GC [PSYoungGen: 174144K->32K(174400K)] 179816K->5704K(523968K), 0.0004542 secs] [Times: user=0.00 sys=0.01, real=0.00 secs] 
326.718: [GC [PSYoungGen: 174112K->32K(174400K)] 179784K->5704K(523968K), 0.0004545 secs] [Times: user=0.00 sys=0.00, real=0.00 secs] 
327.667: [GC [PSYoungGen: 174112K->32K(174464K)] 179784K->5704K(524032K), 0.0004961 secs] [Times: user=0.00 sys=0.00, real=0.00 secs] 
328.592: [GC [PSYoungGen: 174176K->64K(174400K)] 179848K->5736K(523968K), 0.0005447 secs] [Times: user=0.00 sys=0.00, real=0.00 secs] 
329.633: [GC [PSYoungGen: 174208K->256K(174336K)] 179880K->5928K(523904K), 0.0004852 secs] [Times: user=0.00 sys=0.00, real=0.00 secs] 
330.799: [GC [PSYoungGen: 174336K->96K(174400K)] 180008K->5832K(523968K), 0.0005402 secs] [Times: user=0.00 sys=0.00, real=0.00 secs] 
332.010: [GC [PSYoungGen: 174176K->64K(174464K)] 179912K->5800K(524032K), 0.0005214 secs] [Times: user=0.00 sys=0.00, real=0.00 secs] 
333.191: [GC [PSYoungGen: 174208K->0K(174400K)] 179944K->5736K(523968K), 0.0005166 secs] [Times: user=0.01 sys=0.00, real=0.00 secs] 
334.424: [GC [PSYoungGen: 174144K->32K(174464K)] 179880K->5768K(524032K), 0.0004824 secs] [Times: user=0.00 sys=0.00, real=0.00 secs] 
335.703: [GC [PSYoungGen: 174240K->128K(174464K)] 179976K->5864K(524032K), 0.0005300 secs] [Times: user=0.01 sys=0.00, real=0.00 secs] 
336.915: [GC [PSYoungGen: 174336K->64K(174464K)] 180072K->5800K(524032K), 0.0005830 secs] [Times: user=0.01 sys=0.00, real=0.00 secs] 
338.660: [GC [PSYoungGen: 174271K->256K(174464K)] 180008K->5992K(524032K), 0.0005047 secs] [Times: user=0.01 sys=0.00, real=0.00 secs] 
339.702: [GC [PSYoungGen: 174464K->32K(174336K)] 180200K->5832K(523904K), 0.0004825 secs] [Times: user=0.01 sys=0.00, real=0.01 secs] 
340.804: [GC [PSYoungGen: 174112K->32K(174400K)] 179912K->5832K(523968K), 0.0004717 secs] [Times: user=0.00 sys=0.00, real=0.00 secs] 
341.906: [GC [PSYoungGen: 174112K->96K(174464K)] 179912K->5896K(524032K), 0.0006052 secs] [Times: user=0.00 sys=0.00, real=0.00 secs] 
343.015: [GC [PSYoungGen: 174240K->96K(174400K)] 180040K->5896K(523968K), 0.0005159 secs] [Times: user=0.00 sys=0.00, real=0.00 secs] 
344.074: [GC [PSYoungGen: 174240K->96K(174464K)] 180040K->5896K(524032K), 0.0005464 secs] [Times: user=0.01 sys=0.00, real=0.00 secs] 
345.176: [GC [PSYoungGen: 174304K->32K(174464K)] 180104K->5832K(524032K), 0.0004803 secs] [Times: user=0.00 sys=0.00, real=0.00 secs] 
346.275: [GC [PSYoungGen: 174240K->96K(174464K)] 180040K->5896K(524032K), 0.0004614 secs] [Times: user=0.00 sys=0.00, real=0.00 secs] 
347.571: [GC [PSYoungGen: 174304K->224K(174464K)] 180104K->6024K(524032K), 0.0005622 secs] [Times: user=0.01 sys=0.00, real=0.00 secs] 
348.147: [GC [PSYoungGen: 174432K->64K(174464K)] 180232K->5928K(524032K), 0.0006489 secs] [Times: user=0.00 sys=0.00, real=0.00 secs] 
348.702: [GC [PSYoungGen: 174272K->64K(174464K)] 180136K->5928K(524032K), 0.0005362 secs] [Times: user=0.00 sys=0.00, real=0.00 secs] 
349.248: [GC [PSYoungGen: 174272K->64K(174464K)] 180136K->5928K(524032K), 0.0005171 secs] [Times: user=0.01 sys=0.00, real=0.00 secs] 
349.799: [GC [PSYoungGen: 174272K->160K(174464K)] 180136K->6024K(524032K), 0.0005292 secs] [Times: user=0.00 sys=0.00, real=0.00 secs] 
350.342: [GC [PSYoungGen: 174368K->96K(174464K)] 180232K->5960K(524032K), 0.0004912 secs] [Times: user=0.01 sys=0.00, real=0.00 secs] 
350.897: [GC [PSYoungGen: 174304K->32K(174464K)] 180168K->5896K(524032K), 0.0005561 secs] [Times: user=0.00 sys=0.00, real=0.00 secs] 
351.457: [GC [PSYoungGen: 174240K->32K(174464K)] 180104K->5896K(524032K), 0.0004522 secs] [Times: user=0.00 sys=0.00, real=0.00 secs] 
351.997: [GC [PSYoungGen: 174240K->32K(174464K)] 180104K->5896K(524032K), 0.0005058 secs] [Times: user=0.00 sys=0.00, real=0.00 secs] 
352.536: [GC [PSYoungGen: 174240K->32K(174464K)] 180104K->5896K(524032K), 0.0005240 secs] [Times: user=0.00 sys=0.00, real=0.00 secs] 
353.064: [GC [PSYoungGen: 174240K->96K(174464K)] 180104K->5960K(524032K), 0.0005990 secs] [Times: user=0.01 sys=0.00, real=0.00 secs] 
353.610: [GC [PSYoungGen: 174304K->96K(174464K)] 180168K->5960K(524032K), 0.0005216 secs] [Times: user=0.00 sys=0.00, real=0.00 secs] 
354.159: [GC [PSYoungGen: 174304K->32K(174464K)] 180168K->5896K(524032K), 0.0004596 secs] [Times: user=0.00 sys=0.00, real=0.00 secs] 
354.703: [GC [PSYoungGen: 174240K->64K(174528K)] 180104K->5928K(524096K), 0.0004600 secs] [Times: user=0.00 sys=0.00, real=0.00 secs] 
355.254: [GC [PSYoungGen: 174336K->32K(174464K)] 180200K->5896K(524032K), 0.0004782 secs] [Times: user=0.00 sys=0.00, real=0.00 secs] 
355.800: [GC [PSYoungGen: 174304K->96K(174528K)] 180168K->5960K(524096K), 0.0004233 secs] [Times: user=0.00 sys=0.00, real=0.00 secs] 
356.405: [GC [PSYoungGen: 174431K->192K(174528K)] 180296K->6072K(524096K), 0.0005696 secs] [Times: user=0.00 sys=0.01, real=0.00 secs] 
357.138: [GC [PSYoungGen: 174528K->32K(174400K)] 180408K->5968K(523968K), 0.0005525 secs] [Times: user=0.00 sys=0.00, real=0.00 secs] 
357.854: [GC [PSYoungGen: 174240K->128K(174464K)] 180176K->6064K(524032K), 0.0005099 secs] [Times: user=0.00 sys=0.00, real=0.00 secs] 
358.592: [GC [PSYoungGen: 174336K->64K(174464K)] 180272K->6000K(524032K), 0.0006399 secs] [Times: user=0.00 sys=0.00, real=0.00 secs] 
359.299: [GC [PSYoungGen: 174272K->96K(174464K)] 180208K->6032K(524032K), 0.0004978 secs] [Times: user=0.00 sys=0.00, real=0.00 secs] 
359.980: [GC [PSYoungGen: 174304K->64K(174464K)] 180240K->6000K(524032K), 0.0004740 secs] [Times: user=0.00 sys=0.00, real=0.00 secs] 
360.692: [GC [PSYoungGen: 174272K->64K(174464K)] 180208K->6000K(524032K), 0.0005091 secs] [Times: user=0.00 sys=0.00, real=0.00 secs] 
361.371: [GC [PSYoungGen: 174272K->32K(174528K)] 180208K->5984K(524096K), 0.0005491 secs] [Times: user=0.00 sys=0.00, real=0.00 secs] 
362.086: [GC [PSYoungGen: 174368K->96K(174528K)] 180320K->6048K(524096K), 0.0005773 secs] [Times: user=0.00 sys=0.00, real=0.00 secs] 
362.762: [GC [PSYoungGen: 174432K->0K(174528K)] 180384K->5952K(524096K), 0.0004917 secs] [Times: user=0.00 sys=0.00, real=0.00 secs] 
363.445: [GC [PSYoungGen: 174336K->32K(174528K)] 180288K->5984K(524096K), 0.0004754 secs] [Times: user=0.01 sys=0.00, real=0.00 secs] 
364.193: [GC [PSYoungGen: 174368K->32K(174528K)] 180320K->5984K(524096K), 0.0005363 secs] [Times: user=0.00 sys=0.00, real=0.00 secs] 
365.538: [GC [PSYoungGen: 174368K->192K(174528K)] 180320K->6160K(524096K), 0.0005434 secs] [Times: user=0.00 sys=0.00, real=0.00 secs] 
366.155: [GC [PSYoungGen: 174528K->160K(174400K)] 180496K->6192K(523968K), 0.0005149 secs] [Times: user=0.00 sys=0.00, real=0.00 secs] 
366.778: [GC [PSYoungGen: 174367K->64K(174464K)] 180400K->6096K(524032K), 0.0005244 secs] [Times: user=0.00 sys=0.00, real=0.00 secs] 
367.402: [GC [PSYoungGen: 174272K->64K(174464K)] 180304K->6096K(524032K), 0.0004984 secs] [Times: user=0.00 sys=0.00, real=0.01 secs] 
368.043: [GC [PSYoungGen: 174272K->32K(174464K)] 180304K->6064K(524032K), 0.0005313 secs] [Times: user=0.00 sys=0.01, real=0.01 secs] 
368.612: [GC [PSYoungGen: 174240K->96K(174464K)] 180272K->6128K(524032K), 0.0004735 secs] [Times: user=0.00 sys=0.00, real=0.00 secs] 
369.223: [GC [PSYoungGen: 174304K->32K(174464K)] 180336K->6064K(524032K), 0.0004653 secs] [Times: user=0.00 sys=0.00, real=0.01 secs] 
369.855: [GC [PSYoungGen: 174240K->32K(174528K)] 180272K->6064K(524096K), 0.0004883 secs] [Times: user=0.01 sys=0.00, real=0.00 secs] 
370.483: [GC [PSYoungGen: 174303K->128K(174464K)] 180336K->6160K(524032K), 0.0005781 secs] [Times: user=0.00 sys=0.00, real=0.00 secs] 
371.122: [GC [PSYoungGen: 174400K->96K(174464K)] 180432K->6128K(524032K), 0.0005285 secs] [Times: user=0.01 sys=0.00, real=0.01 secs] 
371.773: [GC [PSYoungGen: 174303K->32K(174464K)] 180336K->6064K(524032K), 0.0005471 secs] [Times: user=0.00 sys=0.00, real=0.00 secs] 
372.415: [GC [PSYoungGen: 174240K->32K(174528K)] 180272K->6064K(524096K), 0.0004466 secs] [Times: user=0.00 sys=0.00, real=0.00 secs] 
373.067: [GC [PSYoungGen: 174368K->96K(174528K)] 180400K->6128K(524096K), 0.0005065 secs] [Times: user=0.00 sys=0.00, real=0.00 secs] 
373.690: [GC [PSYoungGen: 174432K->32K(174528K)] 180464K->6064K(524096K), 0.0004875 secs] [Times: user=0.00 sys=0.00, real=0.00 secs] 
374.643: [GC [PSYoungGen: 174368K->192K(174528K)] 180400K->6240K(524096K), 0.0006212 secs] [Times: user=0.00 sys=0.00, real=0.01 secs] 
374.938: [GC [PSYoungGen: 174528K->160K(174400K)] 180576K->6272K(523968K), 0.0005353 secs] [Times: user=0.00 sys=0.00, real=0.00 secs] 
375.228: [GC [PSYoungGen: 174368K->96K(174464K)] 180480K->6208K(524032K), 0.0005468 secs] [Times: user=0.00 sys=0.00, real=0.00 secs] 
375.522: [GC [PSYoungGen: 174303K->96K(174464K)] 180416K->6208K(524032K), 0.0005508 secs] [Times: user=0.00 sys=0.00, real=0.00 secs] 
375.816: [GC [PSYoungGen: 174304K->192K(174464K)] 180416K->6304K(524032K), 0.0004726 secs] [Times: user=0.00 sys=0.00, real=0.00 secs] 
376.105: [GC [PSYoungGen: 174400K->192K(174336K)] 180512K->6304K(523904K), 0.0004631 secs] [Times: user=0.00 sys=0.00, real=0.00 secs] 
376.394: [GC [PSYoungGen: 174272K->96K(174400K)] 180384K->6208K(523968K), 0.0005802 secs] [Times: user=0.00 sys=0.00, real=0.00 secs] 
376.704: [GC [PSYoungGen: 174176K->96K(174464K)] 180288K->6208K(524032K), 0.0004288 secs] [Times: user=0.00 sys=0.00, real=0.00 secs] 
377.027: [GC [PSYoungGen: 174303K->128K(174464K)] 180416K->6240K(524032K), 0.0004634 secs] [Times: user=0.00 sys=0.00, real=0.00 secs] 
377.338: [GC [PSYoungGen: 174336K->128K(174464K)] 180448K->6240K(524032K), 0.0004671 secs] [Times: user=0.00 sys=0.00, real=0.00 secs] 
377.641: [GC [PSYoungGen: 174336K->160K(174464K)] 180448K->6272K(524032K), 0.0004376 secs] [Times: user=0.00 sys=0.00, real=0.00 secs] 
377.943: [GC [PSYoungGen: 174368K->96K(174464K)] 180480K->6208K(524032K), 0.0005052 secs] [Times: user=0.01 sys=0.01, real=0.01 secs] 
378.226: [GC [PSYoungGen: 174304K->128K(174464K)] 180416K->6240K(524032K), 0.0005997 secs] [Times: user=0.00 sys=0.00, real=0.00 secs] 
378.537: [GC [PSYoungGen: 174336K->160K(174464K)] 180448K->6272K(524032K), 0.0004743 secs] [Times: user=0.01 sys=0.00, real=0.00 secs] 
378.837: [GC [PSYoungGen: 174368K->128K(174464K)] 180480K->6240K(524032K), 0.0004623 secs] [Times: user=0.00 sys=0.00, real=0.00 secs] 
379.142: [GC [PSYoungGen: 174335K->160K(174464K)] 180448K->6272K(524032K), 0.0004458 secs] [Times: user=0.00 sys=0.00, real=0.00 secs] 
379.470: [GC [PSYoungGen: 174368K->64K(174464K)] 180480K->6176K(524032K), 0.0005296 secs] [Times: user=0.01 sys=0.00, real=0.00 secs] 
379.774: [GC [PSYoungGen: 174272K->128K(174464K)] 180384K->6240K(524032K), 0.0004962 secs] [Times: user=0.00 sys=0.00, real=0.00 secs] 
380.086: [GC [PSYoungGen: 174336K->96K(174464K)] 180448K->6208K(524032K), 0.0005218 secs] [Times: user=0.00 sys=0.00, real=0.00 secs] 
380.400: [GC [PSYoungGen: 174304K->32K(174464K)] 180416K->6144K(524032K), 0.0005032 secs] [Times: user=0.00 sys=0.00, real=0.00 secs] 
380.716: [GC [PSYoungGen: 174240K->192K(174464K)] 180352K->6304K(524032K), 0.0006305 secs] [Times: user=0.00 sys=0.00, real=0.00 secs] 
381.032: [GC [PSYoungGen: 174400K->96K(174464K)] 180512K->6208K(524032K), 0.0005725 secs] [Times: user=0.00 sys=0.00, real=0.00 secs] 
381.347: [GC [PSYoungGen: 174304K->128K(174464K)] 180416K->6240K(524032K), 0.0005697 secs] [Times: user=0.00 sys=0.00, real=0.00 secs] 
381.643: [GC [PSYoungGen: 174336K->32K(174464K)] 180448K->6144K(524032K), 0.0004892 secs] [Times: user=0.00 sys=0.00, real=0.00 secs] 
381.937: [GC [PSYoungGen: 174240K->128K(174464K)] 180352K->6240K(524032K), 0.0005206 secs] [Times: user=0.00 sys=0.00, real=0.00 secs] 
382.238: [GC [PSYoungGen: 174336K->128K(174464K)] 180448K->6240K(524032K), 0.0004897 secs] [Times: user=0.00 sys=0.00, real=0.00 secs] 
382.548: [GC [PSYoungGen: 174335K->96K(174464K)] 180448K->6208K(524032K), 0.0005023 secs] [Times: user=0.00 sys=0.00, real=0.00 secs] 
382.860: [GC [PSYoungGen: 174304K->64K(174464K)] 180416K->6176K(524032K), 0.0004673 secs] [Times: user=0.01 sys=0.00, real=0.00 secs] 
383.148: [GC [PSYoungGen: 174272K->128K(174464K)] 180384K->6240K(524032K), 0.0005010 secs] [Times: user=0.00 sys=0.00, real=0.00 secs] 
383.482: [GC [PSYoungGen: 174336K->256K(174464K)] 180448K->6368K(524032K), 0.0005671 secs] [Times: user=0.00 sys=0.00, real=0.00 secs] 
383.879: [GC [PSYoungGen: 174464K->96K(174464K)] 180576K->6272K(524032K), 0.0005485 secs] [Times: user=0.00 sys=0.00, real=0.00 secs] 
384.299: [GC [PSYoungGen: 174304K->64K(174464K)] 180480K->6240K(524032K), 0.0005450 secs] [Times: user=0.00 sys=0.00, real=0.00 secs] 
384.691: [GC [PSYoungGen: 174271K->128K(174464K)] 180448K->6304K(524032K), 0.0005013 secs] [Times: user=0.00 sys=0.00, real=0.00 secs] 
385.091: [GC [PSYoungGen: 174336K->96K(174464K)] 180512K->6272K(524032K), 0.0005070 secs] [Times: user=0.00 sys=0.00, real=0.00 secs] 
385.463: [GC [PSYoungGen: 174304K->32K(174464K)] 180480K->6208K(524032K), 0.0005797 secs] [Times: user=0.00 sys=0.00, real=0.00 secs] 
385.859: [GC [PSYoungGen: 174238K->96K(174464K)] 180415K->6272K(524032K), 0.0006177 secs] [Times: user=0.00 sys=0.00, real=0.00 secs] 
386.240: [GC [PSYoungGen: 174303K->128K(174464K)] 180480K->6304K(524032K), 0.0005657 secs] [Times: user=0.00 sys=0.00, real=0.00 secs] 
386.645: [GC [PSYoungGen: 174336K->32K(174464K)] 180512K->6208K(524032K), 0.0004777 secs] [Times: user=0.00 sys=0.00, real=0.00 secs] 
387.038: [GC [PSYoungGen: 174239K->160K(174464K)] 180416K->6336K(524032K), 0.0004815 secs] [Times: user=0.00 sys=0.00, real=0.00 secs] 
387.432: [GC [PSYoungGen: 174368K->128K(174464K)] 180544K->6304K(524032K), 0.0005129 secs] [Times: user=0.01 sys=0.00, real=0.00 secs] 
387.814: [GC [PSYoungGen: 174336K->64K(174464K)] 180512K->6240K(524032K), 0.0005602 secs] [Times: user=0.00 sys=0.00, real=0.00 secs] 
388.214: [GC [PSYoungGen: 174270K->96K(174464K)] 180446K->6272K(524032K), 0.0004752 secs] [Times: user=0.00 sys=0.00, real=0.00 secs] 
388.607: [GC [PSYoungGen: 174302K->128K(174464K)] 180479K->6304K(524032K), 0.0004697 secs] [Times: user=0.00 sys=0.01, real=0.00 secs] 
388.995: [GC [PSYoungGen: 174336K->32K(174464K)] 180512K->6208K(524032K), 0.0004785 secs] [Times: user=0.00 sys=0.00, real=0.00 secs] 
389.363: [GC [PSYoungGen: 174240K->32K(174464K)] 180416K->6208K(524032K), 0.0004454 secs] [Times: user=0.01 sys=0.00, real=0.01 secs] 
389.752: [GC [PSYoungGen: 174240K->0K(174464K)] 180416K->6176K(524032K), 0.0006884 secs] [Times: user=0.00 sys=0.00, real=0.00 secs] 
390.136: [GC [PSYoungGen: 174208K->128K(174464K)] 180384K->6304K(524032K), 0.0005431 secs] [Times: user=0.00 sys=0.01, real=0.00 secs] 
390.543: [GC [PSYoungGen: 174335K->96K(174464K)] 180512K->6272K(524032K), 0.0005190 secs] [Times: user=0.01 sys=0.00, real=0.00 secs] 
390.956: [GC [PSYoungGen: 174304K->96K(174464K)] 180480K->6272K(524032K), 0.0004812 secs] [Times: user=0.00 sys=0.00, real=0.00 secs] 
391.353: [GC [PSYoungGen: 174303K->128K(174464K)] 180480K->6304K(524032K), 0.0005415 secs] [Times: user=0.00 sys=0.00, real=0.01 secs] 
391.734: [GC [PSYoungGen: 174336K->64K(174464K)] 180512K->6240K(524032K), 0.0004405 secs] [Times: user=0.00 sys=0.00, real=0.00 secs] 
392.122: [GC [PSYoungGen: 174272K->256K(174464K)] 180448K->6432K(524032K), 0.0007036 secs] [Times: user=0.00 sys=0.00, real=0.00 secs] 
393.308: [GC [PSYoungGen: 174464K->256K(174464K)] 180640K->6432K(524032K), 0.0005443 secs] [Times: user=0.00 sys=0.00, real=0.00 secs] 
393.635: [GC [PSYoungGen: 174464K->64K(174336K)] 180640K->6304K(523904K), 0.0006047 secs] [Times: user=0.01 sys=0.00, real=0.00 secs] 
393.958: [GC [PSYoungGen: 174144K->96K(174400K)] 180384K->6336K(523968K), 0.0005595 secs] [Times: user=0.00 sys=0.00, real=0.00 secs] 
394.286: [GC [PSYoungGen: 174176K->96K(174464K)] 180416K->6336K(524032K), 0.0005661 secs] [Times: user=0.00 sys=0.01, real=0.00 secs] 
394.610: [GC [PSYoungGen: 174239K->64K(174400K)] 180480K->6304K(523968K), 0.0005545 secs] [Times: user=0.00 sys=0.00, real=0.00 secs] 
394.931: [GC [PSYoungGen: 174207K->64K(174464K)] 180448K->6304K(524032K), 0.0005541 secs] [Times: user=0.00 sys=0.00, real=0.00 secs] 
395.262: [GC [PSYoungGen: 174272K->64K(174464K)] 180512K->6304K(524032K), 0.0005715 secs] [Times: user=0.00 sys=0.00, real=0.00 secs] 
395.591: [GC [PSYoungGen: 174271K->160K(174464K)] 180512K->6400K(524032K), 0.0004653 secs] [Times: user=0.00 sys=0.00, real=0.00 secs] 
395.927: [GC [PSYoungGen: 174368K->32K(174464K)] 180608K->6272K(524032K), 0.0006065 secs] [Times: user=0.00 sys=0.00, real=0.00 secs] 
396.247: [GC [PSYoungGen: 174240K->128K(174464K)] 180480K->6368K(524032K), 0.0005850 secs] [Times: user=0.01 sys=0.00, real=0.00 secs] 
396.581: [GC [PSYoungGen: 174336K->128K(174464K)] 180576K->6368K(524032K), 0.0004911 secs] [Times: user=0.00 sys=0.00, real=0.00 secs] 
396.911: [GC [PSYoungGen: 174336K->32K(174464K)] 180576K->6272K(524032K), 0.0005406 secs] [Times: user=0.00 sys=0.00, real=0.00 secs] 
397.244: [GC [PSYoungGen: 174238K->96K(174464K)] 180478K->6336K(524032K), 0.0005305 secs] [Times: user=0.00 sys=0.00, real=0.00 secs] 
397.568: [GC [PSYoungGen: 174304K->128K(174464K)] 180544K->6368K(524032K), 0.0006087 secs] [Times: user=0.00 sys=0.00, real=0.00 secs] 
397.895: [GC [PSYoungGen: 174336K->96K(174464K)] 180576K->6336K(524032K), 0.0004751 secs] [Times: user=0.00 sys=0.00, real=0.00 secs] 
398.221: [GC [PSYoungGen: 174304K->32K(174464K)] 180544K->6272K(524032K), 0.0005564 secs] [Times: user=0.01 sys=0.00, real=0.00 secs] 
398.547: [GC [PSYoungGen: 174240K->96K(174464K)] 180480K->6336K(524032K), 0.0005205 secs] [Times: user=0.00 sys=0.00, real=0.00 secs] 
398.861: [GC [PSYoungGen: 174304K->64K(174464K)] 180544K->6304K(524032K), 0.0005306 secs] [Times: user=0.00 sys=0.01, real=0.00 secs] 
399.187: [GC [PSYoungGen: 174272K->128K(174464K)] 180512K->6368K(524032K), 0.0005975 secs] [Times: user=0.00 sys=0.00, real=0.00 secs] 
399.511: [GC [PSYoungGen: 174336K->64K(174528K)] 180576K->6304K(524096K), 0.0005439 secs] [Times: user=0.00 sys=0.00, real=0.00 secs] 
399.827: [GC [PSYoungGen: 174336K->64K(174464K)] 180576K->6304K(524032K), 0.0004184 secs] [Times: user=0.00 sys=0.00, real=0.00 secs] 
400.161: [GC [PSYoungGen: 174336K->96K(174528K)] 180576K->6336K(524096K), 0.0006041 secs] [Times: user=0.00 sys=0.00, real=0.00 secs] 
400.499: [GC [PSYoungGen: 174432K->96K(174528K)] 180672K->6336K(524096K), 0.0004749 secs] [Times: user=0.01 sys=0.00, real=0.00 secs] 
400.837: [GC [PSYoungGen: 174432K->192K(174400K)] 180672K->6432K(523968K), 0.0004304 secs] [Times: user=0.00 sys=0.00, real=0.00 secs] 
401.177: [GC [PSYoungGen: 174400K->96K(174464K)] 180640K->6336K(524032K), 0.0004290 secs] [Times: user=0.00 sys=0.00, real=0.00 secs] 
402.567: [GC [PSYoungGen: 174304K->256K(173952K)] 180544K->7170K(523520K), 0.0010908 secs] [Times: user=0.00 sys=0.00, real=0.00 secs] 
404.507: [GC [PSYoungGen: 173952K->32K(174208K)] 180866K->7210K(523776K), 0.0007070 secs] [Times: user=0.00 sys=0.00, real=0.00 secs] 
406.357: [GC [PSYoungGen: 173728K->96K(174208K)] 180906K->7274K(523776K), 0.0005072 secs] [Times: user=0.01 sys=0.00, real=0.00 secs] 
408.276: [GC [PSYoungGen: 173792K->64K(174208K)] 180970K->7242K(523776K), 0.0004522 secs] [Times: user=0.00 sys=0.00, real=0.00 secs] 
410.228: [GC [PSYoungGen: 173760K->256K(174208K)] 180938K->7434K(523776K), 0.0005707 secs] [Times: user=0.00 sys=0.00, real=0.00 secs] 
412.833: [GC [PSYoungGen: 173952K->64K(174208K)] 181130K->7306K(523776K), 0.0005450 secs] [Times: user=0.00 sys=0.00, real=0.00 secs] 
415.385: [GC [PSYoungGen: 173760K->32K(174272K)] 181002K->7274K(523840K), 0.0004768 secs] [Times: user=0.00 sys=0.00, real=0.00 secs] 
417.974: [GC [PSYoungGen: 173856K->64K(174272K)] 181098K->7306K(523840K), 0.0005282 secs] [Times: user=0.01 sys=0.00, real=0.01 secs] 
420.720: [GC [PSYoungGen: 173888K->256K(174272K)] 181130K->7498K(523840K), 0.0007013 secs] [Times: user=0.00 sys=0.00, real=0.00 secs] 
422.932: [GC [PSYoungGen: 174080K->64K(174272K)] 181322K->7370K(523840K), 0.0005150 secs] [Times: user=0.00 sys=0.00, real=0.00 secs] 
425.145: [GC [PSYoungGen: 173888K->64K(174272K)] 181194K->7370K(523840K), 0.0005379 secs] [Times: user=0.01 sys=0.00, real=0.00 secs] 
427.394: [GC [PSYoungGen: 173888K->32K(174272K)] 181194K->7338K(523840K), 0.0004940 secs] [Times: user=0.01 sys=0.00, real=0.01 secs] 
429.106: [GC [PSYoungGen: 173856K->256K(174272K)] 181162K->7562K(523840K), 0.0006206 secs] [Times: user=0.00 sys=0.00, real=0.00 secs] 
430.527: [GC [PSYoungGen: 174080K->96K(174272K)] 181386K->7466K(523840K), 0.0005142 secs] [Times: user=0.00 sys=0.00, real=0.00 secs] 
431.959: [GC [PSYoungGen: 173920K->128K(174336K)] 181290K->7498K(523904K), 0.0004868 secs] [Times: user=0.00 sys=0.00, real=0.00 secs] 
433.392: [GC [PSYoungGen: 174016K->64K(174272K)] 181386K->7434K(523840K), 0.0005227 secs] [Times: user=0.01 sys=0.00, real=0.00 secs] 
434.856: [GC [PSYoungGen: 173952K->96K(174336K)] 181322K->7466K(523904K), 0.0004504 secs] [Times: user=0.00 sys=0.00, real=0.00 secs] 
436.230: [GC [PSYoungGen: 174048K->32K(174336K)] 181418K->7402K(523904K), 0.0004603 secs] [Times: user=0.00 sys=0.00, real=0.00 secs] 
438.089: [GC [PSYoungGen: 173984K->256K(174336K)] 181354K->7626K(523904K), 0.0005490 secs] [Times: user=0.00 sys=0.00, real=0.00 secs] 
439.939: [GC [PSYoungGen: 174208K->32K(174336K)] 181578K->7466K(523904K), 0.0006176 secs] [Times: user=0.00 sys=0.00, real=0.00 secs] 
441.802: [GC [PSYoungGen: 173984K->32K(174336K)] 181418K->7466K(523904K), 0.0004967 secs] [Times: user=0.00 sys=0.00, real=0.00 secs] 
443.651: [GC [PSYoungGen: 173984K->64K(174336K)] 181418K->7498K(523904K), 0.0004721 secs] [Times: user=0.00 sys=0.00, real=0.00 secs] 
445.925: [GC [PSYoungGen: 174016K->224K(174336K)] 181450K->7658K(523904K), 0.0005609 secs] [Times: user=0.00 sys=0.01, real=0.00 secs] 
447.472: [GC [PSYoungGen: 174176K->32K(174336K)] 181610K->7530K(523904K), 0.0005756 secs] [Times: user=0.00 sys=0.00, real=0.00 secs] 
449.034: [GC [PSYoungGen: 173984K->32K(174336K)] 181482K->7530K(523904K), 0.0004998 secs] [Times: user=0.00 sys=0.00, real=0.00 secs] 
450.626: [GC [PSYoungGen: 173984K->64K(174336K)] 181482K->7562K(523904K), 0.0005541 secs] [Times: user=0.00 sys=0.00, real=0.00 secs] 
452.252: [GC [PSYoungGen: 174016K->64K(174400K)] 181514K->7562K(523968K), 0.0005466 secs] [Times: user=0.00 sys=0.00, real=0.00 secs] 
453.993: [GC [PSYoungGen: 174144K->256K(174336K)] 181642K->7754K(523904K), 0.0005744 secs] [Times: user=0.00 sys=0.00, real=0.00 secs] 
454.896: [GC [PSYoungGen: 174336K->64K(174336K)] 181834K->7626K(523904K), 0.0005608 secs] [Times: user=0.00 sys=0.00, real=0.00 secs] 
455.796: [GC [PSYoungGen: 174016K->192K(174336K)] 181578K->7754K(523904K), 0.0004732 secs] [Times: user=0.00 sys=0.00, real=0.00 secs] 
456.727: [GC [PSYoungGen: 174144K->64K(174400K)] 181706K->7626K(523968K), 0.0004885 secs] [Times: user=0.00 sys=0.00, real=0.00 secs] 
457.615: [GC [PSYoungGen: 174080K->64K(174336K)] 181642K->7626K(523904K), 0.0005162 secs] [Times: user=0.00 sys=0.00, real=0.01 secs] 
458.553: [GC [PSYoungGen: 174080K->96K(174400K)] 181642K->7658K(523968K), 0.0005109 secs] [Times: user=0.00 sys=0.00, real=0.00 secs] 
459.486: [GC [PSYoungGen: 174176K->32K(174400K)] 181738K->7594K(523968K), 0.0005144 secs] [Times: user=0.00 sys=0.00, real=0.00 secs] 
460.445: [GC [PSYoungGen: 174112K->96K(174400K)] 181674K->7658K(523968K), 0.0006539 secs] [Times: user=0.00 sys=0.01, real=0.01 secs] 
461.394: [GC [PSYoungGen: 174176K->96K(174400K)] 181738K->7658K(523968K), 0.0004737 secs] [Times: user=0.01 sys=0.00, real=0.00 secs] 
462.302: [GC [PSYoungGen: 174176K->64K(174464K)] 181738K->7626K(524032K), 0.0005231 secs] [Times: user=0.00 sys=0.00, real=0.00 secs] 
463.489: [GC [PSYoungGen: 174272K->256K(174464K)] 181834K->7818K(524032K), 0.0005095 secs] [Times: user=0.00 sys=0.00, real=0.00 secs] 
464.692: [GC [PSYoungGen: 174464K->64K(174336K)] 182026K->7690K(523904K), 0.0004974 secs] [Times: user=0.00 sys=0.00, real=0.00 secs] 
465.848: [GC [PSYoungGen: 174144K->96K(174400K)] 181770K->7722K(523968K), 0.0005429 secs] [Times: user=0.00 sys=0.00, real=0.00 secs] 
467.042: [GC [PSYoungGen: 174176K->0K(174400K)] 181802K->7626K(523968K), 0.0004871 secs] [Times: user=0.00 sys=0.00, real=0.00 secs] 
468.235: [GC [PSYoungGen: 174080K->96K(174400K)] 181706K->7722K(523968K), 0.0005158 secs] [Times: user=0.01 sys=0.00, real=0.00 secs] 
469.435: [GC [PSYoungGen: 174176K->64K(174464K)] 181802K->7690K(524032K), 0.0005034 secs] [Times: user=0.00 sys=0.00, real=0.00 secs] 
470.635: [GC [PSYoungGen: 174272K->128K(174464K)] 181898K->7754K(524032K), 0.0005448 secs] [Times: user=0.01 sys=0.00, real=0.00 secs] 
472.246: [GC [PSYoungGen: 174336K->256K(174336K)] 181962K->7882K(523904K), 0.0006422 secs] [Times: user=0.00 sys=0.00, real=0.00 secs] 
473.261: [GC [PSYoungGen: 174336K->96K(174400K)] 181962K->7786K(523968K), 0.0005262 secs] [Times: user=0.00 sys=0.00, real=0.00 secs] 
474.273: [GC [PSYoungGen: 174175K->64K(174400K)] 181865K->7754K(523968K), 0.0005134 secs] [Times: user=0.01 sys=0.00, real=0.00 secs] 
475.334: [GC [PSYoungGen: 174144K->64K(174400K)] 181834K->7754K(523968K), 0.0005662 secs] [Times: user=0.00 sys=0.00, real=0.00 secs] 
476.408: [GC [PSYoungGen: 174144K->128K(174464K)] 181834K->7818K(524032K), 0.0005788 secs] [Times: user=0.00 sys=0.00, real=0.00 secs] 
477.417: [GC [PSYoungGen: 174336K->64K(174464K)] 182026K->7754K(524032K), 0.0004865 secs] [Times: user=0.00 sys=0.00, real=0.00 secs] 
478.468: [GC [PSYoungGen: 174272K->64K(174464K)] 181962K->7754K(524032K), 0.0005850 secs] [Times: user=0.00 sys=0.00, real=0.00 secs] 
479.530: [GC [PSYoungGen: 174272K->64K(174464K)] 181962K->7754K(524032K), 0.0005041 secs] [Times: user=0.00 sys=0.00, real=0.00 secs] 
480.570: [GC [PSYoungGen: 174272K->256K(174336K)] 181962K->7946K(523904K), 0.0006030 secs] [Times: user=0.00 sys=0.00, real=0.00 secs] 
481.137: [GC [PSYoungGen: 174336K->32K(174400K)] 182026K->7786K(523968K), 0.0006079 secs] [Times: user=0.00 sys=0.00, real=0.00 secs] 
481.701: [GC [PSYoungGen: 174112K->96K(174464K)] 181866K->7850K(524032K), 0.0004695 secs] [Times: user=0.01 sys=0.00, real=0.00 secs] 
482.258: [GC [PSYoungGen: 174240K->192K(174400K)] 181994K->7946K(523968K), 0.0004800 secs] [Times: user=0.00 sys=0.01, real=0.00 secs] 
482.833: [GC [PSYoungGen: 174336K->32K(174400K)] 182090K->7786K(523968K), 0.0005101 secs] [Times: user=0.00 sys=0.00, real=0.00 secs] 
483.411: [GC [PSYoungGen: 174112K->96K(174400K)] 181866K->7850K(523968K), 0.0005461 secs] [Times: user=0.00 sys=0.01, real=0.00 secs] 
483.980: [GC [PSYoungGen: 174176K->96K(174464K)] 181930K->7850K(524032K), 0.0004935 secs] [Times: user=0.01 sys=0.00, real=0.00 secs] 
484.524: [GC [PSYoungGen: 174304K->96K(174464K)] 182058K->7850K(524032K), 0.0004622 secs] [Times: user=0.00 sys=0.00, real=0.00 secs] 
485.090: [GC [PSYoungGen: 174304K->64K(174464K)] 182058K->7818K(524032K), 0.0004991 secs] [Times: user=0.00 sys=0.00, real=0.00 secs] 
485.660: [GC [PSYoungGen: 174272K->96K(174464K)] 182026K->7850K(524032K), 0.0004740 secs] [Times: user=0.00 sys=0.01, real=0.00 secs] 
486.224: [GC [PSYoungGen: 174304K->96K(174464K)] 182058K->7850K(524032K), 0.0005491 secs] [Times: user=0.00 sys=0.00, real=0.00 secs] 
486.783: [GC [PSYoungGen: 174304K->96K(174464K)] 182058K->7850K(524032K), 0.0004415 secs] [Times: user=0.00 sys=0.00, real=0.00 secs] 
487.352: [GC [PSYoungGen: 174304K->128K(174528K)] 182058K->7882K(524096K), 0.0004631 secs] [Times: user=0.00 sys=0.00, real=0.00 secs] 
487.899: [GC [PSYoungGen: 174464K->64K(174528K)] 182218K->7818K(524096K), 0.0005952 secs] [Times: user=0.00 sys=0.00, real=0.00 secs] 
488.498: [GC [PSYoungGen: 174400K->96K(174528K)] 182154K->7850K(524096K), 0.0006258 secs] [Times: user=0.00 sys=0.00, real=0.00 secs] 
489.081: [GC [PSYoungGen: 174432K->96K(174528K)] 182186K->7850K(524096K), 0.0006260 secs] [Times: user=0.00 sys=0.00, real=0.00 secs] 
489.782: [GC [PSYoungGen: 174431K->192K(174400K)] 182185K->7962K(523968K), 0.0005061 secs] [Times: user=0.00 sys=0.00, real=0.00 secs] 
490.494: [GC [PSYoungGen: 174400K->0K(174464K)] 182170K->7834K(524032K), 0.0006424 secs] [Times: user=0.01 sys=0.00, real=0.00 secs] 
491.198: [GC [PSYoungGen: 174208K->64K(174464K)] 182042K->7898K(524032K), 0.0005590 secs] [Times: user=0.00 sys=0.00, real=0.00 secs] 
491.916: [GC [PSYoungGen: 174272K->0K(174464K)] 182106K->7834K(524032K), 0.0005436 secs] [Times: user=0.00 sys=0.00, real=0.01 secs] 
492.648: [GC [PSYoungGen: 174207K->0K(174464K)] 182041K->7834K(524032K), 0.0005754 secs] [Times: user=0.01 sys=0.00, real=0.00 secs] 
493.390: [GC [PSYoungGen: 174208K->32K(174464K)] 182042K->7866K(524032K), 0.0005303 secs] [Times: user=0.00 sys=0.00, real=0.00 secs] 
494.099: [GC [PSYoungGen: 174240K->32K(174464K)] 182074K->7866K(524032K), 0.0005421 secs] [Times: user=0.00 sys=0.00, real=0.00 secs] 
494.823: [GC [PSYoungGen: 174240K->64K(174464K)] 182074K->7898K(524032K), 0.0004728 secs] [Times: user=0.00 sys=0.00, real=0.00 secs] 
495.532: [GC [PSYoungGen: 174272K->32K(174528K)] 182106K->7866K(524096K), 0.0004645 secs] [Times: user=0.00 sys=0.00, real=0.00 secs] 
496.242: [GC [PSYoungGen: 174368K->0K(174528K)] 182202K->7834K(524096K), 0.0005255 secs] [Times: user=0.00 sys=0.00, real=0.00 secs] 
496.969: [GC [PSYoungGen: 174336K->64K(174528K)] 182170K->7898K(524096K), 0.0005611 secs] [Times: user=0.00 sys=0.00, real=0.00 secs] 
497.664: [GC [PSYoungGen: 174400K->0K(174528K)] 182234K->7834K(524096K), 0.0005571 secs] [Times: user=0.00 sys=0.00, real=0.00 secs] 
498.982: [GC [PSYoungGen: 174336K->192K(174400K)] 182170K->8042K(523968K), 0.0005187 secs] [Times: user=0.00 sys=0.00, real=0.00 secs] 
499.600: [GC [PSYoungGen: 174400K->96K(174464K)] 182250K->8010K(524032K), 0.0005233 secs] [Times: user=0.00 sys=0.00, real=0.00 secs] 
500.200: [GC [PSYoungGen: 174304K->64K(174464K)] 182218K->7978K(524032K), 0.0005421 secs] [Times: user=0.00 sys=0.01, real=0.00 secs] 
500.813: [GC [PSYoungGen: 174272K->32K(174464K)] 182186K->7946K(524032K), 0.0005948 secs] [Times: user=0.01 sys=0.00, real=0.00 secs] 
501.437: [GC [PSYoungGen: 174240K->32K(174528K)] 182154K->7946K(524096K), 0.0005362 secs] [Times: user=0.00 sys=0.00, real=0.00 secs] 
502.062: [GC [PSYoungGen: 174367K->128K(174464K)] 182281K->8042K(524032K), 0.0005597 secs] [Times: user=0.00 sys=0.00, real=0.00 secs] 
502.673: [GC [PSYoungGen: 174464K->64K(174528K)] 182378K->7978K(524096K), 0.0005691 secs] [Times: user=0.00 sys=0.00, real=0.00 secs] 
503.307: [GC [PSYoungGen: 174336K->128K(174464K)] 182250K->8042K(524032K), 0.0005146 secs] [Times: user=0.00 sys=0.00, real=0.00 secs] 
503.920: [GC [PSYoungGen: 174400K->32K(174528K)] 182314K->7946K(524096K), 0.0006105 secs] [Times: user=0.00 sys=0.00, real=0.00 secs] 
504.528: [GC [PSYoungGen: 174304K->128K(174464K)] 182218K->8042K(524032K), 0.0005163 secs] [Times: user=0.01 sys=0.00, real=0.00 secs] 
505.161: [GC [PSYoungGen: 174400K->96K(174464K)] 182314K->8010K(524032K), 0.0004963 secs] [Times: user=0.00 sys=0.00, real=0.00 secs] 
505.784: [GC [PSYoungGen: 174304K->96K(174464K)] 182218K->8010K(524032K), 0.0005824 secs] [Times: user=0.01 sys=0.00, real=0.00 secs] 
506.416: [GC [PSYoungGen: 174304K->96K(174528K)] 182218K->8010K(524096K), 0.0005708 secs] [Times: user=0.00 sys=0.00, real=0.01 secs] 
507.045: [GC [PSYoungGen: 174432K->96K(174528K)] 182346K->8010K(524096K), 0.0005814 secs] [Times: user=0.00 sys=0.00, real=0.00 secs] 
507.796: [GC [PSYoungGen: 174432K->192K(174400K)] 182346K->8122K(523968K), 0.0006122 secs] [Times: user=0.00 sys=0.00, real=0.00 secs] 
508.098: [GC [PSYoungGen: 174400K->64K(174464K)] 182330K->8058K(524032K), 0.0005442 secs] [Times: user=0.00 sys=0.00, real=0.00 secs] 
508.400: [GC [PSYoungGen: 174272K->160K(174464K)] 182266K->8154K(524032K), 0.0004671 secs] [Times: user=0.01 sys=0.00, real=0.00 secs] 
508.710: [GC [PSYoungGen: 174368K->192K(174464K)] 182362K->8186K(524032K), 0.0005053 secs] [Times: user=0.00 sys=0.00, real=0.00 secs] 
509.015: [GC [PSYoungGen: 174400K->160K(174464K)] 182394K->8154K(524032K), 0.0005751 secs] [Times: user=0.00 sys=0.00, real=0.00 secs] 
509.324: [GC [PSYoungGen: 174368K->96K(174464K)] 182362K->8090K(524032K), 0.0005585 secs] [Times: user=0.00 sys=0.00, real=0.00 secs] 
509.636: [GC [PSYoungGen: 174304K->160K(174464K)] 182298K->8154K(524032K), 0.0005076 secs] [Times: user=0.00 sys=0.00, real=0.00 secs] 
509.957: [GC [PSYoungGen: 174368K->160K(174464K)] 182362K->8154K(524032K), 0.0006125 secs] [Times: user=0.00 sys=0.00, real=0.01 secs] 
510.285: [GC [PSYoungGen: 174368K->128K(174464K)] 182362K->8122K(524032K), 0.0004739 secs] [Times: user=0.00 sys=0.00, real=0.00 secs] 
510.604: [GC [PSYoungGen: 174336K->128K(174464K)] 182330K->8146K(524032K), 0.0005725 secs] [Times: user=0.00 sys=0.00, real=0.00 secs] 
510.916: [GC [PSYoungGen: 174335K->128K(174464K)] 182353K->8146K(524032K), 0.0006524 secs] [Times: user=0.00 sys=0.00, real=0.01 secs] 
511.236: [GC [PSYoungGen: 174336K->160K(174464K)] 182354K->8178K(524032K), 0.0005292 secs] [Times: user=0.00 sys=0.00, real=0.00 secs] 
511.559: [GC [PSYoungGen: 174367K->128K(174464K)] 182385K->8146K(524032K), 0.0005035 secs] [Times: user=0.00 sys=0.00, real=0.00 secs] 
511.875: [GC [PSYoungGen: 174336K->160K(174464K)] 182354K->8178K(524032K), 0.0005981 secs] [Times: user=0.00 sys=0.00, real=0.00 secs] 
512.192: [GC [PSYoungGen: 174368K->128K(174464K)] 182386K->8146K(524032K), 0.0005637 secs] [Times: user=0.01 sys=0.00, real=0.00 secs] 
512.539: [GC [PSYoungGen: 174336K->128K(174464K)] 182354K->8146K(524032K), 0.0005489 secs] [Times: user=0.00 sys=0.00, real=0.00 secs] 
512.883: [GC [PSYoungGen: 174336K->160K(174464K)] 182354K->8178K(524032K), 0.0004821 secs] [Times: user=0.00 sys=0.00, real=0.00 secs] 
513.203: [GC [PSYoungGen: 174368K->160K(174464K)] 182386K->8178K(524032K), 0.0004606 secs] [Times: user=0.00 sys=0.00, real=0.00 secs] 
513.529: [GC [PSYoungGen: 174366K->96K(174464K)] 182384K->8114K(524032K), 0.0006027 secs] [Times: user=0.01 sys=0.00, real=0.00 secs] 
513.858: [GC [PSYoungGen: 174304K->128K(174464K)] 182322K->8146K(524032K), 0.0004998 secs] [Times: user=0.01 sys=0.00, real=0.00 secs] 
514.186: [GC [PSYoungGen: 174336K->128K(174464K)] 182354K->8146K(524032K), 0.0005667 secs] [Times: user=0.00 sys=0.00, real=0.00 secs] 
514.512: [GC [PSYoungGen: 174334K->96K(174464K)] 182352K->8114K(524032K), 0.0005122 secs] [Times: user=0.00 sys=0.00, real=0.00 secs] 
514.836: [GC [PSYoungGen: 174304K->160K(174464K)] 182322K->8178K(524032K), 0.0004686 secs] [Times: user=0.00 sys=0.00, real=0.00 secs] 
515.168: [GC [PSYoungGen: 174368K->96K(174464K)] 182386K->8114K(524032K), 0.0005631 secs] [Times: user=0.01 sys=0.00, real=0.00 secs] 
515.484: [GC [PSYoungGen: 174303K->128K(174528K)] 182322K->8146K(524096K), 0.0005806 secs] [Times: user=0.01 sys=0.00, real=0.00 secs] 
515.807: [GC [PSYoungGen: 174400K->128K(174464K)] 182418K->8146K(524032K), 0.0005904 secs] [Times: user=0.00 sys=0.00, real=0.01 secs] 
516.125: [GC [PSYoungGen: 174400K->96K(174528K)] 182418K->8114K(524096K), 0.0006217 secs] [Times: user=0.00 sys=0.00, real=0.00 secs] 
516.439: [GC [PSYoungGen: 174432K->64K(174528K)] 182450K->8082K(524096K), 0.0006551 secs] [Times: user=0.00 sys=0.00, real=0.00 secs] 
516.773: [GC [PSYoungGen: 174398K->192K(174400K)] 182417K->8226K(523968K), 0.0005417 secs] [Times: user=0.00 sys=0.00, real=0.00 secs] 
517.173: [GC [PSYoungGen: 174400K->192K(174464K)] 182434K->8258K(524032K), 0.0006245 secs] [Times: user=0.00 sys=0.00, real=0.00 secs] 
517.576: [GC [PSYoungGen: 174399K->0K(174464K)] 182466K->8130K(524032K), 0.0005863 secs] [Times: user=0.01 sys=0.00, real=0.00 secs] 
517.978: [GC [PSYoungGen: 174208K->64K(174464K)] 182338K->8194K(524032K), 0.0005034 secs] [Times: user=0.00 sys=0.00, real=0.00 secs] 
518.383: [GC [PSYoungGen: 174272K->32K(174464K)] 182402K->8162K(524032K), 0.0005282 secs] [Times: user=0.00 sys=0.00, real=0.00 secs] 
518.790: [GC [PSYoungGen: 174240K->0K(174464K)] 182370K->8130K(524032K), 0.0005889 secs] [Times: user=0.00 sys=0.00, real=0.00 secs] 
519.188: [GC [PSYoungGen: 174208K->96K(174464K)] 182338K->8226K(524032K), 0.0005501 secs] [Times: user=0.00 sys=0.00, real=0.00 secs] 
519.571: [GC [PSYoungGen: 174304K->64K(174464K)] 182434K->8194K(524032K), 0.0005439 secs] [Times: user=0.00 sys=0.00, real=0.00 secs] 
519.974: [GC [PSYoungGen: 174272K->32K(174464K)] 182402K->8162K(524032K), 0.0005090 secs] [Times: user=0.00 sys=0.00, real=0.00 secs] 
520.356: [GC [PSYoungGen: 174240K->128K(174464K)] 182370K->8258K(524032K), 0.0005204 secs] [Times: user=0.00 sys=0.00, real=0.00 secs] 
520.755: [GC [PSYoungGen: 174336K->0K(174464K)] 182466K->8130K(524032K), 0.0005229 secs] [Times: user=0.00 sys=0.00, real=0.00 secs] 
521.161: [GC [PSYoungGen: 174208K->0K(174464K)] 182338K->8130K(524032K), 0.0006021 secs] [Times: user=0.00 sys=0.00, real=0.00 secs] 
521.576: [GC [PSYoungGen: 174208K->32K(174464K)] 182338K->8162K(524032K), 0.0005498 secs] [Times: user=0.00 sys=0.00, real=0.00 secs] 
521.974: [GC [PSYoungGen: 174240K->96K(174464K)] 182370K->8226K(524032K), 0.0004961 secs] [Times: user=0.00 sys=0.00, real=0.00 secs] 
522.375: [GC [PSYoungGen: 174304K->96K(174464K)] 182434K->8226K(524032K), 0.0005161 secs] [Times: user=0.01 sys=0.00, real=0.00 secs] 
522.791: [GC [PSYoungGen: 174304K->128K(174464K)] 182434K->8258K(524032K), 0.0005871 secs] [Times: user=0.00 sys=0.00, real=0.00 secs] 
523.205: [GC [PSYoungGen: 174336K->64K(174464K)] 182466K->8194K(524032K), 0.0004966 secs] [Times: user=0.00 sys=0.00, real=0.00 secs] 
523.588: [GC [PSYoungGen: 174272K->64K(174464K)] 182402K->8194K(524032K), 0.0005518 secs] [Times: user=0.00 sys=0.00, real=0.00 secs] 
523.989: [GC [PSYoungGen: 174272K->0K(174464K)] 182402K->8130K(524032K), 0.0005692 secs] [Times: user=0.00 sys=0.00, real=0.00 secs] 
524.397: [GC [PSYoungGen: 174207K->64K(174464K)] 182338K->8194K(524032K), 0.0005561 secs] [Times: user=0.00 sys=0.00, real=0.00 secs] 
524.810: [GC [PSYoungGen: 174270K->32K(174528K)] 182400K->8162K(524096K), 0.0005597 secs] [Times: user=0.00 sys=0.00, real=0.00 secs] 
525.213: [GC [PSYoungGen: 174368K->96K(174528K)] 182498K->8226K(524096K), 0.0007216 secs] [Times: user=0.00 sys=0.00, real=0.00 secs] 
525.609: [GC [PSYoungGen: 174432K->96K(174528K)] 182562K->8226K(524096K), 0.0005947 secs] [Times: user=0.00 sys=0.00, real=0.00 secs] 
526.875: [GC [PSYoungGen: 174431K->192K(174528K)] 182562K->8338K(524096K), 0.0005802 secs] [Times: user=0.01 sys=0.00, real=0.00 secs] 
527.206: [GC [PSYoungGen: 174528K->128K(174400K)] 182674K->8330K(523968K), 0.0006006 secs] [Times: user=0.00 sys=0.00, real=0.00 secs] 
527.534: [GC [PSYoungGen: 174336K->64K(174464K)] 182538K->8266K(524032K), 0.0005602 secs] [Times: user=0.00 sys=0.01, real=0.00 secs] 
527.872: [GC [PSYoungGen: 174271K->64K(174464K)] 182473K->8266K(524032K), 0.0005892 secs] [Times: user=0.00 sys=0.00, real=0.00 secs] 
528.203: [GC [PSYoungGen: 174272K->96K(174464K)] 182474K->8298K(524032K), 0.0005651 secs] [Times: user=0.00 sys=0.00, real=0.00 secs] 
528.557: [GC [PSYoungGen: 174302K->128K(174464K)] 182504K->8330K(524032K), 0.0006747 secs] [Times: user=0.00 sys=0.00, real=0.01 secs] 
528.898: [GC [PSYoungGen: 174336K->128K(174464K)] 182538K->8330K(524032K), 0.0006269 secs] [Times: user=0.01 sys=0.00, real=0.00 secs] 
529.244: [GC [PSYoungGen: 174335K->128K(174464K)] 182537K->8330K(524032K), 0.0005886 secs] [Times: user=0.00 sys=0.00, real=0.00 secs] 
529.592: [GC [PSYoungGen: 174336K->128K(174464K)] 182538K->8330K(524032K), 0.0004215 secs] [Times: user=0.00 sys=0.00, real=0.00 secs] 
529.933: [GC [PSYoungGen: 174336K->64K(174464K)] 182538K->8266K(524032K), 0.0005225 secs] [Times: user=0.00 sys=0.00, real=0.00 secs] 
530.277: [GC [PSYoungGen: 174271K->64K(174464K)] 182473K->8266K(524032K), 0.0005387 secs] [Times: user=0.00 sys=0.00, real=0.01 secs] 
530.655: [GC [PSYoungGen: 174272K->96K(174528K)] 182474K->8298K(524096K), 0.0005363 secs] [Times: user=0.01 sys=0.00, real=0.00 secs] 
531.006: [GC [PSYoungGen: 174367K->96K(174464K)] 182569K->8298K(524032K), 0.0005245 secs] [Times: user=0.00 sys=0.00, real=0.00 secs] 
531.371: [GC [PSYoungGen: 174368K->96K(174528K)] 182570K->8298K(524096K), 0.0005573 secs] [Times: user=0.00 sys=0.00, real=0.00 secs] 
531.720: [GC [PSYoungGen: 174431K->96K(174528K)] 182633K->8298K(524096K), 0.0005591 secs] [Times: user=0.00 sys=0.00, real=0.00 secs] 
532.078: [GC [PSYoungGen: 174430K->32K(174528K)] 182632K->8234K(524096K), 0.0005254 secs] [Times: user=0.00 sys=0.00, real=0.00 secs] 
532.440: [GC [PSYoungGen: 174368K->128K(174528K)] 182570K->8330K(524096K), 0.0007654 secs] [Times: user=0.00 sys=0.00, real=0.00 secs] 
532.791: [GC [PSYoungGen: 174464K->128K(174528K)] 182666K->8330K(524096K), 0.0006799 secs] [Times: user=0.00 sys=0.00, real=0.00 secs] 
533.166: [GC [PSYoungGen: 174462K->64K(174528K)] 182665K->8266K(524096K), 0.0005246 secs] [Times: user=0.00 sys=0.00, real=0.00 secs] 
533.521: [GC [PSYoungGen: 174400K->96K(174528K)] 182602K->8298K(524096K), 0.0005726 secs] [Times: user=0.01 sys=0.00, real=0.00 secs] 
533.883: [GC [PSYoungGen: 174432K->128K(174528K)] 182634K->8330K(524096K), 0.0004733 secs] [Times: user=0.00 sys=0.00, real=0.00 secs] 
534.249: [GC [PSYoungGen: 174462K->64K(174528K)] 182664K->8266K(524096K), 0.0005380 secs] [Times: user=0.01 sys=0.00, real=0.00 secs] 
534.602: [GC [PSYoungGen: 174399K->64K(174528K)] 182601K->8266K(524096K), 0.0006954 secs] [Times: user=0.01 sys=0.00, real=0.00 secs] 
534.967: [GC [PSYoungGen: 174400K->96K(174528K)] 182602K->8298K(524096K), 0.0005561 secs] [Times: user=0.00 sys=0.00, real=0.00 secs] 
535.315: [GC [PSYoungGen: 174431K->32K(174528K)] 182633K->8234K(524096K), 0.0006030 secs] [Times: user=0.00 sys=0.00, real=0.00 secs] 
Heap
 PSYoungGen      total 174528K, used 144788K [7f5560000, 800000000, 800000000)
  eden space 174336K, 83% used [7f5560000,7fe2bd0a0,7fffa0000)
  from space 192K, 16% used [7fffa0000,7fffa8000,7fffd0000)
  to   space 192K, 0% used [7fffd0000,7fffd0000,800000000)
 PSOldGen        total 349568K, used 8202K [7e0000000, 7f5560000, 7f5560000)
  object space 349568K, 2% used [7e0000000,7e0802990,7f5560000)
 PSPermGen       total 21248K, used 6077K [7dae00000, 7dc2c0000, 7e0000000)
  object space 21248K, 28% used [7dae00000,7db3ef518,7dc2c0000)
