0.244: [GC [PSYoungGen: 131072K->1488K(152896K)] 131072K->1488K(502464K), 0.0022012 secs] [Times: user=0.01 sys=0.01, real=0.00 secs] 
1.146: [GC [PSYoungGen: 132560K->1584K(152896K)] 132560K->1584K(502464K), 0.0010811 secs] [Times: user=0.01 sys=0.00, real=0.00 secs] 
2.103: [GC [PSYoungGen: 132656K->1568K(152896K)] 132656K->1568K(502464K), 0.0008461 secs] [Times: user=0.01 sys=0.00, real=0.00 secs] 
3.347: [GC [PSYoungGen: 132640K->1520K(152896K)] 132640K->1520K(502464K), 0.0009070 secs] [Times: user=0.01 sys=0.00, real=0.00 secs] 
4.596: [GC [PSYoungGen: 132592K->1552K(152896K)] 132592K->1552K(502464K), 0.0007730 secs] [Times: user=0.00 sys=0.00, real=0.00 secs] 
5.930: [GC [PSYoungGen: 132624K->1488K(173056K)] 132624K->1488K(522624K), 0.0010021 secs] [Times: user=0.00 sys=0.00, real=0.00 secs] 
7.709: [GC [PSYoungGen: 172880K->192K(171584K)] 172880K->1473K(521152K), 0.0013043 secs] [Times: user=0.00 sys=0.00, real=0.01 secs] 
9.781: [GC [PSYoungGen: 171584K->256K(172544K)] 172865K->1537K(522112K), 0.0006293 secs] [Times: user=0.01 sys=0.00, real=0.00 secs] 
12.364: [GC [PSYoungGen: 170880K->256K(170880K)] 172161K->1577K(520448K), 0.0005033 secs] [Times: user=0.00 sys=0.00, real=0.00 secs] 
14.942: [GC [PSYoungGen: 170880K->32K(172416K)] 172201K->1457K(521984K), 0.0005519 secs] [Times: user=0.00 sys=0.00, real=0.00 secs] 
17.873: [GC [PSYoungGen: 170272K->256K(172480K)] 171697K->1681K(522048K), 0.0004859 secs] [Times: user=0.00 sys=0.00, real=0.00 secs] 
19.950: [GC [PSYoungGen: 170496K->32K(172480K)] 171921K->1545K(522048K), 0.0006919 secs] [Times: user=0.01 sys=0.00, real=0.00 secs] 
22.003: [GC [PSYoungGen: 170272K->64K(172480K)] 171785K->1577K(522048K), 0.0004203 secs] [Times: user=0.00 sys=0.00, real=0.00 secs] 
24.062: [GC [PSYoungGen: 170304K->64K(172480K)] 171817K->1577K(522048K), 0.0004648 secs] [Times: user=0.00 sys=0.00, real=0.00 secs] 
26.349: [GC [PSYoungGen: 170304K->256K(172480K)] 171817K->1769K(522048K), 0.0007081 secs] [Times: user=0.00 sys=0.00, real=0.00 secs] 
27.661: [GC [PSYoungGen: 170496K->224K(172672K)] 172009K->1809K(522240K), 0.0006140 secs] [Times: user=0.00 sys=0.00, real=0.00 secs] 
28.993: [GC [PSYoungGen: 170720K->96K(172544K)] 172305K->1729K(522112K), 0.0004512 secs] [Times: user=0.00 sys=0.00, real=0.00 secs] 
30.311: [GC [PSYoungGen: 170592K->32K(172736K)] 172225K->1665K(522304K), 0.0004652 secs] [Times: user=0.00 sys=0.00, real=0.00 secs] 
31.653: [GC [PSYoungGen: 170720K->32K(172672K)] 172353K->1665K(522240K), 0.0005195 secs] [Times: user=0.00 sys=0.00, real=0.00 secs] 
32.968: [GC [PSYoungGen: 170720K->192K(172928K)] 172353K->1825K(522496K), 0.0004586 secs] [Times: user=0.00 sys=0.00, real=0.00 secs] 
34.321: [GC [PSYoungGen: 171200K->64K(172800K)] 172833K->1697K(522368K), 0.0005337 secs] [Times: user=0.00 sys=0.00, real=0.00 secs] 
35.907: [GC [PSYoungGen: 171072K->256K(173120K)] 172705K->1889K(522688K), 0.0004734 secs] [Times: user=0.01 sys=0.00, real=0.00 secs] 
37.724: [GC [PSYoungGen: 171648K->32K(172992K)] 173281K->1713K(522560K), 0.0004200 secs] [Times: user=0.00 sys=0.00, real=0.00 secs] 
39.504: [GC [PSYoungGen: 171424K->0K(173248K)] 173105K->1681K(522816K), 0.0004647 secs] [Times: user=0.00 sys=0.00, real=0.00 secs] 
41.347: [GC [PSYoungGen: 171712K->32K(173184K)] 173393K->1713K(522752K), 0.0004473 secs] [Times: user=0.00 sys=0.00, real=0.00 secs] 
43.182: [GC [PSYoungGen: 171744K->64K(173376K)] 173425K->1745K(522944K), 0.0004847 secs] [Times: user=0.00 sys=0.00, real=0.00 secs] 
45.225: [GC [PSYoungGen: 172032K->256K(173312K)] 173713K->1937K(522880K), 0.0005290 secs] [Times: user=0.00 sys=0.00, real=0.00 secs] 
46.783: [GC [PSYoungGen: 172224K->160K(173568K)] 173905K->1905K(523136K), 0.0005591 secs] [Times: user=0.00 sys=0.00, real=0.00 secs] 
48.303: [GC [PSYoungGen: 172448K->64K(173440K)] 174193K->1809K(523008K), 0.0007274 secs] [Times: user=0.00 sys=0.00, real=0.00 secs] 
49.845: [GC [PSYoungGen: 172352K->64K(173632K)] 174097K->1809K(523200K), 0.0004055 secs] [Times: user=0.01 sys=0.00, real=0.00 secs] 
51.360: [GC [PSYoungGen: 172608K->96K(173632K)] 174353K->1841K(523200K), 0.0004497 secs] [Times: user=0.00 sys=0.00, real=0.01 secs] 
52.838: [GC [PSYoungGen: 172640K->224K(173760K)] 174385K->1969K(523328K), 0.0005533 secs] [Times: user=0.00 sys=0.01, real=0.00 secs] 
53.729: [GC [PSYoungGen: 172960K->64K(173696K)] 174705K->1873K(523264K), 0.0004826 secs] [Times: user=0.00 sys=0.00, real=0.00 secs] 
54.613: [GC [PSYoungGen: 172800K->96K(173888K)] 174609K->1905K(523456K), 0.0004418 secs] [Times: user=0.00 sys=0.01, real=0.00 secs] 
55.485: [GC [PSYoungGen: 173088K->64K(173824K)] 174897K->1873K(523392K), 0.0004927 secs] [Times: user=0.00 sys=0.00, real=0.00 secs] 
56.366: [GC [PSYoungGen: 173056K->32K(173952K)] 174865K->1841K(523520K), 0.0004839 secs] [Times: user=0.00 sys=0.00, real=0.00 secs] 
57.247: [GC [PSYoungGen: 173216K->32K(173952K)] 175025K->1841K(523520K), 0.0004070 secs] [Times: user=0.00 sys=0.00, real=0.00 secs] 
58.139: [GC [PSYoungGen: 173216K->64K(174016K)] 175025K->1873K(523584K), 0.0004913 secs] [Times: user=0.00 sys=0.00, real=0.00 secs] 
59.017: [GC [PSYoungGen: 173376K->160K(174016K)] 175185K->1969K(523584K), 0.0004299 secs] [Times: user=0.00 sys=0.00, real=0.00 secs] 
59.903: [GC [PSYoungGen: 173472K->128K(174144K)] 175281K->1937K(523712K), 0.0004470 secs] [Times: user=0.00 sys=0.00, real=0.00 secs] 
60.776: [GC [PSYoungGen: 173632K->64K(174080K)] 175441K->1873K(523648K), 0.0005573 secs] [Times: user=0.00 sys=0.00, real=0.00 secs] 
61.918: [GC [PSYoungGen: 173568K->256K(174144K)] 175377K->2065K(523712K), 0.0007361 secs] [Times: user=0.00 sys=0.00, real=0.00 secs] 
63.124: [GC [PSYoungGen: 173824K->64K(174144K)] 175633K->1937K(523712K), 0.0004995 secs] [Times: user=0.00 sys=0.00, real=0.00 secs] 
64.283: [GC [PSYoungGen: 173632K->32K(174208K)] 175505K->1905K(523776K), 0.0004112 secs] [Times: user=0.00 sys=0.00, real=0.00 secs] 
65.472: [GC [PSYoungGen: 173728K->32K(174208K)] 175601K->1905K(523776K), 0.0004784 secs] [Times: user=0.00 sys=0.00, real=0.00 secs] 
66.672: [GC [PSYoungGen: 173728K->64K(174272K)] 175601K->1937K(523840K), 0.0004632 secs] [Times: user=0.01 sys=0.00, real=0.00 secs] 
67.879: [GC [PSYoungGen: 173824K->128K(174208K)] 175697K->2001K(523776K), 0.0004636 secs] [Times: user=0.00 sys=0.00, real=0.00 secs] 
69.084: [GC [PSYoungGen: 173888K->32K(174272K)] 175761K->1905K(523840K), 0.0004992 secs] [Times: user=0.00 sys=0.00, real=0.00 secs] 
70.672: [GC [PSYoungGen: 173856K->256K(174272K)] 175729K->2129K(523840K), 0.0005755 secs] [Times: user=0.00 sys=0.00, real=0.00 secs] 
71.662: [GC [PSYoungGen: 174080K->32K(174272K)] 175953K->1953K(523840K), 0.0004975 secs] [Times: user=0.00 sys=0.00, real=0.00 secs] 
72.661: [GC [PSYoungGen: 173856K->32K(174272K)] 175777K->1953K(523840K), 0.0004787 secs] [Times: user=0.00 sys=0.00, real=0.00 secs] 
73.667: [GC [PSYoungGen: 173856K->32K(174336K)] 175777K->1953K(523904K), 0.0005350 secs] [Times: user=0.01 sys=0.00, real=0.00 secs] 
74.674: [GC [PSYoungGen: 173920K->32K(174272K)] 175841K->1953K(523840K), 0.0004654 secs] [Times: user=0.01 sys=0.00, real=0.00 secs] 
75.668: [GC [PSYoungGen: 173920K->32K(174336K)] 175841K->1953K(523904K), 0.0005320 secs] [Times: user=0.01 sys=0.00, real=0.00 secs] 
76.663: [GC [PSYoungGen: 173984K->64K(174336K)] 175905K->1985K(523904K), 0.0004902 secs] [Times: user=0.00 sys=0.00, real=0.00 secs] 
77.672: [GC [PSYoungGen: 174016K->224K(174272K)] 175937K->2145K(523840K), 0.0004654 secs] [Times: user=0.00 sys=0.00, real=0.00 secs] 
78.784: [GC [PSYoungGen: 174174K->256K(174336K)] 176095K->2177K(523904K), 0.0005143 secs] [Times: user=0.01 sys=0.00, real=0.00 secs] 
79.311: [GC [PSYoungGen: 174208K->32K(174336K)] 176129K->2017K(523904K), 0.0005518 secs] [Times: user=0.00 sys=0.00, real=0.00 secs] 
79.849: [GC [PSYoungGen: 173984K->64K(174336K)] 175969K->2049K(523904K), 0.0004315 secs] [Times: user=0.00 sys=0.00, real=0.00 secs] 
80.372: [GC [PSYoungGen: 174016K->64K(174336K)] 176001K->2049K(523904K), 0.0003938 secs] [Times: user=0.00 sys=0.00, real=0.00 secs] 
80.900: [GC [PSYoungGen: 174016K->96K(174336K)] 176001K->2081K(523904K), 0.0004317 secs] [Times: user=0.00 sys=0.00, real=0.00 secs] 
81.416: [GC [PSYoungGen: 174048K->32K(174400K)] 176033K->2017K(523968K), 0.0003753 secs] [Times: user=0.00 sys=0.00, real=0.00 secs] 
81.940: [GC [PSYoungGen: 174112K->64K(174400K)] 176097K->2049K(523968K), 0.0005123 secs] [Times: user=0.00 sys=0.00, real=0.00 secs] 
82.465: [GC [PSYoungGen: 174144K->32K(174400K)] 176129K->2017K(523968K), 0.0005179 secs] [Times: user=0.00 sys=0.00, real=0.00 secs] 
82.990: [GC [PSYoungGen: 174112K->96K(174400K)] 176097K->2081K(523968K), 0.0004275 secs] [Times: user=0.00 sys=0.00, real=0.00 secs] 
83.530: [GC [PSYoungGen: 174176K->96K(174464K)] 176161K->2081K(524032K), 0.0004391 secs] [Times: user=0.00 sys=0.00, real=0.00 secs] 
84.053: [GC [PSYoungGen: 174240K->32K(174400K)] 176225K->2017K(523968K), 0.0004146 secs] [Times: user=0.00 sys=0.00, real=0.00 secs] 
84.567: [GC [PSYoungGen: 174176K->64K(174464K)] 176161K->2049K(524032K), 0.0004223 secs] [Times: user=0.00 sys=0.00, real=0.00 secs] 
85.089: [GC [PSYoungGen: 174272K->96K(174464K)] 176257K->2081K(524032K), 0.0004611 secs] [Times: user=0.00 sys=0.00, real=0.00 secs] 
85.612: [GC [PSYoungGen: 174304K->32K(174464K)] 176289K->2017K(524032K), 0.0003955 secs] [Times: user=0.00 sys=0.00, real=0.00 secs] 
86.133: [GC [PSYoungGen: 174240K->32K(174464K)] 176225K->2017K(524032K), 0.0005627 secs] [Times: user=0.00 sys=0.00, real=0.00 secs] 
86.653: [GC [PSYoungGen: 174240K->64K(174528K)] 176225K->2049K(524096K), 0.0004378 secs] [Times: user=0.00 sys=0.01, real=0.00 secs] 
87.228: [GC [PSYoungGen: 174336K->192K(174464K)] 176321K->2193K(524032K), 0.0006228 secs] [Times: user=0.01 sys=0.00, real=0.00 secs] 
87.911: [GC [PSYoungGen: 174464K->0K(174464K)] 176465K->2065K(524032K), 0.0006213 secs] [Times: user=0.00 sys=0.00, real=0.00 secs] 
88.613: [GC [PSYoungGen: 174208K->96K(174464K)] 176273K->2161K(524032K), 0.0004783 secs] [Times: user=0.00 sys=0.00, real=0.00 secs] 
89.321: [GC [PSYoungGen: 174304K->0K(174464K)] 176369K->2065K(524032K), 0.0004975 secs] [Times: user=0.00 sys=0.00, real=0.00 secs] 
90.024: [GC [PSYoungGen: 174208K->32K(174464K)] 176273K->2097K(524032K), 0.0006611 secs] [Times: user=0.00 sys=0.00, real=0.00 secs] 
90.726: [GC [PSYoungGen: 174240K->128K(174464K)] 176305K->2193K(524032K), 0.0004895 secs] [Times: user=0.00 sys=0.00, real=0.00 secs] 
91.425: [GC [PSYoungGen: 174336K->64K(174464K)] 176401K->2129K(524032K), 0.0005312 secs] [Times: user=0.00 sys=0.00, real=0.00 secs] 
92.142: [GC [PSYoungGen: 174272K->128K(174464K)] 176337K->2193K(524032K), 0.0004681 secs] [Times: user=0.00 sys=0.00, real=0.00 secs] 
92.845: [GC [PSYoungGen: 174336K->64K(174464K)] 176401K->2129K(524032K), 0.0004436 secs] [Times: user=0.00 sys=0.00, real=0.00 secs] 
93.555: [GC [PSYoungGen: 174272K->32K(174464K)] 176337K->2097K(524032K), 0.0005018 secs] [Times: user=0.00 sys=0.00, real=0.00 secs] 
94.256: [GC [PSYoungGen: 174240K->96K(174464K)] 176305K->2161K(524032K), 0.0004386 secs] [Times: user=0.00 sys=0.00, real=0.00 secs] 
94.945: [GC [PSYoungGen: 174304K->96K(174528K)] 176369K->2161K(524096K), 0.0004722 secs] [Times: user=0.00 sys=0.00, real=0.00 secs] 
95.633: [GC [PSYoungGen: 174368K->96K(174464K)] 176433K->2161K(524032K), 0.0004904 secs] [Times: user=0.00 sys=0.00, real=0.00 secs] 
96.985: [GC [PSYoungGen: 174368K->192K(174400K)] 176433K->2273K(523968K), 0.0004244 secs] [Times: user=0.00 sys=0.00, real=0.00 secs] 
97.588: [GC [PSYoungGen: 174400K->96K(174464K)] 176481K->2233K(524032K), 0.0005803 secs] [Times: user=0.00 sys=0.00, real=0.00 secs] 
98.188: [GC [PSYoungGen: 174304K->96K(174464K)] 176441K->2233K(524032K), 0.0004759 secs] [Times: user=0.00 sys=0.00, real=0.00 secs] 
98.790: [GC [PSYoungGen: 174304K->0K(174464K)] 176441K->2137K(524032K), 0.0004306 secs] [Times: user=0.00 sys=0.00, real=0.00 secs] 
99.369: [GC [PSYoungGen: 174208K->32K(174464K)] 176345K->2169K(524032K), 0.0004954 secs] [Times: user=0.00 sys=0.00, real=0.00 secs] 
99.959: [GC [PSYoungGen: 174240K->96K(174464K)] 176377K->2233K(524032K), 0.0006688 secs] [Times: user=0.00 sys=0.00, real=0.00 secs] 
100.553: [GC [PSYoungGen: 174304K->64K(174528K)] 176441K->2201K(524096K), 0.0004858 secs] [Times: user=0.00 sys=0.00, real=0.00 secs] 
101.146: [GC [PSYoungGen: 174336K->96K(174464K)] 176473K->2233K(524032K), 0.0004395 secs] [Times: user=0.01 sys=0.00, real=0.00 secs] 
101.737: [GC [PSYoungGen: 174368K->64K(174528K)] 176505K->2201K(524096K), 0.0005138 secs] [Times: user=0.00 sys=0.00, real=0.00 secs] 
102.335: [GC [PSYoungGen: 174400K->32K(174528K)] 176537K->2169K(524096K), 0.0004158 secs] [Times: user=0.00 sys=0.00, real=0.00 secs] 
102.933: [GC [PSYoungGen: 174368K->64K(174528K)] 176505K->2201K(524096K), 0.0004087 secs] [Times: user=0.00 sys=0.00, real=0.00 secs] 
103.533: [GC [PSYoungGen: 174400K->32K(174528K)] 176537K->2169K(524096K), 0.0004718 secs] [Times: user=0.00 sys=0.00, real=0.01 secs] 
104.136: [GC [PSYoungGen: 174368K->32K(174528K)] 176505K->2169K(524096K), 0.0006593 secs] [Times: user=0.00 sys=0.01, real=0.00 secs] 
104.731: [GC [PSYoungGen: 174368K->64K(174528K)] 176505K->2201K(524096K), 0.0004709 secs] [Times: user=0.00 sys=0.00, real=0.00 secs] 
105.408: [GC [PSYoungGen: 174400K->192K(174400K)] 176537K->2345K(523968K), 0.0005127 secs] [Times: user=0.00 sys=0.00, real=0.00 secs] 
105.720: [GC [PSYoungGen: 174400K->64K(174464K)] 176553K->2281K(524032K), 0.0004376 secs] [Times: user=0.01 sys=0.00, real=0.00 secs] 
106.022: [GC [PSYoungGen: 174272K->128K(174400K)] 176489K->2345K(523968K), 0.0005516 secs] [Times: user=0.01 sys=0.00, real=0.00 secs] 
106.314: [GC [PSYoungGen: 174336K->32K(174464K)] 176553K->2249K(524032K), 0.0004505 secs] [Times: user=0.00 sys=0.00, real=0.00 secs] 
106.587: [GC [PSYoungGen: 174240K->128K(174400K)] 176457K->2345K(523968K), 0.0004854 secs] [Times: user=0.01 sys=0.00, real=0.00 secs] 
106.872: [GC [PSYoungGen: 174336K->160K(174464K)] 176553K->2377K(524032K), 0.0004662 secs] [Times: user=0.00 sys=0.00, real=0.00 secs] 
107.154: [GC [PSYoungGen: 174368K->64K(174464K)] 176585K->2281K(524032K), 0.0004787 secs] [Times: user=0.00 sys=0.00, real=0.00 secs] 
107.443: [GC [PSYoungGen: 174272K->64K(174464K)] 176489K->2281K(524032K), 0.0004783 secs] [Times: user=0.00 sys=0.00, real=0.00 secs] 
107.766: [GC [PSYoungGen: 174272K->64K(174528K)] 176489K->2281K(524096K), 0.0006639 secs] [Times: user=0.00 sys=0.00, real=0.00 secs] 
108.072: [GC [PSYoungGen: 174336K->160K(174464K)] 176553K->2377K(524032K), 0.0004412 secs] [Times: user=0.00 sys=0.00, real=0.00 secs] 
108.369: [GC [PSYoungGen: 174432K->96K(174464K)] 176649K->2313K(524032K), 0.0005084 secs] [Times: user=0.00 sys=0.00, real=0.00 secs] 
108.659: [GC [PSYoungGen: 174304K->128K(174464K)] 176521K->2345K(524032K), 0.0004889 secs] [Times: user=0.00 sys=0.00, real=0.00 secs] 
108.953: [GC [PSYoungGen: 174336K->160K(174464K)] 176553K->2377K(524032K), 0.0004666 secs] [Times: user=0.00 sys=0.00, real=0.00 secs] 
109.261: [GC [PSYoungGen: 174368K->128K(174464K)] 176585K->2345K(524032K), 0.0004215 secs] [Times: user=0.01 sys=0.00, real=0.00 secs] 
109.563: [GC [PSYoungGen: 174336K->128K(174464K)] 176553K->2345K(524032K), 0.0004440 secs] [Times: user=0.00 sys=0.00, real=0.00 secs] 
109.842: [GC [PSYoungGen: 174336K->128K(174464K)] 176553K->2345K(524032K), 0.0004798 secs] [Times: user=0.00 sys=0.00, real=0.00 secs] 
110.137: [GC [PSYoungGen: 174336K->32K(174464K)] 176553K->2249K(524032K), 0.0007177 secs] [Times: user=0.00 sys=0.00, real=0.00 secs] 
110.423: [GC [PSYoungGen: 174240K->64K(174464K)] 176457K->2281K(524032K), 0.0005424 secs] [Times: user=0.01 sys=0.00, real=0.00 secs] 
110.713: [GC [PSYoungGen: 174272K->128K(174464K)] 176489K->2345K(524032K), 0.0005017 secs] [Times: user=0.00 sys=0.00, real=0.00 secs] 
111.016: [GC [PSYoungGen: 174336K->128K(174464K)] 176553K->2345K(524032K), 0.0004413 secs] [Times: user=0.00 sys=0.00, real=0.00 secs] 
111.297: [GC [PSYoungGen: 174336K->128K(174464K)] 176553K->2345K(524032K), 0.0004482 secs] [Times: user=0.00 sys=0.00, real=0.00 secs] 
111.588: [GC [PSYoungGen: 174336K->96K(174464K)] 176553K->2313K(524032K), 0.0006962 secs] [Times: user=0.00 sys=0.00, real=0.00 secs] 
111.877: [GC [PSYoungGen: 174302K->64K(174464K)] 176520K->2281K(524032K), 0.0004794 secs] [Times: user=0.01 sys=0.01, real=0.00 secs] 
112.166: [GC [PSYoungGen: 174272K->32K(174464K)] 176489K->2249K(524032K), 0.0005388 secs] [Times: user=0.00 sys=0.00, real=0.00 secs] 
112.457: [GC [PSYoungGen: 174240K->64K(174464K)] 176457K->2281K(524032K), 0.0004520 secs] [Times: user=0.00 sys=0.00, real=0.00 secs] 
112.751: [GC [PSYoungGen: 174272K->64K(174464K)] 176489K->2281K(524032K), 0.0005052 secs] [Times: user=0.00 sys=0.00, real=0.00 secs] 
113.055: [GC [PSYoungGen: 174272K->128K(174528K)] 176489K->2345K(524096K), 0.0004765 secs] [Times: user=0.00 sys=0.00, real=0.00 secs] 
113.360: [GC [PSYoungGen: 174464K->96K(174528K)] 176681K->2313K(524096K), 0.0004548 secs] [Times: user=0.00 sys=0.00, real=0.00 secs] 
113.664: [GC [PSYoungGen: 174432K->160K(174400K)] 176649K->2377K(523968K), 0.0005099 secs] [Times: user=0.00 sys=0.00, real=0.00 secs] 
114.023: [GC [PSYoungGen: 174368K->256K(174464K)] 176585K->2473K(524032K), 0.0005295 secs] [Times: user=0.01 sys=0.00, real=0.00 secs] 
114.404: [GC [PSYoungGen: 174464K->0K(174464K)] 176681K->2281K(524032K), 0.0004589 secs] [Times: user=0.00 sys=0.00, real=0.00 secs] 
114.781: [GC [PSYoungGen: 174208K->64K(174464K)] 176489K->2345K(524032K), 0.0004429 secs] [Times: user=0.00 sys=0.01, real=0.00 secs] 
115.170: [GC [PSYoungGen: 174272K->0K(174464K)] 176553K->2281K(524032K), 0.0004686 secs] [Times: user=0.00 sys=0.00, real=0.00 secs] 
115.551: [GC [PSYoungGen: 174208K->0K(174464K)] 176489K->2281K(524032K), 0.0005387 secs] [Times: user=0.00 sys=0.00, real=0.00 secs] 
115.941: [GC [PSYoungGen: 174208K->32K(174464K)] 176489K->2313K(524032K), 0.0005413 secs] [Times: user=0.00 sys=0.00, real=0.00 secs] 
116.327: [GC [PSYoungGen: 174240K->0K(174464K)] 176521K->2281K(524032K), 0.0004360 secs] [Times: user=0.00 sys=0.00, real=0.00 secs] 
116.715: [GC [PSYoungGen: 174208K->32K(174464K)] 176489K->2313K(524032K), 0.0004404 secs] [Times: user=0.00 sys=0.00, real=0.00 secs] 
117.089: [GC [PSYoungGen: 174240K->32K(174464K)] 176521K->2313K(524032K), 0.0004818 secs] [Times: user=0.00 sys=0.00, real=0.00 secs] 
117.472: [GC [PSYoungGen: 174240K->64K(174464K)] 176521K->2345K(524032K), 0.0006749 secs] [Times: user=0.00 sys=0.00, real=0.00 secs] 
117.859: [GC [PSYoungGen: 174272K->32K(174464K)] 176553K->2313K(524032K), 0.0005027 secs] [Times: user=0.00 sys=0.00, real=0.00 secs] 
118.237: [GC [PSYoungGen: 174240K->32K(174528K)] 176521K->2313K(524096K), 0.0004755 secs] [Times: user=0.00 sys=0.00, real=0.00 secs] 
118.611: [GC [PSYoungGen: 174368K->64K(174528K)] 176649K->2345K(524096K), 0.0004898 secs] [Times: user=0.00 sys=0.00, real=0.00 secs] 
118.987: [GC [PSYoungGen: 174400K->32K(174528K)] 176681K->2313K(524096K), 0.0005340 secs] [Times: user=0.01 sys=0.01, real=0.00 secs] 
119.360: [GC [PSYoungGen: 174368K->64K(174528K)] 176649K->2345K(524096K), 0.0004725 secs] [Times: user=0.00 sys=0.00, real=0.00 secs] 
119.744: [GC [PSYoungGen: 174400K->96K(174528K)] 176681K->2377K(524096K), 0.0004948 secs] [Times: user=0.00 sys=0.00, real=0.00 secs] 
120.132: [GC [PSYoungGen: 174432K->32K(174528K)] 176713K->2313K(524096K), 0.0004988 secs] [Times: user=0.00 sys=0.00, real=0.00 secs] 
120.508: [GC [PSYoungGen: 174368K->64K(174528K)] 176649K->2345K(524096K), 0.0004809 secs] [Times: user=0.00 sys=0.00, real=0.00 secs] 
120.888: [GC [PSYoungGen: 174400K->0K(174528K)] 176681K->2281K(524096K), 0.0004743 secs] [Times: user=0.00 sys=0.01, real=0.00 secs] 
121.277: [GC [PSYoungGen: 174336K->0K(174528K)] 176617K->2281K(524096K), 0.0005102 secs] [Times: user=0.01 sys=0.00, real=0.00 secs] 
121.660: [GC [PSYoungGen: 174336K->32K(174528K)] 176617K->2313K(524096K), 0.0005038 secs] [Times: user=0.00 sys=0.00, real=0.00 secs] 
122.048: [GC [PSYoungGen: 174368K->32K(174528K)] 176649K->2313K(524096K), 0.0004742 secs] [Times: user=0.00 sys=0.00, real=0.00 secs] 
122.429: [GC [PSYoungGen: 174368K->64K(174528K)] 176649K->2345K(524096K), 0.0004839 secs] [Times: user=0.00 sys=0.00, real=0.00 secs] 
123.578: [GC [PSYoungGen: 174400K->192K(174528K)] 176681K->2489K(524096K), 0.0004521 secs] [Times: user=0.00 sys=0.01, real=0.00 secs] 
123.885: [GC [PSYoungGen: 174526K->128K(174464K)] 176823K->2489K(524032K), 0.0004992 secs] [Times: user=0.00 sys=0.00, real=0.00 secs] 
124.192: [GC [PSYoungGen: 174464K->64K(174528K)] 176825K->2425K(524096K), 0.0004929 secs] [Times: user=0.00 sys=0.00, real=0.00 secs] 
124.513: [GC [PSYoungGen: 174336K->32K(174464K)] 176697K->2393K(524032K), 0.0005095 secs] [Times: user=0.00 sys=0.00, real=0.00 secs] 
124.820: [GC [PSYoungGen: 174304K->32K(174528K)] 176665K->2393K(524096K), 0.0005678 secs] [Times: user=0.00 sys=0.00, real=0.00 secs] 
125.134: [GC [PSYoungGen: 174366K->96K(174528K)] 176728K->2457K(524096K), 0.0004333 secs] [Times: user=0.00 sys=0.00, real=0.00 secs] 
125.445: [GC [PSYoungGen: 174432K->96K(174528K)] 176793K->2457K(524096K), 0.0004960 secs] [Times: user=0.00 sys=0.00, real=0.00 secs] 
125.767: [GC [PSYoungGen: 174432K->160K(174528K)] 176793K->2521K(524096K), 0.0004983 secs] [Times: user=0.00 sys=0.00, real=0.00 secs] 
126.080: [GC [PSYoungGen: 174496K->32K(174400K)] 176857K->2393K(523968K), 0.0004273 secs] [Times: user=0.01 sys=0.00, real=0.00 secs] 
126.393: [GC [PSYoungGen: 174240K->32K(174464K)] 176601K->2393K(524032K), 0.0005450 secs] [Times: user=0.00 sys=0.00, real=0.01 secs] 
126.686: [GC [PSYoungGen: 174240K->32K(174528K)] 176601K->2393K(524096K), 0.0004897 secs] [Times: user=0.00 sys=0.00, real=0.00 secs] 
126.992: [GC [PSYoungGen: 174368K->32K(174528K)] 176729K->2393K(524096K), 0.0004609 secs] [Times: user=0.00 sys=0.00, real=0.00 secs] 
127.308: [GC [PSYoungGen: 174368K->64K(174528K)] 176729K->2425K(524096K), 0.0005535 secs] [Times: user=0.00 sys=0.00, real=0.00 secs] 
127.616: [GC [PSYoungGen: 174399K->32K(174528K)] 176761K->2393K(524096K), 0.0004768 secs] [Times: user=0.01 sys=0.00, real=0.00 secs] 
127.939: [GC [PSYoungGen: 174368K->32K(174528K)] 176729K->2393K(524096K), 0.0004883 secs] [Times: user=0.00 sys=0.00, real=0.00 secs] 
128.237: [GC [PSYoungGen: 174368K->32K(174528K)] 176729K->2393K(524096K), 0.0005603 secs] [Times: user=0.00 sys=0.00, real=0.00 secs] 
128.539: [GC [PSYoungGen: 174368K->64K(174528K)] 176729K->2425K(524096K), 0.0005726 secs] [Times: user=0.00 sys=0.00, real=0.00 secs] 
128.845: [GC [PSYoungGen: 174400K->96K(174528K)] 176761K->2457K(524096K), 0.0004623 secs] [Times: user=0.01 sys=0.00, real=0.00 secs] 
129.152: [GC [PSYoungGen: 174428K->32K(174528K)] 176789K->2393K(524096K), 0.0004884 secs] [Times: user=0.00 sys=0.00, real=0.00 secs] 
129.457: [GC [PSYoungGen: 174368K->64K(174528K)] 176729K->2425K(524096K), 0.0005355 secs] [Times: user=0.00 sys=0.00, real=0.00 secs] 
129.767: [GC [PSYoungGen: 174400K->96K(174528K)] 176761K->2457K(524096K), 0.0005163 secs] [Times: user=0.00 sys=0.01, real=0.00 secs] 
130.075: [GC [PSYoungGen: 174432K->0K(174528K)] 176793K->2361K(524096K), 0.0005299 secs] [Times: user=0.00 sys=0.00, real=0.00 secs] 
130.385: [GC [PSYoungGen: 174336K->32K(174528K)] 176697K->2393K(524096K), 0.0006439 secs] [Times: user=0.01 sys=0.00, real=0.00 secs] 
130.694: [GC [PSYoungGen: 174368K->160K(174528K)] 176729K->2521K(524096K), 0.0005246 secs] [Times: user=0.00 sys=0.00, real=0.00 secs] 
130.995: [GC [PSYoungGen: 174496K->128K(174528K)] 176857K->2489K(524096K), 0.0004114 secs] [Times: user=0.00 sys=0.00, real=0.00 secs] 
131.986: [GC [PSYoungGen: 174464K->192K(174528K)] 176825K->3282K(524096K), 0.0009776 secs] [Times: user=0.01 sys=0.01, real=0.00 secs] 
133.895: [GC [PSYoungGen: 174528K->32K(173888K)] 177618K->3323K(523456K), 0.0005949 secs] [Times: user=0.00 sys=0.00, real=0.00 secs] 
135.774: [GC [PSYoungGen: 173728K->96K(174208K)] 177019K->3387K(523776K), 0.0005086 secs] [Times: user=0.00 sys=0.00, real=0.00 secs] 
137.626: [GC [PSYoungGen: 173792K->64K(174272K)] 177083K->3355K(523840K), 0.0004525 secs] [Times: user=0.00 sys=0.00, real=0.00 secs] 
139.506: [GC [PSYoungGen: 173824K->0K(174208K)] 177115K->3291K(523776K), 0.0004157 secs] [Times: user=0.00 sys=0.00, real=0.00 secs] 
141.786: [GC [PSYoungGen: 173760K->256K(174272K)] 177051K->3547K(523840K), 0.0005078 secs] [Times: user=0.00 sys=0.00, real=0.00 secs] 
144.279: [GC [PSYoungGen: 174080K->32K(174272K)] 177371K->3387K(523840K), 0.0004876 secs] [Times: user=0.00 sys=0.00, real=0.00 secs] 
146.856: [GC [PSYoungGen: 173856K->0K(174272K)] 177211K->3355K(523840K), 0.0004595 secs] [Times: user=0.00 sys=0.00, real=0.00 secs] 
149.769: [GC [PSYoungGen: 173824K->256K(174272K)] 177179K->3611K(523840K), 0.0005474 secs] [Times: user=0.00 sys=0.00, real=0.00 secs] 
151.929: [GC [PSYoungGen: 174080K->32K(174272K)] 177435K->3451K(523840K), 0.0005391 secs] [Times: user=0.01 sys=0.00, real=0.00 secs] 
154.159: [GC [PSYoungGen: 173856K->32K(174272K)] 177275K->3451K(523840K), 0.0004516 secs] [Times: user=0.00 sys=0.00, real=0.00 secs] 
156.360: [GC [PSYoungGen: 173856K->32K(174272K)] 177275K->3451K(523840K), 0.0004587 secs] [Times: user=0.01 sys=0.00, real=0.00 secs] 
158.564: [GC [PSYoungGen: 173856K->224K(174272K)] 177275K->3643K(523840K), 0.0005374 secs] [Times: user=0.00 sys=0.00, real=0.00 secs] 
159.932: [GC [PSYoungGen: 174048K->64K(174272K)] 177467K->3547K(523840K), 0.0004847 secs] [Times: user=0.00 sys=0.00, real=0.00 secs] 
161.295: [GC [PSYoungGen: 173888K->96K(174272K)] 177371K->3579K(523840K), 0.0004123 secs] [Times: user=0.01 sys=0.00, real=0.00 secs] 
162.663: [GC [PSYoungGen: 173920K->32K(174336K)] 177403K->3515K(523904K), 0.0005087 secs] [Times: user=0.00 sys=0.00, real=0.00 secs] 
164.044: [GC [PSYoungGen: 173984K->32K(174336K)] 177467K->3515K(523904K), 0.0004798 secs] [Times: user=0.00 sys=0.00, real=0.00 secs] 
165.410: [GC [PSYoungGen: 173984K->32K(174336K)] 177467K->3515K(523904K), 0.0004108 secs] [Times: user=0.01 sys=0.00, real=0.00 secs] 
166.767: [GC [PSYoungGen: 173984K->256K(174336K)] 177467K->3739K(523904K), 0.0005270 secs] [Times: user=0.00 sys=0.00, real=0.00 secs] 
168.638: [GC [PSYoungGen: 174208K->64K(174336K)] 177691K->3603K(523904K), 0.0004679 secs] [Times: user=0.00 sys=0.00, real=0.00 secs] 
170.467: [GC [PSYoungGen: 174016K->96K(174336K)] 177555K->3635K(523904K), 0.0004176 secs] [Times: user=0.00 sys=0.00, real=0.00 secs] 
172.255: [GC [PSYoungGen: 174048K->128K(174400K)] 177587K->3667K(523968K), 0.0004238 secs] [Times: user=0.00 sys=0.00, real=0.00 secs] 
174.135: [GC [PSYoungGen: 174208K->32K(174400K)] 177747K->3571K(523968K), 0.0004167 secs] [Times: user=0.01 sys=0.00, real=0.00 secs] 
176.362: [GC [PSYoungGen: 174112K->256K(174272K)] 177651K->3795K(523840K), 0.0005687 secs] [Times: user=0.00 sys=0.00, real=0.00 secs] 
177.979: [GC [PSYoungGen: 174208K->32K(174336K)] 177747K->3635K(523904K), 0.0005650 secs] [Times: user=0.00 sys=0.00, real=0.00 secs] 
179.580: [GC [PSYoungGen: 173984K->160K(174336K)] 177587K->3763K(523904K), 0.0003967 secs] [Times: user=0.00 sys=0.00, real=0.00 secs] 
181.145: [GC [PSYoungGen: 174112K->64K(174336K)] 177715K->3667K(523904K), 0.0004798 secs] [Times: user=0.00 sys=0.00, real=0.01 secs] 
182.794: [GC [PSYoungGen: 174016K->64K(174400K)] 177619K->3667K(523968K), 0.0004593 secs] [Times: user=0.00 sys=0.00, real=0.01 secs] 
184.425: [GC [PSYoungGen: 174144K->32K(174400K)] 177747K->3635K(523968K), 0.0005350 secs] [Times: user=0.00 sys=0.00, real=0.00 secs] 
185.651: [GC [PSYoungGen: 174112K->256K(174272K)] 177715K->3859K(523840K), 0.0006432 secs] [Times: user=0.00 sys=0.00, real=0.00 secs] 
186.552: [GC [PSYoungGen: 174208K->64K(174336K)] 177811K->3731K(523904K), 0.0005686 secs] [Times: user=0.00 sys=0.00, real=0.00 secs] 
187.455: [GC [PSYoungGen: 174016K->32K(174400K)] 177683K->3699K(523968K), 0.0004186 secs] [Times: user=0.00 sys=0.01, real=0.00 secs] 
188.361: [GC [PSYoungGen: 174112K->96K(174400K)] 177779K->3763K(523968K), 0.0004123 secs] [Times: user=0.00 sys=0.00, real=0.00 secs] 
189.253: [GC [PSYoungGen: 174176K->96K(174400K)] 177843K->3763K(523968K), 0.0004415 secs] [Times: user=0.00 sys=0.00, real=0.00 secs] 
190.147: [GC [PSYoungGen: 174176K->96K(174400K)] 177843K->3763K(523968K), 0.0004935 secs] [Times: user=0.00 sys=0.00, real=0.00 secs] 
191.041: [GC [PSYoungGen: 174176K->96K(174464K)] 177843K->3763K(524032K), 0.0004610 secs] [Times: user=0.00 sys=0.00, real=0.00 secs] 
191.923: [GC [PSYoungGen: 174304K->32K(174464K)] 177971K->3699K(524032K), 0.0004380 secs] [Times: user=0.00 sys=0.00, real=0.00 secs] 
192.817: [GC [PSYoungGen: 174240K->96K(174464K)] 177907K->3763K(524032K), 0.0006444 secs] [Times: user=0.00 sys=0.00, real=0.00 secs] 
193.845: [GC [PSYoungGen: 174304K->256K(174464K)] 177971K->3923K(524032K), 0.0005518 secs] [Times: user=0.00 sys=0.00, real=0.01 secs] 
195.081: [GC [PSYoungGen: 174463K->64K(174336K)] 178131K->3795K(523904K), 0.0004848 secs] [Times: user=0.00 sys=0.00, real=0.00 secs] 
196.280: [GC [PSYoungGen: 174144K->32K(174400K)] 177875K->3763K(523968K), 0.0004403 secs] [Times: user=0.00 sys=0.00, real=0.00 secs] 
197.513: [GC [PSYoungGen: 174112K->64K(174464K)] 177843K->3795K(524032K), 0.0004478 secs] [Times: user=0.01 sys=0.00, real=0.00 secs] 
198.739: [GC [PSYoungGen: 174208K->64K(174400K)] 177939K->3795K(523968K), 0.0004844 secs] [Times: user=0.00 sys=0.00, real=0.00 secs] 
199.937: [GC [PSYoungGen: 174208K->64K(174464K)] 177939K->3795K(524032K), 0.0004536 secs] [Times: user=0.00 sys=0.00, real=0.00 secs] 
201.155: [GC [PSYoungGen: 174272K->0K(174464K)] 178003K->3731K(524032K), 0.0004663 secs] [Times: user=0.01 sys=0.00, real=0.00 secs] 
202.876: [GC [PSYoungGen: 174208K->256K(174336K)] 177939K->3987K(523904K), 0.0005313 secs] [Times: user=0.00 sys=0.00, real=0.00 secs] 
203.945: [GC [PSYoungGen: 174336K->64K(174400K)] 178067K->3859K(523968K), 0.0005838 secs] [Times: user=0.01 sys=0.00, real=0.00 secs] 
204.982: [GC [PSYoungGen: 174144K->32K(174400K)] 177939K->3827K(523968K), 0.0004654 secs] [Times: user=0.00 sys=0.01, real=0.00 secs] 
205.995: [GC [PSYoungGen: 174112K->64K(174400K)] 177907K->3859K(523968K), 0.0004530 secs] [Times: user=0.00 sys=0.00, real=0.01 secs] 
207.024: [GC [PSYoungGen: 174144K->128K(174464K)] 177939K->3923K(524032K), 0.0005339 secs] [Times: user=0.01 sys=0.00, real=0.00 secs] 
208.051: [GC [PSYoungGen: 174336K->160K(174464K)] 178131K->3955K(524032K), 0.0006664 secs] [Times: user=0.00 sys=0.00, real=0.00 secs] 
209.086: [GC [PSYoungGen: 174368K->64K(174464K)] 178163K->3859K(524032K), 0.0004727 secs] [Times: user=0.00 sys=0.00, real=0.00 secs] 
210.112: [GC [PSYoungGen: 174272K->64K(174464K)] 178067K->3859K(524032K), 0.0004941 secs] [Times: user=0.00 sys=0.00, real=0.00 secs] 
211.137: [GC [PSYoungGen: 174272K->32K(174464K)] 178067K->3827K(524032K), 0.0004747 secs] [Times: user=0.00 sys=0.00, real=0.00 secs] 
212.033: [GC [PSYoungGen: 174240K->256K(174464K)] 178035K->4051K(524032K), 0.0004737 secs] [Times: user=0.01 sys=0.00, real=0.00 secs] 
212.565: [GC [PSYoungGen: 174464K->96K(174336K)] 178259K->3955K(523904K), 0.0005161 secs] [Times: user=0.00 sys=0.00, real=0.00 secs] 
213.100: [GC [PSYoungGen: 174176K->96K(174400K)] 178035K->3955K(523968K), 0.0004565 secs] [Times: user=0.00 sys=0.00, real=0.00 secs] 
213.626: [GC [PSYoungGen: 174176K->96K(174464K)] 178035K->3955K(524032K), 0.0004480 secs] [Times: user=0.00 sys=0.01, real=0.00 secs] 
214.171: [GC [PSYoungGen: 174304K->64K(174464K)] 178163K->3923K(524032K), 0.0005485 secs] [Times: user=0.00 sys=0.00, real=0.00 secs] 
214.699: [GC [PSYoungGen: 174272K->64K(174464K)] 178131K->3923K(524032K), 0.0005030 secs] [Times: user=0.00 sys=0.00, real=0.00 secs] 
215.222: [GC [PSYoungGen: 174272K->96K(174464K)] 178131K->3955K(524032K), 0.0004851 secs] [Times: user=0.00 sys=0.00, real=0.00 secs] 
215.744: [GC [PSYoungGen: 174304K->64K(174464K)] 178163K->3923K(524032K), 0.0004202 secs] [Times: user=0.00 sys=0.00, real=0.00 secs] 
216.266: [GC [PSYoungGen: 174272K->32K(174464K)] 178131K->3891K(524032K), 0.0005270 secs] [Times: user=0.00 sys=0.00, real=0.00 secs] 
216.783: [GC [PSYoungGen: 174240K->128K(174464K)] 178099K->3987K(524032K), 0.0005188 secs] [Times: user=0.00 sys=0.00, real=0.00 secs] 
217.344: [GC [PSYoungGen: 174336K->96K(174464K)] 178195K->3955K(524032K), 0.0004027 secs] [Times: user=0.00 sys=0.00, real=0.00 secs] 
217.879: [GC [PSYoungGen: 174304K->96K(174528K)] 178163K->3955K(524096K), 0.0004545 secs] [Times: user=0.00 sys=0.00, real=0.00 secs] 
218.405: [GC [PSYoungGen: 174368K->160K(174464K)] 178227K->4019K(524032K), 0.0005221 secs] [Times: user=0.01 sys=0.00, real=0.01 secs] 
218.927: [GC [PSYoungGen: 174432K->64K(174464K)] 178291K->3923K(524032K), 0.0005569 secs] [Times: user=0.00 sys=0.00, real=0.00 secs] 
219.445: [GC [PSYoungGen: 174272K->96K(174464K)] 178131K->3955K(524032K), 0.0004895 secs] [Times: user=0.00 sys=0.00, real=0.00 secs] 
219.976: [GC [PSYoungGen: 174304K->64K(174528K)] 178163K->3923K(524096K), 0.0004827 secs] [Times: user=0.00 sys=0.00, real=0.00 secs] 
220.612: [GC [PSYoungGen: 174400K->192K(174528K)] 178259K->4067K(524096K), 0.0005319 secs] [Times: user=0.00 sys=0.00, real=0.00 secs] 
221.286: [GC [PSYoungGen: 174528K->32K(174400K)] 178403K->3971K(523968K), 0.0004881 secs] [Times: user=0.00 sys=0.00, real=0.00 secs] 
221.962: [GC [PSYoungGen: 174240K->64K(174464K)] 178179K->4003K(524032K), 0.0005281 secs] [Times: user=0.00 sys=0.00, real=0.00 secs] 
222.658: [GC [PSYoungGen: 174272K->0K(174464K)] 178211K->3939K(524032K), 0.0005742 secs] [Times: user=0.00 sys=0.00, real=0.00 secs] 
223.351: [GC [PSYoungGen: 174208K->0K(174464K)] 178147K->3939K(524032K), 0.0004047 secs] [Times: user=0.01 sys=0.00, real=0.00 secs] 
224.027: [GC [PSYoungGen: 174208K->128K(174464K)] 178147K->4067K(524032K), 0.0005355 secs] [Times: user=0.00 sys=0.00, real=0.00 secs] 
224.703: [GC [PSYoungGen: 174335K->64K(174464K)] 178274K->4003K(524032K), 0.0004335 secs] [Times: user=0.01 sys=0.00, real=0.00 secs] 
225.370: [GC [PSYoungGen: 174272K->64K(174464K)] 178211K->4003K(524032K), 0.0005161 secs] [Times: user=0.00 sys=0.00, real=0.00 secs] 
226.091: [GC [PSYoungGen: 174272K->0K(174464K)] 178211K->3939K(524032K), 0.0004475 secs] [Times: user=0.00 sys=0.00, real=0.00 secs] 
226.816: [GC [PSYoungGen: 174208K->32K(174464K)] 178147K->3971K(524032K), 0.0004671 secs] [Times: user=0.00 sys=0.00, real=0.00 secs] 
227.541: [GC [PSYoungGen: 174240K->128K(174464K)] 178179K->4067K(524032K), 0.0004222 secs] [Times: user=0.00 sys=0.00, real=0.00 secs] 
228.264: [GC [PSYoungGen: 174336K->64K(174464K)] 178275K->4003K(524032K), 0.0004631 secs] [Times: user=0.00 sys=0.00, real=0.00 secs] 
229.581: [GC [PSYoungGen: 174272K->256K(174464K)] 178211K->4195K(524032K), 0.0005176 secs] [Times: user=0.00 sys=0.00, real=0.00 secs] 
230.183: [GC [PSYoungGen: 174464K->0K(174464K)] 178403K->4003K(524032K), 0.0006680 secs] [Times: user=0.00 sys=0.00, real=0.00 secs] 
230.796: [GC [PSYoungGen: 174208K->128K(174464K)] 178211K->4131K(524032K), 0.0005516 secs] [Times: user=0.00 sys=0.00, real=0.01 secs] 
231.404: [GC [PSYoungGen: 174336K->64K(174464K)] 178339K->4067K(524032K), 0.0003989 secs] [Times: user=0.01 sys=0.00, real=0.00 secs] 
232.023: [GC [PSYoungGen: 174272K->64K(174464K)] 178275K->4067K(524032K), 0.0004832 secs] [Times: user=0.00 sys=0.00, real=0.00 secs] 
232.642: [GC [PSYoungGen: 174272K->32K(174464K)] 178275K->4035K(524032K), 0.0005666 secs] [Times: user=0.00 sys=0.00, real=0.00 secs] 
233.236: [GC [PSYoungGen: 174240K->32K(174464K)] 178243K->4035K(524032K), 0.0005050 secs] [Times: user=0.00 sys=0.00, real=0.01 secs] 
233.840: [GC [PSYoungGen: 174240K->96K(174464K)] 178243K->4099K(524032K), 0.0004921 secs] [Times: user=0.01 sys=0.00, real=0.00 secs] 
234.433: [GC [PSYoungGen: 174304K->64K(174464K)] 178307K->4067K(524032K), 0.0004403 secs] [Times: user=0.00 sys=0.00, real=0.00 secs] 
235.012: [GC [PSYoungGen: 174272K->64K(174528K)] 178275K->4067K(524096K), 0.0005124 secs] [Times: user=0.00 sys=0.00, real=0.00 secs] 
235.597: [GC [PSYoungGen: 174336K->0K(174464K)] 178339K->4003K(524032K), 0.0004634 secs] [Times: user=0.00 sys=0.00, real=0.00 secs] 
236.191: [GC [PSYoungGen: 174272K->32K(174528K)] 178275K->4035K(524096K), 0.0004690 secs] [Times: user=0.00 sys=0.00, real=0.00 secs] 
236.790: [GC [PSYoungGen: 174368K->64K(174528K)] 178371K->4067K(524096K), 0.0004451 secs] [Times: user=0.00 sys=0.01, real=0.00 secs] 
237.374: [GC [PSYoungGen: 174400K->32K(174528K)] 178403K->4035K(524096K), 0.0004845 secs] [Times: user=0.01 sys=0.00, real=0.00 secs] 
238.243: [GC [PSYoungGen: 174368K->192K(174528K)] 178371K->4211K(524096K), 0.0004430 secs] [Times: user=0.00 sys=0.00, real=0.00 secs] 
238.554: [GC [PSYoungGen: 174528K->160K(174400K)] 178547K->4243K(523968K), 0.0006125 secs] [Times: user=0.01 sys=0.00, real=0.00 secs] 
238.863: [GC [PSYoungGen: 174368K->64K(174464K)] 178451K->4147K(524032K), 0.0003940 secs] [Times: user=0.01 sys=0.00, real=0.00 secs] 
239.176: [GC [PSYoungGen: 174272K->96K(174464K)] 178355K->4179K(524032K), 0.0004113 secs] [Times: user=0.00 sys=0.00, real=0.00 secs] 
239.486: [GC [PSYoungGen: 174304K->96K(174464K)] 178387K->4179K(524032K), 0.0005030 secs] [Times: user=0.00 sys=0.00, real=0.01 secs] 
239.781: [GC [PSYoungGen: 174304K->128K(174464K)] 178387K->4211K(524032K), 0.0004532 secs] [Times: user=0.01 sys=0.00, real=0.00 secs] 
240.083: [GC [PSYoungGen: 174336K->128K(174464K)] 178419K->4211K(524032K), 0.0004542 secs] [Times: user=0.00 sys=0.00, real=0.00 secs] 
240.381: [GC [PSYoungGen: 174336K->160K(174464K)] 178419K->4243K(524032K), 0.0003637 secs] [Times: user=0.00 sys=0.00, real=0.00 secs] 
240.684: [GC [PSYoungGen: 174368K->64K(174464K)] 178451K->4147K(524032K), 0.0005039 secs] [Times: user=0.00 sys=0.00, real=0.00 secs] 
240.966: [GC [PSYoungGen: 174272K->64K(174464K)] 178355K->4147K(524032K), 0.0004249 secs] [Times: user=0.00 sys=0.00, real=0.00 secs] 
241.263: [GC [PSYoungGen: 174272K->128K(174464K)] 178355K->4211K(524032K), 0.0004584 secs] [Times: user=0.00 sys=0.00, real=0.00 secs] 
241.553: [GC [PSYoungGen: 174336K->128K(174464K)] 178419K->4211K(524032K), 0.0003728 secs] [Times: user=0.00 sys=0.00, real=0.00 secs] 
241.838: [GC [PSYoungGen: 174336K->96K(174464K)] 178419K->4179K(524032K), 0.0004176 secs] [Times: user=0.00 sys=0.00, real=0.00 secs] 
242.138: [GC [PSYoungGen: 174302K->128K(174464K)] 178386K->4211K(524032K), 0.0004438 secs] [Times: user=0.01 sys=0.00, real=0.00 secs] 
242.442: [GC [PSYoungGen: 174336K->64K(174464K)] 178419K->4147K(524032K), 0.0004531 secs] [Times: user=0.00 sys=0.00, real=0.00 secs] 
242.747: [GC [PSYoungGen: 174272K->160K(174464K)] 178355K->4243K(524032K), 0.0003843 secs] [Times: user=0.01 sys=0.00, real=0.00 secs] 
243.070: [GC [PSYoungGen: 174368K->64K(174464K)] 178451K->4147K(524032K), 0.0003768 secs] [Times: user=0.00 sys=0.00, real=0.00 secs] 
243.383: [GC [PSYoungGen: 174272K->128K(174464K)] 178355K->4211K(524032K), 0.0004735 secs] [Times: user=0.01 sys=0.00, real=0.00 secs] 
243.689: [GC [PSYoungGen: 174336K->128K(174464K)] 178419K->4211K(524032K), 0.0004888 secs] [Times: user=0.00 sys=0.00, real=0.00 secs] 
243.984: [GC [PSYoungGen: 174336K->128K(174464K)] 178419K->4211K(524032K), 0.0004185 secs] [Times: user=0.00 sys=0.00, real=0.00 secs] 
244.277: [GC [PSYoungGen: 174336K->128K(174464K)] 178419K->4211K(524032K), 0.0004282 secs] [Times: user=0.00 sys=0.00, real=0.00 secs] 
244.566: [GC [PSYoungGen: 174335K->64K(174464K)] 178419K->4147K(524032K), 0.0004628 secs] [Times: user=0.00 sys=0.00, real=0.01 secs] 
244.839: [GC [PSYoungGen: 174272K->64K(174464K)] 178355K->4147K(524032K), 0.0004632 secs] [Times: user=0.00 sys=0.00, real=0.00 secs] 
245.126: [GC [PSYoungGen: 174272K->128K(174464K)] 178355K->4211K(524032K), 0.0004898 secs] [Times: user=0.00 sys=0.00, real=0.00 secs] 
245.417: [GC [PSYoungGen: 174336K->96K(174464K)] 178419K->4179K(524032K), 0.0004455 secs] [Times: user=0.00 sys=0.00, real=0.00 secs] 
245.698: [GC [PSYoungGen: 174304K->160K(174400K)] 178387K->4243K(523968K), 0.0004873 secs] [Times: user=0.01 sys=0.01, real=0.00 secs] 
245.980: [GC [PSYoungGen: 174368K->128K(174464K)] 178451K->4211K(524032K), 0.0004533 secs] [Times: user=0.00 sys=0.00, real=0.00 secs] 
246.278: [GC [PSYoungGen: 174336K->64K(174464K)] 178419K->4147K(524032K), 0.0003796 secs] [Times: user=0.00 sys=0.00, real=0.00 secs] 
246.583: [GC [PSYoungGen: 174270K->128K(174464K)] 178353K->4211K(524032K), 0.0004032 secs] [Times: user=0.00 sys=0.00, real=0.00 secs] 
246.902: [GC [PSYoungGen: 174336K->256K(174464K)] 178419K->4339K(524032K), 0.0005508 secs] [Times: user=0.01 sys=0.00, real=0.00 secs] 
247.292: [GC [PSYoungGen: 174464K->64K(174464K)] 178547K->4211K(524032K), 0.0004731 secs] [Times: user=0.01 sys=0.00, real=0.00 secs] 
247.673: [GC [PSYoungGen: 174272K->64K(174464K)] 178419K->4211K(524032K), 0.0004561 secs] [Times: user=0.01 sys=0.00, real=0.00 secs] 
248.061: [GC [PSYoungGen: 174272K->64K(174464K)] 178419K->4211K(524032K), 0.0005163 secs] [Times: user=0.00 sys=0.00, real=0.00 secs] 
248.451: [GC [PSYoungGen: 174272K->32K(174464K)] 178419K->4179K(524032K), 0.0004915 secs] [Times: user=0.00 sys=0.00, real=0.00 secs] 
248.848: [GC [PSYoungGen: 174240K->64K(174464K)] 178387K->4211K(524032K), 0.0004690 secs] [Times: user=0.01 sys=0.00, real=0.00 secs] 
249.244: [GC [PSYoungGen: 174272K->64K(174464K)] 178419K->4211K(524032K), 0.0004613 secs] [Times: user=0.00 sys=0.00, real=0.00 secs] 
249.636: [GC [PSYoungGen: 174272K->0K(174464K)] 178419K->4147K(524032K), 0.0005574 secs] [Times: user=0.00 sys=0.00, real=0.00 secs] 
250.015: [GC [PSYoungGen: 174208K->0K(174464K)] 178355K->4147K(524032K), 0.0004580 secs] [Times: user=0.00 sys=0.00, real=0.00 secs] 
250.401: [GC [PSYoungGen: 174208K->64K(174464K)] 178355K->4211K(524032K), 0.0004792 secs] [Times: user=0.00 sys=0.00, real=0.00 secs] 
250.795: [GC [PSYoungGen: 174272K->32K(174464K)] 178419K->4179K(524032K), 0.0004157 secs] [Times: user=0.00 sys=0.00, real=0.00 secs] 
251.161: [GC [PSYoungGen: 174240K->64K(174464K)] 178387K->4211K(524032K), 0.0004797 secs] [Times: user=0.00 sys=0.00, real=0.00 secs] 
251.544: [GC [PSYoungGen: 174272K->0K(174528K)] 178419K->4147K(524096K), 0.0004865 secs] [Times: user=0.00 sys=0.00, real=0.00 secs] 
251.923: [GC [PSYoungGen: 174334K->32K(174528K)] 178481K->4179K(524096K), 0.0005720 secs] [Times: user=0.00 sys=0.00, real=0.00 secs] 
252.319: [GC [PSYoungGen: 174368K->160K(174400K)] 178515K->4307K(523968K), 0.0004991 secs] [Times: user=0.00 sys=0.00, real=0.00 secs] 
252.717: [GC [PSYoungGen: 174368K->32K(174464K)] 178515K->4179K(524032K), 0.0004740 secs] [Times: user=0.00 sys=0.00, real=0.00 secs] 
253.112: [GC [PSYoungGen: 174240K->0K(174464K)] 178387K->4147K(524032K), 0.0004608 secs] [Times: user=0.00 sys=0.00, real=0.00 secs] 
253.490: [GC [PSYoungGen: 174208K->128K(174464K)] 178355K->4275K(524032K), 0.0006790 secs] [Times: user=0.00 sys=0.00, real=0.00 secs] 
253.867: [GC [PSYoungGen: 174336K->0K(174464K)] 178483K->4147K(524032K), 0.0004085 secs] [Times: user=0.00 sys=0.00, real=0.00 secs] 
254.263: [GC [PSYoungGen: 174208K->96K(174464K)] 178355K->4243K(524032K), 0.0004367 secs] [Times: user=0.00 sys=0.00, real=0.00 secs] 
254.658: [GC [PSYoungGen: 174304K->0K(174464K)] 178451K->4147K(524032K), 0.0004435 secs] [Times: user=0.00 sys=0.00, real=0.00 secs] 
255.046: [GC [PSYoungGen: 174208K->32K(174464K)] 178355K->4179K(524032K), 0.0004303 secs] [Times: user=0.00 sys=0.00, real=0.00 secs] 
255.439: [GC [PSYoungGen: 174240K->32K(174528K)] 178387K->4179K(524096K), 0.0004449 secs] [Times: user=0.00 sys=0.00, real=0.00 secs] 
256.640: [GC [PSYoungGen: 174368K->192K(174528K)] 178515K->4355K(524096K), 0.0005239 secs] [Times: user=0.00 sys=0.00, real=0.00 secs] 
256.957: [GC [PSYoungGen: 174528K->96K(174400K)] 178691K->4323K(523968K), 0.0004550 secs] [Times: user=0.01 sys=0.00, real=0.01 secs] 
257.260: [GC [PSYoungGen: 174304K->192K(174464K)] 178531K->4419K(524032K), 0.0005605 secs] [Times: user=0.00 sys=0.00, real=0.00 secs] 
257.564: [GC [PSYoungGen: 174400K->64K(174464K)] 178627K->4291K(524032K), 0.0005093 secs] [Times: user=0.00 sys=0.00, real=0.00 secs] 
257.875: [GC [PSYoungGen: 174271K->96K(174464K)] 178498K->4323K(524032K), 0.0004935 secs] [Times: user=0.00 sys=0.00, real=0.00 secs] 
258.177: [GC [PSYoungGen: 174304K->96K(174464K)] 178531K->4323K(524032K), 0.0005227 secs] [Times: user=0.00 sys=0.00, real=0.01 secs] 
258.498: [GC [PSYoungGen: 174304K->96K(174464K)] 178531K->4323K(524032K), 0.0004940 secs] [Times: user=0.00 sys=0.00, real=0.00 secs] 
258.827: [GC [PSYoungGen: 174304K->128K(174464K)] 178531K->4355K(524032K), 0.0004883 secs] [Times: user=0.01 sys=0.00, real=0.01 secs] 
259.135: [GC [PSYoungGen: 174335K->128K(174464K)] 178562K->4355K(524032K), 0.0005337 secs] [Times: user=0.00 sys=0.00, real=0.00 secs] 
259.445: [GC [PSYoungGen: 174336K->32K(174464K)] 178563K->4259K(524032K), 0.0005654 secs] [Times: user=0.00 sys=0.00, real=0.00 secs] 
259.753: [GC [PSYoungGen: 174238K->96K(174464K)] 178465K->4323K(524032K), 0.0004375 secs] [Times: user=0.00 sys=0.00, real=0.00 secs] 
260.064: [GC [PSYoungGen: 174302K->64K(174464K)] 178529K->4291K(524032K), 0.0004412 secs] [Times: user=0.00 sys=0.00, real=0.00 secs] 
260.363: [GC [PSYoungGen: 174272K->128K(174464K)] 178499K->4355K(524032K), 0.0004743 secs] [Times: user=0.00 sys=0.01, real=0.00 secs] 
260.680: [GC [PSYoungGen: 174336K->64K(174464K)] 178563K->4291K(524032K), 0.0004803 secs] [Times: user=0.00 sys=0.00, real=0.00 secs] 
260.996: [GC [PSYoungGen: 174272K->32K(174464K)] 178499K->4259K(524032K), 0.0005092 secs] [Times: user=0.01 sys=0.01, real=0.00 secs] 
261.297: [GC [PSYoungGen: 174240K->160K(174464K)] 178467K->4387K(524032K), 0.0004378 secs] [Times: user=0.00 sys=0.00, real=0.01 secs] 
261.599: [GC [PSYoungGen: 174366K->96K(174464K)] 178594K->4323K(524032K), 0.0005197 secs] [Times: user=0.00 sys=0.01, real=0.00 secs] 
261.908: [GC [PSYoungGen: 174304K->32K(174464K)] 178531K->4259K(524032K), 0.0004225 secs] [Times: user=0.01 sys=0.00, real=0.00 secs] 
262.215: [GC [PSYoungGen: 174240K->128K(174464K)] 178467K->4355K(524032K), 0.0005781 secs] [Times: user=0.00 sys=0.00, real=0.00 secs] 
262.530: [GC [PSYoungGen: 174335K->160K(174464K)] 178563K->4387K(524032K), 0.0004668 secs] [Times: user=0.00 sys=0.00, real=0.00 secs] 
262.831: [GC [PSYoungGen: 174367K->32K(174464K)] 178595K->4259K(524032K), 0.0005373 secs] [Times: user=0.01 sys=0.00, real=0.00 secs] 
263.140: [GC [PSYoungGen: 174240K->128K(174464K)] 178467K->4355K(524032K), 0.0004229 secs] [Times: user=0.00 sys=0.00, real=0.00 secs] 
263.460: [GC [PSYoungGen: 174336K->32K(174464K)] 178563K->4259K(524032K), 0.0005143 secs] [Times: user=0.00 sys=0.00, real=0.00 secs] 
263.774: [GC [PSYoungGen: 174240K->96K(174464K)] 178467K->4323K(524032K), 0.0005635 secs] [Times: user=0.01 sys=0.00, real=0.00 secs] 
264.085: [GC [PSYoungGen: 174304K->96K(174464K)] 178531K->4323K(524032K), 0.0005126 secs] [Times: user=0.00 sys=0.00, real=0.00 secs] 
264.397: [GC [PSYoungGen: 174304K->64K(174528K)] 178531K->4291K(524096K), 0.0005071 secs] [Times: user=0.00 sys=0.00, real=0.00 secs] 
266.390: [GC [PSYoungGen: 174336K->192K(174464K)] 178563K->5140K(524032K), 0.0009055 secs] [Times: user=0.01 sys=0.01, real=0.00 secs] 
268.298: [GC [PSYoungGen: 174464K->128K(173952K)] 179412K->5284K(523520K), 0.0004770 secs] [Times: user=0.00 sys=0.00, real=0.00 secs] 
270.212: [GC [PSYoungGen: 173824K->96K(174208K)] 178980K->5252K(523776K), 0.0004805 secs] [Times: user=0.00 sys=0.00, real=0.00 secs] 
272.206: [GC [PSYoungGen: 173792K->0K(174272K)] 178948K->5156K(523840K), 0.0005639 secs] [Times: user=0.01 sys=0.00, real=0.00 secs] 
274.247: [GC [PSYoungGen: 173824K->256K(174080K)] 178980K->5412K(523648K), 0.0005389 secs] [Times: user=0.00 sys=0.00, real=0.01 secs] 
276.867: [GC [PSYoungGen: 174080K->128K(174272K)] 179236K->5348K(523840K), 0.0004715 secs] [Times: user=0.00 sys=0.00, real=0.00 secs] 
279.357: [GC [PSYoungGen: 173888K->32K(174208K)] 179108K->5252K(523776K), 0.0005148 secs] [Times: user=0.00 sys=0.00, real=0.01 secs] 
281.877: [GC [PSYoungGen: 173792K->64K(174272K)] 179012K->5284K(523840K), 0.0005235 secs] [Times: user=0.00 sys=0.00, real=0.01 secs] 
284.603: [GC [PSYoungGen: 173888K->256K(174272K)] 179108K->5476K(523840K), 0.0005706 secs] [Times: user=0.00 sys=0.00, real=0.00 secs] 
286.759: [GC [PSYoungGen: 174080K->64K(174272K)] 179300K->5348K(523840K), 0.0005067 secs] [Times: user=0.00 sys=0.00, real=0.00 secs] 
288.891: [GC [PSYoungGen: 173888K->32K(174272K)] 179172K->5316K(523840K), 0.0006257 secs] [Times: user=0.00 sys=0.00, real=0.00 secs] 
291.034: [GC [PSYoungGen: 173856K->64K(174336K)] 179140K->5348K(523904K), 0.0004396 secs] [Times: user=0.00 sys=0.00, real=0.00 secs] 
292.818: [GC [PSYoungGen: 173952K->256K(174272K)] 179236K->5540K(523840K), 0.0004998 secs] [Times: user=0.00 sys=0.00, real=0.00 secs] 
294.210: [GC [PSYoungGen: 174144K->64K(174272K)] 179428K->5412K(523840K), 0.0005025 secs] [Times: user=0.00 sys=0.01, real=0.00 secs] 
295.616: [GC [PSYoungGen: 173888K->64K(174272K)] 179236K->5412K(523840K), 0.0005746 secs] [Times: user=0.00 sys=0.00, real=0.00 secs] 
297.042: [GC [PSYoungGen: 173888K->32K(174336K)] 179236K->5380K(523904K), 0.0004939 secs] [Times: user=0.00 sys=0.00, real=0.00 secs] 
298.487: [GC [PSYoungGen: 173984K->32K(174336K)] 179332K->5380K(523904K), 0.0004234 secs] [Times: user=0.00 sys=0.00, real=0.00 secs] 
299.882: [GC [PSYoungGen: 173984K->64K(174336K)] 179332K->5412K(523904K), 0.0005699 secs] [Times: user=0.00 sys=0.00, real=0.00 secs] 
301.625: [GC [PSYoungGen: 174016K->256K(174336K)] 179364K->5604K(523904K), 0.0006683 secs] [Times: user=0.00 sys=0.00, real=0.00 secs] 
303.439: [GC [PSYoungGen: 174208K->32K(174336K)] 179556K->5444K(523904K), 0.0005638 secs] [Times: user=0.00 sys=0.00, real=0.00 secs] 
305.269: [GC [PSYoungGen: 173984K->128K(174336K)] 179396K->5540K(523904K), 0.0005311 secs] [Times: user=0.00 sys=0.00, real=0.00 secs] 
307.031: [GC [PSYoungGen: 174080K->96K(174400K)] 179492K->5508K(523968K), 0.0005315 secs] [Times: user=0.01 sys=0.00, real=0.00 secs] 
308.904: [GC [PSYoungGen: 174112K->64K(174336K)] 179524K->5476K(523904K), 0.0008853 secs] [Times: user=0.00 sys=0.00, real=0.00 secs] 
310.950: [GC [PSYoungGen: 174080K->256K(174272K)] 179492K->5668K(523840K), 0.0005203 secs] [Times: user=0.00 sys=0.00, real=0.00 secs] 
312.593: [GC [PSYoungGen: 174208K->32K(174336K)] 179620K->5508K(523904K), 0.0005640 secs] [Times: user=0.00 sys=0.00, real=0.00 secs] 
314.144: [GC [PSYoungGen: 173984K->64K(174400K)] 179460K->5540K(523968K), 0.0004919 secs] [Times: user=0.01 sys=0.00, real=0.00 secs] 
315.754: [GC [PSYoungGen: 174080K->64K(174336K)] 179556K->5540K(523904K), 0.0006357 secs] [Times: user=0.00 sys=0.00, real=0.00 secs] 
317.370: [GC [PSYoungGen: 174080K->96K(174400K)] 179556K->5572K(523968K), 0.0005206 secs] [Times: user=0.00 sys=0.00, real=0.00 secs] 
318.863: [GC [PSYoungGen: 174176K->256K(174336K)] 179652K->5732K(523904K), 0.0005619 secs] [Times: user=0.00 sys=0.00, real=0.00 secs] 
319.770: [GC [PSYoungGen: 174336K->32K(174400K)] 179812K->5572K(523968K), 0.0005201 secs] [Times: user=0.00 sys=0.01, real=0.00 secs] 
320.670: [GC [PSYoungGen: 174048K->96K(174336K)] 179588K->5636K(523904K), 0.0005462 secs] [Times: user=0.00 sys=0.00, real=0.00 secs] 
321.595: [GC [PSYoungGen: 174112K->64K(174400K)] 179652K->5604K(523968K), 0.0004323 secs] [Times: user=0.01 sys=0.00, real=0.00 secs] 
322.540: [GC [PSYoungGen: 174144K->32K(174400K)] 179684K->5572K(523968K), 0.0005063 secs] [Times: user=0.01 sys=0.00, real=0.00 secs] 
323.470: [GC [PSYoungGen: 174112K->64K(174400K)] 179652K->5604K(523968K), 0.0005415 secs] [Times: user=0.01 sys=0.00, real=0.00 secs] 
324.393: [GC [PSYoungGen: 174144K->128K(174400K)] 179684K->5668K(523968K), 0.0005058 secs] [Times: user=0.00 sys=0.00, real=0.00 secs] 
325.323: [GC [PSYoungGen: 174208K->64K(174464K)] 179748K->5604K(524032K), 0.0004878 secs] [Times: user=0.00 sys=0.01, real=0.00 secs] 
326.235: [GC [PSYoungGen: 174208K->32K(174400K)] 179748K->5572K(523968K), 0.0005245 secs] [Times: user=0.00 sys=0.00, real=0.00 secs] 
327.171: [GC [PSYoungGen: 174176K->256K(174336K)] 179716K->5796K(523904K), 0.0005248 secs] [Times: user=0.00 sys=0.00, real=0.00 secs] 
328.399: [GC [PSYoungGen: 174336K->64K(174400K)] 179876K->5668K(523968K), 0.0005387 secs] [Times: user=0.01 sys=0.00, real=0.01 secs] 
329.567: [GC [PSYoungGen: 174144K->96K(174400K)] 179748K->5700K(523968K), 0.0005641 secs] [Times: user=0.01 sys=0.00, real=0.00 secs] 
330.733: [GC [PSYoungGen: 174176K->160K(174400K)] 179780K->5764K(523968K), 0.0004819 secs] [Times: user=0.01 sys=0.00, real=0.00 secs] 
331.931: [GC [PSYoungGen: 174240K->96K(174464K)] 179844K->5732K(524032K), 0.0004825 secs] [Times: user=0.00 sys=0.00, real=0.00 secs] 
333.225: [GC [PSYoungGen: 174240K->64K(174400K)] 179876K->5700K(523968K), 0.0004944 secs] [Times: user=0.00 sys=0.00, real=0.00 secs] 
334.398: [GC [PSYoungGen: 174208K->64K(174464K)] 179844K->5700K(524032K), 0.0004744 secs] [Times: user=0.00 sys=0.00, real=0.00 secs] 
335.659: [GC [PSYoungGen: 174272K->64K(174464K)] 179908K->5700K(524032K), 0.0005883 secs] [Times: user=0.00 sys=0.00, real=0.01 secs] 
337.266: [GC [PSYoungGen: 174272K->256K(174336K)] 179908K->5892K(523904K), 0.0006555 secs] [Times: user=0.01 sys=0.00, real=0.00 secs] 
338.352: [GC [PSYoungGen: 174336K->32K(174400K)] 179972K->5732K(523968K), 0.0005284 secs] [Times: user=0.00 sys=0.00, real=0.00 secs] 
339.450: [GC [PSYoungGen: 174112K->0K(174400K)] 179812K->5700K(523968K), 0.0004808 secs] [Times: user=0.00 sys=0.00, real=0.00 secs] 
340.508: [GC [PSYoungGen: 174080K->0K(174400K)] 179780K->5700K(523968K), 0.0005191 secs] [Times: user=0.00 sys=0.00, real=0.00 secs] 
341.597: [GC [PSYoungGen: 174080K->64K(174464K)] 179780K->5764K(524032K), 0.0005352 secs] [Times: user=0.01 sys=0.00, real=0.00 secs] 
342.707: [GC [PSYoungGen: 174208K->0K(174400K)] 179908K->5700K(523968K), 0.0004611 secs] [Times: user=0.00 sys=0.00, real=0.00 secs] 
343.837: [GC [PSYoungGen: 174144K->64K(174464K)] 179844K->5764K(524032K), 0.0004775 secs] [Times: user=0.00 sys=0.00, real=0.00 secs] 
344.923: [GC [PSYoungGen: 174272K->64K(174464K)] 179972K->5764K(524032K), 0.0004888 secs] [Times: user=0.00 sys=0.00, real=0.00 secs] 
345.901: [GC [PSYoungGen: 174272K->256K(174336K)] 179972K->5956K(523904K), 0.0005905 secs] [Times: user=0.01 sys=0.01, real=0.00 secs] 
346.461: [GC [PSYoungGen: 174336K->96K(174400K)] 180036K->5860K(523968K), 0.0005561 secs] [Times: user=0.00 sys=0.00, real=0.00 secs] 
347.015: [GC [PSYoungGen: 174176K->64K(174464K)] 179940K->5828K(524032K), 0.0005238 secs] [Times: user=0.00 sys=0.00, real=0.00 secs] 
347.580: [GC [PSYoungGen: 174208K->96K(174400K)] 179972K->5860K(523968K), 0.0004897 secs] [Times: user=0.00 sys=0.00, real=0.00 secs] 
348.121: [GC [PSYoungGen: 174239K->32K(174464K)] 180004K->5796K(524032K), 0.0004644 secs] [Times: user=0.00 sys=0.00, real=0.00 secs] 
348.687: [GC [PSYoungGen: 174240K->96K(174464K)] 180004K->5860K(524032K), 0.0004797 secs] [Times: user=0.00 sys=0.00, real=0.00 secs] 
349.270: [GC [PSYoungGen: 174304K->64K(174464K)] 180068K->5828K(524032K), 0.0004845 secs] [Times: user=0.00 sys=0.00, real=0.00 secs] 
349.834: [GC [PSYoungGen: 174272K->96K(174464K)] 180036K->5860K(524032K), 0.0005316 secs] [Times: user=0.00 sys=0.00, real=0.00 secs] 
350.396: [GC [PSYoungGen: 174303K->32K(174464K)] 180068K->5796K(524032K), 0.0004564 secs] [Times: user=0.00 sys=0.00, real=0.00 secs] 
350.946: [GC [PSYoungGen: 174240K->32K(174464K)] 180004K->5796K(524032K), 0.0005453 secs] [Times: user=0.00 sys=0.00, real=0.00 secs] 
351.489: [GC [PSYoungGen: 174240K->32K(174528K)] 180004K->5796K(524096K), 0.0005513 secs] [Times: user=0.00 sys=0.00, real=0.01 secs] 
352.032: [GC [PSYoungGen: 174304K->128K(174464K)] 180068K->5892K(524032K), 0.0005385 secs] [Times: user=0.01 sys=0.00, real=0.00 secs] 
352.566: [GC [PSYoungGen: 174399K->32K(174464K)] 180164K->5796K(524032K), 0.0006266 secs] [Times: user=0.00 sys=0.00, real=0.00 secs] 
353.123: [GC [PSYoungGen: 174239K->32K(174464K)] 180003K->5796K(524032K), 0.0005536 secs] [Times: user=0.00 sys=0.00, real=0.00 secs] 
353.673: [GC [PSYoungGen: 174240K->32K(174528K)] 180004K->5796K(524096K), 0.0005965 secs] [Times: user=0.00 sys=0.00, real=0.00 secs] 
354.227: [GC [PSYoungGen: 174368K->32K(174528K)] 180132K->5796K(524096K), 0.0004488 secs] [Times: user=0.01 sys=0.00, real=0.00 secs] 
354.943: [GC [PSYoungGen: 174368K->192K(174400K)] 180132K->5972K(523968K), 0.0005844 secs] [Times: user=0.00 sys=0.00, real=0.00 secs] 
355.654: [GC [PSYoungGen: 174400K->64K(174464K)] 180180K->5908K(524032K), 0.0005674 secs] [Times: user=0.00 sys=0.00, real=0.00 secs] 
356.390: [GC [PSYoungGen: 174272K->96K(174464K)] 180116K->5940K(524032K), 0.0005113 secs] [Times: user=0.00 sys=0.00, real=0.00 secs] 
357.126: [GC [PSYoungGen: 174303K->128K(174464K)] 180148K->5972K(524032K), 0.0005036 secs] [Times: user=0.00 sys=0.00, real=0.00 secs] 
357.886: [GC [PSYoungGen: 174336K->64K(174464K)] 180180K->5908K(524032K), 0.0005316 secs] [Times: user=0.00 sys=0.00, real=0.00 secs] 
358.600: [GC [PSYoungGen: 174272K->96K(174464K)] 180116K->5940K(524032K), 0.0005782 secs] [Times: user=0.00 sys=0.00, real=0.01 secs] 
359.294: [GC [PSYoungGen: 174304K->64K(174528K)] 180148K->5908K(524096K), 0.0005667 secs] [Times: user=0.00 sys=0.01, real=0.00 secs] 
360.001: [GC [PSYoungGen: 174336K->128K(174464K)] 180180K->5972K(524032K), 0.0005079 secs] [Times: user=0.00 sys=0.00, real=0.00 secs] 
360.734: [GC [PSYoungGen: 174400K->64K(174528K)] 180244K->5908K(524096K), 0.0005996 secs] [Times: user=0.00 sys=0.00, real=0.00 secs] 
361.484: [GC [PSYoungGen: 174400K->64K(174528K)] 180244K->5908K(524096K), 0.0006051 secs] [Times: user=0.01 sys=0.00, real=0.00 secs] 
362.240: [GC [PSYoungGen: 174400K->64K(174528K)] 180244K->5908K(524096K), 0.0004776 secs] [Times: user=0.00 sys=0.01, real=0.01 secs] 
362.963: [GC [PSYoungGen: 174400K->0K(174528K)] 180244K->5844K(524096K), 0.0004436 secs] [Times: user=0.01 sys=0.00, real=0.00 secs] 
364.283: [GC [PSYoungGen: 174336K->192K(174400K)] 180180K->6052K(523968K), 0.0005453 secs] [Times: user=0.00 sys=0.00, real=0.00 secs] 
364.935: [GC [PSYoungGen: 174400K->128K(174464K)] 180260K->6052K(524032K), 0.0005456 secs] [Times: user=0.01 sys=0.00, real=0.00 secs] 
365.565: [GC [PSYoungGen: 174336K->32K(174464K)] 180260K->5956K(524032K), 0.0004867 secs] [Times: user=0.00 sys=0.00, real=0.00 secs] 
366.208: [GC [PSYoungGen: 174240K->64K(174464K)] 180164K->5988K(524032K), 0.0005504 secs] [Times: user=0.00 sys=0.00, real=0.00 secs] 
366.835: [GC [PSYoungGen: 174272K->96K(174464K)] 180196K->6020K(524032K), 0.0005016 secs] [Times: user=0.01 sys=0.00, real=0.00 secs] 
367.488: [GC [PSYoungGen: 174304K->128K(174464K)] 180228K->6052K(524032K), 0.0004721 secs] [Times: user=0.00 sys=0.00, real=0.00 secs] 
368.124: [GC [PSYoungGen: 174336K->96K(174464K)] 180260K->6020K(524032K), 0.0005244 secs] [Times: user=0.00 sys=0.00, real=0.00 secs] 
368.724: [GC [PSYoungGen: 174304K->32K(174464K)] 180228K->5956K(524032K), 0.0004679 secs] [Times: user=0.01 sys=0.00, real=0.00 secs] 
369.339: [GC [PSYoungGen: 174240K->128K(174464K)] 180164K->6052K(524032K), 0.0005442 secs] [Times: user=0.00 sys=0.00, real=0.00 secs] 
369.964: [GC [PSYoungGen: 174336K->64K(174464K)] 180260K->5988K(524032K), 0.0006045 secs] [Times: user=0.00 sys=0.00, real=0.00 secs] 
370.611: [GC [PSYoungGen: 174272K->32K(174528K)] 180196K->5956K(524096K), 0.0006308 secs] [Times: user=0.00 sys=0.00, real=0.00 secs] 
371.276: [GC [PSYoungGen: 174303K->64K(174464K)] 180227K->5988K(524032K), 0.0004712 secs] [Times: user=0.00 sys=0.00, real=0.00 secs] 
371.915: [GC [PSYoungGen: 174335K->64K(174528K)] 180260K->5988K(524096K), 0.0005169 secs] [Times: user=0.00 sys=0.00, real=0.00 secs] 
372.587: [GC [PSYoungGen: 174400K->32K(174528K)] 180324K->5956K(524096K), 0.0004642 secs] [Times: user=0.01 sys=0.00, real=0.00 secs] 
373.336: [GC [PSYoungGen: 174364K->192K(174400K)] 180289K->6132K(523968K), 0.0005311 secs] [Times: user=0.00 sys=0.00, real=0.00 secs] 
373.633: [GC [PSYoungGen: 174400K->32K(174464K)] 180340K->6036K(524032K), 0.0006672 secs] [Times: user=0.00 sys=0.00, real=0.00 secs] 
373.945: [GC [PSYoungGen: 174239K->64K(174464K)] 180244K->6068K(524032K), 0.0004844 secs] [Times: user=0.00 sys=0.00, real=0.00 secs] 
374.252: [GC [PSYoungGen: 174269K->128K(174464K)] 180273K->6132K(524032K), 0.0005319 secs] [Times: user=0.00 sys=0.00, real=0.00 secs] 
374.573: [GC [PSYoungGen: 174336K->64K(174464K)] 180340K->6068K(524032K), 0.0004666 secs] [Times: user=0.00 sys=0.00, real=0.00 secs] 
374.889: [GC [PSYoungGen: 174272K->96K(174464K)] 180276K->6100K(524032K), 0.0004969 secs] [Times: user=0.00 sys=0.00, real=0.00 secs] 
375.186: [GC [PSYoungGen: 174304K->32K(174528K)] 180308K->6036K(524096K), 0.0004250 secs] [Times: user=0.00 sys=0.00, real=0.00 secs] 
375.507: [GC [PSYoungGen: 174367K->96K(174528K)] 180372K->6100K(524096K), 0.0004889 secs] [Times: user=0.00 sys=0.00, real=0.00 secs] 
375.868: [GC [PSYoungGen: 174432K->128K(174528K)] 180436K->6132K(524096K), 0.0005678 secs] [Times: user=0.01 sys=0.00, real=0.00 secs] 
376.170: [GC [PSYoungGen: 174464K->64K(174528K)] 180468K->6068K(524096K), 0.0006371 secs] [Times: user=0.00 sys=0.00, real=0.00 secs] 
376.492: [GC [PSYoungGen: 174400K->96K(174528K)] 180404K->6100K(524096K), 0.0005333 secs] [Times: user=0.00 sys=0.00, real=0.00 secs] 
376.795: [GC [PSYoungGen: 174432K->192K(174528K)] 180436K->6196K(524096K), 0.0005497 secs] [Times: user=0.00 sys=0.00, real=0.00 secs] 
377.113: [GC [PSYoungGen: 174528K->96K(174400K)] 180532K->6100K(523968K), 0.0005107 secs] [Times: user=0.00 sys=0.00, real=0.00 secs] 
377.440: [GC [PSYoungGen: 174303K->160K(174464K)] 180308K->6164K(524032K), 0.0004667 secs] [Times: user=0.00 sys=0.00, real=0.00 secs] 
377.768: [GC [PSYoungGen: 174367K->96K(174464K)] 180372K->6100K(524032K), 0.0005413 secs] [Times: user=0.00 sys=0.00, real=0.00 secs] 
378.094: [GC [PSYoungGen: 174301K->32K(174464K)] 180306K->6036K(524032K), 0.0005924 secs] [Times: user=0.00 sys=0.00, real=0.00 secs] 
378.429: [GC [PSYoungGen: 174240K->192K(174464K)] 180244K->6196K(524032K), 0.0005342 secs] [Times: user=0.01 sys=0.00, real=0.00 secs] 
378.737: [GC [PSYoungGen: 174399K->96K(174464K)] 180404K->6100K(524032K), 0.0007116 secs] [Times: user=0.01 sys=0.00, real=0.00 secs] 
379.077: [GC [PSYoungGen: 174303K->96K(174464K)] 180308K->6100K(524032K), 0.0005180 secs] [Times: user=0.00 sys=0.00, real=0.00 secs] 
379.397: [GC [PSYoungGen: 174303K->64K(174464K)] 180307K->6068K(524032K), 0.0004970 secs] [Times: user=0.01 sys=0.00, real=0.00 secs] 
379.733: [GC [PSYoungGen: 174272K->128K(174464K)] 180276K->6132K(524032K), 0.0004526 secs] [Times: user=0.00 sys=0.00, real=0.00 secs] 
380.059: [GC [PSYoungGen: 174336K->128K(174464K)] 180340K->6132K(524032K), 0.0005587 secs] [Times: user=0.00 sys=0.00, real=0.00 secs] 
380.382: [GC [PSYoungGen: 174336K->128K(174464K)] 180340K->6132K(524032K), 0.0004433 secs] [Times: user=0.00 sys=0.00, real=0.00 secs] 
380.694: [GC [PSYoungGen: 174336K->128K(174464K)] 180340K->6132K(524032K), 0.0004825 secs] [Times: user=0.00 sys=0.00, real=0.00 secs] 
381.016: [GC [PSYoungGen: 174335K->160K(174464K)] 180340K->6164K(524032K), 0.0005419 secs] [Times: user=0.00 sys=0.00, real=0.00 secs] 
381.314: [GC [PSYoungGen: 174367K->96K(174464K)] 180372K->6100K(524032K), 0.0004931 secs] [Times: user=0.00 sys=0.00, real=0.00 secs] 
381.623: [GC [PSYoungGen: 174304K->128K(174464K)] 180308K->6132K(524032K), 0.0006199 secs] [Times: user=0.00 sys=0.00, real=0.00 secs] 
381.944: [GC [PSYoungGen: 174336K->128K(174464K)] 180340K->6132K(524032K), 0.0006735 secs] [Times: user=0.00 sys=0.00, real=0.00 secs] 
382.278: [GC [PSYoungGen: 174335K->256K(174464K)] 180340K->6260K(524032K), 0.0005035 secs] [Times: user=0.00 sys=0.00, real=0.00 secs] 
382.662: [GC [PSYoungGen: 174464K->256K(174464K)] 180468K->6260K(524032K), 0.0004613 secs] [Times: user=0.00 sys=0.00, real=0.00 secs] 
383.054: [GC [PSYoungGen: 174464K->64K(174336K)] 180468K->6132K(523904K), 0.0005963 secs] [Times: user=0.00 sys=0.00, real=0.00 secs] 
383.466: [GC [PSYoungGen: 174144K->160K(174400K)] 180212K->6228K(523968K), 0.0005641 secs] [Times: user=0.00 sys=0.00, real=0.00 secs] 
383.885: [GC [PSYoungGen: 174240K->96K(174400K)] 180308K->6164K(523968K), 0.0004797 secs] [Times: user=0.01 sys=0.01, real=0.00 secs] 
384.277: [GC [PSYoungGen: 174176K->128K(174400K)] 180244K->6196K(523968K), 0.0005170 secs] [Times: user=0.00 sys=0.00, real=0.00 secs] 
384.679: [GC [PSYoungGen: 174208K->32K(174336K)] 180276K->6100K(523904K), 0.0004434 secs] [Times: user=0.00 sys=0.00, real=0.00 secs] 
385.060: [GC [PSYoungGen: 174112K->64K(174400K)] 180180K->6132K(523968K), 0.0005590 secs] [Times: user=0.00 sys=0.00, real=0.00 secs] 
385.458: [GC [PSYoungGen: 174144K->64K(174464K)] 180212K->6132K(524032K), 0.0005619 secs] [Times: user=0.00 sys=0.00, real=0.00 secs] 
385.853: [GC [PSYoungGen: 174270K->128K(174464K)] 180338K->6196K(524032K), 0.0005181 secs] [Times: user=0.00 sys=0.00, real=0.00 secs] 
386.245: [GC [PSYoungGen: 174336K->160K(174464K)] 180404K->6228K(524032K), 0.0007043 secs] [Times: user=0.00 sys=0.00, real=0.00 secs] 
386.657: [GC [PSYoungGen: 174367K->96K(174464K)] 180436K->6164K(524032K), 0.0004858 secs] [Times: user=0.00 sys=0.00, real=0.00 secs] 
387.049: [GC [PSYoungGen: 174303K->160K(174464K)] 180372K->6228K(524032K), 0.0006174 secs] [Times: user=0.01 sys=0.00, real=0.00 secs] 
387.456: [GC [PSYoungGen: 174368K->32K(174464K)] 180436K->6100K(524032K), 0.0005474 secs] [Times: user=0.00 sys=0.00, real=0.00 secs] 
387.861: [GC [PSYoungGen: 174240K->64K(174464K)] 180308K->6132K(524032K), 0.0005105 secs] [Times: user=0.00 sys=0.00, real=0.00 secs] 
388.250: [GC [PSYoungGen: 174270K->128K(174464K)] 180338K->6196K(524032K), 0.0005651 secs] [Times: user=0.00 sys=0.00, real=0.00 secs] 
388.646: [GC [PSYoungGen: 174336K->192K(174464K)] 180404K->6260K(524032K), 0.0005278 secs] [Times: user=0.00 sys=0.00, real=0.00 secs] 
389.048: [GC [PSYoungGen: 174400K->96K(174464K)] 180468K->6164K(524032K), 0.0005101 secs] [Times: user=0.00 sys=0.00, real=0.00 secs] 
389.467: [GC [PSYoungGen: 174304K->64K(174464K)] 180372K->6132K(524032K), 0.0005890 secs] [Times: user=0.01 sys=0.00, real=0.00 secs] 
389.852: [GC [PSYoungGen: 174272K->96K(174464K)] 180340K->6164K(524032K), 0.0004499 secs] [Times: user=0.00 sys=0.00, real=0.00 secs] 
390.232: [GC [PSYoungGen: 174304K->96K(174464K)] 180372K->6164K(524032K), 0.0004985 secs] [Times: user=0.00 sys=0.00, real=0.00 secs] 
390.634: [GC [PSYoungGen: 174304K->96K(174464K)] 180372K->6164K(524032K), 0.0005094 secs] [Times: user=0.00 sys=0.00, real=0.00 secs] 
391.012: [GC [PSYoungGen: 174302K->64K(174464K)] 180371K->6132K(524032K), 0.0005203 secs] [Times: user=0.00 sys=0.00, real=0.00 secs] 
392.249: [GC [PSYoungGen: 174272K->256K(174464K)] 180340K->6324K(524032K), 0.0005841 secs] [Times: user=0.00 sys=0.00, real=0.00 secs] 
392.572: [GC [PSYoungGen: 174464K->64K(174464K)] 180532K->6196K(524032K), 0.0006119 secs] [Times: user=0.01 sys=0.00, real=0.00 secs] 
392.903: [GC [PSYoungGen: 174270K->192K(174400K)] 180403K->6324K(523968K), 0.0004690 secs] [Times: user=0.00 sys=0.00, real=0.00 secs] 
393.234: [GC [PSYoungGen: 174399K->128K(174464K)] 180532K->6260K(524032K), 0.0004622 secs] [Times: user=0.00 sys=0.00, real=0.00 secs] 
393.567: [GC [PSYoungGen: 174272K->32K(174400K)] 180404K->6164K(523968K), 0.0005244 secs] [Times: user=0.00 sys=0.00, real=0.00 secs] 
393.903: [GC [PSYoungGen: 174175K->96K(174464K)] 180308K->6228K(524032K), 0.0005543 secs] [Times: user=0.00 sys=0.00, real=0.00 secs] 
394.224: [GC [PSYoungGen: 174304K->96K(174464K)] 180436K->6228K(524032K), 0.0005901 secs] [Times: user=0.00 sys=0.00, real=0.00 secs] 
394.558: [GC [PSYoungGen: 174304K->96K(174464K)] 180436K->6228K(524032K), 0.0005422 secs] [Times: user=0.00 sys=0.00, real=0.00 secs] 
394.883: [GC [PSYoungGen: 174304K->192K(174464K)] 180436K->6324K(524032K), 0.0004953 secs] [Times: user=0.00 sys=0.00, real=0.00 secs] 
395.218: [GC [PSYoungGen: 174400K->96K(174464K)] 180532K->6228K(524032K), 0.0005703 secs] [Times: user=0.00 sys=0.00, real=0.00 secs] 
395.555: [GC [PSYoungGen: 174304K->128K(174464K)] 180436K->6260K(524032K), 0.0005304 secs] [Times: user=0.00 sys=0.00, real=0.00 secs] 
395.897: [GC [PSYoungGen: 174336K->128K(174464K)] 180468K->6260K(524032K), 0.0004985 secs] [Times: user=0.01 sys=0.00, real=0.00 secs] 
396.224: [GC [PSYoungGen: 174336K->64K(174464K)] 180468K->6196K(524032K), 0.0005784 secs] [Times: user=0.00 sys=0.00, real=0.00 secs] 
396.566: [GC [PSYoungGen: 174272K->128K(174464K)] 180404K->6260K(524032K), 0.0004907 secs] [Times: user=0.01 sys=0.00, real=0.00 secs] 
396.922: [GC [PSYoungGen: 174336K->96K(174464K)] 180468K->6228K(524032K), 0.0005942 secs] [Times: user=0.01 sys=0.00, real=0.00 secs] 
397.267: [GC [PSYoungGen: 174304K->128K(174464K)] 180436K->6260K(524032K), 0.0004689 secs] [Times: user=0.00 sys=0.00, real=0.00 secs] 
397.605: [GC [PSYoungGen: 174336K->96K(174464K)] 180468K->6228K(524032K), 0.0005490 secs] [Times: user=0.00 sys=0.00, real=0.00 secs] 
397.964: [GC [PSYoungGen: 174304K->32K(174464K)] 180436K->6164K(524032K), 0.0005377 secs] [Times: user=0.00 sys=0.00, real=0.00 secs] 
398.301: [GC [PSYoungGen: 174240K->64K(174464K)] 180372K->6196K(524032K), 0.0005261 secs] [Times: user=0.00 sys=0.00, real=0.01 secs] 
398.642: [GC [PSYoungGen: 174271K->32K(174464K)] 180403K->6164K(524032K), 0.0005809 secs] [Times: user=0.00 sys=0.00, real=0.00 secs] 
398.977: [GC [PSYoungGen: 174240K->160K(174464K)] 180372K->6292K(524032K), 0.0005489 secs] [Times: user=0.00 sys=0.00, real=0.00 secs] 
399.320: [GC [PSYoungGen: 174366K->96K(174464K)] 180498K->6228K(524032K), 0.0005038 secs] [Times: user=0.00 sys=0.00, real=0.00 secs] 
399.656: [GC [PSYoungGen: 174304K->32K(174464K)] 180436K->6164K(524032K), 0.0005997 secs] [Times: user=0.00 sys=0.00, real=0.00 secs] 
400.022: [GC [PSYoungGen: 174240K->96K(174464K)] 180372K->6228K(524032K), 0.0005663 secs] [Times: user=0.00 sys=0.00, real=0.00 secs] 
400.406: [GC [PSYoungGen: 174304K->64K(174464K)] 180436K->6196K(524032K), 0.0006891 secs] [Times: user=0.00 sys=0.00, real=0.00 secs] 
401.664: [GC [PSYoungGen: 174272K->192K(174400K)] 180404K->6340K(523968K), 0.0009455 secs] [Times: user=0.00 sys=0.01, real=0.00 secs] 
403.666: [GC [PSYoungGen: 174400K->256K(174464K)] 180548K->7077K(524032K), 0.0009668 secs] [Times: user=0.00 sys=0.00, real=0.00 secs] 
405.642: [GC [PSYoungGen: 174464K->64K(173952K)] 181285K->7134K(523520K), 0.0007075 secs] [Times: user=0.00 sys=0.00, real=0.00 secs] 
407.614: [GC [PSYoungGen: 173760K->64K(174208K)] 180830K->7134K(523776K), 0.0005729 secs] [Times: user=0.00 sys=0.00, real=0.00 secs] 
409.608: [GC [PSYoungGen: 173760K->96K(174208K)] 180830K->7166K(523776K), 0.0006173 secs] [Times: user=0.00 sys=0.00, real=0.00 secs] 
412.116: [GC [PSYoungGen: 173792K->256K(174208K)] 180862K->7326K(523776K), 0.0005507 secs] [Times: user=0.01 sys=0.00, real=0.00 secs] 
414.765: [GC [PSYoungGen: 173952K->32K(174208K)] 181022K->7166K(523776K), 0.0005621 secs] [Times: user=0.00 sys=0.00, real=0.00 secs] 
417.380: [GC [PSYoungGen: 173728K->96K(174208K)] 180862K->7230K(523776K), 0.0006060 secs] [Times: user=0.00 sys=0.00, real=0.00 secs] 
420.280: [GC [PSYoungGen: 173792K->256K(174144K)] 180926K->7390K(523712K), 0.0006313 secs] [Times: user=0.01 sys=0.00, real=0.00 secs] 
422.513: [GC [PSYoungGen: 173952K->64K(174208K)] 181086K->7262K(523776K), 0.0005698 secs] [Times: user=0.00 sys=0.00, real=0.00 secs] 
424.806: [GC [PSYoungGen: 173760K->32K(174272K)] 180958K->7230K(523840K), 0.0005754 secs] [Times: user=0.00 sys=0.00, real=0.00 secs] 
427.077: [GC [PSYoungGen: 173856K->64K(174272K)] 181054K->7262K(523840K), 0.0005390 secs] [Times: user=0.00 sys=0.00, real=0.00 secs] 
429.044: [GC [PSYoungGen: 173888K->256K(174272K)] 181086K->7454K(523840K), 0.0005764 secs] [Times: user=0.01 sys=0.00, real=0.00 secs] 
430.496: [GC [PSYoungGen: 174080K->96K(174272K)] 181278K->7358K(523840K), 0.0006464 secs] [Times: user=0.01 sys=0.00, real=0.00 secs] 
432.000: [GC [PSYoungGen: 173920K->64K(174272K)] 181182K->7326K(523840K), 0.0005163 secs] [Times: user=0.00 sys=0.00, real=0.00 secs] 
433.506: [GC [PSYoungGen: 173888K->96K(174272K)] 181150K->7358K(523840K), 0.0004733 secs] [Times: user=0.00 sys=0.00, real=0.00 secs] 
434.998: [GC [PSYoungGen: 173920K->32K(174336K)] 181182K->7294K(523904K), 0.0005363 secs] [Times: user=0.00 sys=0.00, real=0.00 secs] 
436.467: [GC [PSYoungGen: 173984K->64K(174336K)] 181246K->7326K(523904K), 0.0005522 secs] [Times: user=0.00 sys=0.00, real=0.00 secs] 
438.255: [GC [PSYoungGen: 174016K->256K(174336K)] 181278K->7518K(523904K), 0.0005726 secs] [Times: user=0.00 sys=0.00, real=0.00 secs] 
440.175: [GC [PSYoungGen: 174208K->32K(174336K)] 181470K->7358K(523904K), 0.0005206 secs] [Times: user=0.00 sys=0.00, real=0.00 secs] 
442.114: [GC [PSYoungGen: 173984K->0K(174336K)] 181310K->7326K(523904K), 0.0004493 secs] [Times: user=0.00 sys=0.00, real=0.00 secs] 
444.041: [GC [PSYoungGen: 173952K->0K(174336K)] 181278K->7326K(523904K), 0.0005140 secs] [Times: user=0.00 sys=0.01, real=0.00 secs] 
446.425: [GC [PSYoungGen: 173952K->256K(174208K)] 181278K->7582K(523776K), 0.0006525 secs] [Times: user=0.00 sys=0.00, real=0.00 secs] 
448.045: [GC [PSYoungGen: 174080K->96K(174272K)] 181406K->7486K(523840K), 0.0007233 secs] [Times: user=0.00 sys=0.00, real=0.00 secs] 
449.710: [GC [PSYoungGen: 173920K->128K(174336K)] 181310K->7518K(523904K), 0.0005618 secs] [Times: user=0.00 sys=0.00, real=0.00 secs] 
451.393: [GC [PSYoungGen: 174080K->96K(174336K)] 181470K->7486K(523904K), 0.0005476 secs] [Times: user=0.01 sys=0.00, real=0.01 secs] 
453.030: [GC [PSYoungGen: 174048K->64K(174400K)] 181438K->7470K(523968K), 0.0005730 secs] [Times: user=0.01 sys=0.00, real=0.00 secs] 
454.700: [GC [PSYoungGen: 174080K->32K(174336K)] 181486K->7438K(523904K), 0.0006104 secs] [Times: user=0.00 sys=0.00, real=0.00 secs] 
456.021: [GC [PSYoungGen: 174048K->256K(174272K)] 181454K->7662K(523840K), 0.0006076 secs] [Times: user=0.00 sys=0.00, real=0.00 secs] 
456.919: [GC [PSYoungGen: 174208K->64K(174336K)] 181614K->7534K(523904K), 0.0005434 secs] [Times: user=0.01 sys=0.00, real=0.00 secs] 
457.895: [GC [PSYoungGen: 174016K->96K(174400K)] 181486K->7566K(523968K), 0.0006928 secs] [Times: user=0.01 sys=0.01, real=0.00 secs] 
458.828: [GC [PSYoungGen: 174112K->64K(174336K)] 181582K->7534K(523904K), 0.0005400 secs] [Times: user=0.00 sys=0.00, real=0.00 secs] 
459.779: [GC [PSYoungGen: 174080K->64K(174400K)] 181550K->7534K(523968K), 0.0006118 secs] [Times: user=0.00 sys=0.00, real=0.00 secs] 
460.751: [GC [PSYoungGen: 174144K->32K(174400K)] 181614K->7502K(523968K), 0.0005292 secs] [Times: user=0.00 sys=0.00, real=0.00 secs] 
461.712: [GC [PSYoungGen: 174112K->192K(174400K)] 181582K->7662K(523968K), 0.0006319 secs] [Times: user=0.01 sys=0.00, real=0.00 secs] 
462.748: [GC [PSYoungGen: 174272K->64K(174400K)] 181742K->7534K(523968K), 0.0005220 secs] [Times: user=0.00 sys=0.01, real=0.00 secs] 
463.722: [GC [PSYoungGen: 174144K->96K(174400K)] 181614K->7566K(523968K), 0.0005334 secs] [Times: user=0.00 sys=0.00, real=0.00 secs] 
464.841: [GC [PSYoungGen: 174176K->256K(174400K)] 181646K->7726K(523968K), 0.0005327 secs] [Times: user=0.00 sys=0.00, real=0.00 secs] 
466.087: [GC [PSYoungGen: 174335K->96K(174400K)] 181806K->7630K(523968K), 0.0005781 secs] [Times: user=0.00 sys=0.00, real=0.00 secs] 
467.352: [GC [PSYoungGen: 174176K->64K(174400K)] 181710K->7598K(523968K), 0.0005650 secs] [Times: user=0.00 sys=0.00, real=0.00 secs] 
468.598: [GC [PSYoungGen: 174144K->64K(174400K)] 181678K->7598K(523968K), 0.0005424 secs] [Times: user=0.00 sys=0.00, real=0.00 secs] 
469.800: [GC [PSYoungGen: 174144K->64K(174400K)] 181678K->7598K(523968K), 0.0005893 secs] [Times: user=0.00 sys=0.00, real=0.00 secs] 
471.014: [GC [PSYoungGen: 174144K->96K(174464K)] 181678K->7630K(524032K), 0.0004859 secs] [Times: user=0.00 sys=0.00, real=0.00 secs] 
472.262: [GC [PSYoungGen: 174240K->0K(174400K)] 181774K->7534K(523968K), 0.0004924 secs] [Times: user=0.00 sys=0.00, real=0.00 secs] 
473.938: [GC [PSYoungGen: 174144K->256K(174336K)] 181678K->7790K(523904K), 0.0005579 secs] [Times: user=0.01 sys=0.00, real=0.00 secs] 
474.953: [GC [PSYoungGen: 174336K->64K(174400K)] 181870K->7662K(523968K), 0.0004896 secs] [Times: user=0.00 sys=0.00, real=0.00 secs] 
475.991: [GC [PSYoungGen: 174144K->64K(174400K)] 181742K->7662K(523968K), 0.0005035 secs] [Times: user=0.01 sys=0.00, real=0.00 secs] 
477.061: [GC [PSYoungGen: 174144K->64K(174400K)] 181742K->7662K(523968K), 0.0005562 secs] [Times: user=0.00 sys=0.00, real=0.00 secs] 
478.179: [GC [PSYoungGen: 174144K->96K(174464K)] 181742K->7694K(524032K), 0.0004746 secs] [Times: user=0.00 sys=0.00, real=0.00 secs] 
479.220: [GC [PSYoungGen: 174240K->64K(174400K)] 181838K->7662K(523968K), 0.0004727 secs] [Times: user=0.00 sys=0.00, real=0.00 secs] 
480.291: [GC [PSYoungGen: 174208K->64K(174464K)] 181806K->7662K(524032K), 0.0005060 secs] [Times: user=0.01 sys=0.00, real=0.00 secs] 
481.334: [GC [PSYoungGen: 174272K->64K(174464K)] 181870K->7662K(524032K), 0.0005557 secs] [Times: user=0.00 sys=0.00, real=0.00 secs] 
482.507: [GC [PSYoungGen: 174272K->256K(174336K)] 181870K->7854K(523904K), 0.0006311 secs] [Times: user=0.00 sys=0.00, real=0.00 secs] 
483.074: [GC [PSYoungGen: 174336K->64K(174400K)] 181934K->7726K(523968K), 0.0004554 secs] [Times: user=0.00 sys=0.00, real=0.00 secs] 
483.612: [GC [PSYoungGen: 174144K->96K(174464K)] 181806K->7758K(524032K), 0.0004718 secs] [Times: user=0.00 sys=0.00, real=0.00 secs] 
484.152: [GC [PSYoungGen: 174304K->32K(174464K)] 181966K->7694K(524032K), 0.0005454 secs] [Times: user=0.00 sys=0.00, real=0.01 secs] 
484.755: [GC [PSYoungGen: 174240K->96K(174464K)] 181902K->7758K(524032K), 0.0005079 secs] [Times: user=0.00 sys=0.00, real=0.00 secs] 
485.324: [GC [PSYoungGen: 174304K->64K(174464K)] 181966K->7726K(524032K), 0.0005530 secs] [Times: user=0.00 sys=0.00, real=0.00 secs] 
485.916: [GC [PSYoungGen: 174272K->96K(174464K)] 181934K->7758K(524032K), 0.0004833 secs] [Times: user=0.00 sys=0.00, real=0.00 secs] 
486.498: [GC [PSYoungGen: 174304K->64K(174464K)] 181966K->7726K(524032K), 0.0004380 secs] [Times: user=0.00 sys=0.00, real=0.00 secs] 
487.062: [GC [PSYoungGen: 174272K->64K(174528K)] 181934K->7726K(524096K), 0.0005278 secs] [Times: user=0.00 sys=0.00, real=0.00 secs] 
487.650: [GC [PSYoungGen: 174336K->64K(174464K)] 181998K->7726K(524032K), 0.0005586 secs] [Times: user=0.00 sys=0.00, real=0.00 secs] 
488.230: [GC [PSYoungGen: 174336K->64K(174528K)] 181998K->7726K(524096K), 0.0004607 secs] [Times: user=0.00 sys=0.00, real=0.00 secs] 
488.798: [GC [PSYoungGen: 174400K->96K(174528K)] 182062K->7758K(524096K), 0.0005780 secs] [Times: user=0.01 sys=0.00, real=0.00 secs] 
489.368: [GC [PSYoungGen: 174432K->128K(174528K)] 182094K->7790K(524096K), 0.0005169 secs] [Times: user=0.00 sys=0.00, real=0.00 secs] 
489.953: [GC [PSYoungGen: 174464K->160K(174528K)] 182126K->7822K(524096K), 0.0004960 secs] [Times: user=0.00 sys=0.00, real=0.01 secs] 
490.521: [GC [PSYoungGen: 174496K->64K(174400K)] 182158K->7726K(523968K), 0.0004849 secs] [Times: user=0.00 sys=0.00, real=0.00 secs] 
491.102: [GC [PSYoungGen: 174272K->64K(174464K)] 181934K->7726K(524032K), 0.0004604 secs] [Times: user=0.01 sys=0.00, real=0.00 secs] 
491.778: [GC [PSYoungGen: 174272K->192K(174400K)] 181934K->7870K(523968K), 0.0005939 secs] [Times: user=0.00 sys=0.00, real=0.00 secs] 
492.477: [GC [PSYoungGen: 174400K->0K(174464K)] 182078K->7742K(524032K), 0.0004697 secs] [Times: user=0.00 sys=0.00, real=0.00 secs] 
493.218: [GC [PSYoungGen: 174208K->0K(174464K)] 181950K->7742K(524032K), 0.0005962 secs] [Times: user=0.00 sys=0.00, real=0.00 secs] 
493.923: [GC [PSYoungGen: 174208K->64K(174464K)] 181950K->7806K(524032K), 0.0005530 secs] [Times: user=0.00 sys=0.00, real=0.00 secs] 
494.614: [GC [PSYoungGen: 174272K->32K(174464K)] 182014K->7774K(524032K), 0.0006118 secs] [Times: user=0.01 sys=0.00, real=0.01 secs] 
495.345: [GC [PSYoungGen: 174240K->0K(174464K)] 181982K->7742K(524032K), 0.0005852 secs] [Times: user=0.00 sys=0.00, real=0.00 secs] 
496.052: [GC [PSYoungGen: 174208K->0K(174464K)] 181950K->7742K(524032K), 0.0004643 secs] [Times: user=0.00 sys=0.00, real=0.00 secs] 
496.780: [GC [PSYoungGen: 174208K->0K(174464K)] 181950K->7742K(524032K), 0.0005327 secs] [Times: user=0.01 sys=0.00, real=0.00 secs] 
497.542: [GC [PSYoungGen: 174208K->0K(174464K)] 181950K->7742K(524032K), 0.0005529 secs] [Times: user=0.00 sys=0.00, real=0.00 secs] 
498.251: [GC [PSYoungGen: 174208K->32K(174464K)] 181950K->7774K(524032K), 0.0004753 secs] [Times: user=0.00 sys=0.00, real=0.00 secs] 
498.974: [GC [PSYoungGen: 174240K->0K(174528K)] 181982K->7742K(524096K), 0.0005104 secs] [Times: user=0.00 sys=0.00, real=0.00 secs] 
499.703: [GC [PSYoungGen: 174336K->32K(174528K)] 182078K->7774K(524096K), 0.0005058 secs] [Times: user=0.00 sys=0.00, real=0.00 secs] 
501.065: [GC [PSYoungGen: 174368K->192K(174400K)] 182110K->7950K(523968K), 0.0006368 secs] [Times: user=0.00 sys=0.01, real=0.00 secs] 
501.682: [GC [PSYoungGen: 174400K->128K(174464K)] 182158K->7950K(524032K), 0.0006010 secs] [Times: user=0.01 sys=0.00, real=0.00 secs] 
502.295: [GC [PSYoungGen: 174335K->96K(174464K)] 182158K->7918K(524032K), 0.0005410 secs] [Times: user=0.00 sys=0.01, real=0.00 secs] 
502.897: [GC [PSYoungGen: 174304K->32K(174464K)] 182126K->7854K(524032K), 0.0005156 secs] [Times: user=0.00 sys=0.00, real=0.00 secs] 
503.497: [GC [PSYoungGen: 174240K->128K(174464K)] 182062K->7950K(524032K), 0.0005611 secs] [Times: user=0.00 sys=0.00, real=0.00 secs] 
504.137: [GC [PSYoungGen: 174336K->64K(174464K)] 182158K->7886K(524032K), 0.0005659 secs] [Times: user=0.00 sys=0.00, real=0.00 secs] 
504.790: [GC [PSYoungGen: 174271K->128K(174464K)] 182094K->7950K(524032K), 0.0005628 secs] [Times: user=0.00 sys=0.00, real=0.00 secs] 
505.424: [GC [PSYoungGen: 174336K->32K(174464K)] 182158K->7854K(524032K), 0.0005687 secs] [Times: user=0.01 sys=0.00, real=0.01 secs] 
506.088: [GC [PSYoungGen: 174240K->96K(174464K)] 182062K->7918K(524032K), 0.0005295 secs] [Times: user=0.01 sys=0.00, real=0.00 secs] 
506.725: [GC [PSYoungGen: 174304K->32K(174464K)] 182126K->7854K(524032K), 0.0005398 secs] [Times: user=0.00 sys=0.00, real=0.00 secs] 
507.363: [GC [PSYoungGen: 174240K->64K(174528K)] 182062K->7886K(524096K), 0.0005791 secs] [Times: user=0.00 sys=0.00, real=0.00 secs] 
507.990: [GC [PSYoungGen: 174336K->64K(174464K)] 182158K->7886K(524032K), 0.0004902 secs] [Times: user=0.00 sys=0.00, real=0.00 secs] 
508.614: [GC [PSYoungGen: 174336K->32K(174528K)] 182158K->7854K(524096K), 0.0005330 secs] [Times: user=0.01 sys=0.00, real=0.00 secs] 
509.254: [GC [PSYoungGen: 174368K->128K(174528K)] 182190K->7950K(524096K), 0.0005730 secs] [Times: user=0.00 sys=0.00, real=0.01 secs] 
510.130: [GC [PSYoungGen: 174464K->192K(174400K)] 182286K->8030K(523968K), 0.0004791 secs] [Times: user=0.00 sys=0.00, real=0.00 secs] 
510.454: [GC [PSYoungGen: 174400K->160K(174464K)] 182238K->8062K(524032K), 0.0005547 secs] [Times: user=0.00 sys=0.01, real=0.01 secs] 
510.764: [GC [PSYoungGen: 174368K->160K(174464K)] 182270K->8062K(524032K), 0.0004696 secs] [Times: user=0.00 sys=0.00, real=0.00 secs] 
511.087: [GC [PSYoungGen: 174368K->128K(174464K)] 182270K->8030K(524032K), 0.0005748 secs] [Times: user=0.01 sys=0.00, real=0.00 secs] 
511.422: [GC [PSYoungGen: 174336K->160K(174464K)] 182238K->8062K(524032K), 0.0004963 secs] [Times: user=0.00 sys=0.00, real=0.00 secs] 
511.758: [GC [PSYoungGen: 174366K->96K(174464K)] 182268K->7998K(524032K), 0.0005295 secs] [Times: user=0.00 sys=0.00, real=0.00 secs] 
512.114: [GC [PSYoungGen: 174303K->64K(174464K)] 182205K->7966K(524032K), 0.0005487 secs] [Times: user=0.00 sys=0.00, real=0.00 secs] 
512.476: [GC [PSYoungGen: 174272K->160K(174464K)] 182174K->8062K(524032K), 0.0005046 secs] [Times: user=0.00 sys=0.00, real=0.00 secs] 
512.841: [GC [PSYoungGen: 174366K->64K(174464K)] 182268K->7966K(524032K), 0.0005715 secs] [Times: user=0.01 sys=0.00, real=0.00 secs] 
513.156: [GC [PSYoungGen: 174272K->128K(174464K)] 182174K->8030K(524032K), 0.0005195 secs] [Times: user=0.00 sys=0.00, real=0.00 secs] 
513.480: [GC [PSYoungGen: 174336K->192K(174464K)] 182238K->8094K(524032K), 0.0004702 secs] [Times: user=0.01 sys=0.00, real=0.00 secs] 
513.812: [GC [PSYoungGen: 174400K->64K(174464K)] 182302K->7966K(524032K), 0.0005513 secs] [Times: user=0.00 sys=0.00, real=0.00 secs] 
514.135: [GC [PSYoungGen: 174272K->160K(174464K)] 182174K->8062K(524032K), 0.0005318 secs] [Times: user=0.00 sys=0.00, real=0.00 secs] 
514.470: [GC [PSYoungGen: 174366K->64K(174464K)] 182268K->7966K(524032K), 0.0005472 secs] [Times: user=0.00 sys=0.00, real=0.00 secs] 
514.789: [GC [PSYoungGen: 174272K->160K(174464K)] 182174K->8062K(524032K), 0.0005358 secs] [Times: user=0.00 sys=0.00, real=0.00 secs] 
515.138: [GC [PSYoungGen: 174366K->64K(174464K)] 182269K->7966K(524032K), 0.0005360 secs] [Times: user=0.00 sys=0.00, real=0.00 secs] 
515.478: [GC [PSYoungGen: 174272K->128K(174464K)] 182174K->8030K(524032K), 0.0005285 secs] [Times: user=0.00 sys=0.00, real=0.00 secs] 
515.819: [GC [PSYoungGen: 174336K->128K(174464K)] 182238K->8030K(524032K), 0.0006124 secs] [Times: user=0.00 sys=0.00, real=0.00 secs] 
516.150: [GC [PSYoungGen: 174335K->128K(174464K)] 182237K->8030K(524032K), 0.0006532 secs] [Times: user=0.00 sys=0.00, real=0.00 secs] 
516.511: [GC [PSYoungGen: 174336K->128K(174464K)] 182238K->8030K(524032K), 0.0005082 secs] [Times: user=0.00 sys=0.00, real=0.00 secs] 
516.863: [GC [PSYoungGen: 174335K->160K(174464K)] 182237K->8062K(524032K), 0.0004551 secs] [Times: user=0.01 sys=0.00, real=0.00 secs] 
517.193: [GC [PSYoungGen: 174367K->96K(174464K)] 182270K->7998K(524032K), 0.0006857 secs] [Times: user=0.00 sys=0.00, real=0.00 secs] 
517.527: [GC [PSYoungGen: 174303K->32K(174464K)] 182205K->7934K(524032K), 0.0004658 secs] [Times: user=0.00 sys=0.00, real=0.00 secs] 
517.859: [GC [PSYoungGen: 174240K->96K(174464K)] 182142K->7998K(524032K), 0.0005177 secs] [Times: user=0.00 sys=0.00, real=0.00 secs] 
518.198: [GC [PSYoungGen: 174304K->96K(174464K)] 182206K->7998K(524032K), 0.0005280 secs] [Times: user=0.00 sys=0.00, real=0.00 secs] 
518.516: [GC [PSYoungGen: 174304K->128K(174464K)] 182206K->8030K(524032K), 0.0005265 secs] [Times: user=0.00 sys=0.00, real=0.00 secs] 
518.847: [GC [PSYoungGen: 174336K->160K(174464K)] 182238K->8062K(524032K), 0.0005438 secs] [Times: user=0.00 sys=0.01, real=0.00 secs] 
519.169: [GC [PSYoungGen: 174368K->192K(174464K)] 182270K->8094K(524032K), 0.0006272 secs] [Times: user=0.00 sys=0.00, real=0.00 secs] 
519.499: [GC [PSYoungGen: 174400K->128K(174464K)] 182302K->8030K(524032K), 0.0004179 secs] [Times: user=0.00 sys=0.00, real=0.00 secs] 
519.893: [GC [PSYoungGen: 174336K->256K(174464K)] 182238K->8158K(524032K), 0.0005786 secs] [Times: user=0.01 sys=0.00, real=0.00 secs] 
520.282: [GC [PSYoungGen: 174463K->64K(174336K)] 182365K->8022K(523904K), 0.0006159 secs] [Times: user=0.00 sys=0.00, real=0.00 secs] 
520.685: [GC [PSYoungGen: 174144K->128K(174400K)] 182102K->8086K(523968K), 0.0005481 secs] [Times: user=0.00 sys=0.00, real=0.00 secs] 
521.074: [GC [PSYoungGen: 174208K->64K(174464K)] 182166K->8022K(524032K), 0.0005928 secs] [Times: user=0.00 sys=0.01, real=0.00 secs] 
521.484: [GC [PSYoungGen: 174270K->96K(174464K)] 182228K->8054K(524032K), 0.0006268 secs] [Times: user=0.01 sys=0.00, real=0.00 secs] 
521.895: [GC [PSYoungGen: 174304K->32K(174464K)] 182262K->7990K(524032K), 0.0004897 secs] [Times: user=0.00 sys=0.00, real=0.00 secs] 
522.300: [GC [PSYoungGen: 174240K->64K(174464K)] 182198K->8022K(524032K), 0.0005998 secs] [Times: user=0.00 sys=0.01, real=0.00 secs] 
522.737: [GC [PSYoungGen: 174271K->96K(174464K)] 182230K->8054K(524032K), 0.0005821 secs] [Times: user=0.00 sys=0.00, real=0.00 secs] 
523.129: [GC [PSYoungGen: 174302K->64K(174464K)] 182261K->8022K(524032K), 0.0006033 secs] [Times: user=0.01 sys=0.00, real=0.00 secs] 
523.536: [GC [PSYoungGen: 174271K->160K(174464K)] 182230K->8118K(524032K), 0.0005239 secs] [Times: user=0.00 sys=0.00, real=0.00 secs] 
523.915: [GC [PSYoungGen: 174368K->64K(174464K)] 182326K->8022K(524032K), 0.0005743 secs] [Times: user=0.00 sys=0.00, real=0.00 secs] 
524.363: [GC [PSYoungGen: 174272K->128K(174464K)] 182230K->8086K(524032K), 0.0006211 secs] [Times: user=0.00 sys=0.00, real=0.00 secs] 
524.824: [GC [PSYoungGen: 174336K->64K(174464K)] 182294K->8022K(524032K), 0.0006778 secs] [Times: user=0.01 sys=0.00, real=0.00 secs] 
525.272: [GC [PSYoungGen: 174272K->64K(174464K)] 182230K->8022K(524032K), 0.0006398 secs] [Times: user=0.00 sys=0.00, real=0.00 secs] 
525.733: [GC [PSYoungGen: 174272K->0K(174464K)] 182230K->7958K(524032K), 0.0007684 secs] [Times: user=0.01 sys=0.00, real=0.00 secs] 
526.157: [GC [PSYoungGen: 174208K->32K(174464K)] 182166K->7990K(524032K), 0.0006435 secs] [Times: user=0.00 sys=0.00, real=0.00 secs] 
526.572: [GC [PSYoungGen: 174240K->96K(174464K)] 182198K->8054K(524032K), 0.0005779 secs] [Times: user=0.01 sys=0.00, real=0.00 secs] 
526.980: [GC [PSYoungGen: 174304K->96K(174464K)] 182262K->8054K(524032K), 0.0005666 secs] [Times: user=0.01 sys=0.00, real=0.00 secs] 
527.380: [GC [PSYoungGen: 174304K->160K(174464K)] 182262K->8118K(524032K), 0.0006099 secs] [Times: user=0.01 sys=0.00, real=0.00 secs] 
527.785: [GC [PSYoungGen: 174368K->64K(174464K)] 182326K->8022K(524032K), 0.0006167 secs] [Times: user=0.00 sys=0.00, real=0.01 secs] 
528.193: [GC [PSYoungGen: 174272K->32K(174464K)] 182230K->7990K(524032K), 0.0005203 secs] [Times: user=0.00 sys=0.00, real=0.00 secs] 
528.589: [GC [PSYoungGen: 174240K->64K(174464K)] 182198K->8022K(524032K), 0.0005332 secs] [Times: user=0.00 sys=0.00, real=0.00 secs] 
530.283: [GC [PSYoungGen: 174271K->256K(174464K)] 182230K->8214K(524032K), 0.0005547 secs] [Times: user=0.00 sys=0.00, real=0.00 secs] 
530.619: [GC [PSYoungGen: 174464K->160K(174336K)] 182422K->8182K(523904K), 0.0006229 secs] [Times: user=0.00 sys=0.00, real=0.00 secs] 
530.966: [GC [PSYoungGen: 174240K->96K(174400K)] 182262K->8118K(523968K), 0.0004840 secs] [Times: user=0.00 sys=0.01, real=0.00 secs] 
531.298: [GC [PSYoungGen: 174176K->160K(174464K)] 182198K->8182K(524032K), 0.0005779 secs] [Times: user=0.00 sys=0.00, real=0.00 secs] 
531.638: [GC [PSYoungGen: 174368K->96K(174464K)] 182390K->8118K(524032K), 0.0005845 secs] [Times: user=0.00 sys=0.00, real=0.00 secs] 
531.974: [GC [PSYoungGen: 174304K->128K(174464K)] 182326K->8150K(524032K), 0.0005661 secs] [Times: user=0.01 sys=0.00, real=0.00 secs] 
532.313: [GC [PSYoungGen: 174336K->160K(174464K)] 182358K->8182K(524032K), 0.0004908 secs] [Times: user=0.00 sys=0.00, real=0.00 secs] 
532.662: [GC [PSYoungGen: 174368K->224K(174336K)] 182390K->8246K(523904K), 0.0005054 secs] [Times: user=0.00 sys=0.00, real=0.00 secs] 
532.993: [GC [PSYoungGen: 174304K->64K(174400K)] 182326K->8086K(523968K), 0.0005481 secs] [Times: user=0.00 sys=0.00, real=0.00 secs] 
533.315: [GC [PSYoungGen: 174143K->128K(174464K)] 182166K->8150K(524032K), 0.0004669 secs] [Times: user=0.00 sys=0.00, real=0.01 secs] 
533.662: [GC [PSYoungGen: 174271K->64K(174400K)] 182293K->8086K(523968K), 0.0005985 secs] [Times: user=0.00 sys=0.00, real=0.00 secs] 
534.019: [GC [PSYoungGen: 174208K->160K(174464K)] 182230K->8182K(524032K), 0.0005757 secs] [Times: user=0.00 sys=0.00, real=0.00 secs] 
534.397: [GC [PSYoungGen: 174368K->96K(174464K)] 182390K->8118K(524032K), 0.0007499 secs] [Times: user=0.00 sys=0.00, real=0.00 secs] 
534.775: [GC [PSYoungGen: 174304K->96K(174464K)] 182326K->8118K(524032K), 0.0006019 secs] [Times: user=0.00 sys=0.00, real=0.00 secs] 
535.152: [GC [PSYoungGen: 174304K->64K(174464K)] 182326K->8086K(524032K), 0.0006451 secs] [Times: user=0.00 sys=0.00, real=0.00 secs] 
535.508: [GC [PSYoungGen: 174272K->192K(174464K)] 182294K->8214K(524032K), 0.0004701 secs] [Times: user=0.00 sys=0.00, real=0.00 secs] 
535.876: [GC [PSYoungGen: 174400K->64K(174464K)] 182422K->8086K(524032K), 0.0005721 secs] [Times: user=0.00 sys=0.01, real=0.00 secs] 
536.248: [GC [PSYoungGen: 174272K->96K(174464K)] 182294K->8118K(524032K), 0.0005078 secs] [Times: user=0.00 sys=0.00, real=0.00 secs] 
536.597: [GC [PSYoungGen: 174303K->160K(174464K)] 182326K->8182K(524032K), 0.0005406 secs] [Times: user=0.00 sys=0.00, real=0.00 secs] 
536.959: [GC [PSYoungGen: 174368K->160K(174464K)] 182390K->8182K(524032K), 0.0006046 secs] [Times: user=0.00 sys=0.00, real=0.00 secs] 
537.324: [GC [PSYoungGen: 174368K->96K(174464K)] 182390K->8118K(524032K), 0.0005525 secs] [Times: user=0.00 sys=0.00, real=0.00 secs] 
537.688: [GC [PSYoungGen: 174304K->128K(174464K)] 182326K->8150K(524032K), 0.0006212 secs] [Times: user=0.01 sys=0.00, real=0.00 secs] 
538.050: [GC [PSYoungGen: 174334K->128K(174464K)] 182356K->8150K(524032K), 0.0005911 secs] [Times: user=0.00 sys=0.00, real=0.00 secs] 
538.406: [GC [PSYoungGen: 174334K->64K(174464K)] 182357K->8086K(524032K), 0.0004700 secs] [Times: user=0.00 sys=0.00, real=0.00 secs] 
538.759: [GC [PSYoungGen: 174272K->128K(174464K)] 182294K->8150K(524032K), 0.0005442 secs] [Times: user=0.00 sys=0.00, real=0.00 secs] 
539.119: [GC [PSYoungGen: 174336K->160K(174464K)] 182358K->8182K(524032K), 0.0004683 secs] [Times: user=0.00 sys=0.00, real=0.00 secs] 
Heap
 PSYoungGen      total 174464K, used 30672K [7f5560000, 800000000, 800000000)
  eden space 174208K, 17% used [7f5560000,7f732c378,7fff80000)
  from space 256K, 62% used [7fffc0000,7fffe8000,800000000)
  to   space 256K, 0% used [7fff80000,7fff80000,7fffc0000)
 PSOldGen        total 349568K, used 8022K [7e0000000, 7f5560000, 7f5560000)
  object space 349568K, 2% used [7e0000000,7e07d5970,7f5560000)
 PSPermGen       total 21248K, used 6077K [7dae00000, 7dc2c0000, 7e0000000)
  object space 21248K, 28% used [7dae00000,7db3ef560,7dc2c0000)
