0.244: [GC [PSYoungGen: 131072K->1472K(152896K)] 131072K->1472K(502464K), 0.0021246 secs] [Times: user=0.01 sys=0.00, real=0.00 secs] 
1.158: [GC [PSYoungGen: 132544K->1568K(152896K)] 132544K->1568K(502464K), 0.0011627 secs] [Times: user=0.01 sys=0.01, real=0.00 secs] 
2.066: [GC [PSYoungGen: 132640K->1536K(152896K)] 132640K->1536K(502464K), 0.0008301 secs] [Times: user=0.00 sys=0.00, real=0.00 secs] 
3.169: [GC [PSYoungGen: 132608K->1536K(152896K)] 132608K->1536K(502464K), 0.0009361 secs] [Times: user=0.00 sys=0.00, real=0.00 secs] 
4.366: [GC [PSYoungGen: 132608K->1568K(152896K)] 132608K->1568K(502464K), 0.0007330 secs] [Times: user=0.00 sys=0.00, real=0.00 secs] 
5.604: [GC [PSYoungGen: 132640K->1520K(173120K)] 132640K->1520K(522688K), 0.0011758 secs] [Times: user=0.00 sys=0.00, real=0.00 secs] 
7.242: [GC [PSYoungGen: 173040K->192K(171712K)] 173040K->1481K(521280K), 0.0012914 secs] [Times: user=0.00 sys=0.01, real=0.00 secs] 
9.268: [GC [PSYoungGen: 171712K->256K(172544K)] 173001K->1545K(522112K), 0.0005267 secs] [Times: user=0.00 sys=0.00, real=0.00 secs] 
11.842: [GC [PSYoungGen: 170880K->256K(170880K)] 172169K->1593K(520448K), 0.0005370 secs] [Times: user=0.00 sys=0.00, real=0.00 secs] 
14.416: [GC [PSYoungGen: 170880K->32K(172416K)] 172217K->1457K(521984K), 0.0004576 secs] [Times: user=0.00 sys=0.00, real=0.00 secs] 
17.358: [GC [PSYoungGen: 170272K->256K(172480K)] 171697K->1681K(522048K), 0.0004943 secs] [Times: user=0.00 sys=0.00, real=0.00 secs] 
19.283: [GC [PSYoungGen: 170496K->160K(172480K)] 171921K->1673K(522048K), 0.0005786 secs] [Times: user=0.01 sys=0.00, real=0.00 secs] 
21.175: [GC [PSYoungGen: 170400K->96K(172480K)] 171913K->1609K(522048K), 0.0004543 secs] [Times: user=0.01 sys=0.01, real=0.00 secs] 
23.114: [GC [PSYoungGen: 170336K->32K(172480K)] 171849K->1545K(522048K), 0.0004315 secs] [Times: user=0.00 sys=0.00, real=0.00 secs] 
25.309: [GC [PSYoungGen: 170272K->256K(172480K)] 171785K->1769K(522048K), 0.0006765 secs] [Times: user=0.01 sys=0.00, real=0.00 secs] 
26.506: [GC [PSYoungGen: 170496K->128K(172608K)] 172009K->1729K(522176K), 0.0006541 secs] [Times: user=0.01 sys=0.00, real=0.00 secs] 
27.705: [GC [PSYoungGen: 170624K->96K(172608K)] 172225K->1697K(522176K), 0.0004810 secs] [Times: user=0.00 sys=0.00, real=0.00 secs] 
28.917: [GC [PSYoungGen: 170592K->32K(172736K)] 172193K->1633K(522304K), 0.0004834 secs] [Times: user=0.00 sys=0.00, real=0.00 secs] 
30.436: [GC [PSYoungGen: 170720K->96K(172672K)] 172321K->1697K(522240K), 0.0005032 secs] [Times: user=0.00 sys=0.00, real=0.00 secs] 
31.861: [GC [PSYoungGen: 170784K->128K(172928K)] 172385K->1729K(522496K), 0.0004366 secs] [Times: user=0.00 sys=0.00, real=0.00 secs] 
33.027: [GC [PSYoungGen: 171136K->96K(172800K)] 172737K->1697K(522368K), 0.0004819 secs] [Times: user=0.00 sys=0.00, real=0.00 secs] 
34.652: [GC [PSYoungGen: 171104K->256K(173120K)] 172705K->1857K(522688K), 0.0005013 secs] [Times: user=0.00 sys=0.00, real=0.00 secs] 
36.474: [GC [PSYoungGen: 171648K->96K(172992K)] 173249K->1761K(522560K), 0.0004992 secs] [Times: user=0.00 sys=0.00, real=0.00 secs] 
38.277: [GC [PSYoungGen: 171488K->64K(173248K)] 173153K->1729K(522816K), 0.0004262 secs] [Times: user=0.00 sys=0.00, real=0.00 secs] 
40.109: [GC [PSYoungGen: 171776K->96K(173184K)] 173441K->1761K(522752K), 0.0004253 secs] [Times: user=0.00 sys=0.00, real=0.00 secs] 
41.921: [GC [PSYoungGen: 171808K->32K(173376K)] 173473K->1697K(522944K), 0.0004556 secs] [Times: user=0.01 sys=0.00, real=0.00 secs] 
43.888: [GC [PSYoungGen: 172000K->256K(173312K)] 173665K->1921K(522880K), 0.0005228 secs] [Times: user=0.00 sys=0.00, real=0.01 secs] 
45.356: [GC [PSYoungGen: 172224K->96K(173568K)] 173889K->1825K(523136K), 0.0008320 secs] [Times: user=0.00 sys=0.00, real=0.00 secs] 
46.795: [GC [PSYoungGen: 172448K->96K(173504K)] 174177K->1825K(523072K), 0.0004677 secs] [Times: user=0.00 sys=0.00, real=0.00 secs] 
48.376: [GC [PSYoungGen: 172448K->64K(173632K)] 174177K->1793K(523200K), 0.0005832 secs] [Times: user=0.00 sys=0.00, real=0.00 secs] 
49.881: [GC [PSYoungGen: 172544K->96K(173568K)] 174273K->1825K(523136K), 0.0004344 secs] [Times: user=0.01 sys=0.00, real=0.00 secs] 
51.321: [GC [PSYoungGen: 172576K->256K(173760K)] 174305K->1985K(523328K), 0.0005343 secs] [Times: user=0.01 sys=0.00, real=0.00 secs] 
52.159: [GC [PSYoungGen: 172992K->64K(173696K)] 174721K->1857K(523264K), 0.0005107 secs] [Times: user=0.00 sys=0.00, real=0.00 secs] 
53.064: [GC [PSYoungGen: 172800K->32K(173888K)] 174593K->1825K(523456K), 0.0005561 secs] [Times: user=0.00 sys=0.00, real=0.00 secs] 
54.022: [GC [PSYoungGen: 173024K->96K(173824K)] 174817K->1889K(523392K), 0.0005417 secs] [Times: user=0.00 sys=0.00, real=0.00 secs] 
54.885: [GC [PSYoungGen: 173088K->96K(173952K)] 174881K->1889K(523520K), 0.0004134 secs] [Times: user=0.00 sys=0.00, real=0.00 secs] 
55.779: [GC [PSYoungGen: 173216K->32K(173888K)] 175009K->1825K(523456K), 0.0004815 secs] [Times: user=0.00 sys=0.01, real=0.00 secs] 
56.903: [GC [PSYoungGen: 173152K->64K(174016K)] 174945K->1857K(523584K), 0.0005153 secs] [Times: user=0.01 sys=0.00, real=0.00 secs] 
57.789: [GC [PSYoungGen: 173376K->96K(174016K)] 175169K->1889K(523584K), 0.0004090 secs] [Times: user=0.00 sys=0.00, real=0.00 secs] 
58.949: [GC [PSYoungGen: 173408K->64K(174080K)] 175201K->1857K(523648K), 0.0005356 secs] [Times: user=0.00 sys=0.00, real=0.00 secs] 
59.814: [GC [PSYoungGen: 173504K->32K(174080K)] 175297K->1825K(523648K), 0.0005706 secs] [Times: user=0.00 sys=0.00, real=0.00 secs] 
60.919: [GC [PSYoungGen: 173472K->288K(174144K)] 175265K->2081K(523712K), 0.0005188 secs] [Times: user=0.00 sys=0.00, real=0.00 secs] 
62.085: [GC [PSYoungGen: 173856K->64K(174144K)] 175649K->1921K(523712K), 0.0005088 secs] [Times: user=0.01 sys=0.00, real=0.00 secs] 
63.266: [GC [PSYoungGen: 173632K->64K(174208K)] 175489K->1921K(523776K), 0.0004219 secs] [Times: user=0.00 sys=0.00, real=0.00 secs] 
64.441: [GC [PSYoungGen: 173696K->128K(174144K)] 175553K->1985K(523712K), 0.0004870 secs] [Times: user=0.00 sys=0.01, real=0.00 secs] 
65.681: [GC [PSYoungGen: 173760K->64K(174208K)] 175617K->1921K(523776K), 0.0003972 secs] [Times: user=0.00 sys=0.00, real=0.00 secs] 
66.934: [GC [PSYoungGen: 173760K->32K(174208K)] 175617K->1889K(523776K), 0.0006772 secs] [Times: user=0.00 sys=0.00, real=0.00 secs] 
68.182: [GC [PSYoungGen: 173728K->64K(174272K)] 175585K->1921K(523840K), 0.0004690 secs] [Times: user=0.00 sys=0.00, real=0.00 secs] 
69.729: [GC [PSYoungGen: 173888K->256K(174272K)] 175745K->2113K(523840K), 0.0005507 secs] [Times: user=0.01 sys=0.00, real=0.00 secs] 
70.738: [GC [PSYoungGen: 174080K->32K(174272K)] 175937K->1953K(523840K), 0.0004867 secs] [Times: user=0.00 sys=0.00, real=0.00 secs] 
71.708: [GC [PSYoungGen: 173856K->64K(174272K)] 175777K->1985K(523840K), 0.0005013 secs] [Times: user=0.00 sys=0.00, real=0.00 secs] 
72.786: [GC [PSYoungGen: 173888K->0K(174336K)] 175809K->1921K(523904K), 0.0004487 secs] [Times: user=0.00 sys=0.00, real=0.00 secs] 
73.728: [GC [PSYoungGen: 173888K->64K(174272K)] 175809K->1985K(523840K), 0.0004641 secs] [Times: user=0.01 sys=0.01, real=0.00 secs] 
74.706: [GC [PSYoungGen: 173952K->96K(174336K)] 175873K->2017K(523904K), 0.0004781 secs] [Times: user=0.00 sys=0.01, real=0.00 secs] 
75.666: [GC [PSYoungGen: 174048K->64K(174336K)] 175969K->1985K(523904K), 0.0004633 secs] [Times: user=0.00 sys=0.00, real=0.00 secs] 
76.656: [GC [PSYoungGen: 174016K->32K(174400K)] 175937K->1953K(523968K), 0.0004561 secs] [Times: user=0.00 sys=0.00, real=0.00 secs] 
77.632: [GC [PSYoungGen: 174112K->256K(174336K)] 176033K->2177K(523904K), 0.0004855 secs] [Times: user=0.01 sys=0.00, real=0.00 secs] 
78.244: [GC [PSYoungGen: 174336K->96K(174336K)] 176257K->2081K(523904K), 0.0004611 secs] [Times: user=0.00 sys=0.00, real=0.00 secs] 
78.815: [GC [PSYoungGen: 174047K->160K(174336K)] 176033K->2145K(523904K), 0.0005937 secs] [Times: user=0.00 sys=0.00, real=0.00 secs] 
79.374: [GC [PSYoungGen: 174112K->128K(174400K)] 176097K->2113K(523968K), 0.0006140 secs] [Times: user=0.01 sys=0.00, real=0.00 secs] 
79.916: [GC [PSYoungGen: 174144K->32K(174336K)] 176129K->2017K(523904K), 0.0005190 secs] [Times: user=0.00 sys=0.00, real=0.00 secs] 
80.692: [GC [PSYoungGen: 174048K->32K(174400K)] 176033K->2017K(523968K), 0.0006165 secs] [Times: user=0.00 sys=0.00, real=0.00 secs] 
81.463: [GC [PSYoungGen: 174112K->64K(174400K)] 176097K->2049K(523968K), 0.0004483 secs] [Times: user=0.00 sys=0.00, real=0.00 secs] 
82.772: [GC [PSYoungGen: 174144K->128K(174400K)] 176129K->2113K(523968K), 0.0005443 secs] [Times: user=0.00 sys=0.00, real=0.00 secs] 
83.364: [GC [PSYoungGen: 174208K->64K(174400K)] 176193K->2049K(523968K), 0.0005501 secs] [Times: user=0.00 sys=0.00, real=0.00 secs] 
83.874: [GC [PSYoungGen: 174144K->64K(174464K)] 176129K->2049K(524032K), 0.0004210 secs] [Times: user=0.00 sys=0.00, real=0.00 secs] 
84.389: [GC [PSYoungGen: 174208K->32K(174400K)] 176193K->2017K(523968K), 0.0005680 secs] [Times: user=0.00 sys=0.00, real=0.00 secs] 
84.948: [GC [PSYoungGen: 174175K->96K(174464K)] 176161K->2081K(524032K), 0.0005468 secs] [Times: user=0.00 sys=0.00, real=0.00 secs] 
85.446: [GC [PSYoungGen: 174304K->96K(174464K)] 176289K->2081K(524032K), 0.0004468 secs] [Times: user=0.00 sys=0.00, real=0.00 secs] 
85.937: [GC [PSYoungGen: 174304K->128K(174464K)] 176289K->2113K(524032K), 0.0004697 secs] [Times: user=0.01 sys=0.00, real=0.00 secs] 
86.511: [GC [PSYoungGen: 174336K->96K(174464K)] 176321K->2081K(524032K), 0.0005947 secs] [Times: user=0.00 sys=0.00, real=0.00 secs] 
87.350: [GC [PSYoungGen: 174304K->96K(174464K)] 176289K->2081K(524032K), 0.0005142 secs] [Times: user=0.00 sys=0.00, real=0.00 secs] 
88.207: [GC [PSYoungGen: 174304K->256K(174464K)] 176289K->2241K(524032K), 0.0005107 secs] [Times: user=0.00 sys=0.00, real=0.00 secs] 
88.927: [GC [PSYoungGen: 174464K->32K(174464K)] 176449K->2073K(524032K), 0.0005464 secs] [Times: user=0.00 sys=0.00, real=0.00 secs] 
89.640: [GC [PSYoungGen: 174240K->64K(174464K)] 176281K->2105K(524032K), 0.0006095 secs] [Times: user=0.00 sys=0.00, real=0.00 secs] 
90.361: [GC [PSYoungGen: 174272K->32K(174464K)] 176313K->2073K(524032K), 0.0004571 secs] [Times: user=0.01 sys=0.00, real=0.00 secs] 
91.179: [GC [PSYoungGen: 174240K->32K(174464K)] 176281K->2073K(524032K), 0.0004669 secs] [Times: user=0.00 sys=0.00, real=0.00 secs] 
91.873: [GC [PSYoungGen: 174240K->0K(174464K)] 176281K->2041K(524032K), 0.0005139 secs] [Times: user=0.00 sys=0.00, real=0.00 secs] 
92.554: [GC [PSYoungGen: 174208K->96K(174464K)] 176249K->2137K(524032K), 0.0004448 secs] [Times: user=0.00 sys=0.00, real=0.00 secs] 
93.243: [GC [PSYoungGen: 174304K->32K(174464K)] 176345K->2073K(524032K), 0.0005003 secs] [Times: user=0.00 sys=0.00, real=0.00 secs] 
93.939: [GC [PSYoungGen: 174240K->96K(174464K)] 176281K->2137K(524032K), 0.0004800 secs] [Times: user=0.00 sys=0.00, real=0.00 secs] 
94.631: [GC [PSYoungGen: 174304K->160K(174464K)] 176345K->2201K(524032K), 0.0004141 secs] [Times: user=0.00 sys=0.00, real=0.00 secs] 
95.327: [GC [PSYoungGen: 174368K->64K(174464K)] 176409K->2105K(524032K), 0.0004829 secs] [Times: user=0.00 sys=0.00, real=0.00 secs] 
96.032: [GC [PSYoungGen: 174272K->96K(174464K)] 176313K->2137K(524032K), 0.0004834 secs] [Times: user=0.00 sys=0.00, real=0.00 secs] 
97.380: [GC [PSYoungGen: 174304K->256K(174464K)] 176345K->2297K(524032K), 0.0005079 secs] [Times: user=0.00 sys=0.00, real=0.01 secs] 
97.941: [GC [PSYoungGen: 174464K->64K(174464K)] 176505K->2169K(524032K), 0.0006464 secs] [Times: user=0.00 sys=0.00, real=0.00 secs] 
98.512: [GC [PSYoungGen: 174272K->32K(174464K)] 176377K->2137K(524032K), 0.0005258 secs] [Times: user=0.00 sys=0.00, real=0.00 secs] 
99.049: [GC [PSYoungGen: 174240K->128K(174464K)] 176345K->2233K(524032K), 0.0004544 secs] [Times: user=0.01 sys=0.00, real=0.00 secs] 
99.614: [GC [PSYoungGen: 174336K->32K(174464K)] 176441K->2137K(524032K), 0.0005164 secs] [Times: user=0.00 sys=0.00, real=0.00 secs] 
100.170: [GC [PSYoungGen: 174240K->32K(174464K)] 176345K->2137K(524032K), 0.0004922 secs] [Times: user=0.00 sys=0.00, real=0.01 secs] 
100.713: [GC [PSYoungGen: 174240K->128K(174464K)] 176345K->2233K(524032K), 0.0004143 secs] [Times: user=0.00 sys=0.00, real=0.00 secs] 
101.298: [GC [PSYoungGen: 174336K->64K(174464K)] 176441K->2169K(524032K), 0.0004368 secs] [Times: user=0.00 sys=0.00, real=0.00 secs] 
101.872: [GC [PSYoungGen: 174272K->64K(174464K)] 176377K->2169K(524032K), 0.0005007 secs] [Times: user=0.00 sys=0.00, real=0.00 secs] 
102.546: [GC [PSYoungGen: 174272K->64K(174464K)] 176377K->2169K(524032K), 0.0005057 secs] [Times: user=0.00 sys=0.00, real=0.00 secs] 
103.099: [GC [PSYoungGen: 174272K->64K(174464K)] 176377K->2169K(524032K), 0.0004993 secs] [Times: user=0.00 sys=0.00, real=0.00 secs] 
103.656: [GC [PSYoungGen: 174272K->128K(174464K)] 176377K->2233K(524032K), 0.0004974 secs] [Times: user=0.00 sys=0.01, real=0.00 secs] 
104.198: [GC [PSYoungGen: 174336K->32K(174464K)] 176441K->2137K(524032K), 0.0005124 secs] [Times: user=0.00 sys=0.00, real=0.00 secs] 
104.740: [GC [PSYoungGen: 174240K->64K(174528K)] 176345K->2169K(524096K), 0.0004345 secs] [Times: user=0.00 sys=0.00, real=0.01 secs] 
105.538: [GC [PSYoungGen: 174336K->192K(174464K)] 176441K->2313K(524032K), 0.0005303 secs] [Times: user=0.00 sys=0.00, real=0.00 secs] 
105.896: [GC [PSYoungGen: 174464K->96K(174464K)] 176585K->2281K(524032K), 0.0004456 secs] [Times: user=0.00 sys=0.00, real=0.00 secs] 
106.288: [GC [PSYoungGen: 174304K->96K(174464K)] 176489K->2281K(524032K), 0.0004505 secs] [Times: user=0.00 sys=0.00, real=0.00 secs] 
106.643: [GC [PSYoungGen: 174304K->128K(174464K)] 176489K->2313K(524032K), 0.0004779 secs] [Times: user=0.00 sys=0.00, real=0.00 secs] 
107.017: [GC [PSYoungGen: 174336K->64K(174464K)] 176521K->2249K(524032K), 0.0004644 secs] [Times: user=0.00 sys=0.00, real=0.00 secs] 
107.382: [GC [PSYoungGen: 174272K->32K(174464K)] 176457K->2217K(524032K), 0.0005776 secs] [Times: user=0.00 sys=0.00, real=0.00 secs] 
107.747: [GC [PSYoungGen: 174240K->64K(174464K)] 176425K->2249K(524032K), 0.0004498 secs] [Times: user=0.01 sys=0.00, real=0.00 secs] 
108.087: [GC [PSYoungGen: 174272K->64K(174528K)] 176457K->2249K(524096K), 0.0004538 secs] [Times: user=0.00 sys=0.00, real=0.00 secs] 
108.750: [GC [PSYoungGen: 174336K->32K(174464K)] 176521K->2217K(524032K), 0.0004817 secs] [Times: user=0.00 sys=0.00, real=0.00 secs] 
109.527: [GC [PSYoungGen: 174304K->96K(174528K)] 176489K->2281K(524096K), 0.0005141 secs] [Times: user=0.00 sys=0.01, real=0.00 secs] 
110.284: [GC [PSYoungGen: 174432K->128K(174528K)] 176617K->2313K(524096K), 0.0006659 secs] [Times: user=0.01 sys=0.00, real=0.00 secs] 
110.938: [GC [PSYoungGen: 174464K->32K(174528K)] 176649K->2217K(524096K), 0.0004132 secs] [Times: user=0.01 sys=0.00, real=0.00 secs] 
111.638: [GC [PSYoungGen: 174368K->64K(174528K)] 176553K->2249K(524096K), 0.0005709 secs] [Times: user=0.01 sys=0.00, real=0.00 secs] 
112.329: [GC [PSYoungGen: 174400K->96K(174528K)] 176585K->2281K(524096K), 0.0005682 secs] [Times: user=0.01 sys=0.00, real=0.00 secs] 
113.034: [GC [PSYoungGen: 174432K->64K(174528K)] 176617K->2249K(524096K), 0.0006580 secs] [Times: user=0.00 sys=0.00, real=0.00 secs] 
115.236: [GC [PSYoungGen: 174400K->96K(174528K)] 176585K->2281K(524096K), 0.0004743 secs] [Times: user=0.00 sys=0.00, real=0.00 secs] 
115.650: [GC [PSYoungGen: 174432K->32K(174528K)] 176617K->2217K(524096K), 0.0004330 secs] [Times: user=0.00 sys=0.00, real=0.00 secs] 
116.028: [GC [PSYoungGen: 174368K->128K(174528K)] 176553K->2313K(524096K), 0.0005111 secs] [Times: user=0.00 sys=0.00, real=0.00 secs] 
116.376: [GC [PSYoungGen: 174464K->96K(174528K)] 176649K->2281K(524096K), 0.0004109 secs] [Times: user=0.00 sys=0.00, real=0.00 secs] 
116.746: [GC [PSYoungGen: 174432K->32K(174528K)] 176617K->2217K(524096K), 0.0004412 secs] [Times: user=0.01 sys=0.00, real=0.00 secs] 
117.115: [GC [PSYoungGen: 174368K->160K(174528K)] 176553K->2345K(524096K), 0.0004133 secs] [Times: user=0.01 sys=0.00, real=0.00 secs] 
117.457: [GC [PSYoungGen: 174496K->128K(174400K)] 176681K->2313K(523968K), 0.0005046 secs] [Times: user=0.00 sys=0.00, real=0.00 secs] 
117.817: [GC [PSYoungGen: 174335K->64K(174464K)] 176521K->2249K(524032K), 0.0004233 secs] [Times: user=0.00 sys=0.00, real=0.00 secs] 
118.161: [GC [PSYoungGen: 174272K->96K(174528K)] 176457K->2281K(524096K), 0.0005013 secs] [Times: user=0.00 sys=0.00, real=0.00 secs] 
118.503: [GC [PSYoungGen: 174432K->96K(174528K)] 176617K->2281K(524096K), 0.0004698 secs] [Times: user=0.00 sys=0.00, real=0.00 secs] 
118.869: [GC [PSYoungGen: 174432K->32K(174528K)] 176617K->2217K(524096K), 0.0005068 secs] [Times: user=0.01 sys=0.00, real=0.00 secs] 
119.223: [GC [PSYoungGen: 174368K->64K(174528K)] 176553K->2249K(524096K), 0.0004328 secs] [Times: user=0.00 sys=0.00, real=0.00 secs] 
119.565: [GC [PSYoungGen: 174400K->96K(174528K)] 176585K->2281K(524096K), 0.0004689 secs] [Times: user=0.00 sys=0.00, real=0.00 secs] 
119.910: [GC [PSYoungGen: 174432K->128K(174528K)] 176617K->2313K(524096K), 0.0004806 secs] [Times: user=0.00 sys=0.00, real=0.01 secs] 
120.270: [GC [PSYoungGen: 174464K->192K(174400K)] 176649K->2393K(523968K), 0.0004722 secs] [Times: user=0.00 sys=0.00, real=0.01 secs] 
120.651: [GC [PSYoungGen: 174400K->32K(174464K)] 176601K->2297K(524032K), 0.0004819 secs] [Times: user=0.00 sys=0.00, real=0.00 secs] 
121.031: [GC [PSYoungGen: 174240K->96K(174464K)] 176505K->2361K(524032K), 0.0004994 secs] [Times: user=0.01 sys=0.00, real=0.00 secs] 
121.406: [GC [PSYoungGen: 174304K->64K(174464K)] 176569K->2329K(524032K), 0.0004797 secs] [Times: user=0.00 sys=0.00, real=0.00 secs] 
121.776: [GC [PSYoungGen: 174272K->96K(174528K)] 176537K->2361K(524096K), 0.0004397 secs] [Times: user=0.00 sys=0.00, real=0.00 secs] 
122.159: [GC [PSYoungGen: 174368K->32K(174464K)] 176633K->2297K(524032K), 0.0004927 secs] [Times: user=0.01 sys=0.00, real=0.00 secs] 
122.537: [GC [PSYoungGen: 174304K->64K(174528K)] 176569K->2329K(524096K), 0.0005840 secs] [Times: user=0.01 sys=0.00, real=0.00 secs] 
122.921: [GC [PSYoungGen: 174400K->96K(174528K)] 176665K->2361K(524096K), 0.0004171 secs] [Times: user=0.01 sys=0.00, real=0.00 secs] 
123.292: [GC [PSYoungGen: 174432K->192K(174400K)] 176697K->2457K(523968K), 0.0004562 secs] [Times: user=0.00 sys=0.00, real=0.00 secs] 
123.674: [GC [PSYoungGen: 174400K->96K(174464K)] 176665K->2361K(524032K), 0.0004359 secs] [Times: user=0.00 sys=0.00, real=0.00 secs] 
124.047: [GC [PSYoungGen: 174304K->160K(174464K)] 176569K->2425K(524032K), 0.0003993 secs] [Times: user=0.00 sys=0.00, real=0.00 secs] 
124.426: [GC [PSYoungGen: 174368K->128K(174464K)] 176633K->2393K(524032K), 0.0004562 secs] [Times: user=0.00 sys=0.00, real=0.00 secs] 
124.804: [GC [PSYoungGen: 174336K->96K(174464K)] 176601K->2361K(524032K), 0.0005081 secs] [Times: user=0.00 sys=0.00, real=0.00 secs] 
125.179: [GC [PSYoungGen: 174304K->64K(174464K)] 176569K->2329K(524032K), 0.0005239 secs] [Times: user=0.00 sys=0.00, real=0.00 secs] 
125.559: [GC [PSYoungGen: 174272K->128K(174464K)] 176537K->2393K(524032K), 0.0005328 secs] [Times: user=0.00 sys=0.00, real=0.00 secs] 
125.943: [GC [PSYoungGen: 174336K->160K(174464K)] 176601K->2425K(524032K), 0.0004397 secs] [Times: user=0.00 sys=0.00, real=0.00 secs] 
126.325: [GC [PSYoungGen: 174368K->64K(174464K)] 176633K->2329K(524032K), 0.0005035 secs] [Times: user=0.01 sys=0.00, real=0.00 secs] 
126.695: [GC [PSYoungGen: 174272K->0K(174464K)] 176537K->2265K(524032K), 0.0004892 secs] [Times: user=0.00 sys=0.00, real=0.00 secs] 
127.079: [GC [PSYoungGen: 174208K->96K(174464K)] 176473K->2361K(524032K), 0.0004935 secs] [Times: user=0.01 sys=0.00, real=0.00 secs] 
127.469: [GC [PSYoungGen: 174304K->64K(174464K)] 176569K->2329K(524032K), 0.0005825 secs] [Times: user=0.01 sys=0.00, real=0.00 secs] 
127.854: [GC [PSYoungGen: 174272K->96K(174528K)] 176537K->2361K(524096K), 0.0005098 secs] [Times: user=0.00 sys=0.00, real=0.00 secs] 
128.232: [GC [PSYoungGen: 174368K->128K(174464K)] 176633K->2393K(524032K), 0.0004535 secs] [Times: user=0.00 sys=0.00, real=0.00 secs] 
129.707: [GC [PSYoungGen: 174400K->256K(174464K)] 176665K->2521K(524032K), 0.0004682 secs] [Times: user=0.01 sys=0.01, real=0.00 secs] 
130.131: [GC [PSYoungGen: 174464K->160K(174464K)] 176729K->2489K(524032K), 0.0004488 secs] [Times: user=0.00 sys=0.00, real=0.00 secs] 
130.487: [GC [PSYoungGen: 174368K->128K(174464K)] 176697K->2457K(524032K), 0.0004635 secs] [Times: user=0.00 sys=0.00, real=0.00 secs] 
130.825: [GC [PSYoungGen: 174336K->128K(174464K)] 176665K->2457K(524032K), 0.0004369 secs] [Times: user=0.01 sys=0.00, real=0.00 secs] 
131.361: [GC [PSYoungGen: 174336K->32K(174464K)] 176665K->2361K(524032K), 0.0005596 secs] [Times: user=0.00 sys=0.00, real=0.01 secs] 
131.900: [GC [PSYoungGen: 174240K->32K(174464K)] 176569K->2361K(524032K), 0.0004988 secs] [Times: user=0.00 sys=0.00, real=0.01 secs] 
132.246: [GC [PSYoungGen: 174240K->128K(174464K)] 176569K->2457K(524032K), 0.0004893 secs] [Times: user=0.00 sys=0.00, real=0.00 secs] 
132.703: [GC [PSYoungGen: 174336K->96K(174464K)] 176665K->2425K(524032K), 0.0006180 secs] [Times: user=0.01 sys=0.00, real=0.00 secs] 
133.052: [GC [PSYoungGen: 174304K->64K(174464K)] 176633K->2393K(524032K), 0.0005000 secs] [Times: user=0.00 sys=0.00, real=0.00 secs] 
133.389: [GC [PSYoungGen: 174269K->64K(174464K)] 176598K->2393K(524032K), 0.0004928 secs] [Times: user=0.00 sys=0.00, real=0.00 secs] 
133.826: [GC [PSYoungGen: 174272K->128K(174464K)] 176601K->2457K(524032K), 0.0005698 secs] [Times: user=0.00 sys=0.00, real=0.00 secs] 
134.457: [GC [PSYoungGen: 174336K->96K(174464K)] 176665K->2425K(524032K), 0.0004673 secs] [Times: user=0.00 sys=0.00, real=0.00 secs] 
135.111: [GC [PSYoungGen: 174304K->96K(174528K)] 176633K->2425K(524096K), 0.0005850 secs] [Times: user=0.00 sys=0.00, real=0.01 secs] 
135.785: [GC [PSYoungGen: 174368K->32K(174464K)] 176697K->2361K(524032K), 0.0004921 secs] [Times: user=0.01 sys=0.00, real=0.00 secs] 
137.018: [GC [PSYoungGen: 174304K->96K(174528K)] 176633K->2425K(524096K), 0.0004322 secs] [Times: user=0.00 sys=0.00, real=0.00 secs] 
137.419: [GC [PSYoungGen: 174368K->64K(174464K)] 176697K->2393K(524032K), 0.0005819 secs] [Times: user=0.01 sys=0.00, real=0.00 secs] 
137.770: [GC [PSYoungGen: 174336K->0K(174528K)] 176665K->2329K(524096K), 0.0005540 secs] [Times: user=0.00 sys=0.00, real=0.00 secs] 
138.136: [GC [PSYoungGen: 174336K->128K(174464K)] 176665K->2457K(524032K), 0.0004679 secs] [Times: user=0.00 sys=0.00, real=0.00 secs] 
138.481: [GC [PSYoungGen: 174464K->32K(174528K)] 176793K->2361K(524096K), 0.0005324 secs] [Times: user=0.01 sys=0.00, real=0.01 secs] 
138.828: [GC [PSYoungGen: 174304K->32K(174464K)] 176633K->2361K(524032K), 0.0005956 secs] [Times: user=0.01 sys=0.00, real=0.00 secs] 
139.159: [GC [PSYoungGen: 174304K->64K(174528K)] 176633K->2393K(524096K), 0.0005246 secs] [Times: user=0.01 sys=0.00, real=0.00 secs] 
139.484: [GC [PSYoungGen: 174400K->32K(174528K)] 176729K->2361K(524096K), 0.0004875 secs] [Times: user=0.00 sys=0.00, real=0.00 secs] 
139.822: [GC [PSYoungGen: 174368K->32K(174528K)] 176697K->2361K(524096K), 0.0005085 secs] [Times: user=0.00 sys=0.00, real=0.00 secs] 
140.161: [GC [PSYoungGen: 174368K->32K(174528K)] 176697K->2361K(524096K), 0.0004871 secs] [Times: user=0.00 sys=0.00, real=0.00 secs] 
140.505: [GC [PSYoungGen: 174368K->64K(174528K)] 176697K->2393K(524096K), 0.0006029 secs] [Times: user=0.00 sys=0.00, real=0.00 secs] 
140.848: [GC [PSYoungGen: 174400K->64K(174528K)] 176729K->2393K(524096K), 0.0005341 secs] [Times: user=0.00 sys=0.00, real=0.00 secs] 
142.637: [GC [PSYoungGen: 174400K->192K(173888K)] 176729K->3250K(523456K), 0.0008805 secs] [Times: user=0.00 sys=0.00, real=0.00 secs] 
144.431: [GC [PSYoungGen: 173888K->32K(174208K)] 176946K->3299K(523776K), 0.0006144 secs] [Times: user=0.00 sys=0.00, real=0.01 secs] 
146.174: [GC [PSYoungGen: 173728K->32K(174272K)] 176995K->3299K(523840K), 0.0005281 secs] [Times: user=0.00 sys=0.01, real=0.00 secs] 
148.240: [GC [PSYoungGen: 173856K->64K(174272K)] 177123K->3331K(523840K), 0.0004792 secs] [Times: user=0.00 sys=0.00, real=0.00 secs] 
150.285: [GC [PSYoungGen: 173888K->256K(174272K)] 177155K->3523K(523840K), 0.0005487 secs] [Times: user=0.01 sys=0.00, real=0.00 secs] 
153.039: [GC [PSYoungGen: 174080K->32K(174272K)] 177347K->3363K(523840K), 0.0005168 secs] [Times: user=0.01 sys=0.00, real=0.00 secs] 
155.762: [GC [PSYoungGen: 173856K->0K(174272K)] 177187K->3331K(523840K), 0.0004583 secs] [Times: user=0.00 sys=0.00, real=0.00 secs] 
158.870: [GC [PSYoungGen: 173824K->256K(174272K)] 177155K->3587K(523840K), 0.0004348 secs] [Times: user=0.00 sys=0.00, real=0.00 secs] 
161.035: [GC [PSYoungGen: 174080K->32K(174272K)] 177411K->3419K(523840K), 0.0005028 secs] [Times: user=0.00 sys=0.00, real=0.00 secs] 
163.313: [GC [PSYoungGen: 173856K->32K(174272K)] 177243K->3419K(523840K), 0.0004181 secs] [Times: user=0.00 sys=0.00, real=0.00 secs] 
165.498: [GC [PSYoungGen: 173856K->96K(174336K)] 177243K->3483K(523904K), 0.0004657 secs] [Times: user=0.01 sys=0.00, real=0.00 secs] 
167.746: [GC [PSYoungGen: 173984K->256K(174272K)] 177371K->3643K(523840K), 0.0006021 secs] [Times: user=0.00 sys=0.00, real=0.00 secs] 
169.048: [GC [PSYoungGen: 174144K->64K(174272K)] 177531K->3515K(523840K), 0.0005509 secs] [Times: user=0.00 sys=0.00, real=0.00 secs] 
170.383: [GC [PSYoungGen: 173888K->64K(174272K)] 177339K->3515K(523840K), 0.0006179 secs] [Times: user=0.00 sys=0.00, real=0.00 secs] 
171.687: [GC [PSYoungGen: 173888K->32K(174336K)] 177339K->3483K(523904K), 0.0005142 secs] [Times: user=0.00 sys=0.00, real=0.00 secs] 
173.252: [GC [PSYoungGen: 173984K->64K(174336K)] 177435K->3515K(523904K), 0.0005369 secs] [Times: user=0.00 sys=0.00, real=0.00 secs] 
174.684: [GC [PSYoungGen: 174016K->128K(174336K)] 177467K->3579K(523904K), 0.0006417 secs] [Times: user=0.00 sys=0.00, real=0.00 secs] 
176.195: [GC [PSYoungGen: 174080K->256K(174336K)] 177531K->3707K(523904K), 0.0005261 secs] [Times: user=0.01 sys=0.00, real=0.00 secs] 
178.127: [GC [PSYoungGen: 174208K->0K(174336K)] 177659K->3515K(523904K), 0.0004818 secs] [Times: user=0.00 sys=0.00, real=0.00 secs] 
180.049: [GC [PSYoungGen: 173952K->64K(174336K)] 177467K->3579K(523904K), 0.0004616 secs] [Times: user=0.00 sys=0.00, real=0.00 secs] 
182.001: [GC [PSYoungGen: 174016K->64K(174400K)] 177531K->3579K(523968K), 0.0004378 secs] [Times: user=0.00 sys=0.00, real=0.00 secs] 
183.956: [GC [PSYoungGen: 174080K->64K(174336K)] 177595K->3579K(523904K), 0.0004751 secs] [Times: user=0.01 sys=0.00, real=0.00 secs] 
186.085: [GC [PSYoungGen: 174080K->256K(174272K)] 177595K->3771K(523840K), 0.0005621 secs] [Times: user=0.00 sys=0.00, real=0.00 secs] 
187.674: [GC [PSYoungGen: 174208K->64K(174336K)] 177723K->3643K(523904K), 0.0005535 secs] [Times: user=0.00 sys=0.00, real=0.00 secs] 
189.239: [GC [PSYoungGen: 174016K->128K(174400K)] 177595K->3707K(523968K), 0.0004661 secs] [Times: user=0.01 sys=0.00, real=0.00 secs] 
190.927: [GC [PSYoungGen: 174144K->32K(174336K)] 177723K->3611K(523904K), 0.0005477 secs] [Times: user=0.00 sys=0.00, real=0.00 secs] 
192.561: [GC [PSYoungGen: 174048K->64K(174400K)] 177627K->3643K(523968K), 0.0005571 secs] [Times: user=0.00 sys=0.00, real=0.00 secs] 
194.160: [GC [PSYoungGen: 174144K->256K(174336K)] 177723K->3835K(523904K), 0.0006654 secs] [Times: user=0.00 sys=0.00, real=0.00 secs] 
195.022: [GC [PSYoungGen: 174336K->32K(174336K)] 177915K->3675K(523904K), 0.0004062 secs] [Times: user=0.00 sys=0.00, real=0.00 secs] 
196.047: [GC [PSYoungGen: 173984K->64K(174336K)] 177627K->3707K(523904K), 0.0004629 secs] [Times: user=0.00 sys=0.00, real=0.00 secs] 
197.144: [GC [PSYoungGen: 174016K->32K(174400K)] 177659K->3675K(523968K), 0.0004781 secs] [Times: user=0.00 sys=0.00, real=0.00 secs] 
198.011: [GC [PSYoungGen: 174112K->64K(174400K)] 177755K->3707K(523968K), 0.0005438 secs] [Times: user=0.00 sys=0.00, real=0.00 secs] 
198.892: [GC [PSYoungGen: 174144K->128K(174400K)] 177787K->3771K(523968K), 0.0004693 secs] [Times: user=0.00 sys=0.00, real=0.01 secs] 
199.909: [GC [PSYoungGen: 174208K->160K(174400K)] 177851K->3803K(523968K), 0.0004944 secs] [Times: user=0.00 sys=0.00, real=0.00 secs] 
200.933: [GC [PSYoungGen: 174240K->64K(174400K)] 177883K->3707K(523968K), 0.0005042 secs] [Times: user=0.00 sys=0.00, real=0.00 secs] 
202.287: [GC [PSYoungGen: 174144K->32K(174400K)] 177787K->3675K(523968K), 0.0004785 secs] [Times: user=0.00 sys=0.00, real=0.00 secs] 
203.228: [GC [PSYoungGen: 174112K->256K(174400K)] 177755K->3899K(523968K), 0.0004699 secs] [Times: user=0.00 sys=0.00, real=0.00 secs] 
204.442: [GC [PSYoungGen: 174336K->64K(174400K)] 177979K->3763K(523968K), 0.0005124 secs] [Times: user=0.00 sys=0.00, real=0.01 secs] 
205.669: [GC [PSYoungGen: 174144K->32K(174400K)] 177843K->3731K(523968K), 0.0004016 secs] [Times: user=0.00 sys=0.01, real=0.00 secs] 
206.921: [GC [PSYoungGen: 174112K->96K(174400K)] 177811K->3795K(523968K), 0.0004983 secs] [Times: user=0.00 sys=0.00, real=0.00 secs] 
208.159: [GC [PSYoungGen: 174176K->32K(174400K)] 177875K->3731K(523968K), 0.0004385 secs] [Times: user=0.00 sys=0.00, real=0.00 secs] 
209.430: [GC [PSYoungGen: 174112K->64K(174400K)] 177811K->3763K(523968K), 0.0005645 secs] [Times: user=0.01 sys=0.00, real=0.00 secs] 
210.696: [GC [PSYoungGen: 174144K->64K(174464K)] 177843K->3763K(524032K), 0.0005693 secs] [Times: user=0.00 sys=0.00, real=0.00 secs] 
212.436: [GC [PSYoungGen: 174272K->256K(174464K)] 177971K->3955K(524032K), 0.0005092 secs] [Times: user=0.01 sys=0.00, real=0.00 secs] 
213.448: [GC [PSYoungGen: 174464K->96K(174336K)] 178163K->3859K(523904K), 0.0005238 secs] [Times: user=0.01 sys=0.00, real=0.00 secs] 
214.461: [GC [PSYoungGen: 174176K->0K(174400K)] 177939K->3763K(523968K), 0.0004485 secs] [Times: user=0.00 sys=0.00, real=0.00 secs] 
215.431: [GC [PSYoungGen: 174080K->32K(174400K)] 177843K->3795K(523968K), 0.0005680 secs] [Times: user=0.00 sys=0.00, real=0.00 secs] 
216.423: [GC [PSYoungGen: 174112K->128K(174400K)] 177875K->3891K(523968K), 0.0005263 secs] [Times: user=0.00 sys=0.00, real=0.01 secs] 
217.421: [GC [PSYoungGen: 174208K->64K(174464K)] 177971K->3827K(524032K), 0.0005161 secs] [Times: user=0.00 sys=0.00, real=0.00 secs] 
218.380: [GC [PSYoungGen: 174208K->64K(174400K)] 177971K->3827K(523968K), 0.0004863 secs] [Times: user=0.00 sys=0.00, real=0.00 secs] 
219.356: [GC [PSYoungGen: 174208K->64K(174464K)] 177971K->3827K(524032K), 0.0005504 secs] [Times: user=0.00 sys=0.00, real=0.00 secs] 
220.323: [GC [PSYoungGen: 174272K->128K(174464K)] 178035K->3891K(524032K), 0.0004620 secs] [Times: user=0.00 sys=0.00, real=0.00 secs] 
221.122: [GC [PSYoungGen: 174336K->256K(174336K)] 178099K->4019K(523904K), 0.0006753 secs] [Times: user=0.00 sys=0.00, real=0.00 secs] 
221.905: [GC [PSYoungGen: 174336K->64K(174400K)] 178099K->3891K(523968K), 0.0004898 secs] [Times: user=0.00 sys=0.00, real=0.00 secs] 
222.506: [GC [PSYoungGen: 174144K->192K(174400K)] 177971K->4019K(523968K), 0.0006572 secs] [Times: user=0.01 sys=0.00, real=0.00 secs] 
223.164: [GC [PSYoungGen: 174271K->32K(174400K)] 178098K->3859K(523968K), 0.0004510 secs] [Times: user=0.01 sys=0.00, real=0.00 secs] 
223.757: [GC [PSYoungGen: 174112K->64K(174400K)] 177939K->3891K(523968K), 0.0004248 secs] [Times: user=0.00 sys=0.00, real=0.00 secs] 
224.546: [GC [PSYoungGen: 174144K->64K(174400K)] 177971K->3891K(523968K), 0.0006257 secs] [Times: user=0.01 sys=0.00, real=0.00 secs] 
225.222: [GC [PSYoungGen: 174144K->128K(174464K)] 177971K->3955K(524032K), 0.0005698 secs] [Times: user=0.00 sys=0.00, real=0.00 secs] 
226.683: [GC [PSYoungGen: 174336K->96K(174464K)] 178163K->3923K(524032K), 0.0004783 secs] [Times: user=0.00 sys=0.00, real=0.01 secs] 
227.275: [GC [PSYoungGen: 174304K->192K(174336K)] 178131K->4019K(523904K), 0.0004557 secs] [Times: user=0.01 sys=0.00, real=0.00 secs] 
227.837: [GC [PSYoungGen: 174272K->160K(174400K)] 178099K->3987K(523968K), 0.0004390 secs] [Times: user=0.00 sys=0.00, real=0.00 secs] 
228.370: [GC [PSYoungGen: 174240K->96K(174464K)] 178067K->3923K(524032K), 0.0004958 secs] [Times: user=0.01 sys=0.00, real=0.00 secs] 
228.868: [GC [PSYoungGen: 174240K->128K(174400K)] 178067K->3955K(523968K), 0.0005043 secs] [Times: user=0.00 sys=0.00, real=0.00 secs] 
229.383: [GC [PSYoungGen: 174272K->128K(174464K)] 178099K->3955K(524032K), 0.0005289 secs] [Times: user=0.00 sys=0.00, real=0.00 secs] 
229.873: [GC [PSYoungGen: 174336K->128K(174464K)] 178163K->3955K(524032K), 0.0004363 secs] [Times: user=0.01 sys=0.00, real=0.00 secs] 
230.388: [GC [PSYoungGen: 174336K->32K(174464K)] 178163K->3859K(524032K), 0.0004286 secs] [Times: user=0.00 sys=0.00, real=0.00 secs] 
230.993: [GC [PSYoungGen: 174240K->256K(174464K)] 178067K->4083K(524032K), 0.0007390 secs] [Times: user=0.00 sys=0.00, real=0.01 secs] 
231.702: [GC [PSYoungGen: 174464K->128K(174336K)] 178291K->4011K(523904K), 0.0005349 secs] [Times: user=0.00 sys=0.00, real=0.00 secs] 
232.437: [GC [PSYoungGen: 174208K->64K(174400K)] 178091K->3947K(523968K), 0.0004548 secs] [Times: user=0.00 sys=0.00, real=0.00 secs] 
233.175: [GC [PSYoungGen: 174144K->32K(174400K)] 178027K->3915K(523968K), 0.0004685 secs] [Times: user=0.00 sys=0.00, real=0.00 secs] 
233.896: [GC [PSYoungGen: 174112K->128K(174400K)] 177995K->4011K(523968K), 0.0004586 secs] [Times: user=0.01 sys=0.00, real=0.00 secs] 
234.634: [GC [PSYoungGen: 174208K->64K(174464K)] 178091K->3947K(524032K), 0.0004490 secs] [Times: user=0.01 sys=0.00, real=0.00 secs] 
235.364: [GC [PSYoungGen: 174272K->64K(174464K)] 178155K->3947K(524032K), 0.0005185 secs] [Times: user=0.00 sys=0.00, real=0.01 secs] 
236.044: [GC [PSYoungGen: 174272K->64K(174464K)] 178155K->3947K(524032K), 0.0005822 secs] [Times: user=0.00 sys=0.00, real=0.01 secs] 
236.732: [GC [PSYoungGen: 174272K->64K(174464K)] 178155K->3947K(524032K), 0.0005659 secs] [Times: user=0.01 sys=0.00, real=0.00 secs] 
237.426: [GC [PSYoungGen: 174272K->32K(174464K)] 178155K->3915K(524032K), 0.0004989 secs] [Times: user=0.00 sys=0.00, real=0.00 secs] 
238.118: [GC [PSYoungGen: 174240K->32K(174464K)] 178123K->3915K(524032K), 0.0004734 secs] [Times: user=0.00 sys=0.00, real=0.00 secs] 
238.808: [GC [PSYoungGen: 174240K->64K(174464K)] 178123K->3947K(524032K), 0.0005702 secs] [Times: user=0.01 sys=0.00, real=0.00 secs] 
239.511: [GC [PSYoungGen: 174272K->64K(174464K)] 178155K->3947K(524032K), 0.0005093 secs] [Times: user=0.00 sys=0.00, real=0.00 secs] 
240.869: [GC [PSYoungGen: 174272K->256K(174464K)] 178155K->4139K(524032K), 0.0005980 secs] [Times: user=0.01 sys=0.00, real=0.00 secs] 
241.446: [GC [PSYoungGen: 174464K->64K(174464K)] 178347K->4027K(524032K), 0.0005885 secs] [Times: user=0.00 sys=0.00, real=0.00 secs] 
242.011: [GC [PSYoungGen: 174272K->0K(174464K)] 178235K->3963K(524032K), 0.0006019 secs] [Times: user=0.00 sys=0.00, real=0.00 secs] 
242.589: [GC [PSYoungGen: 174208K->32K(174464K)] 178171K->3995K(524032K), 0.0005043 secs] [Times: user=0.00 sys=0.00, real=0.00 secs] 
243.162: [GC [PSYoungGen: 174240K->96K(174464K)] 178203K->4059K(524032K), 0.0004698 secs] [Times: user=0.00 sys=0.00, real=0.00 secs] 
243.719: [GC [PSYoungGen: 174304K->32K(174464K)] 178267K->3995K(524032K), 0.0004733 secs] [Times: user=0.01 sys=0.00, real=0.00 secs] 
244.300: [GC [PSYoungGen: 174240K->0K(174464K)] 178203K->3963K(524032K), 0.0004371 secs] [Times: user=0.00 sys=0.01, real=0.00 secs] 
244.881: [GC [PSYoungGen: 174208K->64K(174464K)] 178171K->4027K(524032K), 0.0004387 secs] [Times: user=0.01 sys=0.00, real=0.00 secs] 
245.479: [GC [PSYoungGen: 174272K->96K(174464K)] 178235K->4059K(524032K), 0.0005491 secs] [Times: user=0.00 sys=0.00, real=0.00 secs] 
246.039: [GC [PSYoungGen: 174304K->32K(174464K)] 178267K->3995K(524032K), 0.0005104 secs] [Times: user=0.00 sys=0.00, real=0.00 secs] 
246.596: [GC [PSYoungGen: 174240K->128K(174464K)] 178203K->4091K(524032K), 0.0004911 secs] [Times: user=0.00 sys=0.00, real=0.00 secs] 
247.203: [GC [PSYoungGen: 174336K->32K(174464K)] 178299K->3995K(524032K), 0.0005023 secs] [Times: user=0.00 sys=0.00, real=0.00 secs] 
247.771: [GC [PSYoungGen: 174240K->96K(174464K)] 178203K->4059K(524032K), 0.0005256 secs] [Times: user=0.00 sys=0.00, real=0.00 secs] 
248.319: [GC [PSYoungGen: 174304K->64K(174464K)] 178267K->4027K(524032K), 0.0004575 secs] [Times: user=0.00 sys=0.00, real=0.00 secs] 
249.052: [GC [PSYoungGen: 174272K->192K(174400K)] 178235K->4171K(523968K), 0.0004607 secs] [Times: user=0.00 sys=0.00, real=0.00 secs] 
249.417: [GC [PSYoungGen: 174400K->160K(174464K)] 178379K->4203K(524032K), 0.0004137 secs] [Times: user=0.01 sys=0.00, real=0.00 secs] 
249.777: [GC [PSYoungGen: 174366K->128K(174464K)] 178410K->4171K(524032K), 0.0004831 secs] [Times: user=0.00 sys=0.00, real=0.00 secs] 
250.160: [GC [PSYoungGen: 174336K->160K(174464K)] 178379K->4203K(524032K), 0.0004913 secs] [Times: user=0.01 sys=0.00, real=0.00 secs] 
250.531: [GC [PSYoungGen: 174368K->64K(174464K)] 178411K->4107K(524032K), 0.0004944 secs] [Times: user=0.00 sys=0.00, real=0.00 secs] 
250.883: [GC [PSYoungGen: 174272K->128K(174464K)] 178315K->4171K(524032K), 0.0004561 secs] [Times: user=0.00 sys=0.00, real=0.00 secs] 
251.244: [GC [PSYoungGen: 174336K->96K(174464K)] 178379K->4139K(524032K), 0.0004544 secs] [Times: user=0.00 sys=0.00, real=0.01 secs] 
251.699: [GC [PSYoungGen: 174304K->64K(174464K)] 178347K->4107K(524032K), 0.0004634 secs] [Times: user=0.00 sys=0.00, real=0.00 secs] 
252.638: [GC [PSYoungGen: 174272K->96K(174464K)] 178315K->4139K(524032K), 0.0004443 secs] [Times: user=0.00 sys=0.00, real=0.00 secs] 
253.395: [GC [PSYoungGen: 174304K->128K(174464K)] 178347K->4171K(524032K), 0.0004750 secs] [Times: user=0.00 sys=0.00, real=0.00 secs] 
254.407: [GC [PSYoungGen: 174336K->64K(174464K)] 178379K->4107K(524032K), 0.0004648 secs] [Times: user=0.00 sys=0.00, real=0.00 secs] 
255.388: [GC [PSYoungGen: 174272K->64K(174464K)] 178315K->4107K(524032K), 0.0008584 secs] [Times: user=0.00 sys=0.00, real=0.00 secs] 
256.224: [GC [PSYoungGen: 174272K->96K(174528K)] 178315K->4139K(524096K), 0.0004606 secs] [Times: user=0.00 sys=0.00, real=0.00 secs] 
258.477: [GC [PSYoungGen: 174368K->96K(174464K)] 178411K->4139K(524032K), 0.0005248 secs] [Times: user=0.00 sys=0.00, real=0.00 secs] 
258.888: [GC [PSYoungGen: 174367K->32K(174528K)] 178410K->4075K(524096K), 0.0004755 secs] [Times: user=0.00 sys=0.00, real=0.00 secs] 
259.276: [GC [PSYoungGen: 174368K->64K(174528K)] 178411K->4107K(524096K), 0.0004487 secs] [Times: user=0.00 sys=0.00, real=0.00 secs] 
259.622: [GC [PSYoungGen: 174398K->64K(174528K)] 178441K->4107K(524096K), 0.0003940 secs] [Times: user=0.00 sys=0.00, real=0.00 secs] 
259.958: [GC [PSYoungGen: 174400K->64K(174528K)] 178443K->4107K(524096K), 0.0003882 secs] [Times: user=0.00 sys=0.00, real=0.00 secs] 
260.291: [GC [PSYoungGen: 174400K->64K(174528K)] 178443K->4107K(524096K), 0.0004737 secs] [Times: user=0.00 sys=0.00, real=0.00 secs] 
260.636: [GC [PSYoungGen: 174400K->32K(174528K)] 178443K->4075K(524096K), 0.0004165 secs] [Times: user=0.00 sys=0.00, real=0.00 secs] 
260.991: [GC [PSYoungGen: 174368K->64K(174528K)] 178411K->4107K(524096K), 0.0004958 secs] [Times: user=0.00 sys=0.00, real=0.00 secs] 
261.330: [GC [PSYoungGen: 174400K->96K(174528K)] 178443K->4139K(524096K), 0.0004584 secs] [Times: user=0.00 sys=0.00, real=0.00 secs] 
261.694: [GC [PSYoungGen: 174431K->128K(174528K)] 178475K->4171K(524096K), 0.0004015 secs] [Times: user=0.00 sys=0.00, real=0.00 secs] 
262.036: [GC [PSYoungGen: 174464K->64K(174528K)] 178507K->4107K(524096K), 0.0004322 secs] [Times: user=0.01 sys=0.00, real=0.00 secs] 
262.381: [GC [PSYoungGen: 174400K->32K(174528K)] 178443K->4075K(524096K), 0.0004899 secs] [Times: user=0.00 sys=0.00, real=0.00 secs] 
262.724: [GC [PSYoungGen: 174367K->128K(174528K)] 178410K->4171K(524096K), 0.0004569 secs] [Times: user=0.00 sys=0.00, real=0.01 secs] 
263.060: [GC [PSYoungGen: 174464K->64K(174528K)] 178507K->4107K(524096K), 0.0004786 secs] [Times: user=0.00 sys=0.00, real=0.00 secs] 
263.556: [GC [PSYoungGen: 174400K->32K(174528K)] 178443K->4075K(524096K), 0.0004536 secs] [Times: user=0.00 sys=0.00, real=0.00 secs] 
264.319: [GC [PSYoungGen: 174368K->192K(174400K)] 178411K->4251K(523968K), 0.0005621 secs] [Times: user=0.00 sys=0.00, real=0.00 secs] 
264.711: [GC [PSYoungGen: 174400K->64K(174464K)] 178459K->4179K(524032K), 0.0007143 secs] [Times: user=0.01 sys=0.00, real=0.00 secs] 
265.118: [GC [PSYoungGen: 174272K->32K(174464K)] 178387K->4147K(524032K), 0.0005047 secs] [Times: user=0.00 sys=0.00, real=0.00 secs] 
265.524: [GC [PSYoungGen: 174239K->128K(174464K)] 178354K->4243K(524032K), 0.0005754 secs] [Times: user=0.00 sys=0.00, real=0.00 secs] 
265.926: [GC [PSYoungGen: 174336K->32K(174464K)] 178451K->4147K(524032K), 0.0004475 secs] [Times: user=0.00 sys=0.00, real=0.00 secs] 
266.332: [GC [PSYoungGen: 174239K->0K(174464K)] 178355K->4115K(524032K), 0.0005639 secs] [Times: user=0.00 sys=0.00, real=0.00 secs] 
266.739: [GC [PSYoungGen: 174208K->128K(174464K)] 178323K->4243K(524032K), 0.0004869 secs] [Times: user=0.00 sys=0.00, real=0.00 secs] 
267.152: [GC [PSYoungGen: 174335K->32K(174464K)] 178450K->4147K(524032K), 0.0004601 secs] [Times: user=0.00 sys=0.00, real=0.00 secs] 
267.546: [GC [PSYoungGen: 174240K->160K(174464K)] 178355K->4275K(524032K), 0.0004696 secs] [Times: user=0.01 sys=0.00, real=0.00 secs] 
267.947: [GC [PSYoungGen: 174368K->0K(174464K)] 178483K->4115K(524032K), 0.0004407 secs] [Times: user=0.00 sys=0.00, real=0.00 secs] 
268.352: [GC [PSYoungGen: 174207K->96K(174464K)] 178323K->4211K(524032K), 0.0004799 secs] [Times: user=0.00 sys=0.00, real=0.00 secs] 
268.750: [GC [PSYoungGen: 174304K->32K(174464K)] 178419K->4147K(524032K), 0.0004597 secs] [Times: user=0.01 sys=0.00, real=0.00 secs] 
269.144: [GC [PSYoungGen: 174239K->32K(174464K)] 178355K->4147K(524032K), 0.0005504 secs] [Times: user=0.00 sys=0.00, real=0.01 secs] 
269.542: [GC [PSYoungGen: 174240K->0K(174464K)] 178355K->4115K(524032K), 0.0004304 secs] [Times: user=0.00 sys=0.00, real=0.00 secs] 
269.932: [GC [PSYoungGen: 174208K->64K(174528K)] 178323K->4179K(524096K), 0.0004612 secs] [Times: user=0.00 sys=0.00, real=0.00 secs] 
270.332: [GC [PSYoungGen: 174336K->128K(174464K)] 178451K->4243K(524032K), 0.0004253 secs] [Times: user=0.00 sys=0.00, real=0.00 secs] 
270.733: [GC [PSYoungGen: 174400K->96K(174464K)] 178515K->4243K(524032K), 0.0005558 secs] [Times: user=0.00 sys=0.00, real=0.00 secs] 
271.133: [GC [PSYoungGen: 174304K->64K(174464K)] 178451K->4211K(524032K), 0.0006395 secs] [Times: user=0.00 sys=0.00, real=0.00 secs] 
271.544: [GC [PSYoungGen: 174272K->32K(174528K)] 178419K->4179K(524096K), 0.0004646 secs] [Times: user=0.00 sys=0.00, real=0.00 secs] 
271.943: [GC [PSYoungGen: 174368K->64K(174528K)] 178515K->4211K(524096K), 0.0003828 secs] [Times: user=0.00 sys=0.00, real=0.00 secs] 
272.532: [GC [PSYoungGen: 174400K->32K(174528K)] 178547K->4179K(524096K), 0.0005083 secs] [Times: user=0.00 sys=0.00, real=0.00 secs] 
272.932: [GC [PSYoungGen: 174368K->32K(174528K)] 178515K->4179K(524096K), 0.0005273 secs] [Times: user=0.00 sys=0.00, real=0.00 secs] 
273.313: [GC [PSYoungGen: 174368K->64K(174528K)] 178515K->4211K(524096K), 0.0007309 secs] [Times: user=0.00 sys=0.00, real=0.00 secs] 
275.071: [GC [PSYoungGen: 174400K->192K(174528K)] 178547K->4355K(524096K), 0.0005288 secs] [Times: user=0.00 sys=0.00, real=0.00 secs] 
275.409: [GC [PSYoungGen: 174528K->96K(174400K)] 178691K->4323K(523968K), 0.0003968 secs] [Times: user=0.00 sys=0.00, real=0.00 secs] 
275.733: [GC [PSYoungGen: 174304K->128K(174464K)] 178531K->4355K(524032K), 0.0004303 secs] [Times: user=0.01 sys=0.00, real=0.00 secs] 
276.077: [GC [PSYoungGen: 174336K->0K(174464K)] 178563K->4227K(524032K), 0.0005751 secs] [Times: user=0.00 sys=0.00, real=0.00 secs] 
276.428: [GC [PSYoungGen: 174208K->128K(174464K)] 178435K->4355K(524032K), 0.0004229 secs] [Times: user=0.00 sys=0.00, real=0.00 secs] 
276.793: [GC [PSYoungGen: 174336K->128K(174464K)] 178563K->4355K(524032K), 0.0004347 secs] [Times: user=0.00 sys=0.00, real=0.00 secs] 
277.155: [GC [PSYoungGen: 174336K->64K(174464K)] 178563K->4291K(524032K), 0.0005137 secs] [Times: user=0.00 sys=0.00, real=0.00 secs] 
277.482: [GC [PSYoungGen: 174272K->96K(174464K)] 178499K->4323K(524032K), 0.0004835 secs] [Times: user=0.00 sys=0.00, real=0.00 secs] 
277.812: [GC [PSYoungGen: 174304K->128K(174464K)] 178531K->4355K(524032K), 0.0004642 secs] [Times: user=0.01 sys=0.00, real=0.00 secs] 
278.139: [GC [PSYoungGen: 174336K->160K(174464K)] 178563K->4387K(524032K), 0.0003670 secs] [Times: user=0.00 sys=0.00, real=0.00 secs] 
278.463: [GC [PSYoungGen: 174367K->128K(174464K)] 178594K->4355K(524032K), 0.0005483 secs] [Times: user=0.00 sys=0.00, real=0.00 secs] 
278.798: [GC [PSYoungGen: 174336K->64K(174464K)] 178563K->4291K(524032K), 0.0005205 secs] [Times: user=0.00 sys=0.00, real=0.00 secs] 
279.151: [GC [PSYoungGen: 174270K->128K(174464K)] 178498K->4355K(524032K), 0.0003746 secs] [Times: user=0.00 sys=0.00, real=0.00 secs] 
279.474: [GC [PSYoungGen: 174336K->64K(174464K)] 178563K->4291K(524032K), 0.0004851 secs] [Times: user=0.00 sys=0.00, real=0.00 secs] 
279.802: [GC [PSYoungGen: 174272K->128K(174464K)] 178499K->4355K(524032K), 0.0005001 secs] [Times: user=0.00 sys=0.00, real=0.00 secs] 
280.127: [GC [PSYoungGen: 174336K->96K(174464K)] 178563K->4323K(524032K), 0.0005230 secs] [Times: user=0.01 sys=0.00, real=0.00 secs] 
280.478: [GC [PSYoungGen: 174304K->96K(174464K)] 178531K->4323K(524032K), 0.0004939 secs] [Times: user=0.00 sys=0.00, real=0.00 secs] 
280.852: [GC [PSYoungGen: 174304K->64K(174528K)] 178531K->4291K(524096K), 0.0004795 secs] [Times: user=0.00 sys=0.00, real=0.00 secs] 
281.172: [GC [PSYoungGen: 174400K->192K(174528K)] 178627K->4419K(524096K), 0.0005637 secs] [Times: user=0.00 sys=0.00, real=0.00 secs] 
281.518: [GC [PSYoungGen: 174527K->32K(174400K)] 178754K->4259K(523968K), 0.0006102 secs] [Times: user=0.01 sys=0.00, real=0.00 secs] 
281.869: [GC [PSYoungGen: 174240K->160K(174464K)] 178467K->4387K(524032K), 0.0004195 secs] [Times: user=0.00 sys=0.00, real=0.00 secs] 
282.207: [GC [PSYoungGen: 174368K->64K(174464K)] 178595K->4291K(524032K), 0.0005463 secs] [Times: user=0.00 sys=0.00, real=0.00 secs] 
282.545: [GC [PSYoungGen: 174272K->128K(174464K)] 178499K->4355K(524032K), 0.0004409 secs] [Times: user=0.00 sys=0.00, real=0.00 secs] 
282.898: [GC [PSYoungGen: 174336K->64K(174464K)] 178563K->4291K(524032K), 0.0004779 secs] [Times: user=0.00 sys=0.00, real=0.00 secs] 
283.246: [GC [PSYoungGen: 174272K->128K(174464K)] 178499K->4355K(524032K), 0.0004419 secs] [Times: user=0.01 sys=0.00, real=0.00 secs] 
284.279: [GC [PSYoungGen: 174336K->256K(173952K)] 178563K->5140K(523520K), 0.0008364 secs] [Times: user=0.00 sys=0.00, real=0.00 secs] 
286.254: [GC [PSYoungGen: 173952K->64K(174208K)] 178836K->5204K(523776K), 0.0006143 secs] [Times: user=0.00 sys=0.00, real=0.00 secs] 
288.130: [GC [PSYoungGen: 173760K->64K(174208K)] 178900K->5204K(523776K), 0.0004596 secs] [Times: user=0.00 sys=0.00, real=0.00 secs] 
289.965: [GC [PSYoungGen: 173760K->64K(174208K)] 178900K->5204K(523776K), 0.0004640 secs] [Times: user=0.00 sys=0.00, real=0.00 secs] 
291.762: [GC [PSYoungGen: 173760K->32K(174208K)] 178900K->5172K(523776K), 0.0005430 secs] [Times: user=0.00 sys=0.00, real=0.00 secs] 
294.134: [GC [PSYoungGen: 173728K->256K(174208K)] 178868K->5396K(523776K), 0.0005082 secs] [Times: user=0.00 sys=0.00, real=0.00 secs] 
296.744: [GC [PSYoungGen: 173952K->32K(174208K)] 179092K->5228K(523776K), 0.0005490 secs] [Times: user=0.00 sys=0.00, real=0.00 secs] 
299.398: [GC [PSYoungGen: 173728K->64K(174208K)] 178924K->5260K(523776K), 0.0005305 secs] [Times: user=0.00 sys=0.01, real=0.00 secs] 
302.667: [GC [PSYoungGen: 173760K->256K(174144K)] 178956K->5452K(523712K), 0.0004806 secs] [Times: user=0.00 sys=0.00, real=0.00 secs] 
304.920: [GC [PSYoungGen: 173952K->32K(174208K)] 179148K->5292K(523776K), 0.0005385 secs] [Times: user=0.00 sys=0.00, real=0.00 secs] 
307.157: [GC [PSYoungGen: 173728K->64K(174272K)] 178988K->5324K(523840K), 0.0004867 secs] [Times: user=0.00 sys=0.00, real=0.00 secs] 
309.523: [GC [PSYoungGen: 173888K->64K(174272K)] 179148K->5324K(523840K), 0.0004441 secs] [Times: user=0.00 sys=0.00, real=0.00 secs] 
311.316: [GC [PSYoungGen: 173888K->256K(174272K)] 179148K->5516K(523840K), 0.0005635 secs] [Times: user=0.00 sys=0.00, real=0.00 secs] 
312.766: [GC [PSYoungGen: 174080K->96K(174272K)] 179340K->5420K(523840K), 0.0004239 secs] [Times: user=0.00 sys=0.00, real=0.00 secs] 
314.135: [GC [PSYoungGen: 173920K->64K(174336K)] 179244K->5388K(523904K), 0.0004550 secs] [Times: user=0.00 sys=0.00, real=0.00 secs] 
315.618: [GC [PSYoungGen: 173952K->64K(174272K)] 179276K->5388K(523840K), 0.0004573 secs] [Times: user=0.01 sys=0.00, real=0.00 secs] 
317.021: [GC [PSYoungGen: 173952K->96K(174336K)] 179276K->5420K(523904K), 0.0004075 secs] [Times: user=0.00 sys=0.00, real=0.00 secs] 
318.370: [GC [PSYoungGen: 174048K->32K(174336K)] 179372K->5356K(523904K), 0.0005306 secs] [Times: user=0.00 sys=0.00, real=0.00 secs] 
320.110: [GC [PSYoungGen: 173984K->256K(174336K)] 179308K->5580K(523904K), 0.0005346 secs] [Times: user=0.01 sys=0.00, real=0.00 secs] 
321.981: [GC [PSYoungGen: 174208K->32K(174336K)] 179532K->5420K(523904K), 0.0005205 secs] [Times: user=0.01 sys=0.00, real=0.00 secs] 
323.901: [GC [PSYoungGen: 173984K->64K(174336K)] 179372K->5452K(523904K), 0.0004896 secs] [Times: user=0.00 sys=0.00, real=0.00 secs] 
325.765: [GC [PSYoungGen: 174016K->128K(174336K)] 179404K->5516K(523904K), 0.0004525 secs] [Times: user=0.00 sys=0.00, real=0.00 secs] 
328.133: [GC [PSYoungGen: 174080K->256K(174336K)] 179468K->5644K(523904K), 0.0005411 secs] [Times: user=0.00 sys=0.00, real=0.00 secs] 
329.753: [GC [PSYoungGen: 174208K->128K(174336K)] 179596K->5580K(523904K), 0.0005986 secs] [Times: user=0.00 sys=0.00, real=0.00 secs] 
331.378: [GC [PSYoungGen: 174080K->64K(174336K)] 179532K->5516K(523904K), 0.0005156 secs] [Times: user=0.00 sys=0.00, real=0.00 secs] 
333.008: [GC [PSYoungGen: 174016K->32K(174336K)] 179468K->5484K(523904K), 0.0005026 secs] [Times: user=0.00 sys=0.00, real=0.00 secs] 
334.677: [GC [PSYoungGen: 173984K->96K(174400K)] 179436K->5548K(523968K), 0.0005190 secs] [Times: user=0.00 sys=0.00, real=0.01 secs] 
336.306: [GC [PSYoungGen: 174112K->32K(174336K)] 179564K->5484K(523904K), 0.0005619 secs] [Times: user=0.00 sys=0.00, real=0.00 secs] 
337.472: [GC [PSYoungGen: 174048K->256K(174272K)] 179500K->5708K(523840K), 0.0006232 secs] [Times: user=0.00 sys=0.00, real=0.00 secs] 
338.350: [GC [PSYoungGen: 174208K->96K(174336K)] 179660K->5612K(523904K), 0.0005002 secs] [Times: user=0.00 sys=0.00, real=0.00 secs] 
339.233: [GC [PSYoungGen: 174048K->96K(174400K)] 179564K->5612K(523968K), 0.0004844 secs] [Times: user=0.01 sys=0.00, real=0.00 secs] 
340.106: [GC [PSYoungGen: 174176K->128K(174400K)] 179692K->5644K(523968K), 0.0004547 secs] [Times: user=0.00 sys=0.00, real=0.00 secs] 
341.058: [GC [PSYoungGen: 174208K->96K(174400K)] 179724K->5612K(523968K), 0.0004741 secs] [Times: user=0.00 sys=0.00, real=0.00 secs] 
342.169: [GC [PSYoungGen: 174176K->128K(174400K)] 179692K->5644K(523968K), 0.0005749 secs] [Times: user=0.00 sys=0.00, real=0.00 secs] 
344.337: [GC [PSYoungGen: 174208K->64K(174464K)] 179724K->5580K(524032K), 0.0006988 secs] [Times: user=0.01 sys=0.00, real=0.01 secs] 
345.520: [GC [PSYoungGen: 174208K->96K(174400K)] 179724K->5612K(523968K), 0.0005943 secs] [Times: user=0.00 sys=0.00, real=0.00 secs] 
346.461: [GC [PSYoungGen: 174240K->64K(174464K)] 179756K->5580K(524032K), 0.0005355 secs] [Times: user=0.00 sys=0.00, real=0.00 secs] 
347.592: [GC [PSYoungGen: 174272K->256K(174464K)] 179788K->5772K(524032K), 0.0006143 secs] [Times: user=0.00 sys=0.00, real=0.00 secs] 
348.809: [GC [PSYoungGen: 174464K->64K(174336K)] 179980K->5644K(523904K), 0.0005266 secs] [Times: user=0.00 sys=0.00, real=0.00 secs] 
349.969: [GC [PSYoungGen: 174144K->0K(174400K)] 179724K->5580K(523968K), 0.0004943 secs] [Times: user=0.00 sys=0.00, real=0.00 secs] 
351.127: [GC [PSYoungGen: 174080K->64K(174400K)] 179660K->5644K(523968K), 0.0005375 secs] [Times: user=0.00 sys=0.00, real=0.01 secs] 
352.326: [GC [PSYoungGen: 174144K->96K(174400K)] 179724K->5676K(523968K), 0.0005346 secs] [Times: user=0.00 sys=0.00, real=0.00 secs] 
353.505: [GC [PSYoungGen: 174176K->64K(174464K)] 179756K->5644K(524032K), 0.0005655 secs] [Times: user=0.00 sys=0.00, real=0.00 secs] 
354.681: [GC [PSYoungGen: 174272K->96K(174464K)] 179852K->5676K(524032K), 0.0005242 secs] [Times: user=0.00 sys=0.00, real=0.00 secs] 
356.318: [GC [PSYoungGen: 174304K->256K(174336K)] 179884K->5836K(523904K), 0.0006625 secs] [Times: user=0.00 sys=0.00, real=0.00 secs] 
357.388: [GC [PSYoungGen: 174336K->32K(174400K)] 179916K->5676K(523968K), 0.0005875 secs] [Times: user=0.00 sys=0.00, real=0.00 secs] 
358.423: [GC [PSYoungGen: 174112K->96K(174464K)] 179756K->5740K(524032K), 0.0004601 secs] [Times: user=0.00 sys=0.00, real=0.00 secs] 
359.466: [GC [PSYoungGen: 174240K->128K(174400K)] 179884K->5772K(523968K), 0.0005840 secs] [Times: user=0.00 sys=0.01, real=0.00 secs] 
360.488: [GC [PSYoungGen: 174272K->64K(174464K)] 179916K->5708K(524032K), 0.0005835 secs] [Times: user=0.00 sys=0.00, real=0.00 secs] 
361.520: [GC [PSYoungGen: 174272K->32K(174464K)] 179916K->5676K(524032K), 0.0005633 secs] [Times: user=0.01 sys=0.00, real=0.00 secs] 
362.546: [GC [PSYoungGen: 174240K->64K(174464K)] 179884K->5708K(524032K), 0.0004661 secs] [Times: user=0.01 sys=0.00, real=0.00 secs] 
363.615: [GC [PSYoungGen: 174272K->32K(174464K)] 179916K->5676K(524032K), 0.0007305 secs] [Times: user=0.00 sys=0.00, real=0.00 secs] 
364.780: [GC [PSYoungGen: 174240K->256K(174336K)] 179884K->5900K(523904K), 0.0006165 secs] [Times: user=0.00 sys=0.00, real=0.00 secs] 
365.385: [GC [PSYoungGen: 174336K->64K(174400K)] 179980K->5772K(523968K), 0.0006642 secs] [Times: user=0.00 sys=0.00, real=0.00 secs] 
365.930: [GC [PSYoungGen: 174144K->64K(174464K)] 179852K->5772K(524032K), 0.0005463 secs] [Times: user=0.01 sys=0.00, real=0.00 secs] 
366.488: [GC [PSYoungGen: 174208K->64K(174400K)] 179916K->5772K(523968K), 0.0005145 secs] [Times: user=0.01 sys=0.00, real=0.01 secs] 
367.110: [GC [PSYoungGen: 174208K->96K(174464K)] 179916K->5804K(524032K), 0.0004599 secs] [Times: user=0.00 sys=0.00, real=0.00 secs] 
367.868: [GC [PSYoungGen: 174304K->32K(174464K)] 180012K->5740K(524032K), 0.0006412 secs] [Times: user=0.00 sys=0.00, real=0.01 secs] 
368.826: [GC [PSYoungGen: 174240K->160K(174464K)] 179948K->5868K(524032K), 0.0004935 secs] [Times: user=0.00 sys=0.00, real=0.00 secs] 
370.103: [GC [PSYoungGen: 174368K->32K(174464K)] 180076K->5740K(524032K), 0.0006635 secs] [Times: user=0.00 sys=0.00, real=0.00 secs] 
370.697: [GC [PSYoungGen: 174240K->96K(174464K)] 179948K->5804K(524032K), 0.0006006 secs] [Times: user=0.00 sys=0.01, real=0.00 secs] 
371.369: [GC [PSYoungGen: 174304K->32K(174464K)] 180012K->5740K(524032K), 0.0005567 secs] [Times: user=0.00 sys=0.00, real=0.00 secs] 
371.904: [GC [PSYoungGen: 174240K->96K(174464K)] 179948K->5804K(524032K), 0.0005285 secs] [Times: user=0.00 sys=0.00, real=0.00 secs] 
372.422: [GC [PSYoungGen: 174304K->96K(174464K)] 180012K->5804K(524032K), 0.0004179 secs] [Times: user=0.01 sys=0.00, real=0.00 secs] 
372.988: [GC [PSYoungGen: 174304K->32K(174464K)] 180012K->5740K(524032K), 0.0004898 secs] [Times: user=0.00 sys=0.00, real=0.01 secs] 
373.510: [GC [PSYoungGen: 174240K->64K(174464K)] 179948K->5772K(524032K), 0.0004321 secs] [Times: user=0.00 sys=0.00, real=0.00 secs] 
374.044: [GC [PSYoungGen: 174272K->64K(174528K)] 179980K->5772K(524096K), 0.0005154 secs] [Times: user=0.01 sys=0.00, real=0.00 secs] 
374.645: [GC [PSYoungGen: 174400K->32K(174528K)] 180108K->5740K(524096K), 0.0005657 secs] [Times: user=0.01 sys=0.00, real=0.00 secs] 
375.546: [GC [PSYoungGen: 174368K->192K(174400K)] 180076K->5916K(523968K), 0.0005942 secs] [Times: user=0.00 sys=0.00, real=0.00 secs] 
376.214: [GC [PSYoungGen: 174400K->64K(174464K)] 180124K->5852K(524032K), 0.0006896 secs] [Times: user=0.00 sys=0.00, real=0.00 secs] 
376.946: [GC [PSYoungGen: 174272K->32K(174464K)] 180060K->5820K(524032K), 0.0006466 secs] [Times: user=0.00 sys=0.00, real=0.00 secs] 
377.660: [GC [PSYoungGen: 174240K->96K(174464K)] 180028K->5884K(524032K), 0.0006064 secs] [Times: user=0.00 sys=0.00, real=0.00 secs] 
378.386: [GC [PSYoungGen: 174304K->96K(174464K)] 180092K->5884K(524032K), 0.0004921 secs] [Times: user=0.00 sys=0.00, real=0.00 secs] 
379.183: [GC [PSYoungGen: 174304K->96K(174464K)] 180092K->5884K(524032K), 0.0005200 secs] [Times: user=0.00 sys=0.00, real=0.00 secs] 
379.892: [GC [PSYoungGen: 174304K->64K(174528K)] 180092K->5852K(524096K), 0.0005755 secs] [Times: user=0.00 sys=0.00, real=0.00 secs] 
380.634: [GC [PSYoungGen: 174400K->128K(174528K)] 180188K->5916K(524096K), 0.0004720 secs] [Times: user=0.00 sys=0.00, real=0.00 secs] 
381.366: [GC [PSYoungGen: 174464K->128K(174400K)] 180252K->5916K(523968K), 0.0005713 secs] [Times: user=0.00 sys=0.00, real=0.00 secs] 
382.089: [GC [PSYoungGen: 174336K->64K(174464K)] 180124K->5852K(524032K), 0.0005571 secs] [Times: user=0.01 sys=0.00, real=0.00 secs] 
382.820: [GC [PSYoungGen: 174272K->0K(174528K)] 180060K->5788K(524096K), 0.0004951 secs] [Times: user=0.01 sys=0.00, real=0.00 secs] 
383.557: [GC [PSYoungGen: 174336K->64K(174528K)] 180124K->5852K(524096K), 0.0004525 secs] [Times: user=0.00 sys=0.00, real=0.00 secs] 
385.008: [GC [PSYoungGen: 174400K->192K(174400K)] 180188K->5996K(523968K), 0.0004860 secs] [Times: user=0.00 sys=0.00, real=0.01 secs] 
385.627: [GC [PSYoungGen: 174400K->64K(174464K)] 180204K->5932K(524032K), 0.0005967 secs] [Times: user=0.01 sys=0.00, real=0.00 secs] 
386.242: [GC [PSYoungGen: 174272K->64K(174464K)] 180140K->5932K(524032K), 0.0004760 secs] [Times: user=0.00 sys=0.00, real=0.00 secs] 
386.845: [GC [PSYoungGen: 174272K->128K(174464K)] 180140K->5996K(524032K), 0.0005434 secs] [Times: user=0.01 sys=0.00, real=0.00 secs] 
387.448: [GC [PSYoungGen: 174336K->96K(174464K)] 180204K->5964K(524032K), 0.0005194 secs] [Times: user=0.00 sys=0.00, real=0.00 secs] 
388.029: [GC [PSYoungGen: 174304K->96K(174464K)] 180172K->5964K(524032K), 0.0005189 secs] [Times: user=0.00 sys=0.00, real=0.00 secs] 
388.622: [GC [PSYoungGen: 174304K->64K(174528K)] 180172K->5932K(524096K), 0.0005273 secs] [Times: user=0.00 sys=0.00, real=0.00 secs] 
389.202: [GC [PSYoungGen: 174400K->64K(174528K)] 180268K->5932K(524096K), 0.0005157 secs] [Times: user=0.00 sys=0.01, real=0.00 secs] 
389.810: [GC [PSYoungGen: 174400K->128K(174528K)] 180268K->5996K(524096K), 0.0005436 secs] [Times: user=0.00 sys=0.00, real=0.00 secs] 
390.375: [GC [PSYoungGen: 174464K->96K(174528K)] 180332K->5964K(524096K), 0.0005579 secs] [Times: user=0.00 sys=0.00, real=0.00 secs] 
390.963: [GC [PSYoungGen: 174432K->32K(174528K)] 180300K->5900K(524096K), 0.0006213 secs] [Times: user=0.00 sys=0.00, real=0.00 secs] 
391.547: [GC [PSYoungGen: 174368K->128K(174528K)] 180236K->5996K(524096K), 0.0005474 secs] [Times: user=0.00 sys=0.00, real=0.00 secs] 
392.127: [GC [PSYoungGen: 174463K->160K(174400K)] 180332K->6028K(523968K), 0.0005470 secs] [Times: user=0.00 sys=0.00, real=0.00 secs] 
392.712: [GC [PSYoungGen: 174368K->96K(174464K)] 180236K->5964K(524032K), 0.0005305 secs] [Times: user=0.00 sys=0.00, real=0.00 secs] 
393.573: [GC [PSYoungGen: 174304K->192K(174400K)] 180172K->6076K(523968K), 0.0005270 secs] [Times: user=0.00 sys=0.00, real=0.00 secs] 
393.951: [GC [PSYoungGen: 174400K->160K(174464K)] 180284K->6108K(524032K), 0.0005103 secs] [Times: user=0.00 sys=0.00, real=0.00 secs] 
394.297: [GC [PSYoungGen: 174367K->96K(174464K)] 180316K->6044K(524032K), 0.0004785 secs] [Times: user=0.00 sys=0.00, real=0.00 secs] 
394.656: [GC [PSYoungGen: 174302K->64K(174464K)] 180250K->6012K(524032K), 0.0004604 secs] [Times: user=0.00 sys=0.00, real=0.00 secs] 
395.027: [GC [PSYoungGen: 174271K->64K(174464K)] 180219K->6012K(524032K), 0.0005813 secs] [Times: user=0.00 sys=0.00, real=0.00 secs] 
395.386: [GC [PSYoungGen: 174272K->96K(174464K)] 180220K->6044K(524032K), 0.0004907 secs] [Times: user=0.01 sys=0.00, real=0.00 secs] 
395.724: [GC [PSYoungGen: 174303K->96K(174464K)] 180251K->6044K(524032K), 0.0005201 secs] [Times: user=0.00 sys=0.00, real=0.00 secs] 
396.060: [GC [PSYoungGen: 174302K->96K(174464K)] 180251K->6044K(524032K), 0.0005124 secs] [Times: user=0.00 sys=0.00, real=0.00 secs] 
396.746: [GC [PSYoungGen: 174303K->64K(174528K)] 180252K->6012K(524096K), 0.0005081 secs] [Times: user=0.00 sys=0.00, real=0.00 secs] 
397.337: [GC [PSYoungGen: 174399K->128K(174528K)] 180347K->6076K(524096K), 0.0005345 secs] [Times: user=0.01 sys=0.00, real=0.00 secs] 
397.967: [GC [PSYoungGen: 174460K->32K(174528K)] 180408K->5980K(524096K), 0.0004920 secs] [Times: user=0.01 sys=0.00, real=0.00 secs] 
398.710: [GC [PSYoungGen: 174368K->160K(174528K)] 180316K->6108K(524096K), 0.0005884 secs] [Times: user=0.01 sys=0.00, real=0.00 secs] 
399.435: [GC [PSYoungGen: 174496K->128K(174400K)] 180444K->6076K(523968K), 0.0006233 secs] [Times: user=0.00 sys=0.00, real=0.00 secs] 
400.231: [GC [PSYoungGen: 174336K->160K(174464K)] 180284K->6108K(524032K), 0.0004768 secs] [Times: user=0.01 sys=0.00, real=0.00 secs] 
400.828: [GC [PSYoungGen: 174367K->128K(174464K)] 180315K->6076K(524032K), 0.0006006 secs] [Times: user=0.01 sys=0.00, real=0.00 secs] 
402.934: [GC [PSYoungGen: 174336K->96K(174464K)] 180284K->6044K(524032K), 0.0005442 secs] [Times: user=0.00 sys=0.00, real=0.00 secs] 
403.360: [GC [PSYoungGen: 174302K->160K(174464K)] 180251K->6108K(524032K), 0.0005895 secs] [Times: user=0.00 sys=0.00, real=0.00 secs] 
403.729: [GC [PSYoungGen: 174368K->192K(174464K)] 180316K->6140K(524032K), 0.0005030 secs] [Times: user=0.00 sys=0.00, real=0.00 secs] 
404.074: [GC [PSYoungGen: 174400K->128K(174464K)] 180348K->6076K(524032K), 0.0004720 secs] [Times: user=0.01 sys=0.00, real=0.00 secs] 
404.424: [GC [PSYoungGen: 174336K->96K(174464K)] 180284K->6044K(524032K), 0.0004611 secs] [Times: user=0.01 sys=0.00, real=0.00 secs] 
404.789: [GC [PSYoungGen: 174304K->96K(174464K)] 180252K->6044K(524032K), 0.0006144 secs] [Times: user=0.00 sys=0.00, real=0.00 secs] 
405.154: [GC [PSYoungGen: 174304K->128K(174464K)] 180252K->6076K(524032K), 0.0004184 secs] [Times: user=0.00 sys=0.00, real=0.00 secs] 
405.502: [GC [PSYoungGen: 174334K->96K(174464K)] 180283K->6044K(524032K), 0.0006171 secs] [Times: user=0.01 sys=0.00, real=0.00 secs] 
405.850: [GC [PSYoungGen: 174304K->96K(174464K)] 180252K->6044K(524032K), 0.0005275 secs] [Times: user=0.00 sys=0.00, real=0.00 secs] 
406.215: [GC [PSYoungGen: 174303K->96K(174528K)] 180252K->6044K(524096K), 0.0004679 secs] [Times: user=0.00 sys=0.00, real=0.00 secs] 
406.565: [GC [PSYoungGen: 174365K->128K(174464K)] 180314K->6076K(524032K), 0.0004478 secs] [Times: user=0.01 sys=0.00, real=0.00 secs] 
406.923: [GC [PSYoungGen: 174400K->128K(174528K)] 180348K->6076K(524096K), 0.0005369 secs] [Times: user=0.00 sys=0.00, real=0.00 secs] 
407.367: [GC [PSYoungGen: 174464K->64K(174528K)] 180412K->6012K(524096K), 0.0005133 secs] [Times: user=0.00 sys=0.00, real=0.00 secs] 
407.703: [GC [PSYoungGen: 174400K->96K(174528K)] 180348K->6044K(524096K), 0.0004657 secs] [Times: user=0.01 sys=0.00, real=0.00 secs] 
408.068: [GC [PSYoungGen: 174432K->192K(174528K)] 180380K->6156K(524096K), 0.0005696 secs] [Times: user=0.00 sys=0.00, real=0.00 secs] 
408.460: [GC [PSYoungGen: 174527K->32K(174400K)] 180492K->6052K(523968K), 0.0005567 secs] [Times: user=0.00 sys=0.00, real=0.00 secs] 
408.847: [GC [PSYoungGen: 174240K->64K(174464K)] 180260K->6084K(524032K), 0.0005172 secs] [Times: user=0.00 sys=0.00, real=0.00 secs] 
409.231: [GC [PSYoungGen: 174270K->128K(174464K)] 180290K->6148K(524032K), 0.0007076 secs] [Times: user=0.00 sys=0.00, real=0.00 secs] 
409.602: [GC [PSYoungGen: 174336K->128K(174464K)] 180356K->6148K(524032K), 0.0004621 secs] [Times: user=0.00 sys=0.00, real=0.00 secs] 
409.950: [GC [PSYoungGen: 174336K->64K(174464K)] 180356K->6084K(524032K), 0.0005612 secs] [Times: user=0.00 sys=0.00, real=0.00 secs] 
410.364: [GC [PSYoungGen: 174271K->96K(174464K)] 180292K->6116K(524032K), 0.0005378 secs] [Times: user=0.00 sys=0.00, real=0.00 secs] 
410.760: [GC [PSYoungGen: 174302K->64K(174464K)] 180323K->6084K(524032K), 0.0005470 secs] [Times: user=0.00 sys=0.00, real=0.00 secs] 
411.164: [GC [PSYoungGen: 174271K->96K(174464K)] 180292K->6116K(524032K), 0.0005601 secs] [Times: user=0.00 sys=0.00, real=0.00 secs] 
411.550: [GC [PSYoungGen: 174304K->64K(174528K)] 180324K->6084K(524096K), 0.0005359 secs] [Times: user=0.00 sys=0.00, real=0.00 secs] 
411.957: [GC [PSYoungGen: 174398K->128K(174528K)] 180419K->6148K(524096K), 0.0005307 secs] [Times: user=0.01 sys=0.00, real=0.00 secs] 
412.344: [GC [PSYoungGen: 174463K->96K(174528K)] 180484K->6116K(524096K), 0.0006020 secs] [Times: user=0.00 sys=0.00, real=0.00 secs] 
412.740: [GC [PSYoungGen: 174431K->96K(174528K)] 180452K->6116K(524096K), 0.0004722 secs] [Times: user=0.01 sys=0.00, real=0.00 secs] 
413.122: [GC [PSYoungGen: 174430K->128K(174528K)] 180451K->6148K(524096K), 0.0005211 secs] [Times: user=0.00 sys=0.00, real=0.00 secs] 
413.508: [GC [PSYoungGen: 174464K->96K(174528K)] 180484K->6116K(524096K), 0.0005367 secs] [Times: user=0.00 sys=0.00, real=0.00 secs] 
413.899: [GC [PSYoungGen: 174430K->64K(174528K)] 180451K->6084K(524096K), 0.0005986 secs] [Times: user=0.01 sys=0.00, real=0.01 secs] 
414.312: [GC [PSYoungGen: 174398K->64K(174528K)] 180419K->6084K(524096K), 0.0005306 secs] [Times: user=0.01 sys=0.00, real=0.00 secs] 
414.695: [GC [PSYoungGen: 174399K->32K(174528K)] 180420K->6052K(524096K), 0.0005260 secs] [Times: user=0.00 sys=0.00, real=0.00 secs] 
415.070: [GC [PSYoungGen: 174367K->128K(174528K)] 180388K->6148K(524096K), 0.0005574 secs] [Times: user=0.00 sys=0.00, real=0.00 secs] 
415.461: [GC [PSYoungGen: 174464K->32K(174528K)] 180484K->6052K(524096K), 0.0004609 secs] [Times: user=0.00 sys=0.01, real=0.00 secs] 
415.858: [GC [PSYoungGen: 174366K->160K(174528K)] 180387K->6180K(524096K), 0.0004967 secs] [Times: user=0.00 sys=0.00, real=0.00 secs] 
416.251: [GC [PSYoungGen: 174495K->128K(174400K)] 180516K->6148K(523968K), 0.0004940 secs] [Times: user=0.00 sys=0.00, real=0.00 secs] 
417.669: [GC [PSYoungGen: 174336K->256K(174464K)] 180356K->6276K(524032K), 0.0004765 secs] [Times: user=0.00 sys=0.00, real=0.01 secs] 
417.993: [GC [PSYoungGen: 174464K->64K(174464K)] 180484K->6148K(524032K), 0.0004946 secs] [Times: user=0.00 sys=0.00, real=0.00 secs] 
418.367: [GC [PSYoungGen: 174272K->96K(174464K)] 180356K->6180K(524032K), 0.0005429 secs] [Times: user=0.00 sys=0.00, real=0.00 secs] 
418.733: [GC [PSYoungGen: 174304K->96K(174464K)] 180388K->6180K(524032K), 0.0004876 secs] [Times: user=0.00 sys=0.00, real=0.00 secs] 
419.086: [GC [PSYoungGen: 174304K->64K(174464K)] 180388K->6148K(524032K), 0.0005516 secs] [Times: user=0.00 sys=0.00, real=0.00 secs] 
419.465: [GC [PSYoungGen: 174272K->64K(174464K)] 180356K->6148K(524032K), 0.0004950 secs] [Times: user=0.00 sys=0.00, real=0.00 secs] 
419.852: [GC [PSYoungGen: 174272K->160K(174464K)] 180356K->6244K(524032K), 0.0005815 secs] [Times: user=0.00 sys=0.00, real=0.00 secs] 
420.260: [GC [PSYoungGen: 174368K->64K(174464K)] 180452K->6148K(524032K), 0.0005055 secs] [Times: user=0.01 sys=0.00, real=0.00 secs] 
420.701: [GC [PSYoungGen: 174272K->64K(174464K)] 180356K->6148K(524032K), 0.0005639 secs] [Times: user=0.00 sys=0.00, real=0.00 secs] 
421.125: [GC [PSYoungGen: 174272K->160K(174464K)] 180356K->6244K(524032K), 0.0006231 secs] [Times: user=0.00 sys=0.00, real=0.00 secs] 
421.552: [GC [PSYoungGen: 174368K->64K(174464K)] 180452K->6148K(524032K), 0.0004412 secs] [Times: user=0.00 sys=0.00, real=0.00 secs] 
421.968: [GC [PSYoungGen: 174272K->96K(174464K)] 180356K->6180K(524032K), 0.0005287 secs] [Times: user=0.00 sys=0.00, real=0.00 secs] 
422.991: [GC [PSYoungGen: 174304K->96K(174464K)] 180388K->6180K(524032K), 0.0006272 secs] [Times: user=0.00 sys=0.00, real=0.00 secs] 
423.352: [GC [PSYoungGen: 174303K->96K(174528K)] 180388K->6180K(524096K), 0.0005912 secs] [Times: user=0.00 sys=0.00, real=0.00 secs] 
423.705: [GC [PSYoungGen: 174368K->192K(174464K)] 180452K->6276K(524032K), 0.0006198 secs] [Times: user=0.00 sys=0.00, real=0.00 secs] 
424.063: [GC [PSYoungGen: 174464K->160K(174464K)] 180548K->6244K(524032K), 0.0005010 secs] [Times: user=0.00 sys=0.00, real=0.00 secs] 
424.416: [GC [PSYoungGen: 174368K->160K(174464K)] 180452K->6244K(524032K), 0.0004945 secs] [Times: user=0.00 sys=0.00, real=0.00 secs] 
424.779: [GC [PSYoungGen: 174368K->96K(174464K)] 180452K->6180K(524032K), 0.0005004 secs] [Times: user=0.00 sys=0.01, real=0.00 secs] 
425.137: [GC [PSYoungGen: 174304K->96K(174464K)] 180388K->6180K(524032K), 0.0004802 secs] [Times: user=0.00 sys=0.00, real=0.00 secs] 
425.492: [GC [PSYoungGen: 174304K->64K(174464K)] 180388K->6148K(524032K), 0.0005353 secs] [Times: user=0.00 sys=0.00, real=0.00 secs] 
425.837: [GC [PSYoungGen: 174272K->128K(174464K)] 180356K->6212K(524032K), 0.0004931 secs] [Times: user=0.00 sys=0.00, real=0.00 secs] 
426.197: [GC [PSYoungGen: 174336K->96K(174464K)] 180420K->6180K(524032K), 0.0004524 secs] [Times: user=0.01 sys=0.00, real=0.00 secs] 
426.537: [GC [PSYoungGen: 174304K->96K(174464K)] 180388K->6180K(524032K), 0.0005449 secs] [Times: user=0.00 sys=0.00, real=0.00 secs] 
426.891: [GC [PSYoungGen: 174304K->128K(174464K)] 180388K->6212K(524032K), 0.0005827 secs] [Times: user=0.01 sys=0.01, real=0.00 secs] 
427.286: [GC [PSYoungGen: 174335K->64K(174464K)] 180420K->6148K(524032K), 0.0006478 secs] [Times: user=0.00 sys=0.00, real=0.00 secs] 
427.811: [GC [PSYoungGen: 174272K->96K(174528K)] 180356K->6180K(524096K), 0.0005413 secs] [Times: user=0.00 sys=0.00, real=0.00 secs] 
430.257: [GC [PSYoungGen: 174368K->192K(174464K)] 180452K->7006K(524032K), 0.0009561 secs] [Times: user=0.00 sys=0.00, real=0.00 secs] 
432.565: [GC [PSYoungGen: 174464K->96K(173952K)] 181278K->7118K(523520K), 0.0006407 secs] [Times: user=0.00 sys=0.00, real=0.00 secs] 
434.553: [GC [PSYoungGen: 173792K->32K(174208K)] 180814K->7054K(523776K), 0.0004991 secs] [Times: user=0.00 sys=0.00, real=0.00 secs] 
436.514: [GC [PSYoungGen: 173728K->64K(174208K)] 180750K->7086K(523776K), 0.0005306 secs] [Times: user=0.00 sys=0.00, real=0.00 secs] 
438.873: [GC [PSYoungGen: 173760K->256K(174208K)] 180782K->7278K(523776K), 0.0005407 secs] [Times: user=0.00 sys=0.00, real=0.00 secs] 
441.391: [GC [PSYoungGen: 173952K->96K(174272K)] 180974K->7182K(523840K), 0.0005360 secs] [Times: user=0.00 sys=0.00, real=0.00 secs] 
443.911: [GC [PSYoungGen: 173856K->96K(174208K)] 180942K->7182K(523776K), 0.0005504 secs] [Times: user=0.00 sys=0.00, real=0.00 secs] 
446.914: [GC [PSYoungGen: 173856K->256K(174272K)] 180942K->7342K(523840K), 0.0005911 secs] [Times: user=0.00 sys=0.00, real=0.00 secs] 
449.204: [GC [PSYoungGen: 174080K->64K(174272K)] 181166K->7214K(523840K), 0.0005300 secs] [Times: user=0.01 sys=0.00, real=0.00 secs] 
451.517: [GC [PSYoungGen: 173888K->64K(174272K)] 181038K->7214K(523840K), 0.0004962 secs] [Times: user=0.00 sys=0.00, real=0.00 secs] 
453.828: [GC [PSYoungGen: 173888K->32K(174272K)] 181038K->7182K(523840K), 0.0005540 secs] [Times: user=0.00 sys=0.00, real=0.00 secs] 
456.068: [GC [PSYoungGen: 173856K->256K(174272K)] 181006K->7406K(523840K), 0.0005770 secs] [Times: user=0.00 sys=0.00, real=0.00 secs] 
457.532: [GC [PSYoungGen: 174080K->32K(174272K)] 181230K->7246K(523840K), 0.0005432 secs] [Times: user=0.00 sys=0.00, real=0.00 secs] 
458.971: [GC [PSYoungGen: 173856K->160K(174272K)] 181070K->7374K(523840K), 0.0005621 secs] [Times: user=0.00 sys=0.00, real=0.00 secs] 
460.383: [GC [PSYoungGen: 173984K->128K(174272K)] 181198K->7342K(523840K), 0.0005501 secs] [Times: user=0.00 sys=0.00, real=0.00 secs] 
461.795: [GC [PSYoungGen: 173952K->32K(174336K)] 181166K->7246K(523904K), 0.0004897 secs] [Times: user=0.00 sys=0.00, real=0.00 secs] 
463.201: [GC [PSYoungGen: 173984K->128K(174336K)] 181198K->7342K(523904K), 0.0005257 secs] [Times: user=0.01 sys=0.00, real=0.00 secs] 
464.709: [GC [PSYoungGen: 174080K->256K(174336K)] 181294K->7470K(523904K), 0.0004884 secs] [Times: user=0.00 sys=0.00, real=0.00 secs] 
466.528: [GC [PSYoungGen: 174208K->96K(174336K)] 181422K->7374K(523904K), 0.0005216 secs] [Times: user=0.00 sys=0.00, real=0.00 secs] 
468.377: [GC [PSYoungGen: 174048K->64K(174336K)] 181326K->7342K(523904K), 0.0005105 secs] [Times: user=0.00 sys=0.00, real=0.00 secs] 
470.213: [GC [PSYoungGen: 174016K->32K(174336K)] 181294K->7310K(523904K), 0.0005448 secs] [Times: user=0.01 sys=0.01, real=0.00 secs] 
472.040: [GC [PSYoungGen: 173984K->32K(174336K)] 181262K->7310K(523904K), 0.0005214 secs] [Times: user=0.01 sys=0.00, real=0.00 secs] 
474.259: [GC [PSYoungGen: 173984K->256K(174336K)] 181262K->7534K(523904K), 0.0005589 secs] [Times: user=0.00 sys=0.00, real=0.00 secs] 
475.915: [GC [PSYoungGen: 174208K->96K(174336K)] 181486K->7438K(523904K), 0.0005924 secs] [Times: user=0.00 sys=0.00, real=0.00 secs] 
477.579: [GC [PSYoungGen: 174048K->32K(174336K)] 181390K->7374K(523904K), 0.0005539 secs] [Times: user=0.00 sys=0.00, real=0.00 secs] 
479.242: [GC [PSYoungGen: 173984K->64K(174336K)] 181326K->7406K(523904K), 0.0005789 secs] [Times: user=0.00 sys=0.01, real=0.00 secs] 
480.902: [GC [PSYoungGen: 174016K->96K(174336K)] 181358K->7438K(523904K), 0.0004869 secs] [Times: user=0.00 sys=0.00, real=0.00 secs] 
482.412: [GC [PSYoungGen: 174048K->256K(174272K)] 181390K->7598K(523840K), 0.0005168 secs] [Times: user=0.00 sys=0.00, real=0.00 secs] 
483.336: [GC [PSYoungGen: 174208K->64K(174336K)] 181550K->7470K(523904K), 0.0005757 secs] [Times: user=0.00 sys=0.00, real=0.00 secs] 
484.238: [GC [PSYoungGen: 174016K->192K(174336K)] 181422K->7598K(523904K), 0.0005280 secs] [Times: user=0.00 sys=0.00, real=0.00 secs] 
485.163: [GC [PSYoungGen: 174144K->32K(174336K)] 181550K->7438K(523904K), 0.0005737 secs] [Times: user=0.01 sys=0.00, real=0.00 secs] 
486.091: [GC [PSYoungGen: 173984K->96K(174400K)] 181390K->7502K(523968K), 0.0005859 secs] [Times: user=0.00 sys=0.00, real=0.00 secs] 
487.082: [GC [PSYoungGen: 174112K->160K(174336K)] 181518K->7566K(523904K), 0.0004941 secs] [Times: user=0.00 sys=0.00, real=0.00 secs] 
488.029: [GC [PSYoungGen: 174176K->64K(174400K)] 181582K->7470K(523968K), 0.0004877 secs] [Times: user=0.00 sys=0.00, real=0.00 secs] 
489.021: [GC [PSYoungGen: 174144K->96K(174400K)] 181550K->7502K(523968K), 0.0006366 secs] [Times: user=0.00 sys=0.00, real=0.01 secs] 
490.057: [GC [PSYoungGen: 174176K->64K(174400K)] 181582K->7470K(523968K), 0.0004303 secs] [Times: user=0.00 sys=0.00, real=0.00 secs] 
491.134: [GC [PSYoungGen: 174144K->256K(174400K)] 181550K->7662K(523968K), 0.0006534 secs] [Times: user=0.01 sys=0.00, real=0.00 secs] 
492.681: [GC [PSYoungGen: 174336K->64K(174400K)] 181742K->7534K(523968K), 0.0005031 secs] [Times: user=0.00 sys=0.00, real=0.01 secs] 
493.844: [GC [PSYoungGen: 174144K->128K(174400K)] 181614K->7598K(523968K), 0.0004852 secs] [Times: user=0.00 sys=0.00, real=0.00 secs] 
495.063: [GC [PSYoungGen: 174208K->32K(174400K)] 181678K->7502K(523968K), 0.0005518 secs] [Times: user=0.01 sys=0.00, real=0.00 secs] 
496.242: [GC [PSYoungGen: 174112K->64K(174400K)] 181582K->7534K(523968K), 0.0004898 secs] [Times: user=0.00 sys=0.00, real=0.00 secs] 
497.478: [GC [PSYoungGen: 174144K->32K(174400K)] 181614K->7502K(523968K), 0.0005640 secs] [Times: user=0.00 sys=0.00, real=0.00 secs] 
498.684: [GC [PSYoungGen: 174112K->64K(174400K)] 181582K->7534K(523968K), 0.0005034 secs] [Times: user=0.00 sys=0.00, real=0.00 secs] 
500.500: [GC [PSYoungGen: 174144K->256K(174400K)] 181614K->7726K(523968K), 0.0006088 secs] [Times: user=0.01 sys=0.00, real=0.00 secs] 
501.592: [GC [PSYoungGen: 174336K->32K(174400K)] 181806K->7566K(523968K), 0.0006024 secs] [Times: user=0.00 sys=0.00, real=0.01 secs] 
502.658: [GC [PSYoungGen: 174112K->128K(174400K)] 181646K->7662K(523968K), 0.0005632 secs] [Times: user=0.00 sys=0.00, real=0.00 secs] 
503.747: [GC [PSYoungGen: 174208K->64K(174400K)] 181742K->7598K(523968K), 0.0005405 secs] [Times: user=0.00 sys=0.00, real=0.00 secs] 
504.815: [GC [PSYoungGen: 174144K->32K(174400K)] 181678K->7566K(523968K), 0.0004990 secs] [Times: user=0.00 sys=0.00, real=0.00 secs] 
505.883: [GC [PSYoungGen: 174112K->32K(174400K)] 181646K->7566K(523968K), 0.0006356 secs] [Times: user=0.00 sys=0.01, real=0.00 secs] 
506.988: [GC [PSYoungGen: 174112K->64K(174464K)] 181646K->7598K(524032K), 0.0006488 secs] [Times: user=0.01 sys=0.00, real=0.00 secs] 
508.093: [GC [PSYoungGen: 174208K->96K(174400K)] 181742K->7630K(523968K), 0.0004730 secs] [Times: user=0.00 sys=0.00, real=0.00 secs] 
509.434: [GC [PSYoungGen: 174240K->256K(174336K)] 181774K->7790K(523904K), 0.0006261 secs] [Times: user=0.00 sys=0.00, real=0.00 secs] 
509.997: [GC [PSYoungGen: 174336K->96K(174400K)] 181870K->7694K(523968K), 0.0005376 secs] [Times: user=0.00 sys=0.00, real=0.00 secs] 
510.553: [GC [PSYoungGen: 174176K->96K(174464K)] 181774K->7694K(524032K), 0.0005540 secs] [Times: user=0.00 sys=0.00, real=0.00 secs] 
511.134: [GC [PSYoungGen: 174240K->96K(174400K)] 181838K->7694K(523968K), 0.0006282 secs] [Times: user=0.00 sys=0.00, real=0.00 secs] 
511.705: [GC [PSYoungGen: 174240K->64K(174464K)] 181838K->7662K(524032K), 0.0004743 secs] [Times: user=0.00 sys=0.00, real=0.00 secs] 
512.482: [GC [PSYoungGen: 174272K->64K(174464K)] 181870K->7662K(524032K), 0.0006407 secs] [Times: user=0.00 sys=0.00, real=0.01 secs] 
513.251: [GC [PSYoungGen: 174272K->96K(174464K)] 181870K->7694K(524032K), 0.0005480 secs] [Times: user=0.00 sys=0.00, real=0.00 secs] 
513.937: [GC [PSYoungGen: 174304K->160K(174464K)] 181902K->7758K(524032K), 0.0005497 secs] [Times: user=0.00 sys=0.00, real=0.00 secs] 
515.242: [GC [PSYoungGen: 174368K->32K(174464K)] 181966K->7630K(524032K), 0.0005861 secs] [Times: user=0.00 sys=0.00, real=0.00 secs] 
515.925: [GC [PSYoungGen: 174240K->64K(174464K)] 181838K->7662K(524032K), 0.0004998 secs] [Times: user=0.00 sys=0.00, real=0.00 secs] 
516.487: [GC [PSYoungGen: 174272K->128K(174464K)] 181870K->7726K(524032K), 0.0004953 secs] [Times: user=0.00 sys=0.00, real=0.00 secs] 
517.051: [GC [PSYoungGen: 174336K->64K(174464K)] 181934K->7662K(524032K), 0.0004744 secs] [Times: user=0.00 sys=0.01, real=0.00 secs] 
517.613: [GC [PSYoungGen: 174272K->160K(174464K)] 181870K->7758K(524032K), 0.0005306 secs] [Times: user=0.00 sys=0.00, real=0.00 secs] 
518.169: [GC [PSYoungGen: 174368K->64K(174464K)] 181966K->7662K(524032K), 0.0004440 secs] [Times: user=0.00 sys=0.00, real=0.00 secs] 
518.742: [GC [PSYoungGen: 174272K->128K(174464K)] 181870K->7726K(524032K), 0.0004771 secs] [Times: user=0.00 sys=0.00, real=0.01 secs] 
519.352: [GC [PSYoungGen: 174336K->64K(174464K)] 181934K->7662K(524032K), 0.0005637 secs] [Times: user=0.01 sys=0.00, real=0.00 secs] 
520.078: [GC [PSYoungGen: 174271K->160K(174464K)] 181869K->7758K(524032K), 0.0006252 secs] [Times: user=0.01 sys=0.00, real=0.00 secs] 
520.792: [GC [PSYoungGen: 174368K->0K(174464K)] 181966K->7662K(524032K), 0.0005914 secs] [Times: user=0.00 sys=0.00, real=0.01 secs] 
521.523: [GC [PSYoungGen: 174208K->32K(174464K)] 181870K->7694K(524032K), 0.0005518 secs] [Times: user=0.00 sys=0.00, real=0.00 secs] 
522.272: [GC [PSYoungGen: 174240K->0K(174464K)] 181902K->7662K(524032K), 0.0005890 secs] [Times: user=0.01 sys=0.00, real=0.00 secs] 
523.006: [GC [PSYoungGen: 174208K->32K(174464K)] 181870K->7694K(524032K), 0.0005338 secs] [Times: user=0.00 sys=0.00, real=0.00 secs] 
523.741: [GC [PSYoungGen: 174240K->0K(174464K)] 181902K->7662K(524032K), 0.0006065 secs] [Times: user=0.00 sys=0.00, real=0.00 secs] 
524.453: [GC [PSYoungGen: 174208K->0K(174464K)] 181870K->7662K(524032K), 0.0005427 secs] [Times: user=0.01 sys=0.00, real=0.00 secs] 
525.212: [GC [PSYoungGen: 174208K->0K(174464K)] 181870K->7662K(524032K), 0.0005367 secs] [Times: user=0.00 sys=0.00, real=0.00 secs] 
525.902: [GC [PSYoungGen: 174208K->64K(174464K)] 181870K->7726K(524032K), 0.0004639 secs] [Times: user=0.00 sys=0.00, real=0.00 secs] 
526.627: [GC [PSYoungGen: 174272K->32K(174464K)] 181934K->7694K(524032K), 0.0004810 secs] [Times: user=0.00 sys=0.00, real=0.00 secs] 
527.344: [GC [PSYoungGen: 174240K->32K(174528K)] 181902K->7694K(524096K), 0.0005095 secs] [Times: user=0.00 sys=0.00, real=0.00 secs] 
528.029: [GC [PSYoungGen: 174368K->32K(174528K)] 182030K->7694K(524096K), 0.0014043 secs] [Times: user=0.00 sys=0.00, real=0.12 secs] 
529.597: [GC [PSYoungGen: 174368K->192K(174400K)] 182030K->7870K(523968K), 0.0006010 secs] [Times: user=0.00 sys=0.00, real=0.00 secs] 
530.222: [GC [PSYoungGen: 174399K->96K(174464K)] 182078K->7838K(524032K), 0.0006358 secs] [Times: user=0.00 sys=0.00, real=0.01 secs] 
530.859: [GC [PSYoungGen: 174303K->64K(174464K)] 182045K->7806K(524032K), 0.0005539 secs] [Times: user=0.00 sys=0.00, real=0.00 secs] 
531.489: [GC [PSYoungGen: 174272K->64K(174464K)] 182014K->7806K(524032K), 0.0006121 secs] [Times: user=0.00 sys=0.00, real=0.00 secs] 
532.110: [GC [PSYoungGen: 174272K->64K(174528K)] 182014K->7806K(524096K), 0.0005135 secs] [Times: user=0.00 sys=0.00, real=0.00 secs] 
532.744: [GC [PSYoungGen: 174400K->64K(174528K)] 182142K->7806K(524096K), 0.0006128 secs] [Times: user=0.00 sys=0.00, real=0.00 secs] 
533.388: [GC [PSYoungGen: 174400K->160K(174528K)] 182142K->7902K(524096K), 0.0005528 secs] [Times: user=0.01 sys=0.00, real=0.00 secs] 
534.026: [GC [PSYoungGen: 174496K->64K(174528K)] 182238K->7806K(524096K), 0.0005114 secs] [Times: user=0.01 sys=0.00, real=0.00 secs] 
534.662: [GC [PSYoungGen: 174400K->32K(174528K)] 182142K->7774K(524096K), 0.0004871 secs] [Times: user=0.01 sys=0.00, real=0.00 secs] 
535.286: [GC [PSYoungGen: 174368K->64K(174528K)] 182110K->7806K(524096K), 0.0005381 secs] [Times: user=0.00 sys=0.00, real=0.00 secs] 
535.938: [GC [PSYoungGen: 174400K->96K(174528K)] 182142K->7838K(524096K), 0.0005266 secs] [Times: user=0.00 sys=0.00, real=0.00 secs] 
536.592: [GC [PSYoungGen: 174432K->96K(174528K)] 182174K->7838K(524096K), 0.0006196 secs] [Times: user=0.01 sys=0.00, real=0.01 secs] 
537.248: [GC [PSYoungGen: 174432K->128K(174528K)] 182174K->7870K(524096K), 0.0005253 secs] [Times: user=0.01 sys=0.00, real=0.00 secs] 
537.882: [GC [PSYoungGen: 174464K->96K(174528K)] 182206K->7838K(524096K), 0.0005861 secs] [Times: user=0.01 sys=0.00, real=0.00 secs] 
538.825: [GC [PSYoungGen: 174432K->192K(174400K)] 182174K->7950K(523968K), 0.0005005 secs] [Times: user=0.00 sys=0.00, real=0.00 secs] 
539.198: [GC [PSYoungGen: 174400K->32K(174464K)] 182158K->7854K(524032K), 0.0005652 secs] [Times: user=0.00 sys=0.00, real=0.00 secs] 
539.579: [GC [PSYoungGen: 174240K->96K(174464K)] 182062K->7918K(524032K), 0.0005285 secs] [Times: user=0.01 sys=0.00, real=0.00 secs] 
539.931: [GC [PSYoungGen: 174304K->192K(174464K)] 182126K->8014K(524032K), 0.0004354 secs] [Times: user=0.00 sys=0.00, real=0.00 secs] 
540.297: [GC [PSYoungGen: 174400K->96K(174464K)] 182222K->7918K(524032K), 0.0004291 secs] [Times: user=0.00 sys=0.00, real=0.00 secs] 
540.663: [GC [PSYoungGen: 174304K->160K(174464K)] 182126K->7982K(524032K), 0.0004190 secs] [Times: user=0.00 sys=0.00, real=0.00 secs] 
541.026: [GC [PSYoungGen: 174368K->192K(174464K)] 182190K->8014K(524032K), 0.0004198 secs] [Times: user=0.01 sys=0.00, real=0.00 secs] 
541.380: [GC [PSYoungGen: 174400K->64K(174464K)] 182222K->7886K(524032K), 0.0006182 secs] [Times: user=0.01 sys=0.00, real=0.00 secs] 
541.793: [GC [PSYoungGen: 174272K->128K(174464K)] 182094K->7950K(524032K), 0.0004427 secs] [Times: user=0.00 sys=0.00, real=0.00 secs] 
542.701: [GC [PSYoungGen: 174336K->160K(174464K)] 182158K->7982K(524032K), 0.0004876 secs] [Times: user=0.00 sys=0.00, real=0.00 secs] 
543.679: [GC [PSYoungGen: 174367K->128K(174464K)] 182189K->7950K(524032K), 0.0005503 secs] [Times: user=0.00 sys=0.00, real=0.00 secs] 
544.476: [GC [PSYoungGen: 174336K->128K(174464K)] 182158K->7950K(524032K), 0.0005053 secs] [Times: user=0.00 sys=0.00, real=0.00 secs] 
545.241: [GC [PSYoungGen: 174335K->192K(174464K)] 182157K->8014K(524032K), 0.0004706 secs] [Times: user=0.00 sys=0.00, real=0.00 secs] 
546.616: [GC [PSYoungGen: 174400K->96K(174464K)] 182222K->7918K(524032K), 0.0004584 secs] [Times: user=0.00 sys=0.00, real=0.00 secs] 
548.763: [GC [PSYoungGen: 174304K->128K(174464K)] 182126K->7950K(524032K), 0.0005463 secs] [Times: user=0.00 sys=0.00, real=0.00 secs] 
549.184: [GC [PSYoungGen: 174336K->160K(174464K)] 182158K->7982K(524032K), 0.0005560 secs] [Times: user=0.00 sys=0.00, real=0.00 secs] 
549.627: [GC [PSYoungGen: 174368K->64K(174464K)] 182190K->7886K(524032K), 0.0005144 secs] [Times: user=0.00 sys=0.00, real=0.00 secs] 
550.048: [GC [PSYoungGen: 174271K->128K(174464K)] 182094K->7950K(524032K), 0.0004758 secs] [Times: user=0.00 sys=0.00, real=0.00 secs] 
550.403: [GC [PSYoungGen: 174335K->160K(174464K)] 182158K->7982K(524032K), 0.0004850 secs] [Times: user=0.00 sys=0.00, real=0.00 secs] 
550.765: [GC [PSYoungGen: 174368K->128K(174464K)] 182190K->7950K(524032K), 0.0004304 secs] [Times: user=0.01 sys=0.01, real=0.00 secs] 
551.128: [GC [PSYoungGen: 174336K->160K(174464K)] 182158K->7982K(524032K), 0.0004754 secs] [Times: user=0.00 sys=0.00, real=0.00 secs] 
551.486: [GC [PSYoungGen: 174368K->192K(174464K)] 182190K->8014K(524032K), 0.0004300 secs] [Times: user=0.00 sys=0.00, real=0.00 secs] 
551.869: [GC [PSYoungGen: 174400K->96K(174464K)] 182222K->7918K(524032K), 0.0005190 secs] [Times: user=0.00 sys=0.00, real=0.00 secs] 
552.267: [GC [PSYoungGen: 174303K->192K(174464K)] 182125K->8014K(524032K), 0.0005295 secs] [Times: user=0.01 sys=0.00, real=0.00 secs] 
552.667: [GC [PSYoungGen: 174398K->128K(174464K)] 182221K->7950K(524032K), 0.0005208 secs] [Times: user=0.00 sys=0.00, real=0.00 secs] 
553.044: [GC [PSYoungGen: 174336K->128K(174464K)] 182158K->7950K(524032K), 0.0004964 secs] [Times: user=0.00 sys=0.00, real=0.00 secs] 
553.453: [GC [PSYoungGen: 174336K->96K(174464K)] 182158K->7918K(524032K), 0.0005990 secs] [Times: user=0.00 sys=0.00, real=0.01 secs] 
553.867: [GC [PSYoungGen: 174304K->128K(174464K)] 182126K->7950K(524032K), 0.0005528 secs] [Times: user=0.00 sys=0.00, real=0.00 secs] 
554.231: [GC [PSYoungGen: 174336K->128K(174464K)] 182158K->7950K(524032K), 0.0005046 secs] [Times: user=0.00 sys=0.00, real=0.00 secs] 
554.657: [GC [PSYoungGen: 174336K->256K(174464K)] 182158K->8078K(524032K), 0.0006134 secs] [Times: user=0.00 sys=0.00, real=0.00 secs] 
555.067: [GC [PSYoungGen: 174464K->96K(174464K)] 182286K->7966K(524032K), 0.0006511 secs] [Times: user=0.00 sys=0.00, real=0.00 secs] 
555.472: [GC [PSYoungGen: 174304K->96K(174464K)] 182174K->7966K(524032K), 0.0006286 secs] [Times: user=0.01 sys=0.00, real=0.00 secs] 
555.880: [GC [PSYoungGen: 174304K->128K(174464K)] 182174K->7998K(524032K), 0.0005911 secs] [Times: user=0.00 sys=0.00, real=0.00 secs] 
556.281: [GC [PSYoungGen: 174335K->96K(174464K)] 182206K->7966K(524032K), 0.0005624 secs] [Times: user=0.00 sys=0.00, real=0.00 secs] 
556.685: [GC [PSYoungGen: 174304K->128K(174464K)] 182174K->7998K(524032K), 0.0005117 secs] [Times: user=0.00 sys=0.00, real=0.00 secs] 
557.101: [GC [PSYoungGen: 174336K->32K(174464K)] 182206K->7902K(524032K), 0.0004816 secs] [Times: user=0.00 sys=0.00, real=0.00 secs] 
557.508: [GC [PSYoungGen: 174240K->32K(174464K)] 182110K->7902K(524032K), 0.0006591 secs] [Times: user=0.00 sys=0.00, real=0.00 secs] 
557.919: [GC [PSYoungGen: 174240K->32K(174464K)] 182110K->7902K(524032K), 0.0004809 secs] [Times: user=0.00 sys=0.01, real=0.00 secs] 
558.313: [GC [PSYoungGen: 174240K->96K(174464K)] 182110K->7966K(524032K), 0.0004963 secs] [Times: user=0.00 sys=0.00, real=0.01 secs] 
558.700: [GC [PSYoungGen: 174304K->96K(174464K)] 182174K->7966K(524032K), 0.0012690 secs] [Times: user=0.01 sys=0.01, real=0.21 secs] 
559.325: [GC [PSYoungGen: 174304K->96K(174464K)] 182174K->7966K(524032K), 0.0005428 secs] [Times: user=0.01 sys=0.00, real=0.00 secs] 
559.701: [GC [PSYoungGen: 174304K->160K(174464K)] 182174K->8030K(524032K), 0.0005287 secs] [Times: user=0.01 sys=0.00, real=0.00 secs] 
560.095: [GC [PSYoungGen: 174366K->96K(174464K)] 182237K->7966K(524032K), 0.0006217 secs] [Times: user=0.00 sys=0.01, real=0.00 secs] 
560.498: [GC [PSYoungGen: 174304K->64K(174464K)] 182174K->7934K(524032K), 0.0005672 secs] [Times: user=0.01 sys=0.00, real=0.00 secs] 
560.907: [GC [PSYoungGen: 174272K->0K(174464K)] 182142K->7870K(524032K), 0.0006271 secs] [Times: user=0.01 sys=0.00, real=0.00 secs] 
561.321: [GC [PSYoungGen: 174208K->64K(174464K)] 182078K->7934K(524032K), 0.0005431 secs] [Times: user=0.00 sys=0.00, real=0.00 secs] 
561.745: [GC [PSYoungGen: 174271K->0K(174464K)] 182141K->7870K(524032K), 0.0004607 secs] [Times: user=0.00 sys=0.00, real=0.00 secs] 
562.149: [GC [PSYoungGen: 174207K->96K(174464K)] 182078K->7966K(524032K), 0.0006758 secs] [Times: user=0.01 sys=0.00, real=0.00 secs] 
562.554: [GC [PSYoungGen: 174304K->96K(174464K)] 182174K->7966K(524032K), 0.0006074 secs] [Times: user=0.01 sys=0.00, real=0.00 secs] 
562.953: [GC [PSYoungGen: 174304K->0K(174464K)] 182174K->7870K(524032K), 0.0006456 secs] [Times: user=0.00 sys=0.00, real=0.01 secs] 
563.370: [GC [PSYoungGen: 174208K->64K(174528K)] 182078K->7934K(524096K), 0.0004965 secs] [Times: user=0.00 sys=0.00, real=0.00 secs] 
565.231: [GC [PSYoungGen: 174335K->192K(174464K)] 182205K->8078K(524032K), 0.0006759 secs] [Times: user=0.00 sys=0.00, real=0.00 secs] 
565.602: [GC [PSYoungGen: 174464K->128K(174464K)] 182350K->8078K(524032K), 0.0005914 secs] [Times: user=0.00 sys=0.00, real=0.00 secs] 
565.967: [GC [PSYoungGen: 174336K->192K(174464K)] 182286K->8142K(524032K), 0.0006567 secs] [Times: user=0.00 sys=0.00, real=0.00 secs] 
566.338: [GC [PSYoungGen: 174400K->96K(174464K)] 182350K->8046K(524032K), 0.0006195 secs] [Times: user=0.00 sys=0.00, real=0.00 secs] 
566.698: [GC [PSYoungGen: 174304K->128K(174464K)] 182254K->8078K(524032K), 0.0005498 secs] [Times: user=0.01 sys=0.01, real=0.00 secs] 
567.058: [GC [PSYoungGen: 174336K->128K(174464K)] 182286K->8078K(524032K), 0.0005621 secs] [Times: user=0.00 sys=0.00, real=0.00 secs] 
567.413: [GC [PSYoungGen: 174336K->64K(174464K)] 182286K->8014K(524032K), 0.0005637 secs] [Times: user=0.00 sys=0.00, real=0.01 secs] 
567.786: [GC [PSYoungGen: 174272K->160K(174464K)] 182222K->8110K(524032K), 0.0005609 secs] [Times: user=0.01 sys=0.00, real=0.00 secs] 
568.130: [GC [PSYoungGen: 174368K->160K(174464K)] 182318K->8110K(524032K), 0.0005459 secs] [Times: user=0.00 sys=0.01, real=0.00 secs] 
568.479: [GC [PSYoungGen: 174368K->64K(174464K)] 182318K->8014K(524032K), 0.0005613 secs] [Times: user=0.01 sys=0.00, real=0.00 secs] 
568.827: [GC [PSYoungGen: 174272K->32K(174464K)] 182222K->7982K(524032K), 0.0005892 secs] [Times: user=0.00 sys=0.00, real=0.00 secs] 
569.179: [GC [PSYoungGen: 174240K->96K(174464K)] 182190K->8046K(524032K), 0.0005327 secs] [Times: user=0.00 sys=0.00, real=0.00 secs] 
569.536: [GC [PSYoungGen: 174303K->160K(174464K)] 182253K->8110K(524032K), 0.0005943 secs] [Times: user=0.00 sys=0.00, real=0.00 secs] 
569.904: [GC [PSYoungGen: 174364K->64K(174464K)] 182314K->8014K(524032K), 0.0005734 secs] [Times: user=0.00 sys=0.00, real=0.01 secs] 
570.266: [GC [PSYoungGen: 174272K->128K(174464K)] 182222K->8078K(524032K), 0.0004382 secs] [Times: user=0.00 sys=0.00, real=0.00 secs] 
570.630: [GC [PSYoungGen: 174336K->128K(174464K)] 182286K->8078K(524032K), 0.0005181 secs] [Times: user=0.00 sys=0.00, real=0.00 secs] 
570.972: [GC [PSYoungGen: 174336K->64K(174464K)] 182286K->8014K(524032K), 0.0005963 secs] [Times: user=0.00 sys=0.00, real=0.00 secs] 
571.315: [GC [PSYoungGen: 174272K->160K(174464K)] 182222K->8110K(524032K), 0.0006219 secs] [Times: user=0.00 sys=0.00, real=0.00 secs] 
571.670: [GC [PSYoungGen: 174368K->96K(174464K)] 182318K->8046K(524032K), 0.0005433 secs] [Times: user=0.00 sys=0.00, real=0.00 secs] 
572.037: [GC [PSYoungGen: 174303K->192K(174464K)] 182253K->8142K(524032K), 0.0004426 secs] [Times: user=0.00 sys=0.00, real=0.00 secs] 
572.390: [GC [PSYoungGen: 174400K->96K(174464K)] 182350K->8046K(524032K), 0.0005279 secs] [Times: user=0.01 sys=0.01, real=0.00 secs] 
572.758: [GC [PSYoungGen: 174304K->96K(174464K)] 182254K->8046K(524032K), 0.0005896 secs] [Times: user=0.01 sys=0.00, real=0.00 secs] 
573.121: [GC [PSYoungGen: 174303K->128K(174464K)] 182253K->8078K(524032K), 0.0005010 secs] [Times: user=0.00 sys=0.00, real=0.00 secs] 
573.486: [GC [PSYoungGen: 174336K->128K(174464K)] 182286K->8078K(524032K), 0.0004622 secs] [Times: user=0.00 sys=0.00, real=0.00 secs] 
573.842: [GC [PSYoungGen: 174336K->128K(174464K)] 182286K->8078K(524032K), 0.0005431 secs] [Times: user=0.00 sys=0.00, real=0.00 secs] 
574.209: [GC [PSYoungGen: 174335K->96K(174464K)] 182285K->8046K(524032K), 0.0006554 secs] [Times: user=0.00 sys=0.00, real=0.00 secs] 
Heap
 PSYoungGen      total 174464K, used 79111K [7f5560000, 800000000, 800000000)
  eden space 174208K, 45% used [7f5560000,7fa289c38,7fff80000)
  from space 256K, 37% used [7fffc0000,7fffd8000,800000000)
  to   space 256K, 0% used [7fff80000,7fff80000,7fffc0000)
 PSOldGen        total 349568K, used 7950K [7e0000000, 7f5560000, 7f5560000)
  object space 349568K, 2% used [7e0000000,7e07c3970,7f5560000)
 PSPermGen       total 21248K, used 6075K [7dae00000, 7dc2c0000, 7e0000000)
  object space 21248K, 28% used [7dae00000,7db3eed10,7dc2c0000)
